Java HotSpot(TM) 64-Bit Server VM (25.121-b13) for bsd-amd64 JRE (1.8.0_121-b13), built on Dec 12 2016 20:39:32 by "java_re" with gcc 4.2.1 (Based on Apple Inc. build 5658) (LLVM build 2336.11.00)
Memory: 4k page, physical 8388608k(265764k free)

/proc/meminfo:

CommandLine flags: -XX:CMSInitiatingOccupancyFraction=50 -XX:CMSMaxAbortablePrecleanTime=6000 -XX:+CMSParallelRemarkEnabled -XX:+CMSScavengeBeforeRemark -XX:ConcGCThreads=4 -XX:GCLogFileSize=20971520 -XX:InitialHeapSize=536870912 -XX:MaxHeapSize=536870912 -XX:MaxTenuringThreshold=8 -XX:NewRatio=3 -XX:NumberOfGCLogFiles=9 -XX:OldPLABSize=16 -XX:-OmitStackTraceInFastThrow -XX:OnOutOfMemoryError=/Users/haleighwright/Desktop/W17/293s-ours/data_consol/resources/solr-6.4.0/bin/oom_solr.sh 8983 /Users/haleighwright/Desktop/W17/293s-ours/data_consol/resources/solr-6.4.0/server/logs -XX:ParallelGCThreads=4 -XX:+ParallelRefProcEnabled -XX:PretenureSizeThreshold=67108864 -XX:+PrintGC -XX:+PrintGCApplicationStoppedTime -XX:+PrintGCDateStamps -XX:+PrintGCDetails -XX:+PrintGCTimeStamps -XX:+PrintHeapAtGC -XX:+PrintTenuringDistribution -XX:SurvivorRatio=4 -XX:TargetSurvivorRatio=90 -XX:ThreadStackSize=256 -XX:+UseCMSInitiatingOccupancyOnly -XX:+UseCompressedClassPointers -XX:+UseCompressedOops -XX:+UseConcMarkSweepGC -XX:+UseGCLogFileRotation -XX:+UseParNewGC 
2017-03-21T00:50:37.811+0800: 0.172: Total time for which application threads were stopped: 0.0000851 seconds, Stopping threads took: 0.0000111 seconds
2017-03-21T00:50:37.902+0800: 0.263: Total time for which application threads were stopped: 0.0000863 seconds, Stopping threads took: 0.0000105 seconds
2017-03-21T00:50:37.922+0800: 0.283: Total time for which application threads were stopped: 0.0000859 seconds, Stopping threads took: 0.0000121 seconds
2017-03-21T00:50:38.312+0800: 0.673: Total time for which application threads were stopped: 0.0001716 seconds, Stopping threads took: 0.0000119 seconds
2017-03-21T00:50:38.437+0800: 0.798: Total time for which application threads were stopped: 0.0001999 seconds, Stopping threads took: 0.0000141 seconds
2017-03-21T00:50:38.453+0800: 0.814: Total time for which application threads were stopped: 0.0001626 seconds, Stopping threads took: 0.0000140 seconds
2017-03-21T00:50:38.636+0800: 0.997: Total time for which application threads were stopped: 0.0002109 seconds, Stopping threads took: 0.0000152 seconds
2017-03-21T00:50:38.668+0800: 1.029: Total time for which application threads were stopped: 0.0001756 seconds, Stopping threads took: 0.0000143 seconds
2017-03-21T00:50:38.789+0800: 1.150: Total time for which application threads were stopped: 0.0002247 seconds, Stopping threads took: 0.0000152 seconds
2017-03-21T00:50:38.967+0800: 1.328: Total time for which application threads were stopped: 0.0002099 seconds, Stopping threads took: 0.0000127 seconds
2017-03-21T00:50:38.970+0800: 1.331: Total time for which application threads were stopped: 0.0001167 seconds, Stopping threads took: 0.0000074 seconds
2017-03-21T00:50:38.975+0800: 1.336: Total time for which application threads were stopped: 0.0001853 seconds, Stopping threads took: 0.0000128 seconds
2017-03-21T00:50:38.997+0800: 1.358: Total time for which application threads were stopped: 0.0001993 seconds, Stopping threads took: 0.0000126 seconds
2017-03-21T00:50:39.095+0800: 1.456: Total time for which application threads were stopped: 0.0002366 seconds, Stopping threads took: 0.0000138 seconds
{Heap before GC invocations=0 (full 0):
 par new generation   total 109248K, used 87424K [0x00000007a0000000, 0x00000007a8000000, 0x00000007a8000000)
  eden space 87424K, 100% used [0x00000007a0000000, 0x00000007a5560000, 0x00000007a5560000)
  from space 21824K,   0% used [0x00000007a5560000, 0x00000007a5560000, 0x00000007a6ab0000)
  to   space 21824K,   0% used [0x00000007a6ab0000, 0x00000007a6ab0000, 0x00000007a8000000)
 concurrent mark-sweep generation total 393216K, used 0K [0x00000007a8000000, 0x00000007c0000000, 0x00000007c0000000)
 Metaspace       used 18934K, capacity 19304K, committed 19584K, reserved 1067008K
  class space    used 2208K, capacity 2342K, committed 2432K, reserved 1048576K
2017-03-21T00:50:39.907+0800: 2.268: [GC (Allocation Failure) 2017-03-21T00:50:39.907+0800: 2.268: [ParNew
Desired survivor size 20112992 bytes, new threshold 8 (max 8)
- age   1:   11324776 bytes,   11324776 total
: 87424K->11164K(109248K), 0.0157734 secs] 87424K->11164K(502464K), 0.0158431 secs] [Times: user=0.03 sys=0.02, real=0.02 secs] 
Heap after GC invocations=1 (full 0):
 par new generation   total 109248K, used 11164K [0x00000007a0000000, 0x00000007a8000000, 0x00000007a8000000)
  eden space 87424K,   0% used [0x00000007a0000000, 0x00000007a0000000, 0x00000007a5560000)
  from space 21824K,  51% used [0x00000007a6ab0000, 0x00000007a7597178, 0x00000007a8000000)
  to   space 21824K,   0% used [0x00000007a5560000, 0x00000007a5560000, 0x00000007a6ab0000)
 concurrent mark-sweep generation total 393216K, used 0K [0x00000007a8000000, 0x00000007c0000000, 0x00000007c0000000)
 Metaspace       used 18934K, capacity 19304K, committed 19584K, reserved 1067008K
  class space    used 2208K, capacity 2342K, committed 2432K, reserved 1048576K
}
2017-03-21T00:50:39.923+0800: 2.284: Total time for which application threads were stopped: 0.0162968 seconds, Stopping threads took: 0.0000155 seconds
2017-03-21T00:50:39.949+0800: 2.310: Total time for which application threads were stopped: 0.0002593 seconds, Stopping threads took: 0.0000145 seconds
2017-03-21T00:50:40.059+0800: 2.420: Total time for which application threads were stopped: 0.0001530 seconds, Stopping threads took: 0.0000154 seconds
2017-03-21T00:50:40.081+0800: 2.443: Total time for which application threads were stopped: 0.0000935 seconds, Stopping threads took: 0.0000153 seconds
2017-03-21T00:50:40.161+0800: 2.523: Total time for which application threads were stopped: 0.0000991 seconds, Stopping threads took: 0.0000160 seconds
2017-03-21T00:50:40.201+0800: 2.562: Total time for which application threads were stopped: 0.0001253 seconds, Stopping threads took: 0.0000165 seconds
2017-03-21T00:50:40.244+0800: 2.605: Total time for which application threads were stopped: 0.0000932 seconds, Stopping threads took: 0.0000149 seconds
2017-03-21T00:50:40.300+0800: 2.661: Total time for which application threads were stopped: 0.0001647 seconds, Stopping threads took: 0.0000690 seconds
2017-03-21T00:50:40.389+0800: 2.751: Total time for which application threads were stopped: 0.0001225 seconds, Stopping threads took: 0.0000202 seconds
2017-03-21T00:50:40.396+0800: 2.757: Total time for which application threads were stopped: 0.0003613 seconds, Stopping threads took: 0.0000437 seconds
{Heap before GC invocations=1 (full 0):
 par new generation   total 109248K, used 98588K [0x00000007a0000000, 0x00000007a8000000, 0x00000007a8000000)
  eden space 87424K, 100% used [0x00000007a0000000, 0x00000007a5560000, 0x00000007a5560000)
  from space 21824K,  51% used [0x00000007a6ab0000, 0x00000007a7597178, 0x00000007a8000000)
  to   space 21824K,   0% used [0x00000007a5560000, 0x00000007a5560000, 0x00000007a6ab0000)
 concurrent mark-sweep generation total 393216K, used 0K [0x00000007a8000000, 0x00000007c0000000, 0x00000007c0000000)
 Metaspace       used 22868K, capacity 23312K, committed 23620K, reserved 1071104K
  class space    used 2716K, capacity 2894K, committed 3016K, reserved 1048576K
2017-03-21T00:50:40.410+0800: 2.771: [GC (Allocation Failure) 2017-03-21T00:50:40.410+0800: 2.771: [ParNew
Desired survivor size 20112992 bytes, new threshold 8 (max 8)
- age   1:    6017640 bytes,    6017640 total
- age   2:    5409104 bytes,   11426744 total
: 98588K->14301K(109248K), 0.0104352 secs] 98588K->14301K(502464K), 0.0105016 secs] [Times: user=0.03 sys=0.01, real=0.01 secs] 
Heap after GC invocations=2 (full 0):
 par new generation   total 109248K, used 14301K [0x00000007a0000000, 0x00000007a8000000, 0x00000007a8000000)
  eden space 87424K,   0% used [0x00000007a0000000, 0x00000007a0000000, 0x00000007a5560000)
  from space 21824K,  65% used [0x00000007a5560000, 0x00000007a63577c0, 0x00000007a6ab0000)
  to   space 21824K,   0% used [0x00000007a6ab0000, 0x00000007a6ab0000, 0x00000007a8000000)
 concurrent mark-sweep generation total 393216K, used 0K [0x00000007a8000000, 0x00000007c0000000, 0x00000007c0000000)
 Metaspace       used 22868K, capacity 23312K, committed 23620K, reserved 1071104K
  class space    used 2716K, capacity 2894K, committed 3016K, reserved 1048576K
}
2017-03-21T00:50:40.420+0800: 2.782: Total time for which application threads were stopped: 0.0107257 seconds, Stopping threads took: 0.0000679 seconds
2017-03-21T00:50:40.420+0800: 2.782: [GC (CMS Initial Mark) [1 CMS-initial-mark: 0K(393216K)] 14754K(502464K), 0.0027986 secs] [Times: user=0.01 sys=0.00, real=0.00 secs] 
2017-03-21T00:50:40.423+0800: 2.785: Total time for which application threads were stopped: 0.0029851 seconds, Stopping threads took: 0.0000940 seconds
2017-03-21T00:50:40.423+0800: 2.785: [CMS-concurrent-mark-start]
2017-03-21T00:50:40.425+0800: 2.786: [CMS-concurrent-mark: 0.002/0.002 secs] [Times: user=0.00 sys=0.00, real=0.00 secs] 
2017-03-21T00:50:40.425+0800: 2.786: [CMS-concurrent-preclean-start]
2017-03-21T00:50:40.426+0800: 2.787: [CMS-concurrent-preclean: 0.001/0.001 secs] [Times: user=0.01 sys=0.00, real=0.00 secs] 
2017-03-21T00:50:40.426+0800: 2.788: [CMS-concurrent-abortable-preclean-start]
2017-03-21T00:50:40.448+0800: 2.809: Total time for which application threads were stopped: 0.0004023 seconds, Stopping threads took: 0.0000953 seconds
2017-03-21T00:50:40.469+0800: 2.830: Total time for which application threads were stopped: 0.0002331 seconds, Stopping threads took: 0.0001253 seconds
2017-03-21T00:50:40.575+0800: 2.936: Total time for which application threads were stopped: 0.0001915 seconds, Stopping threads took: 0.0000211 seconds
2017-03-21T00:50:40.575+0800: 2.936: [CMS-concurrent-abortable-preclean: 0.066/0.148 secs] [Times: user=0.89 sys=0.03, real=0.15 secs] 
2017-03-21T00:50:40.575+0800: 2.936: [GC (CMS Final Remark) [YG occupancy: 73048 K (109248 K)]{Heap before GC invocations=2 (full 1):
 par new generation   total 109248K, used 73048K [0x00000007a0000000, 0x00000007a8000000, 0x00000007a8000000)
  eden space 87424K,  67% used [0x00000007a0000000, 0x00000007a395ea40, 0x00000007a5560000)
  from space 21824K,  65% used [0x00000007a5560000, 0x00000007a63577c0, 0x00000007a6ab0000)
  to   space 21824K,   0% used [0x00000007a6ab0000, 0x00000007a6ab0000, 0x00000007a8000000)
 concurrent mark-sweep generation total 393216K, used 0K [0x00000007a8000000, 0x00000007c0000000, 0x00000007c0000000)
 Metaspace       used 23307K, capacity 23772K, committed 24208K, reserved 1071104K
  class space    used 2763K, capacity 2944K, committed 3016K, reserved 1048576K
2017-03-21T00:50:40.575+0800: 2.936: [GC (CMS Final Remark) 2017-03-21T00:50:40.575+0800: 2.936: [ParNew
Desired survivor size 20112992 bytes, new threshold 8 (max 8)
- age   1:    2213792 bytes,    2213792 total
- age   2:    2700040 bytes,    4913832 total
- age   3:    5403824 bytes,   10317656 total
: 73048K->15235K(109248K), 0.0089316 secs] 73048K->15235K(502464K), 0.0089769 secs] [Times: user=0.05 sys=0.00, real=0.01 secs] 
Heap after GC invocations=3 (full 1):
 par new generation   total 109248K, used 15235K [0x00000007a0000000, 0x00000007a8000000, 0x00000007a8000000)
  eden space 87424K,   0% used [0x00000007a0000000, 0x00000007a0000000, 0x00000007a5560000)
  from space 21824K,  69% used [0x00000007a6ab0000, 0x00000007a7990cb0, 0x00000007a8000000)
  to   space 21824K,   0% used [0x00000007a5560000, 0x00000007a5560000, 0x00000007a6ab0000)
 concurrent mark-sweep generation total 393216K, used 0K [0x00000007a8000000, 0x00000007c0000000, 0x00000007c0000000)
 Metaspace       used 23307K, capacity 23772K, committed 24208K, reserved 1071104K
  class space    used 2763K, capacity 2944K, committed 3016K, reserved 1048576K
}
2017-03-21T00:50:40.584+0800: 2.945: [Rescan (parallel) , 0.0027146 secs]2017-03-21T00:50:40.587+0800: 2.948: [weak refs processing, 0.0006766 secs]2017-03-21T00:50:40.587+0800: 2.949: [class unloading, 0.0040163 secs]2017-03-21T00:50:40.591+0800: 2.953: [scrub symbol table, 0.0028958 secs]2017-03-21T00:50:40.594+0800: 2.956: [scrub string table, 0.0003172 secs][1 CMS-remark: 0K(393216K)] 15235K(502464K), 0.0207060 secs] [Times: user=0.07 sys=0.00, real=0.02 secs] 
2017-03-21T00:50:40.596+0800: 2.957: Total time for which application threads were stopped: 0.0208822 seconds, Stopping threads took: 0.0001015 seconds
2017-03-21T00:50:40.596+0800: 2.957: [CMS-concurrent-sweep-start]
2017-03-21T00:50:40.596+0800: 2.957: [CMS-concurrent-sweep: 0.000/0.000 secs] [Times: user=0.00 sys=0.00, real=0.00 secs] 
2017-03-21T00:50:40.596+0800: 2.957: [CMS-concurrent-reset-start]
2017-03-21T00:50:40.599+0800: 2.961: [CMS-concurrent-reset: 0.004/0.004 secs] [Times: user=0.02 sys=0.00, real=0.00 secs] 
{Heap before GC invocations=3 (full 1):
 par new generation   total 109248K, used 102659K [0x00000007a0000000, 0x00000007a8000000, 0x00000007a8000000)
  eden space 87424K, 100% used [0x00000007a0000000, 0x00000007a5560000, 0x00000007a5560000)
  from space 21824K,  69% used [0x00000007a6ab0000, 0x00000007a7990cb0, 0x00000007a8000000)
  to   space 21824K,   0% used [0x00000007a5560000, 0x00000007a5560000, 0x00000007a6ab0000)
 concurrent mark-sweep generation total 393216K, used 0K [0x00000007a8000000, 0x00000007c0000000, 0x00000007c0000000)
 Metaspace       used 24071K, capacity 24456K, committed 24848K, reserved 1071104K
  class space    used 2876K, capacity 3042K, committed 3144K, reserved 1048576K
2017-03-21T00:50:40.718+0800: 3.080: [GC (Allocation Failure) 2017-03-21T00:50:40.718+0800: 3.080: [ParNew
Desired survivor size 20112992 bytes, new threshold 8 (max 8)
- age   1:    1167608 bytes,    1167608 total
- age   2:    1944808 bytes,    3112416 total
- age   3:    2672512 bytes,    5784928 total
- age   4:    5403480 bytes,   11188408 total
: 102659K->15174K(109248K), 0.0075967 secs] 102659K->15174K(502464K), 0.0076590 secs] [Times: user=0.03 sys=0.00, real=0.01 secs] 
Heap after GC invocations=4 (full 1):
 par new generation   total 109248K, used 15174K [0x00000007a0000000, 0x00000007a8000000, 0x00000007a8000000)
  eden space 87424K,   0% used [0x00000007a0000000, 0x00000007a0000000, 0x00000007a5560000)
  from space 21824K,  69% used [0x00000007a5560000, 0x00000007a6431920, 0x00000007a6ab0000)
  to   space 21824K,   0% used [0x00000007a6ab0000, 0x00000007a6ab0000, 0x00000007a8000000)
 concurrent mark-sweep generation total 393216K, used 0K [0x00000007a8000000, 0x00000007c0000000, 0x00000007c0000000)
 Metaspace       used 24071K, capacity 24456K, committed 24848K, reserved 1071104K
  class space    used 2876K, capacity 3042K, committed 3144K, reserved 1048576K
}
2017-03-21T00:50:40.726+0800: 3.087: Total time for which application threads were stopped: 0.0079660 seconds, Stopping threads took: 0.0001024 seconds
{Heap before GC invocations=4 (full 1):
 par new generation   total 109248K, used 102598K [0x00000007a0000000, 0x00000007a8000000, 0x00000007a8000000)
  eden space 87424K, 100% used [0x00000007a0000000, 0x00000007a5560000, 0x00000007a5560000)
  from space 21824K,  69% used [0x00000007a5560000, 0x00000007a6431920, 0x00000007a6ab0000)
  to   space 21824K,   0% used [0x00000007a6ab0000, 0x00000007a6ab0000, 0x00000007a8000000)
 concurrent mark-sweep generation total 393216K, used 0K [0x00000007a8000000, 0x00000007c0000000, 0x00000007c0000000)
 Metaspace       used 24240K, capacity 24702K, committed 25104K, reserved 1071104K
  class space    used 2900K, capacity 3051K, committed 3144K, reserved 1048576K
2017-03-21T00:50:40.767+0800: 3.128: [GC (Allocation Failure) 2017-03-21T00:50:40.767+0800: 3.128: [ParNew
Desired survivor size 20112992 bytes, new threshold 8 (max 8)
- age   1:     640440 bytes,     640440 total
- age   2:     291168 bytes,     931608 total
- age   3:    1944776 bytes,    2876384 total
- age   4:    2672288 bytes,    5548672 total
- age   5:    5403392 bytes,   10952064 total
: 102598K->14744K(109248K), 0.0080317 secs] 102598K->14744K(502464K), 0.0080948 secs] [Times: user=0.04 sys=0.00, real=0.01 secs] 
Heap after GC invocations=5 (full 1):
 par new generation   total 109248K, used 14744K [0x00000007a0000000, 0x00000007a8000000, 0x00000007a8000000)
  eden space 87424K,   0% used [0x00000007a0000000, 0x00000007a0000000, 0x00000007a5560000)
  from space 21824K,  67% used [0x00000007a6ab0000, 0x00000007a79162e8, 0x00000007a8000000)
  to   space 21824K,   0% used [0x00000007a5560000, 0x00000007a5560000, 0x00000007a6ab0000)
 concurrent mark-sweep generation total 393216K, used 0K [0x00000007a8000000, 0x00000007c0000000, 0x00000007c0000000)
 Metaspace       used 24240K, capacity 24702K, committed 25104K, reserved 1071104K
  class space    used 2900K, capacity 3051K, committed 3144K, reserved 1048576K
}
2017-03-21T00:50:40.775+0800: 3.136: Total time for which application threads were stopped: 0.0083595 seconds, Stopping threads took: 0.0001133 seconds
{Heap before GC invocations=5 (full 1):
 par new generation   total 109248K, used 102168K [0x00000007a0000000, 0x00000007a8000000, 0x00000007a8000000)
  eden space 87424K, 100% used [0x00000007a0000000, 0x00000007a5560000, 0x00000007a5560000)
  from space 21824K,  67% used [0x00000007a6ab0000, 0x00000007a79162e8, 0x00000007a8000000)
  to   space 21824K,   0% used [0x00000007a5560000, 0x00000007a5560000, 0x00000007a6ab0000)
 concurrent mark-sweep generation total 393216K, used 0K [0x00000007a8000000, 0x00000007c0000000, 0x00000007c0000000)
 Metaspace       used 24359K, capacity 24798K, committed 25104K, reserved 1071104K
  class space    used 2912K, capacity 3083K, committed 3144K, reserved 1048576K
2017-03-21T00:50:40.818+0800: 3.179: [GC (Allocation Failure) 2017-03-21T00:50:40.818+0800: 3.179: [ParNew
Desired survivor size 20112992 bytes, new threshold 8 (max 8)
- age   1:     647024 bytes,     647024 total
- age   2:      99760 bytes,     746784 total
- age   3:     290936 bytes,    1037720 total
- age   4:    1944776 bytes,    2982496 total
- age   5:    2672048 bytes,    5654544 total
- age   6:    5403264 bytes,   11057808 total
: 102168K->13377K(109248K), 0.0084138 secs] 102168K->13377K(502464K), 0.0085009 secs] [Times: user=0.03 sys=0.00, real=0.01 secs] 
Heap after GC invocations=6 (full 1):
 par new generation   total 109248K, used 13377K [0x00000007a0000000, 0x00000007a8000000, 0x00000007a8000000)
  eden space 87424K,   0% used [0x00000007a0000000, 0x00000007a0000000, 0x00000007a5560000)
  from space 21824K,  61% used [0x00000007a5560000, 0x00000007a62706f0, 0x00000007a6ab0000)
  to   space 21824K,   0% used [0x00000007a6ab0000, 0x00000007a6ab0000, 0x00000007a8000000)
 concurrent mark-sweep generation total 393216K, used 0K [0x00000007a8000000, 0x00000007c0000000, 0x00000007c0000000)
 Metaspace       used 24359K, capacity 24798K, committed 25104K, reserved 1071104K
  class space    used 2912K, capacity 3083K, committed 3144K, reserved 1048576K
}
2017-03-21T00:50:40.826+0800: 3.188: Total time for which application threads were stopped: 0.0087267 seconds, Stopping threads took: 0.0000657 seconds
{Heap before GC invocations=6 (full 1):
 par new generation   total 109248K, used 100801K [0x00000007a0000000, 0x00000007a8000000, 0x00000007a8000000)
  eden space 87424K, 100% used [0x00000007a0000000, 0x00000007a5560000, 0x00000007a5560000)
  from space 21824K,  61% used [0x00000007a5560000, 0x00000007a62706f0, 0x00000007a6ab0000)
  to   space 21824K,   0% used [0x00000007a6ab0000, 0x00000007a6ab0000, 0x00000007a8000000)
 concurrent mark-sweep generation total 393216K, used 0K [0x00000007a8000000, 0x00000007c0000000, 0x00000007c0000000)
 Metaspace       used 24535K, capacity 25002K, committed 25360K, reserved 1071104K
  class space    used 2934K, capacity 3085K, committed 3144K, reserved 1048576K
2017-03-21T00:50:40.874+0800: 3.236: [GC (Allocation Failure) 2017-03-21T00:50:40.874+0800: 3.236: [ParNew
Desired survivor size 20112992 bytes, new threshold 8 (max 8)
- age   1:     709720 bytes,     709720 total
- age   2:     139280 bytes,     849000 total
- age   3:      98192 bytes,     947192 total
- age   4:     290888 bytes,    1238080 total
- age   5:    1944392 bytes,    3182472 total
- age   6:    2672184 bytes,    5854656 total
- age   7:    5403520 bytes,   11258176 total
: 100801K->16514K(109248K), 0.0096721 secs] 100801K->16514K(502464K), 0.0097572 secs] [Times: user=0.04 sys=0.00, real=0.01 secs] 
Heap after GC invocations=7 (full 1):
 par new generation   total 109248K, used 16514K [0x00000007a0000000, 0x00000007a8000000, 0x00000007a8000000)
  eden space 87424K,   0% used [0x00000007a0000000, 0x00000007a0000000, 0x00000007a5560000)
  from space 21824K,  75% used [0x00000007a6ab0000, 0x00000007a7ad0860, 0x00000007a8000000)
  to   space 21824K,   0% used [0x00000007a5560000, 0x00000007a5560000, 0x00000007a6ab0000)
 concurrent mark-sweep generation total 393216K, used 0K [0x00000007a8000000, 0x00000007c0000000, 0x00000007c0000000)
 Metaspace       used 24535K, capacity 25002K, committed 25360K, reserved 1071104K
  class space    used 2934K, capacity 3085K, committed 3144K, reserved 1048576K
}
2017-03-21T00:50:40.884+0800: 3.246: Total time for which application threads were stopped: 0.0099942 seconds, Stopping threads took: 0.0000809 seconds
2017-03-21T00:50:40.975+0800: 3.336: Total time for which application threads were stopped: 0.0003683 seconds, Stopping threads took: 0.0000168 seconds
2017-03-21T00:50:41.039+0800: 3.400: Total time for which application threads were stopped: 0.0003733 seconds, Stopping threads took: 0.0000188 seconds
{Heap before GC invocations=7 (full 1):
 par new generation   total 109248K, used 103938K [0x00000007a0000000, 0x00000007a8000000, 0x00000007a8000000)
  eden space 87424K, 100% used [0x00000007a0000000, 0x00000007a5560000, 0x00000007a5560000)
  from space 21824K,  75% used [0x00000007a6ab0000, 0x00000007a7ad0860, 0x00000007a8000000)
  to   space 21824K,   0% used [0x00000007a5560000, 0x00000007a5560000, 0x00000007a6ab0000)
 concurrent mark-sweep generation total 393216K, used 0K [0x00000007a8000000, 0x00000007c0000000, 0x00000007c0000000)
 Metaspace       used 25850K, capacity 26296K, committed 26640K, reserved 1073152K
  class space    used 3082K, capacity 3284K, committed 3400K, reserved 1048576K
2017-03-21T00:50:41.098+0800: 3.459: [GC (Allocation Failure) 2017-03-21T00:50:41.098+0800: 3.459: [ParNew
Desired survivor size 20112992 bytes, new threshold 8 (max 8)
- age   1:    2577064 bytes,    2577064 total
- age   2:     120408 bytes,    2697472 total
- age   3:     138336 bytes,    2835808 total
- age   4:      96800 bytes,    2932608 total
- age   5:     282240 bytes,    3214848 total
- age   6:    1942232 bytes,    5157080 total
- age   7:    2654640 bytes,    7811720 total
- age   8:    5399576 bytes,   13211296 total
: 103938K->16204K(109248K), 0.0114026 secs] 103938K->16204K(502464K), 0.0114600 secs] [Times: user=0.05 sys=0.01, real=0.01 secs] 
Heap after GC invocations=8 (full 1):
 par new generation   total 109248K, used 16204K [0x00000007a0000000, 0x00000007a8000000, 0x00000007a8000000)
  eden space 87424K,   0% used [0x00000007a0000000, 0x00000007a0000000, 0x00000007a5560000)
  from space 21824K,  74% used [0x00000007a5560000, 0x00000007a6533130, 0x00000007a6ab0000)
  to   space 21824K,   0% used [0x00000007a6ab0000, 0x00000007a6ab0000, 0x00000007a8000000)
 concurrent mark-sweep generation total 393216K, used 0K [0x00000007a8000000, 0x00000007c0000000, 0x00000007c0000000)
 Metaspace       used 25850K, capacity 26296K, committed 26640K, reserved 1073152K
  class space    used 3082K, capacity 3284K, committed 3400K, reserved 1048576K
}
2017-03-21T00:50:41.109+0800: 3.471: Total time for which application threads were stopped: 0.0116767 seconds, Stopping threads took: 0.0000522 seconds
2017-03-21T00:50:41.244+0800: 3.605: Total time for which application threads were stopped: 0.0004106 seconds, Stopping threads took: 0.0000164 seconds
2017-03-21T00:50:41.274+0800: 3.635: Total time for which application threads were stopped: 0.0003690 seconds, Stopping threads took: 0.0000169 seconds
2017-03-21T00:50:41.291+0800: 3.653: Total time for which application threads were stopped: 0.0003554 seconds, Stopping threads took: 0.0000152 seconds
{Heap before GC invocations=8 (full 1):
 par new generation   total 109248K, used 103628K [0x00000007a0000000, 0x00000007a8000000, 0x00000007a8000000)
  eden space 87424K, 100% used [0x00000007a0000000, 0x00000007a5560000, 0x00000007a5560000)
  from space 21824K,  74% used [0x00000007a5560000, 0x00000007a6533130, 0x00000007a6ab0000)
  to   space 21824K,   0% used [0x00000007a6ab0000, 0x00000007a6ab0000, 0x00000007a8000000)
 concurrent mark-sweep generation total 393216K, used 0K [0x00000007a8000000, 0x00000007c0000000, 0x00000007c0000000)
 Metaspace       used 28662K, capacity 29170K, committed 29584K, reserved 1075200K
  class space    used 3464K, capacity 3663K, committed 3784K, reserved 1048576K
2017-03-21T00:50:41.503+0800: 3.865: [GC (Allocation Failure) 2017-03-21T00:50:41.503+0800: 3.865: [ParNew
Desired survivor size 20112992 bytes, new threshold 8 (max 8)
- age   1:    4782280 bytes,    4782280 total
- age   2:     534872 bytes,    5317152 total
- age   3:     120408 bytes,    5437560 total
- age   4:     138336 bytes,    5575896 total
- age   5:      96800 bytes,    5672696 total
- age   6:     271816 bytes,    5944512 total
- age   7:     318440 bytes,    6262952 total
- age   8:    2651128 bytes,    8914080 total
: 103628K->11296K(109248K), 0.0337232 secs] 103628K->16649K(502464K), 0.0338447 secs] [Times: user=0.12 sys=0.02, real=0.03 secs] 
Heap after GC invocations=9 (full 1):
 par new generation   total 109248K, used 11296K [0x00000007a0000000, 0x00000007a8000000, 0x00000007a8000000)
  eden space 87424K,   0% used [0x00000007a0000000, 0x00000007a0000000, 0x00000007a5560000)
  from space 21824K,  51% used [0x00000007a6ab0000, 0x00000007a75b8260, 0x00000007a8000000)
  to   space 21824K,   0% used [0x00000007a5560000, 0x00000007a5560000, 0x00000007a6ab0000)
 concurrent mark-sweep generation total 393216K, used 5352K [0x00000007a8000000, 0x00000007c0000000, 0x00000007c0000000)
 Metaspace       used 28662K, capacity 29170K, committed 29584K, reserved 1075200K
  class space    used 3464K, capacity 3663K, committed 3784K, reserved 1048576K
}
2017-03-21T00:50:41.537+0800: 3.899: Total time for which application threads were stopped: 0.0341670 seconds, Stopping threads took: 0.0000499 seconds
2017-03-21T00:50:41.749+0800: 4.111: Total time for which application threads were stopped: 0.0005482 seconds, Stopping threads took: 0.0001024 seconds
2017-03-21T00:50:41.754+0800: 4.115: Total time for which application threads were stopped: 0.0003158 seconds, Stopping threads took: 0.0001822 seconds
2017-03-21T00:50:41.756+0800: 4.117: Total time for which application threads were stopped: 0.0001229 seconds, Stopping threads took: 0.0000187 seconds
2017-03-21T00:50:41.760+0800: 4.121: Total time for which application threads were stopped: 0.0001669 seconds, Stopping threads took: 0.0000263 seconds
2017-03-21T00:50:41.761+0800: 4.123: Total time for which application threads were stopped: 0.0001298 seconds, Stopping threads took: 0.0000482 seconds
2017-03-21T00:50:41.761+0800: 4.123: Total time for which application threads were stopped: 0.0001072 seconds, Stopping threads took: 0.0000155 seconds
2017-03-21T00:50:41.770+0800: 4.131: Total time for which application threads were stopped: 0.0001488 seconds, Stopping threads took: 0.0000268 seconds
2017-03-21T00:50:41.775+0800: 4.137: Total time for which application threads were stopped: 0.0001216 seconds, Stopping threads took: 0.0000192 seconds
2017-03-21T00:50:41.776+0800: 4.137: Total time for which application threads were stopped: 0.0001004 seconds, Stopping threads took: 0.0000230 seconds
2017-03-21T00:50:41.777+0800: 4.139: Total time for which application threads were stopped: 0.0001129 seconds, Stopping threads took: 0.0000434 seconds
2017-03-21T00:50:41.778+0800: 4.139: Total time for which application threads were stopped: 0.0001211 seconds, Stopping threads took: 0.0000500 seconds
2017-03-21T00:50:41.778+0800: 4.140: Total time for which application threads were stopped: 0.0001006 seconds, Stopping threads took: 0.0000397 seconds
2017-03-21T00:50:41.779+0800: 4.140: Total time for which application threads were stopped: 0.0001157 seconds, Stopping threads took: 0.0000537 seconds
2017-03-21T00:50:41.779+0800: 4.141: Total time for which application threads were stopped: 0.0001341 seconds, Stopping threads took: 0.0000698 seconds
2017-03-21T00:50:41.782+0800: 4.143: Total time for which application threads were stopped: 0.0001935 seconds, Stopping threads took: 0.0001001 seconds
2017-03-21T00:50:41.786+0800: 4.147: Total time for which application threads were stopped: 0.0002034 seconds, Stopping threads took: 0.0000409 seconds
2017-03-21T00:50:41.788+0800: 4.150: Total time for which application threads were stopped: 0.0001970 seconds, Stopping threads took: 0.0000423 seconds
2017-03-21T00:50:41.790+0800: 4.151: Total time for which application threads were stopped: 0.0002340 seconds, Stopping threads took: 0.0000430 seconds
2017-03-21T00:50:41.791+0800: 4.153: Total time for which application threads were stopped: 0.0001069 seconds, Stopping threads took: 0.0000189 seconds
2017-03-21T00:50:41.793+0800: 4.154: Total time for which application threads were stopped: 0.0001507 seconds, Stopping threads took: 0.0000202 seconds
2017-03-21T00:50:41.795+0800: 4.157: Total time for which application threads were stopped: 0.0001571 seconds, Stopping threads took: 0.0000204 seconds
2017-03-21T00:50:41.796+0800: 4.157: Total time for which application threads were stopped: 0.0001242 seconds, Stopping threads took: 0.0000338 seconds
2017-03-21T00:50:41.797+0800: 4.158: Total time for which application threads were stopped: 0.0001115 seconds, Stopping threads took: 0.0000135 seconds
2017-03-21T00:50:41.801+0800: 4.162: Total time for which application threads were stopped: 0.0005831 seconds, Stopping threads took: 0.0004867 seconds
2017-03-21T00:50:41.802+0800: 4.163: Total time for which application threads were stopped: 0.0001372 seconds, Stopping threads took: 0.0000566 seconds
2017-03-21T00:50:41.803+0800: 4.165: Total time for which application threads were stopped: 0.0001321 seconds, Stopping threads took: 0.0000555 seconds
2017-03-21T00:50:41.806+0800: 4.167: Total time for which application threads were stopped: 0.0001592 seconds, Stopping threads took: 0.0000209 seconds
2017-03-21T00:50:41.810+0800: 4.171: Total time for which application threads were stopped: 0.0001501 seconds, Stopping threads took: 0.0000617 seconds
2017-03-21T00:50:41.810+0800: 4.171: Total time for which application threads were stopped: 0.0001474 seconds, Stopping threads took: 0.0000967 seconds
2017-03-21T00:50:41.811+0800: 4.172: Total time for which application threads were stopped: 0.0001006 seconds, Stopping threads took: 0.0000363 seconds
2017-03-21T00:50:41.816+0800: 4.177: Total time for which application threads were stopped: 0.0001626 seconds, Stopping threads took: 0.0000191 seconds
2017-03-21T00:50:41.818+0800: 4.180: Total time for which application threads were stopped: 0.0001035 seconds, Stopping threads took: 0.0000178 seconds
2017-03-21T00:50:41.819+0800: 4.181: Total time for which application threads were stopped: 0.0001244 seconds, Stopping threads took: 0.0000133 seconds
2017-03-21T00:50:41.820+0800: 4.181: Total time for which application threads were stopped: 0.0001074 seconds, Stopping threads took: 0.0000151 seconds
2017-03-21T00:50:41.821+0800: 4.182: Total time for which application threads were stopped: 0.0000721 seconds, Stopping threads took: 0.0000172 seconds
2017-03-21T00:50:41.821+0800: 4.182: Total time for which application threads were stopped: 0.0000953 seconds, Stopping threads took: 0.0000142 seconds
2017-03-21T00:50:41.823+0800: 4.185: Total time for which application threads were stopped: 0.0002019 seconds, Stopping threads took: 0.0000190 seconds
2017-03-21T00:50:41.824+0800: 4.185: Total time for which application threads were stopped: 0.0000966 seconds, Stopping threads took: 0.0000250 seconds
2017-03-21T00:50:41.826+0800: 4.187: Total time for which application threads were stopped: 0.0002018 seconds, Stopping threads took: 0.0000280 seconds
2017-03-21T00:50:41.829+0800: 4.191: Total time for which application threads were stopped: 0.0001528 seconds, Stopping threads took: 0.0000362 seconds
2017-03-21T00:50:41.830+0800: 4.191: Total time for which application threads were stopped: 0.0001412 seconds, Stopping threads took: 0.0000761 seconds
2017-03-21T00:50:41.831+0800: 4.192: Total time for which application threads were stopped: 0.0001089 seconds, Stopping threads took: 0.0000395 seconds
2017-03-21T00:50:41.833+0800: 4.194: Total time for which application threads were stopped: 0.0001285 seconds, Stopping threads took: 0.0000578 seconds
2017-03-21T00:50:41.837+0800: 4.198: Total time for which application threads were stopped: 0.0001993 seconds, Stopping threads took: 0.0000776 seconds
2017-03-21T00:50:41.839+0800: 4.201: Total time for which application threads were stopped: 0.0001482 seconds, Stopping threads took: 0.0000399 seconds
2017-03-21T00:50:41.846+0800: 4.208: Total time for which application threads were stopped: 0.0001459 seconds, Stopping threads took: 0.0000575 seconds
2017-03-21T00:50:41.856+0800: 4.218: Total time for which application threads were stopped: 0.0001528 seconds, Stopping threads took: 0.0000412 seconds
2017-03-21T00:50:41.862+0800: 4.224: Total time for which application threads were stopped: 0.0001672 seconds, Stopping threads took: 0.0000412 seconds
2017-03-21T00:50:41.863+0800: 4.225: Total time for which application threads were stopped: 0.0006079 seconds, Stopping threads took: 0.0000118 seconds
2017-03-21T00:50:41.867+0800: 4.228: Total time for which application threads were stopped: 0.0001686 seconds, Stopping threads took: 0.0000810 seconds
2017-03-21T00:50:41.904+0800: 4.266: Total time for which application threads were stopped: 0.0001780 seconds, Stopping threads took: 0.0000408 seconds
2017-03-21T00:50:41.908+0800: 4.269: Total time for which application threads were stopped: 0.0003899 seconds, Stopping threads took: 0.0000187 seconds
2017-03-21T00:50:41.909+0800: 4.271: Total time for which application threads were stopped: 0.0001197 seconds, Stopping threads took: 0.0000563 seconds
2017-03-21T00:50:41.910+0800: 4.271: Total time for which application threads were stopped: 0.0001144 seconds, Stopping threads took: 0.0000276 seconds
2017-03-21T00:50:41.911+0800: 4.272: Total time for which application threads were stopped: 0.0001017 seconds, Stopping threads took: 0.0000409 seconds
2017-03-21T00:50:41.922+0800: 4.284: Total time for which application threads were stopped: 0.0001255 seconds, Stopping threads took: 0.0000172 seconds
2017-03-21T00:50:41.923+0800: 4.284: Total time for which application threads were stopped: 0.0000982 seconds, Stopping threads took: 0.0000150 seconds
2017-03-21T00:50:41.931+0800: 4.292: Total time for which application threads were stopped: 0.0001567 seconds, Stopping threads took: 0.0000612 seconds
2017-03-21T00:50:41.932+0800: 4.294: Total time for which application threads were stopped: 0.0001168 seconds, Stopping threads took: 0.0000235 seconds
2017-03-21T00:50:41.934+0800: 4.296: Total time for which application threads were stopped: 0.0001306 seconds, Stopping threads took: 0.0000455 seconds
2017-03-21T00:50:41.936+0800: 4.297: Total time for which application threads were stopped: 0.0002277 seconds, Stopping threads took: 0.0000579 seconds
2017-03-21T00:50:41.943+0800: 4.304: Total time for which application threads were stopped: 0.0001316 seconds, Stopping threads took: 0.0000477 seconds
{Heap before GC invocations=9 (full 1):
 par new generation   total 109248K, used 98720K [0x00000007a0000000, 0x00000007a8000000, 0x00000007a8000000)
  eden space 87424K, 100% used [0x00000007a0000000, 0x00000007a5560000, 0x00000007a5560000)
  from space 21824K,  51% used [0x00000007a6ab0000, 0x00000007a75b8260, 0x00000007a8000000)
  to   space 21824K,   0% used [0x00000007a5560000, 0x00000007a5560000, 0x00000007a6ab0000)
 concurrent mark-sweep generation total 393216K, used 5352K [0x00000007a8000000, 0x00000007c0000000, 0x00000007c0000000)
 Metaspace       used 31200K, capacity 31874K, committed 32144K, reserved 1077248K
  class space    used 3723K, capacity 3929K, committed 4040K, reserved 1048576K
2017-03-21T00:50:41.951+0800: 4.313: [GC (Allocation Failure) 2017-03-21T00:50:41.951+0800: 4.313: [ParNew
Desired survivor size 20112992 bytes, new threshold 8 (max 8)
- age   1:    9444872 bytes,    9444872 total
- age   2:    2308208 bytes,   11753080 total
- age   3:     514744 bytes,   12267824 total
- age   4:     119864 bytes,   12387688 total
- age   5:     137520 bytes,   12525208 total
- age   6:      96352 bytes,   12621560 total
- age   7:     268968 bytes,   12890528 total
- age   8:     316376 bytes,   13206904 total
: 98720K->16743K(109248K), 0.0169854 secs] 104073K->24921K(502464K), 0.0170781 secs] [Times: user=0.09 sys=0.00, real=0.01 secs] 
Heap after GC invocations=10 (full 1):
 par new generation   total 109248K, used 16743K [0x00000007a0000000, 0x00000007a8000000, 0x00000007a8000000)
  eden space 87424K,   0% used [0x00000007a0000000, 0x00000007a0000000, 0x00000007a5560000)
  from space 21824K,  76% used [0x00000007a5560000, 0x00000007a65b9dd8, 0x00000007a6ab0000)
  to   space 21824K,   0% used [0x00000007a6ab0000, 0x00000007a6ab0000, 0x00000007a8000000)
 concurrent mark-sweep generation total 393216K, used 8178K [0x00000007a8000000, 0x00000007c0000000, 0x00000007c0000000)
 Metaspace       used 31200K, capacity 31874K, committed 32144K, reserved 1077248K
  class space    used 3723K, capacity 3929K, committed 4040K, reserved 1048576K
}
2017-03-21T00:50:41.969+0800: 4.330: Total time for which application threads were stopped: 0.0173213 seconds, Stopping threads took: 0.0000438 seconds
2017-03-21T00:50:41.972+0800: 4.334: Total time for which application threads were stopped: 0.0002268 seconds, Stopping threads took: 0.0001139 seconds
2017-03-21T00:50:41.972+0800: 4.334: Total time for which application threads were stopped: 0.0001033 seconds, Stopping threads took: 0.0000260 seconds
2017-03-21T00:50:41.973+0800: 4.334: Total time for which application threads were stopped: 0.0001144 seconds, Stopping threads took: 0.0000155 seconds
{Heap before GC invocations=10 (full 1):
 par new generation   total 109248K, used 104167K [0x00000007a0000000, 0x00000007a8000000, 0x00000007a8000000)
  eden space 87424K, 100% used [0x00000007a0000000, 0x00000007a5560000, 0x00000007a5560000)
  from space 21824K,  76% used [0x00000007a5560000, 0x00000007a65b9dd8, 0x00000007a6ab0000)
  to   space 21824K,   0% used [0x00000007a6ab0000, 0x00000007a6ab0000, 0x00000007a8000000)
 concurrent mark-sweep generation total 393216K, used 8178K [0x00000007a8000000, 0x00000007c0000000, 0x00000007c0000000)
 Metaspace       used 31780K, capacity 32496K, committed 32784K, reserved 1077248K
  class space    used 3802K, capacity 4044K, committed 4168K, reserved 1048576K
2017-03-21T00:50:42.121+0800: 4.483: [GC (Allocation Failure) 2017-03-21T00:50:42.121+0800: 4.483: [ParNew
Desired survivor size 20112992 bytes, new threshold 8 (max 8)
- age   1:    3737800 bytes,    3737800 total
- age   2:    7425360 bytes,   11163160 total
- age   3:    2292704 bytes,   13455864 total
- age   4:     514744 bytes,   13970608 total
- age   5:     119864 bytes,   14090472 total
- age   6:     137520 bytes,   14227992 total
- age   7:      96352 bytes,   14324344 total
- age   8:     268952 bytes,   14593296 total
: 104167K->17486K(109248K), 0.0127654 secs] 112345K->25976K(502464K), 0.0128392 secs] [Times: user=0.07 sys=0.00, real=0.01 secs] 
Heap after GC invocations=11 (full 1):
 par new generation   total 109248K, used 17486K [0x00000007a0000000, 0x00000007a8000000, 0x00000007a8000000)
  eden space 87424K,   0% used [0x00000007a0000000, 0x00000007a0000000, 0x00000007a5560000)
  from space 21824K,  80% used [0x00000007a6ab0000, 0x00000007a7bc38e0, 0x00000007a8000000)
  to   space 21824K,   0% used [0x00000007a5560000, 0x00000007a5560000, 0x00000007a6ab0000)
 concurrent mark-sweep generation total 393216K, used 8490K [0x00000007a8000000, 0x00000007c0000000, 0x00000007c0000000)
 Metaspace       used 31780K, capacity 32496K, committed 32784K, reserved 1077248K
  class space    used 3802K, capacity 4044K, committed 4168K, reserved 1048576K
}
2017-03-21T00:50:42.134+0800: 4.495: Total time for which application threads were stopped: 0.0131926 seconds, Stopping threads took: 0.0000881 seconds
2017-03-21T00:50:42.135+0800: 4.496: Total time for which application threads were stopped: 0.0001859 seconds, Stopping threads took: 0.0000877 seconds
2017-03-21T00:50:42.135+0800: 4.496: Total time for which application threads were stopped: 0.0001161 seconds, Stopping threads took: 0.0000651 seconds
2017-03-21T00:50:42.135+0800: 4.497: Total time for which application threads were stopped: 0.0001310 seconds, Stopping threads took: 0.0000663 seconds
{Heap before GC invocations=11 (full 1):
 par new generation   total 109248K, used 104910K [0x00000007a0000000, 0x00000007a8000000, 0x00000007a8000000)
  eden space 87424K, 100% used [0x00000007a0000000, 0x00000007a5560000, 0x00000007a5560000)
  from space 21824K,  80% used [0x00000007a6ab0000, 0x00000007a7bc38e0, 0x00000007a8000000)
  to   space 21824K,   0% used [0x00000007a5560000, 0x00000007a5560000, 0x00000007a6ab0000)
 concurrent mark-sweep generation total 393216K, used 8490K [0x00000007a8000000, 0x00000007c0000000, 0x00000007c0000000)
 Metaspace       used 31795K, capacity 32560K, committed 32784K, reserved 1077248K
  class space    used 3802K, capacity 4044K, committed 4168K, reserved 1048576K
2017-03-21T00:50:42.169+0800: 4.530: [GC (Allocation Failure) 2017-03-21T00:50:42.169+0800: 4.530: [ParNew
Desired survivor size 20112992 bytes, new threshold 8 (max 8)
- age   1:    1968352 bytes,    1968352 total
- age   2:    2274536 bytes,    4242888 total
- age   3:    7425792 bytes,   11668680 total
- age   4:    2293016 bytes,   13961696 total
- age   5:     514744 bytes,   14476440 total
- age   6:     119864 bytes,   14596304 total
- age   7:     137520 bytes,   14733824 total
- age   8:      96352 bytes,   14830176 total
: 104910K->21486K(109248K), 0.0138952 secs] 113400K->30248K(502464K), 0.0139867 secs] [Times: user=0.08 sys=0.01, real=0.02 secs] 
Heap after GC invocations=12 (full 1):
 par new generation   total 109248K, used 21486K [0x00000007a0000000, 0x00000007a8000000, 0x00000007a8000000)
  eden space 87424K,   0% used [0x00000007a0000000, 0x00000007a0000000, 0x00000007a5560000)
  from space 21824K,  98% used [0x00000007a5560000, 0x00000007a6a5ba70, 0x00000007a6ab0000)
  to   space 21824K,   0% used [0x00000007a6ab0000, 0x00000007a6ab0000, 0x00000007a8000000)
 concurrent mark-sweep generation total 393216K, used 8761K [0x00000007a8000000, 0x00000007c0000000, 0x00000007c0000000)
 Metaspace       used 31795K, capacity 32560K, committed 32784K, reserved 1077248K
  class space    used 3802K, capacity 4044K, committed 4168K, reserved 1048576K
}
2017-03-21T00:50:42.183+0800: 4.544: Total time for which application threads were stopped: 0.0144482 seconds, Stopping threads took: 0.0002865 seconds
2017-03-21T00:50:42.183+0800: 4.544: Total time for which application threads were stopped: 0.0002012 seconds, Stopping threads took: 0.0001156 seconds
2017-03-21T00:50:42.183+0800: 4.545: Total time for which application threads were stopped: 0.0001268 seconds, Stopping threads took: 0.0000573 seconds
2017-03-21T00:50:42.183+0800: 4.545: Total time for which application threads were stopped: 0.0001141 seconds, Stopping threads took: 0.0000543 seconds
{Heap before GC invocations=12 (full 1):
 par new generation   total 109248K, used 108888K [0x00000007a0000000, 0x00000007a8000000, 0x00000007a8000000)
  eden space 87424K,  99% used [0x00000007a0000000, 0x00000007a555a8a0, 0x00000007a5560000)
  from space 21824K,  98% used [0x00000007a5560000, 0x00000007a6a5ba70, 0x00000007a6ab0000)
  to   space 21824K,   0% used [0x00000007a6ab0000, 0x00000007a6ab0000, 0x00000007a8000000)
 concurrent mark-sweep generation total 393216K, used 8761K [0x00000007a8000000, 0x00000007c0000000, 0x00000007c0000000)
 Metaspace       used 31859K, capacity 32702K, committed 33040K, reserved 1079296K
  class space    used 3809K, capacity 4057K, committed 4168K, reserved 1048576K
2017-03-21T00:50:42.203+0800: 4.564: [GC (Allocation Failure) 2017-03-21T00:50:42.203+0800: 4.564: [ParNew
Desired survivor size 20112992 bytes, new threshold 8 (max 8)
- age   1:     368432 bytes,     368432 total
- age   2:    1721656 bytes,    2090088 total
- age   3:    2245304 bytes,    4335392 total
- age   4:    7425360 bytes,   11760752 total
- age   5:    2292704 bytes,   14053456 total
- age   6:     514744 bytes,   14568200 total
- age   7:     119864 bytes,   14688064 total
- age   8:     137312 bytes,   14825376 total
: 108888K->17000K(109248K), 0.0129729 secs] 117650K->25859K(502464K), 0.0130625 secs] [Times: user=0.08 sys=0.00, real=0.01 secs] 
Heap after GC invocations=13 (full 1):
 par new generation   total 109248K, used 17000K [0x00000007a0000000, 0x00000007a8000000, 0x00000007a8000000)
  eden space 87424K,   0% used [0x00000007a0000000, 0x00000007a0000000, 0x00000007a5560000)
  from space 21824K,  77% used [0x00000007a6ab0000, 0x00000007a7b4a1c0, 0x00000007a8000000)
  to   space 21824K,   0% used [0x00000007a5560000, 0x00000007a5560000, 0x00000007a6ab0000)
 concurrent mark-sweep generation total 393216K, used 8859K [0x00000007a8000000, 0x00000007c0000000, 0x00000007c0000000)
 Metaspace       used 31859K, capacity 32702K, committed 33040K, reserved 1079296K
  class space    used 3809K, capacity 4057K, committed 4168K, reserved 1048576K
}
2017-03-21T00:50:42.216+0800: 4.577: Total time for which application threads were stopped: 0.0133415 seconds, Stopping threads took: 0.0000983 seconds
{Heap before GC invocations=13 (full 1):
 par new generation   total 109248K, used 104392K [0x00000007a0000000, 0x00000007a8000000, 0x00000007a8000000)
  eden space 87424K,  99% used [0x00000007a0000000, 0x00000007a55581c0, 0x00000007a5560000)
  from space 21824K,  77% used [0x00000007a6ab0000, 0x00000007a7b4a1c0, 0x00000007a8000000)
  to   space 21824K,   0% used [0x00000007a5560000, 0x00000007a5560000, 0x00000007a6ab0000)
 concurrent mark-sweep generation total 393216K, used 8859K [0x00000007a8000000, 0x00000007c0000000, 0x00000007c0000000)
 Metaspace       used 31879K, capacity 32726K, committed 33040K, reserved 1079296K
  class space    used 3811K, capacity 4061K, committed 4168K, reserved 1048576K
2017-03-21T00:50:42.238+0800: 4.599: [GC (Allocation Failure) 2017-03-21T00:50:42.238+0800: 4.599: [ParNew
Desired survivor size 20112992 bytes, new threshold 8 (max 8)
- age   1:     827624 bytes,     827624 total
- age   2:      76888 bytes,     904512 total
- age   3:    1721048 bytes,    2625560 total
- age   4:    2245304 bytes,    4870864 total
- age   5:    7425360 bytes,   12296224 total
- age   6:    2292704 bytes,   14588928 total
- age   7:     514744 bytes,   15103672 total
- age   8:     119864 bytes,   15223536 total
: 104392K->21824K(109248K), 0.0160300 secs] 113252K->30819K(502464K), 0.0161178 secs] [Times: user=0.09 sys=0.01, real=0.02 secs] 
Heap after GC invocations=14 (full 1):
 par new generation   total 109248K, used 21824K [0x00000007a0000000, 0x00000007a8000000, 0x00000007a8000000)
  eden space 87424K,   0% used [0x00000007a0000000, 0x00000007a0000000, 0x00000007a5560000)
  from space 21824K, 100% used [0x00000007a5560000, 0x00000007a6ab0000, 0x00000007a6ab0000)
  to   space 21824K,   0% used [0x00000007a6ab0000, 0x00000007a6ab0000, 0x00000007a8000000)
 concurrent mark-sweep generation total 393216K, used 8995K [0x00000007a8000000, 0x00000007c0000000, 0x00000007c0000000)
 Metaspace       used 31879K, capacity 32726K, committed 33040K, reserved 1079296K
  class space    used 3811K, capacity 4061K, committed 4168K, reserved 1048576K
}
2017-03-21T00:50:42.254+0800: 4.615: Total time for which application threads were stopped: 0.0164461 seconds, Stopping threads took: 0.0001019 seconds
{Heap before GC invocations=14 (full 1):
 par new generation   total 109248K, used 109248K [0x00000007a0000000, 0x00000007a8000000, 0x00000007a8000000)
  eden space 87424K, 100% used [0x00000007a0000000, 0x00000007a5560000, 0x00000007a5560000)
  from space 21824K, 100% used [0x00000007a5560000, 0x00000007a6ab0000, 0x00000007a6ab0000)
  to   space 21824K,   0% used [0x00000007a6ab0000, 0x00000007a6ab0000, 0x00000007a8000000)
 concurrent mark-sweep generation total 393216K, used 8995K [0x00000007a8000000, 0x00000007c0000000, 0x00000007c0000000)
 Metaspace       used 31885K, capacity 32732K, committed 33040K, reserved 1079296K
  class space    used 3812K, capacity 4062K, committed 4168K, reserved 1048576K
2017-03-21T00:50:42.288+0800: 4.649: [GC (Allocation Failure) 2017-03-21T00:50:42.288+0800: 4.649: [ParNew
Desired survivor size 20112992 bytes, new threshold 8 (max 8)
- age   1:     478704 bytes,     478704 total
- age   2:     109344 bytes,     588048 total
- age   3:      76344 bytes,     664392 total
- age   4:    1721048 bytes,    2385440 total
- age   5:    2245304 bytes,    4630744 total
- age   6:    7425912 bytes,   12056656 total
- age   7:    2293088 bytes,   14349744 total
- age   8:     514744 bytes,   14864488 total
: 109248K->19846K(109248K), 0.0131706 secs] 118243K->28962K(502464K), 0.0132635 secs] [Times: user=0.07 sys=0.00, real=0.02 secs] 
Heap after GC invocations=15 (full 1):
 par new generation   total 109248K, used 19846K [0x00000007a0000000, 0x00000007a8000000, 0x00000007a8000000)
  eden space 87424K,   0% used [0x00000007a0000000, 0x00000007a0000000, 0x00000007a5560000)
  from space 21824K,  90% used [0x00000007a6ab0000, 0x00000007a7e11be0, 0x00000007a8000000)
  to   space 21824K,   0% used [0x00000007a5560000, 0x00000007a5560000, 0x00000007a6ab0000)
 concurrent mark-sweep generation total 393216K, used 9115K [0x00000007a8000000, 0x00000007c0000000, 0x00000007c0000000)
 Metaspace       used 31885K, capacity 32732K, committed 33040K, reserved 1079296K
  class space    used 3812K, capacity 4062K, committed 4168K, reserved 1048576K
}
2017-03-21T00:50:42.301+0800: 4.662: Total time for which application threads were stopped: 0.0135414 seconds, Stopping threads took: 0.0000922 seconds
{Heap before GC invocations=15 (full 1):
 par new generation   total 109248K, used 107270K [0x00000007a0000000, 0x00000007a8000000, 0x00000007a8000000)
  eden space 87424K, 100% used [0x00000007a0000000, 0x00000007a5560000, 0x00000007a5560000)
  from space 21824K,  90% used [0x00000007a6ab0000, 0x00000007a7e11be0, 0x00000007a8000000)
  to   space 21824K,   0% used [0x00000007a5560000, 0x00000007a5560000, 0x00000007a6ab0000)
 concurrent mark-sweep generation total 393216K, used 9115K [0x00000007a8000000, 0x00000007c0000000, 0x00000007c0000000)
 Metaspace       used 31913K, capacity 32732K, committed 33040K, reserved 1079296K
  class space    used 3812K, capacity 4062K, committed 4168K, reserved 1048576K
2017-03-21T00:50:42.356+0800: 4.717: [GC (Allocation Failure) 2017-03-21T00:50:42.356+0800: 4.718: [ParNew
Desired survivor size 20112992 bytes, new threshold 8 (max 8)
- age   1:     792184 bytes,     792184 total
- age   2:      93104 bytes,     885288 total
- age   3:     108144 bytes,     993432 total
- age   4:      74880 bytes,    1068312 total
- age   5:    1718536 bytes,    2786848 total
- age   6:    2244864 bytes,    5031712 total
- age   7:    7425328 bytes,   12457040 total
- age   8:    2292704 bytes,   14749744 total
: 107270K->19121K(109248K), 0.0127973 secs] 116386K->28746K(502464K), 0.0128633 secs] [Times: user=0.07 sys=0.00, real=0.01 secs] 
Heap after GC invocations=16 (full 1):
 par new generation   total 109248K, used 19121K [0x00000007a0000000, 0x00000007a8000000, 0x00000007a8000000)
  eden space 87424K,   0% used [0x00000007a0000000, 0x00000007a0000000, 0x00000007a5560000)
  from space 21824K,  87% used [0x00000007a5560000, 0x00000007a680c460, 0x00000007a6ab0000)
  to   space 21824K,   0% used [0x00000007a6ab0000, 0x00000007a6ab0000, 0x00000007a8000000)
 concurrent mark-sweep generation total 393216K, used 9625K [0x00000007a8000000, 0x00000007c0000000, 0x00000007c0000000)
 Metaspace       used 31913K, capacity 32732K, committed 33040K, reserved 1079296K
  class space    used 3812K, capacity 4062K, committed 4168K, reserved 1048576K
}
2017-03-21T00:50:42.369+0800: 4.730: Total time for which application threads were stopped: 0.0131886 seconds, Stopping threads took: 0.0001295 seconds
2017-03-21T00:50:42.410+0800: 4.771: Total time for which application threads were stopped: 0.0002200 seconds, Stopping threads took: 0.0000842 seconds
2017-03-21T00:50:42.418+0800: 4.780: Total time for which application threads were stopped: 0.0001797 seconds, Stopping threads took: 0.0000945 seconds
2017-03-21T00:50:42.426+0800: 4.787: Total time for which application threads were stopped: 0.0001379 seconds, Stopping threads took: 0.0000534 seconds
2017-03-21T00:50:42.463+0800: 4.824: Total time for which application threads were stopped: 0.0002993 seconds, Stopping threads took: 0.0001870 seconds
2017-03-21T00:50:42.490+0800: 4.852: Total time for which application threads were stopped: 0.0001771 seconds, Stopping threads took: 0.0000482 seconds
{Heap before GC invocations=16 (full 1):
 par new generation   total 109248K, used 106545K [0x00000007a0000000, 0x00000007a8000000, 0x00000007a8000000)
  eden space 87424K, 100% used [0x00000007a0000000, 0x00000007a5560000, 0x00000007a5560000)
  from space 21824K,  87% used [0x00000007a5560000, 0x00000007a680c460, 0x00000007a6ab0000)
  to   space 21824K,   0% used [0x00000007a6ab0000, 0x00000007a6ab0000, 0x00000007a8000000)
 concurrent mark-sweep generation total 393216K, used 9625K [0x00000007a8000000, 0x00000007c0000000, 0x00000007c0000000)
 Metaspace       used 32103K, capacity 32904K, committed 33040K, reserved 1079296K
  class space    used 3816K, capacity 4070K, committed 4168K, reserved 1048576K
2017-03-21T00:50:42.526+0800: 4.887: [GC (Allocation Failure) 2017-03-21T00:50:42.526+0800: 4.887: [ParNew
Desired survivor size 20112992 bytes, new threshold 8 (max 8)
- age   1:   10310504 bytes,   10310504 total
- age   2:     189224 bytes,   10499728 total
- age   3:      93104 bytes,   10592832 total
- age   4:     108144 bytes,   10700976 total
- age   5:      72824 bytes,   10773800 total
- age   6:     197440 bytes,   10971240 total
- age   7:    2129456 bytes,   13100696 total
- age   8:    7422880 bytes,   20523576 total
: 106545K->21824K(109248K), 0.0204875 secs] 116170K->33783K(502464K), 0.0205678 secs] [Times: user=0.10 sys=0.00, real=0.02 secs] 
Heap after GC invocations=17 (full 1):
 par new generation   total 109248K, used 21824K [0x00000007a0000000, 0x00000007a8000000, 0x00000007a8000000)
  eden space 87424K,   0% used [0x00000007a0000000, 0x00000007a0000000, 0x00000007a5560000)
  from space 21824K, 100% used [0x00000007a6ab0000, 0x00000007a8000000, 0x00000007a8000000)
  to   space 21824K,   0% used [0x00000007a5560000, 0x00000007a5560000, 0x00000007a6ab0000)
 concurrent mark-sweep generation total 393216K, used 11959K [0x00000007a8000000, 0x00000007c0000000, 0x00000007c0000000)
 Metaspace       used 32103K, capacity 32904K, committed 33040K, reserved 1079296K
  class space    used 3816K, capacity 4070K, committed 4168K, reserved 1048576K
}
2017-03-21T00:50:42.546+0800: 4.908: Total time for which application threads were stopped: 0.0207989 seconds, Stopping threads took: 0.0000545 seconds
2017-03-21T00:50:42.546+0800: 4.908: Total time for which application threads were stopped: 0.0001255 seconds, Stopping threads took: 0.0000561 seconds
2017-03-21T00:50:42.547+0800: 4.908: Total time for which application threads were stopped: 0.0000784 seconds, Stopping threads took: 0.0000243 seconds
2017-03-21T00:50:42.547+0800: 4.908: Total time for which application threads were stopped: 0.0001307 seconds, Stopping threads took: 0.0000746 seconds
2017-03-21T00:50:42.553+0800: 4.914: Total time for which application threads were stopped: 0.0002289 seconds, Stopping threads took: 0.0000974 seconds
{Heap before GC invocations=17 (full 1):
 par new generation   total 109248K, used 109248K [0x00000007a0000000, 0x00000007a8000000, 0x00000007a8000000)
  eden space 87424K, 100% used [0x00000007a0000000, 0x00000007a5560000, 0x00000007a5560000)
  from space 21824K, 100% used [0x00000007a6ab0000, 0x00000007a8000000, 0x00000007a8000000)
  to   space 21824K,   0% used [0x00000007a5560000, 0x00000007a5560000, 0x00000007a6ab0000)
 concurrent mark-sweep generation total 393216K, used 11959K [0x00000007a8000000, 0x00000007c0000000, 0x00000007c0000000)
 Metaspace       used 32125K, capacity 32908K, committed 33040K, reserved 1079296K
  class space    used 3816K, capacity 4070K, committed 4168K, reserved 1048576K
2017-03-21T00:50:42.600+0800: 4.961: [GC (Allocation Failure) 2017-03-21T00:50:42.600+0800: 4.961: [ParNew
Desired survivor size 20112992 bytes, new threshold 8 (max 8)
- age   1:    1922688 bytes,    1922688 total
- age   2:   10000168 bytes,   11922856 total
- age   3:     189224 bytes,   12112080 total
- age   4:      93104 bytes,   12205184 total
- age   5:     108144 bytes,   12313328 total
- age   6:      72824 bytes,   12386152 total
- age   7:     197440 bytes,   12583592 total
- age   8:    2129384 bytes,   14712976 total
: 109248K->20835K(109248K), 0.0211207 secs] 121207K->41608K(502464K), 0.0212188 secs] [Times: user=0.07 sys=0.01, real=0.02 secs] 
Heap after GC invocations=18 (full 1):
 par new generation   total 109248K, used 20835K [0x00000007a0000000, 0x00000007a8000000, 0x00000007a8000000)
  eden space 87424K,   0% used [0x00000007a0000000, 0x00000007a0000000, 0x00000007a5560000)
  from space 21824K,  95% used [0x00000007a5560000, 0x00000007a69b8d90, 0x00000007a6ab0000)
  to   space 21824K,   0% used [0x00000007a6ab0000, 0x00000007a6ab0000, 0x00000007a8000000)
 concurrent mark-sweep generation total 393216K, used 20772K [0x00000007a8000000, 0x00000007c0000000, 0x00000007c0000000)
 Metaspace       used 32125K, capacity 32908K, committed 33040K, reserved 1079296K
  class space    used 3816K, capacity 4070K, committed 4168K, reserved 1048576K
}
2017-03-21T00:50:42.621+0800: 4.983: Total time for which application threads were stopped: 0.0214899 seconds, Stopping threads took: 0.0000865 seconds
2017-03-21T00:50:42.622+0800: 4.983: Total time for which application threads were stopped: 0.0002238 seconds, Stopping threads took: 0.0001288 seconds
2017-03-21T00:50:42.622+0800: 4.983: Total time for which application threads were stopped: 0.0001301 seconds, Stopping threads took: 0.0000761 seconds
2017-03-21T00:50:42.622+0800: 4.983: Total time for which application threads were stopped: 0.0001027 seconds, Stopping threads took: 0.0000312 seconds
{Heap before GC invocations=18 (full 1):
 par new generation   total 109248K, used 108259K [0x00000007a0000000, 0x00000007a8000000, 0x00000007a8000000)
  eden space 87424K, 100% used [0x00000007a0000000, 0x00000007a5560000, 0x00000007a5560000)
  from space 21824K,  95% used [0x00000007a5560000, 0x00000007a69b8d90, 0x00000007a6ab0000)
  to   space 21824K,   0% used [0x00000007a6ab0000, 0x00000007a6ab0000, 0x00000007a8000000)
 concurrent mark-sweep generation total 393216K, used 20772K [0x00000007a8000000, 0x00000007c0000000, 0x00000007c0000000)
 Metaspace       used 32129K, capacity 32908K, committed 33040K, reserved 1079296K
  class space    used 3816K, capacity 4070K, committed 4168K, reserved 1048576K
2017-03-21T00:50:42.675+0800: 5.036: [GC (Allocation Failure) 2017-03-21T00:50:42.675+0800: 5.036: [ParNew
Desired survivor size 20112992 bytes, new threshold 8 (max 8)
- age   1:    1224072 bytes,    1224072 total
- age   2:    1409176 bytes,    2633248 total
- age   3:    9988960 bytes,   12622208 total
- age   4:     189224 bytes,   12811432 total
- age   5:      93104 bytes,   12904536 total
- age   6:     108144 bytes,   13012680 total
- age   7:      72824 bytes,   13085504 total
- age   8:     197440 bytes,   13282944 total
: 108259K->16721K(109248K), 0.0130916 secs] 129032K->39583K(502464K), 0.0131651 secs] [Times: user=0.05 sys=0.00, real=0.01 secs] 
Heap after GC invocations=19 (full 1):
 par new generation   total 109248K, used 16721K [0x00000007a0000000, 0x00000007a8000000, 0x00000007a8000000)
  eden space 87424K,   0% used [0x00000007a0000000, 0x00000007a0000000, 0x00000007a5560000)
  from space 21824K,  76% used [0x00000007a6ab0000, 0x00000007a7b045e0, 0x00000007a8000000)
  to   space 21824K,   0% used [0x00000007a5560000, 0x00000007a5560000, 0x00000007a6ab0000)
 concurrent mark-sweep generation total 393216K, used 22861K [0x00000007a8000000, 0x00000007c0000000, 0x00000007c0000000)
 Metaspace       used 32129K, capacity 32908K, committed 33040K, reserved 1079296K
  class space    used 3816K, capacity 4070K, committed 4168K, reserved 1048576K
}
2017-03-21T00:50:42.688+0800: 5.050: Total time for which application threads were stopped: 0.0134376 seconds, Stopping threads took: 0.0000781 seconds
2017-03-21T00:50:42.688+0800: 5.050: Total time for which application threads were stopped: 0.0001336 seconds, Stopping threads took: 0.0000321 seconds
{Heap before GC invocations=19 (full 1):
 par new generation   total 109248K, used 104145K [0x00000007a0000000, 0x00000007a8000000, 0x00000007a8000000)
  eden space 87424K, 100% used [0x00000007a0000000, 0x00000007a5560000, 0x00000007a5560000)
  from space 21824K,  76% used [0x00000007a6ab0000, 0x00000007a7b045e0, 0x00000007a8000000)
  to   space 21824K,   0% used [0x00000007a5560000, 0x00000007a5560000, 0x00000007a6ab0000)
 concurrent mark-sweep generation total 393216K, used 22861K [0x00000007a8000000, 0x00000007c0000000, 0x00000007c0000000)
 Metaspace       used 32212K, capacity 32978K, committed 33296K, reserved 1079296K
  class space    used 3825K, capacity 4071K, committed 4168K, reserved 1048576K
2017-03-21T00:50:42.755+0800: 5.117: [GC (Allocation Failure) 2017-03-21T00:50:42.755+0800: 5.117: [ParNew
Desired survivor size 20112992 bytes, new threshold 8 (max 8)
- age   1:     827800 bytes,     827800 total
- age   2:     904512 bytes,    1732312 total
- age   3:     778472 bytes,    2510784 total
- age   4:    9917696 bytes,   12428480 total
- age   5:     189224 bytes,   12617704 total
- age   6:      93104 bytes,   12710808 total
- age   7:     108144 bytes,   12818952 total
- age   8:      72824 bytes,   12891776 total
: 104145K->16319K(109248K), 0.0117697 secs] 127007K->39377K(502464K), 0.0118554 secs] [Times: user=0.07 sys=0.00, real=0.01 secs] 
Heap after GC invocations=20 (full 1):
 par new generation   total 109248K, used 16319K [0x00000007a0000000, 0x00000007a8000000, 0x00000007a8000000)
  eden space 87424K,   0% used [0x00000007a0000000, 0x00000007a0000000, 0x00000007a5560000)
  from space 21824K,  74% used [0x00000007a5560000, 0x00000007a654fe68, 0x00000007a6ab0000)
  to   space 21824K,   0% used [0x00000007a6ab0000, 0x00000007a6ab0000, 0x00000007a8000000)
 concurrent mark-sweep generation total 393216K, used 23057K [0x00000007a8000000, 0x00000007c0000000, 0x00000007c0000000)
 Metaspace       used 32212K, capacity 32978K, committed 33296K, reserved 1079296K
  class space    used 3825K, capacity 4071K, committed 4168K, reserved 1048576K
}
2017-03-21T00:50:42.767+0800: 5.128: Total time for which application threads were stopped: 0.0120675 seconds, Stopping threads took: 0.0000210 seconds
2017-03-21T00:50:42.784+0800: 5.145: Total time for which application threads were stopped: 0.0002167 seconds, Stopping threads took: 0.0000955 seconds
2017-03-21T00:50:42.808+0800: 5.169: Total time for which application threads were stopped: 0.0002129 seconds, Stopping threads took: 0.0001002 seconds
2017-03-21T00:50:42.843+0800: 5.205: Total time for which application threads were stopped: 0.0004582 seconds, Stopping threads took: 0.0000201 seconds
2017-03-21T00:50:42.850+0800: 5.211: Total time for which application threads were stopped: 0.0004894 seconds, Stopping threads took: 0.0000209 seconds
{Heap before GC invocations=20 (full 1):
 par new generation   total 109248K, used 103743K [0x00000007a0000000, 0x00000007a8000000, 0x00000007a8000000)
  eden space 87424K, 100% used [0x00000007a0000000, 0x00000007a5560000, 0x00000007a5560000)
  from space 21824K,  74% used [0x00000007a5560000, 0x00000007a654fe68, 0x00000007a6ab0000)
  to   space 21824K,   0% used [0x00000007a6ab0000, 0x00000007a6ab0000, 0x00000007a8000000)
 concurrent mark-sweep generation total 393216K, used 23057K [0x00000007a8000000, 0x00000007c0000000, 0x00000007c0000000)
 Metaspace       used 32312K, capacity 33106K, committed 33296K, reserved 1079296K
  class space    used 3835K, capacity 4071K, committed 4168K, reserved 1048576K
2017-03-21T00:50:42.878+0800: 5.239: [GC (Allocation Failure) 2017-03-21T00:50:42.878+0800: 5.239: [ParNew
Desired survivor size 20112992 bytes, new threshold 8 (max 8)
- age   1:    3058576 bytes,    3058576 total
- age   2:     330248 bytes,    3388824 total
- age   3:     903328 bytes,    4292152 total
- age   4:     778440 bytes,    5070592 total
- age   5:    9914248 bytes,   14984840 total
- age   6:     189224 bytes,   15174064 total
- age   7:      93104 bytes,   15267168 total
- age   8:     108144 bytes,   15375312 total
: 103743K->17969K(109248K), 0.0117535 secs] 126801K->41101K(502464K), 0.0118313 secs] [Times: user=0.07 sys=0.00, real=0.01 secs] 
Heap after GC invocations=21 (full 1):
 par new generation   total 109248K, used 17969K [0x00000007a0000000, 0x00000007a8000000, 0x00000007a8000000)
  eden space 87424K,   0% used [0x00000007a0000000, 0x00000007a0000000, 0x00000007a5560000)
  from space 21824K,  82% used [0x00000007a6ab0000, 0x00000007a7c3c620, 0x00000007a8000000)
  to   space 21824K,   0% used [0x00000007a5560000, 0x00000007a5560000, 0x00000007a6ab0000)
 concurrent mark-sweep generation total 393216K, used 23131K [0x00000007a8000000, 0x00000007c0000000, 0x00000007c0000000)
 Metaspace       used 32312K, capacity 33106K, committed 33296K, reserved 1079296K
  class space    used 3835K, capacity 4071K, committed 4168K, reserved 1048576K
}
2017-03-21T00:50:42.890+0800: 5.251: Total time for which application threads were stopped: 0.0120147 seconds, Stopping threads took: 0.0000190 seconds
2017-03-21T00:50:42.890+0800: 5.251: Total time for which application threads were stopped: 0.0001281 seconds, Stopping threads took: 0.0000637 seconds
2017-03-21T00:50:42.910+0800: 5.272: Total time for which application threads were stopped: 0.0001031 seconds, Stopping threads took: 0.0000209 seconds
2017-03-21T00:50:42.951+0800: 5.312: Total time for which application threads were stopped: 0.0004511 seconds, Stopping threads took: 0.0000213 seconds
2017-03-21T00:50:42.962+0800: 5.324: Total time for which application threads were stopped: 0.0001626 seconds, Stopping threads took: 0.0000754 seconds
2017-03-21T00:50:43.967+0800: 6.328: Total time for which application threads were stopped: 0.0001513 seconds, Stopping threads took: 0.0000304 seconds
2017-03-21T00:50:49.992+0800: 12.354: Total time for which application threads were stopped: 0.0002187 seconds, Stopping threads took: 0.0000450 seconds
2017-03-21T00:51:12.014+0800: 34.376: Total time for which application threads were stopped: 0.0004399 seconds, Stopping threads took: 0.0000176 seconds
2017-03-21T00:51:12.072+0800: 34.434: Total time for which application threads were stopped: 0.0006347 seconds, Stopping threads took: 0.0000202 seconds
2017-03-21T00:51:12.074+0800: 34.436: Total time for which application threads were stopped: 0.0001114 seconds, Stopping threads took: 0.0000242 seconds
2017-03-21T00:51:12.074+0800: 34.437: Total time for which application threads were stopped: 0.0001569 seconds, Stopping threads took: 0.0000345 seconds
2017-03-21T00:51:12.093+0800: 34.455: Total time for which application threads were stopped: 0.0001843 seconds, Stopping threads took: 0.0000399 seconds
2017-03-21T00:51:12.093+0800: 34.455: Total time for which application threads were stopped: 0.0001289 seconds, Stopping threads took: 0.0000112 seconds
2017-03-21T00:51:12.144+0800: 34.507: Total time for which application threads were stopped: 0.0001431 seconds, Stopping threads took: 0.0000398 seconds
2017-03-21T00:51:12.145+0800: 34.507: Total time for which application threads were stopped: 0.0000611 seconds, Stopping threads took: 0.0000112 seconds
2017-03-21T00:51:12.145+0800: 34.507: Total time for which application threads were stopped: 0.0000746 seconds, Stopping threads took: 0.0000111 seconds
2017-03-21T00:51:12.145+0800: 34.507: Total time for which application threads were stopped: 0.0000596 seconds, Stopping threads took: 0.0000107 seconds
2017-03-21T00:51:12.145+0800: 34.507: Total time for which application threads were stopped: 0.0000470 seconds, Stopping threads took: 0.0000086 seconds
2017-03-21T00:51:12.146+0800: 34.508: Total time for which application threads were stopped: 0.0000796 seconds, Stopping threads took: 0.0000132 seconds
2017-03-21T00:51:12.146+0800: 34.508: Total time for which application threads were stopped: 0.0000720 seconds, Stopping threads took: 0.0000112 seconds
2017-03-21T00:51:12.146+0800: 34.508: Total time for which application threads were stopped: 0.0000655 seconds, Stopping threads took: 0.0000102 seconds
2017-03-21T00:51:12.146+0800: 34.508: Total time for which application threads were stopped: 0.0000681 seconds, Stopping threads took: 0.0000109 seconds
2017-03-21T00:51:12.146+0800: 34.509: Total time for which application threads were stopped: 0.0004215 seconds, Stopping threads took: 0.0000098 seconds
2017-03-21T00:51:12.147+0800: 34.509: Total time for which application threads were stopped: 0.0000832 seconds, Stopping threads took: 0.0000216 seconds
2017-03-21T00:51:12.147+0800: 34.509: Total time for which application threads were stopped: 0.0000886 seconds, Stopping threads took: 0.0000321 seconds
2017-03-21T00:51:12.147+0800: 34.509: Total time for which application threads were stopped: 0.0000593 seconds, Stopping threads took: 0.0000096 seconds
2017-03-21T00:51:12.148+0800: 34.510: Total time for which application threads were stopped: 0.0000702 seconds, Stopping threads took: 0.0000144 seconds
2017-03-21T00:51:12.148+0800: 34.510: Total time for which application threads were stopped: 0.0000951 seconds, Stopping threads took: 0.0000498 seconds
2017-03-21T00:51:12.153+0800: 34.515: Total time for which application threads were stopped: 0.0000987 seconds, Stopping threads took: 0.0000224 seconds
2017-03-21T00:51:12.153+0800: 34.515: Total time for which application threads were stopped: 0.0000725 seconds, Stopping threads took: 0.0000113 seconds
2017-03-21T00:51:12.158+0800: 34.520: Total time for which application threads were stopped: 0.0001148 seconds, Stopping threads took: 0.0000331 seconds
2017-03-21T00:51:12.158+0800: 34.520: Total time for which application threads were stopped: 0.0000517 seconds, Stopping threads took: 0.0000074 seconds
2017-03-21T00:51:12.158+0800: 34.520: Total time for which application threads were stopped: 0.0000407 seconds, Stopping threads took: 0.0000068 seconds
{Heap before GC invocations=21 (full 1):
 par new generation   total 109248K, used 105393K [0x00000007a0000000, 0x00000007a8000000, 0x00000007a8000000)
  eden space 87424K, 100% used [0x00000007a0000000, 0x00000007a5560000, 0x00000007a5560000)
  from space 21824K,  82% used [0x00000007a6ab0000, 0x00000007a7c3c620, 0x00000007a8000000)
  to   space 21824K,   0% used [0x00000007a5560000, 0x00000007a5560000, 0x00000007a6ab0000)
 concurrent mark-sweep generation total 393216K, used 23131K [0x00000007a8000000, 0x00000007c0000000, 0x00000007c0000000)
 Metaspace       used 34054K, capacity 34870K, committed 35088K, reserved 1079296K
  class space    used 4063K, capacity 4309K, committed 4424K, reserved 1048576K
2017-03-21T00:51:12.284+0800: 34.647: [GC (Allocation Failure) 2017-03-21T00:51:12.284+0800: 34.647: [ParNew
Desired survivor size 20112992 bytes, new threshold 6 (max 8)
- age   1:    8077856 bytes,    8077856 total
- age   2:    1768640 bytes,    9846496 total
- age   3:     329896 bytes,   10176392 total
- age   4:     174432 bytes,   10350824 total
- age   5:     769264 bytes,   11120088 total
- age   6:    9400264 bytes,   20520352 total
- age   7:     154424 bytes,   20674776 total
- age   8:      89488 bytes,   20764264 total
: 105393K->21824K(109248K), 0.0207589 secs] 128525K->46655K(502464K), 0.0208359 secs] [Times: user=0.10 sys=0.01, real=0.02 secs] 
Heap after GC invocations=22 (full 1):
 par new generation   total 109248K, used 21824K [0x00000007a0000000, 0x00000007a8000000, 0x00000007a8000000)
  eden space 87424K,   0% used [0x00000007a0000000, 0x00000007a0000000, 0x00000007a5560000)
  from space 21824K, 100% used [0x00000007a5560000, 0x00000007a6ab0000, 0x00000007a6ab0000)
  to   space 21824K,   0% used [0x00000007a6ab0000, 0x00000007a6ab0000, 0x00000007a8000000)
 concurrent mark-sweep generation total 393216K, used 24831K [0x00000007a8000000, 0x00000007c0000000, 0x00000007c0000000)
 Metaspace       used 34054K, capacity 34870K, committed 35088K, reserved 1079296K
  class space    used 4063K, capacity 4309K, committed 4424K, reserved 1048576K
}
2017-03-21T00:51:12.305+0800: 34.667: Total time for which application threads were stopped: 0.0211341 seconds, Stopping threads took: 0.0000251 seconds
2017-03-21T00:51:12.306+0800: 34.668: Total time for which application threads were stopped: 0.0001422 seconds, Stopping threads took: 0.0000462 seconds
{Heap before GC invocations=22 (full 1):
 par new generation   total 109248K, used 109248K [0x00000007a0000000, 0x00000007a8000000, 0x00000007a8000000)
  eden space 87424K, 100% used [0x00000007a0000000, 0x00000007a5560000, 0x00000007a5560000)
  from space 21824K, 100% used [0x00000007a5560000, 0x00000007a6ab0000, 0x00000007a6ab0000)
  to   space 21824K,   0% used [0x00000007a6ab0000, 0x00000007a6ab0000, 0x00000007a8000000)
 concurrent mark-sweep generation total 393216K, used 24831K [0x00000007a8000000, 0x00000007c0000000, 0x00000007c0000000)
 Metaspace       used 34066K, capacity 34882K, committed 35088K, reserved 1079296K
  class space    used 4064K, capacity 4311K, committed 4424K, reserved 1048576K
2017-03-21T00:51:12.365+0800: 34.727: [GC (Allocation Failure) 2017-03-21T00:51:12.365+0800: 34.727: [ParNew
Desired survivor size 20112992 bytes, new threshold 8 (max 8)
- age   1:      93064 bytes,      93064 total
- age   2:    7356296 bytes,    7449360 total
- age   3:    1768640 bytes,    9218000 total
- age   4:     329896 bytes,    9547896 total
- age   5:     174432 bytes,    9722328 total
- age   6:     769264 bytes,   10491592 total
: 109248K->21824K(109248K), 0.0262758 secs] 134079K->56717K(502464K), 0.0263952 secs] [Times: user=0.09 sys=0.01, real=0.03 secs] 
Heap after GC invocations=23 (full 1):
 par new generation   total 109248K, used 21824K [0x00000007a0000000, 0x00000007a8000000, 0x00000007a8000000)
  eden space 87424K,   0% used [0x00000007a0000000, 0x00000007a0000000, 0x00000007a5560000)
  from space 21824K, 100% used [0x00000007a6ab0000, 0x00000007a8000000, 0x00000007a8000000)
  to   space 21824K,   0% used [0x00000007a5560000, 0x00000007a5560000, 0x00000007a6ab0000)
 concurrent mark-sweep generation total 393216K, used 34893K [0x00000007a8000000, 0x00000007c0000000, 0x00000007c0000000)
 Metaspace       used 34066K, capacity 34882K, committed 35088K, reserved 1079296K
  class space    used 4064K, capacity 4311K, committed 4424K, reserved 1048576K
}
2017-03-21T00:51:12.391+0800: 34.753: Total time for which application threads were stopped: 0.0266069 seconds, Stopping threads took: 0.0000241 seconds
2017-03-21T00:51:12.392+0800: 34.754: Total time for which application threads were stopped: 0.0001801 seconds, Stopping threads took: 0.0000743 seconds
2017-03-21T00:51:12.491+0800: 34.853: Total time for which application threads were stopped: 0.0001488 seconds, Stopping threads took: 0.0000469 seconds
2017-03-21T00:51:12.508+0800: 34.870: Total time for which application threads were stopped: 0.0001400 seconds, Stopping threads took: 0.0000365 seconds
2017-03-21T00:51:13.513+0800: 35.875: Total time for which application threads were stopped: 0.0001187 seconds, Stopping threads took: 0.0000266 seconds
2017-03-21T00:51:57.662+0800: 80.026: Total time for which application threads were stopped: 0.0001301 seconds, Stopping threads took: 0.0000298 seconds
2017-03-21T00:52:12.157+0800: 94.521: Total time for which application threads were stopped: 0.0001101 seconds, Stopping threads took: 0.0000244 seconds
2017-03-21T00:52:40.249+0800: 122.614: Total time for which application threads were stopped: 0.0002181 seconds, Stopping threads took: 0.0000435 seconds
2017-03-21T00:53:09.343+0800: 151.708: Total time for which application threads were stopped: 0.0002468 seconds, Stopping threads took: 0.0000596 seconds
2017-03-21T00:53:28.014+0800: 170.380: Total time for which application threads were stopped: 0.0001138 seconds, Stopping threads took: 0.0000475 seconds
2017-03-21T00:53:29.016+0800: 171.382: Total time for which application threads were stopped: 0.0001651 seconds, Stopping threads took: 0.0000733 seconds
2017-03-21T00:53:30.020+0800: 172.386: Total time for which application threads were stopped: 0.0001910 seconds, Stopping threads took: 0.0000975 seconds
2017-03-21T00:53:30.180+0800: 172.546: Total time for which application threads were stopped: 0.0001084 seconds, Stopping threads took: 0.0000178 seconds
2017-03-21T00:53:30.180+0800: 172.546: Total time for which application threads were stopped: 0.0000501 seconds, Stopping threads took: 0.0000113 seconds
2017-03-21T00:53:30.181+0800: 172.547: Total time for which application threads were stopped: 0.0001219 seconds, Stopping threads took: 0.0000861 seconds
2017-03-21T00:53:30.181+0800: 172.547: Total time for which application threads were stopped: 0.0000620 seconds, Stopping threads took: 0.0000109 seconds
2017-03-21T00:53:30.181+0800: 172.548: Total time for which application threads were stopped: 0.0000544 seconds, Stopping threads took: 0.0000096 seconds
2017-03-21T00:53:31.182+0800: 173.548: Total time for which application threads were stopped: 0.0002283 seconds, Stopping threads took: 0.0000444 seconds
2017-03-21T00:54:10.304+0800: 212.671: Total time for which application threads were stopped: 0.0002197 seconds, Stopping threads took: 0.0000437 seconds
2017-03-21T00:54:20.335+0800: 222.702: Total time for which application threads were stopped: 0.0002274 seconds, Stopping threads took: 0.0000454 seconds
2017-03-21T00:54:30.358+0800: 232.726: Total time for which application threads were stopped: 0.0002219 seconds, Stopping threads took: 0.0000428 seconds
2017-03-21T00:54:33.370+0800: 235.738: Total time for which application threads were stopped: 0.0002235 seconds, Stopping threads took: 0.0000448 seconds
2017-03-21T00:55:37.151+0800: 299.521: Total time for which application threads were stopped: 0.0006480 seconds, Stopping threads took: 0.0000215 seconds
2017-03-21T00:55:37.161+0800: 299.530: Total time for which application threads were stopped: 0.0000923 seconds, Stopping threads took: 0.0000174 seconds
2017-03-21T00:55:37.161+0800: 299.530: Total time for which application threads were stopped: 0.0000542 seconds, Stopping threads took: 0.0000104 seconds
2017-03-21T00:55:37.170+0800: 299.540: Total time for which application threads were stopped: 0.0000822 seconds, Stopping threads took: 0.0000153 seconds
2017-03-21T00:55:37.179+0800: 299.549: Total time for which application threads were stopped: 0.0004796 seconds, Stopping threads took: 0.0000182 seconds
2017-03-21T00:55:37.180+0800: 299.550: Total time for which application threads were stopped: 0.0003153 seconds, Stopping threads took: 0.0000095 seconds
2017-03-21T00:55:37.182+0800: 299.551: Total time for which application threads were stopped: 0.0000650 seconds, Stopping threads took: 0.0000100 seconds
2017-03-21T00:55:37.184+0800: 299.553: Total time for which application threads were stopped: 0.0000551 seconds, Stopping threads took: 0.0000085 seconds
{Heap before GC invocations=23 (full 1):
 par new generation   total 109248K, used 109248K [0x00000007a0000000, 0x00000007a8000000, 0x00000007a8000000)
  eden space 87424K, 100% used [0x00000007a0000000, 0x00000007a5560000, 0x00000007a5560000)
  from space 21824K, 100% used [0x00000007a6ab0000, 0x00000007a8000000, 0x00000007a8000000)
  to   space 21824K,   0% used [0x00000007a5560000, 0x00000007a5560000, 0x00000007a6ab0000)
 concurrent mark-sweep generation total 393216K, used 34893K [0x00000007a8000000, 0x00000007c0000000, 0x00000007c0000000)
 Metaspace       used 35686K, capacity 36590K, committed 36752K, reserved 1081344K
  class space    used 4263K, capacity 4537K, committed 4552K, reserved 1048576K
2017-03-21T00:55:37.190+0800: 299.560: [GC (Allocation Failure) 2017-03-21T00:55:37.190+0800: 299.560: [ParNew
Desired survivor size 20112992 bytes, new threshold 8 (max 8)
- age   1:    4633432 bytes,    4633432 total
- age   2:      73704 bytes,    4707136 total
- age   3:    6646392 bytes,   11353528 total
- age   4:    1768640 bytes,   13122168 total
- age   5:     329896 bytes,   13452064 total
- age   6:     174432 bytes,   13626496 total
- age   7:     769264 bytes,   14395760 total
: 109248K->18498K(109248K), 0.0089938 secs] 144141K->53391K(502464K), 0.0090888 secs] [Times: user=0.03 sys=0.00, real=0.00 secs] 
Heap after GC invocations=24 (full 1):
 par new generation   total 109248K, used 18498K [0x00000007a0000000, 0x00000007a8000000, 0x00000007a8000000)
  eden space 87424K,   0% used [0x00000007a0000000, 0x00000007a0000000, 0x00000007a5560000)
  from space 21824K,  84% used [0x00000007a5560000, 0x00000007a6770a60, 0x00000007a6ab0000)
  to   space 21824K,   0% used [0x00000007a6ab0000, 0x00000007a6ab0000, 0x00000007a8000000)
 concurrent mark-sweep generation total 393216K, used 34893K [0x00000007a8000000, 0x00000007c0000000, 0x00000007c0000000)
 Metaspace       used 35686K, capacity 36590K, committed 36752K, reserved 1081344K
  class space    used 4263K, capacity 4537K, committed 4552K, reserved 1048576K
}
2017-03-21T00:55:37.199+0800: 299.569: Total time for which application threads were stopped: 0.0093035 seconds, Stopping threads took: 0.0000434 seconds
2017-03-21T00:55:37.200+0800: 299.569: Total time for which application threads were stopped: 0.0001302 seconds, Stopping threads took: 0.0000549 seconds
2017-03-21T00:55:37.211+0800: 299.581: Total time for which application threads were stopped: 0.0001173 seconds, Stopping threads took: 0.0000200 seconds
2017-03-21T00:55:37.217+0800: 299.586: Total time for which application threads were stopped: 0.0001503 seconds, Stopping threads took: 0.0000451 seconds
2017-03-21T00:55:37.219+0800: 299.589: Total time for which application threads were stopped: 0.0001161 seconds, Stopping threads took: 0.0000221 seconds
2017-03-21T00:55:37.222+0800: 299.591: Total time for which application threads were stopped: 0.0001016 seconds, Stopping threads took: 0.0000218 seconds
2017-03-21T00:55:37.224+0800: 299.594: Total time for which application threads were stopped: 0.0001275 seconds, Stopping threads took: 0.0000497 seconds
2017-03-21T00:55:37.226+0800: 299.596: Total time for which application threads were stopped: 0.0001247 seconds, Stopping threads took: 0.0000425 seconds
2017-03-21T00:55:37.229+0800: 299.599: Total time for which application threads were stopped: 0.0001155 seconds, Stopping threads took: 0.0000215 seconds
2017-03-21T00:55:37.235+0800: 299.604: Total time for which application threads were stopped: 0.0001525 seconds, Stopping threads took: 0.0000572 seconds
2017-03-21T00:55:37.236+0800: 299.606: Total time for which application threads were stopped: 0.0000974 seconds, Stopping threads took: 0.0000355 seconds
2017-03-21T00:55:37.238+0800: 299.607: Total time for which application threads were stopped: 0.0001105 seconds, Stopping threads took: 0.0000430 seconds
2017-03-21T00:55:37.240+0800: 299.609: Total time for which application threads were stopped: 0.0000823 seconds, Stopping threads took: 0.0000173 seconds
2017-03-21T00:55:37.242+0800: 299.612: Total time for which application threads were stopped: 0.0001103 seconds, Stopping threads took: 0.0000231 seconds
2017-03-21T00:55:37.244+0800: 299.613: Total time for which application threads were stopped: 0.0000963 seconds, Stopping threads took: 0.0000286 seconds
2017-03-21T00:55:37.245+0800: 299.615: Total time for which application threads were stopped: 0.0001305 seconds, Stopping threads took: 0.0000521 seconds
2017-03-21T00:55:37.247+0800: 299.617: Total time for which application threads were stopped: 0.0001069 seconds, Stopping threads took: 0.0000208 seconds
2017-03-21T00:55:37.258+0800: 299.627: Total time for which application threads were stopped: 0.0001099 seconds, Stopping threads took: 0.0000342 seconds
2017-03-21T00:55:37.260+0800: 299.629: Total time for which application threads were stopped: 0.0000924 seconds, Stopping threads took: 0.0000204 seconds
2017-03-21T00:55:37.261+0800: 299.631: Total time for which application threads were stopped: 0.0001126 seconds, Stopping threads took: 0.0000181 seconds
2017-03-21T00:55:37.263+0800: 299.633: Total time for which application threads were stopped: 0.0002589 seconds, Stopping threads took: 0.0000624 seconds
2017-03-21T00:55:38.264+0800: 300.633: Total time for which application threads were stopped: 0.0003099 seconds, Stopping threads took: 0.0001363 seconds
2017-03-21T00:55:39.268+0800: 301.638: Total time for which application threads were stopped: 0.0002291 seconds, Stopping threads took: 0.0000695 seconds
2017-03-21T00:55:39.387+0800: 301.757: Total time for which application threads were stopped: 0.0001062 seconds, Stopping threads took: 0.0000337 seconds
2017-03-21T00:55:39.388+0800: 301.757: Total time for which application threads were stopped: 0.0000822 seconds, Stopping threads took: 0.0000347 seconds
2017-03-21T00:55:39.388+0800: 301.757: Total time for which application threads were stopped: 0.0000506 seconds, Stopping threads took: 0.0000085 seconds
2017-03-21T00:55:39.399+0800: 301.768: Total time for which application threads were stopped: 0.0001259 seconds, Stopping threads took: 0.0000427 seconds
2017-03-21T00:55:39.411+0800: 301.780: Total time for which application threads were stopped: 0.0001074 seconds, Stopping threads took: 0.0000187 seconds
2017-03-21T00:55:39.411+0800: 301.781: Total time for which application threads were stopped: 0.0000737 seconds, Stopping threads took: 0.0000262 seconds
2017-03-21T00:55:39.443+0800: 301.813: Total time for which application threads were stopped: 0.0001252 seconds, Stopping threads took: 0.0000216 seconds
2017-03-21T00:55:39.448+0800: 301.817: Total time for which application threads were stopped: 0.0001009 seconds, Stopping threads took: 0.0000181 seconds
2017-03-21T00:55:39.448+0800: 301.817: Total time for which application threads were stopped: 0.0000462 seconds, Stopping threads took: 0.0000075 seconds
2017-03-21T00:55:39.453+0800: 301.823: Total time for which application threads were stopped: 0.0001457 seconds, Stopping threads took: 0.0000595 seconds
2017-03-21T00:55:39.454+0800: 301.823: Total time for which application threads were stopped: 0.0000844 seconds, Stopping threads took: 0.0000360 seconds
2017-03-21T00:55:39.454+0800: 301.823: Total time for which application threads were stopped: 0.0000751 seconds, Stopping threads took: 0.0000306 seconds
2017-03-21T00:55:40.454+0800: 302.824: Total time for which application threads were stopped: 0.0002460 seconds, Stopping threads took: 0.0000452 seconds
2017-03-21T00:59:50.223+0800: 552.600: Total time for which application threads were stopped: 0.0001348 seconds, Stopping threads took: 0.0000274 seconds
2017-03-21T00:59:50.608+0800: 552.985: Total time for which application threads were stopped: 0.0003800 seconds, Stopping threads took: 0.0002697 seconds
2017-03-21T00:59:50.608+0800: 552.985: Total time for which application threads were stopped: 0.0001359 seconds, Stopping threads took: 0.0000758 seconds
2017-03-21T00:59:50.616+0800: 552.992: Total time for which application threads were stopped: 0.0001410 seconds, Stopping threads took: 0.0000418 seconds
2017-03-21T00:59:50.616+0800: 552.993: Total time for which application threads were stopped: 0.0001372 seconds, Stopping threads took: 0.0000712 seconds
2017-03-21T00:59:50.617+0800: 552.993: Total time for which application threads were stopped: 0.0001207 seconds, Stopping threads took: 0.0000579 seconds
2017-03-21T00:59:50.617+0800: 552.993: Total time for which application threads were stopped: 0.0000957 seconds, Stopping threads took: 0.0000408 seconds
2017-03-21T00:59:54.624+0800: 557.001: Total time for which application threads were stopped: 0.0001674 seconds, Stopping threads took: 0.0000589 seconds
2017-03-21T00:59:55.962+0800: 558.339: Total time for which application threads were stopped: 0.0001394 seconds, Stopping threads took: 0.0000543 seconds
2017-03-21T00:59:55.964+0800: 558.341: Total time for which application threads were stopped: 0.0001241 seconds, Stopping threads took: 0.0000481 seconds
2017-03-21T00:59:55.970+0800: 558.347: Total time for which application threads were stopped: 0.0001594 seconds, Stopping threads took: 0.0000437 seconds
2017-03-21T00:59:55.970+0800: 558.347: Total time for which application threads were stopped: 0.0000604 seconds, Stopping threads took: 0.0000105 seconds
2017-03-21T00:59:55.976+0800: 558.353: Total time for which application threads were stopped: 0.0001702 seconds, Stopping threads took: 0.0000573 seconds
2017-03-21T00:59:55.977+0800: 558.353: Total time for which application threads were stopped: 0.0001136 seconds, Stopping threads took: 0.0000538 seconds
2017-03-21T00:59:55.987+0800: 558.364: Total time for which application threads were stopped: 0.0001494 seconds, Stopping threads took: 0.0000389 seconds
2017-03-21T00:59:55.987+0800: 558.364: Total time for which application threads were stopped: 0.0000788 seconds, Stopping threads took: 0.0000102 seconds
2017-03-21T00:59:55.993+0800: 558.369: Total time for which application threads were stopped: 0.0001425 seconds, Stopping threads took: 0.0000548 seconds
2017-03-21T00:59:55.993+0800: 558.370: Total time for which application threads were stopped: 0.0000656 seconds, Stopping threads took: 0.0000214 seconds
2017-03-21T00:59:56.997+0800: 559.374: Total time for which application threads were stopped: 0.0001312 seconds, Stopping threads took: 0.0000261 seconds
2017-03-21T00:59:59.418+0800: 561.795: Total time for which application threads were stopped: 0.0001468 seconds, Stopping threads took: 0.0000593 seconds
2017-03-21T00:59:59.419+0800: 561.796: Total time for which application threads were stopped: 0.0001241 seconds, Stopping threads took: 0.0000547 seconds
2017-03-21T00:59:59.428+0800: 561.805: Total time for which application threads were stopped: 0.0001279 seconds, Stopping threads took: 0.0000397 seconds
2017-03-21T00:59:59.428+0800: 561.805: Total time for which application threads were stopped: 0.0000634 seconds, Stopping threads took: 0.0000139 seconds
2017-03-21T00:59:59.434+0800: 561.811: Total time for which application threads were stopped: 0.0001595 seconds, Stopping threads took: 0.0000422 seconds
2017-03-21T00:59:59.434+0800: 561.811: Total time for which application threads were stopped: 0.0001000 seconds, Stopping threads took: 0.0000411 seconds
2017-03-21T00:59:59.443+0800: 561.820: Total time for which application threads were stopped: 0.0001135 seconds, Stopping threads took: 0.0000232 seconds
2017-03-21T00:59:59.443+0800: 561.820: Total time for which application threads were stopped: 0.0000500 seconds, Stopping threads took: 0.0000053 seconds
2017-03-21T00:59:59.449+0800: 561.826: Total time for which application threads were stopped: 0.0001466 seconds, Stopping threads took: 0.0000473 seconds
2017-03-21T00:59:59.449+0800: 561.826: Total time for which application threads were stopped: 0.0000693 seconds, Stopping threads took: 0.0000237 seconds
2017-03-21T01:00:01.635+0800: 564.012: Total time for which application threads were stopped: 0.0001674 seconds, Stopping threads took: 0.0000607 seconds
2017-03-21T01:00:01.635+0800: 564.012: Total time for which application threads were stopped: 0.0001072 seconds, Stopping threads took: 0.0000391 seconds
2017-03-21T01:00:01.636+0800: 564.013: Total time for which application threads were stopped: 0.0001236 seconds, Stopping threads took: 0.0000522 seconds
2017-03-21T01:00:01.643+0800: 564.020: Total time for which application threads were stopped: 0.0001589 seconds, Stopping threads took: 0.0000482 seconds
2017-03-21T01:00:01.643+0800: 564.020: Total time for which application threads were stopped: 0.0000766 seconds, Stopping threads took: 0.0000103 seconds
2017-03-21T01:00:01.650+0800: 564.027: Total time for which application threads were stopped: 0.0001366 seconds, Stopping threads took: 0.0000474 seconds
2017-03-21T01:00:01.650+0800: 564.027: Total time for which application threads were stopped: 0.0000897 seconds, Stopping threads took: 0.0000429 seconds
2017-03-21T01:00:01.660+0800: 564.037: Total time for which application threads were stopped: 0.0001411 seconds, Stopping threads took: 0.0000452 seconds
2017-03-21T01:00:01.660+0800: 564.037: Total time for which application threads were stopped: 0.0000782 seconds, Stopping threads took: 0.0000321 seconds
2017-03-21T01:00:01.666+0800: 564.043: Total time for which application threads were stopped: 0.0002364 seconds, Stopping threads took: 0.0000400 seconds
2017-03-21T01:00:01.666+0800: 564.043: Total time for which application threads were stopped: 0.0001621 seconds, Stopping threads took: 0.0000242 seconds
2017-03-21T01:00:01.666+0800: 564.043: Total time for which application threads were stopped: 0.0001179 seconds, Stopping threads took: 0.0000220 seconds
2017-03-21T01:00:06.679+0800: 569.056: Total time for which application threads were stopped: 0.0001284 seconds, Stopping threads took: 0.0000440 seconds
2017-03-21T01:00:06.680+0800: 569.057: Total time for which application threads were stopped: 0.0000838 seconds, Stopping threads took: 0.0000340 seconds
2017-03-21T01:00:06.686+0800: 569.063: Total time for which application threads were stopped: 0.0001214 seconds, Stopping threads took: 0.0000373 seconds
2017-03-21T01:00:06.686+0800: 569.063: Total time for which application threads were stopped: 0.0000942 seconds, Stopping threads took: 0.0000131 seconds
2017-03-21T01:00:06.691+0800: 569.068: Total time for which application threads were stopped: 0.0001378 seconds, Stopping threads took: 0.0000407 seconds
2017-03-21T01:00:06.691+0800: 569.068: Total time for which application threads were stopped: 0.0001448 seconds, Stopping threads took: 0.0000748 seconds
2017-03-21T01:00:06.694+0800: 569.071: Total time for which application threads were stopped: 0.0001513 seconds, Stopping threads took: 0.0000759 seconds
2017-03-21T01:00:06.701+0800: 569.078: Total time for which application threads were stopped: 0.0001092 seconds, Stopping threads took: 0.0000183 seconds
2017-03-21T01:00:06.701+0800: 569.078: Total time for which application threads were stopped: 0.0000479 seconds, Stopping threads took: 0.0000048 seconds
2017-03-21T01:00:06.706+0800: 569.083: Total time for which application threads were stopped: 0.0001324 seconds, Stopping threads took: 0.0000506 seconds
2017-03-21T01:00:06.706+0800: 569.083: Total time for which application threads were stopped: 0.0001071 seconds, Stopping threads took: 0.0000499 seconds
2017-03-21T01:00:09.246+0800: 571.623: Total time for which application threads were stopped: 0.0001318 seconds, Stopping threads took: 0.0000399 seconds
2017-03-21T01:00:09.246+0800: 571.623: Total time for which application threads were stopped: 0.0001046 seconds, Stopping threads took: 0.0000484 seconds
2017-03-21T01:00:09.252+0800: 571.629: Total time for which application threads were stopped: 0.0001471 seconds, Stopping threads took: 0.0000523 seconds
2017-03-21T01:00:09.252+0800: 571.629: Total time for which application threads were stopped: 0.0000650 seconds, Stopping threads took: 0.0000220 seconds
2017-03-21T01:00:09.254+0800: 571.631: Total time for which application threads were stopped: 0.0001173 seconds, Stopping threads took: 0.0000452 seconds
2017-03-21T01:00:09.254+0800: 571.631: Total time for which application threads were stopped: 0.0001292 seconds, Stopping threads took: 0.0000522 seconds
2017-03-21T01:00:09.254+0800: 571.631: Total time for which application threads were stopped: 0.0000825 seconds, Stopping threads took: 0.0000400 seconds
2017-03-21T01:00:09.261+0800: 571.638: Total time for which application threads were stopped: 0.0001344 seconds, Stopping threads took: 0.0000419 seconds
2017-03-21T01:00:09.262+0800: 571.639: Total time for which application threads were stopped: 0.0000874 seconds, Stopping threads took: 0.0000324 seconds
2017-03-21T01:00:09.267+0800: 571.644: Total time for which application threads were stopped: 0.0001219 seconds, Stopping threads took: 0.0000397 seconds
2017-03-21T01:00:09.267+0800: 571.644: Total time for which application threads were stopped: 0.0000757 seconds, Stopping threads took: 0.0000241 seconds
2017-03-21T01:00:12.293+0800: 574.671: Total time for which application threads were stopped: 0.0001828 seconds, Stopping threads took: 0.0000592 seconds
2017-03-21T01:00:12.294+0800: 574.671: Total time for which application threads were stopped: 0.0000838 seconds, Stopping threads took: 0.0000106 seconds
2017-03-21T01:00:12.300+0800: 574.678: Total time for which application threads were stopped: 0.0001532 seconds, Stopping threads took: 0.0000406 seconds
2017-03-21T01:00:12.301+0800: 574.678: Total time for which application threads were stopped: 0.0000778 seconds, Stopping threads took: 0.0000280 seconds
2017-03-21T01:00:12.315+0800: 574.692: Total time for which application threads were stopped: 0.0001331 seconds, Stopping threads took: 0.0000433 seconds
2017-03-21T01:00:12.315+0800: 574.692: Total time for which application threads were stopped: 0.0000985 seconds, Stopping threads took: 0.0000108 seconds
2017-03-21T01:00:12.321+0800: 574.699: Total time for which application threads were stopped: 0.0002040 seconds, Stopping threads took: 0.0000743 seconds
2017-03-21T01:00:12.322+0800: 574.699: Total time for which application threads were stopped: 0.0001027 seconds, Stopping threads took: 0.0000317 seconds
2017-03-21T01:00:13.326+0800: 575.703: Total time for which application threads were stopped: 0.0001226 seconds, Stopping threads took: 0.0000256 seconds
2017-03-21T01:00:14.552+0800: 576.930: Total time for which application threads were stopped: 0.0001572 seconds, Stopping threads took: 0.0000497 seconds
2017-03-21T01:00:14.553+0800: 576.930: Total time for which application threads were stopped: 0.0001393 seconds, Stopping threads took: 0.0000328 seconds
2017-03-21T01:00:14.553+0800: 576.930: Total time for which application threads were stopped: 0.0001236 seconds, Stopping threads took: 0.0000550 seconds
2017-03-21T01:00:14.564+0800: 576.942: Total time for which application threads were stopped: 0.0001389 seconds, Stopping threads took: 0.0000393 seconds
2017-03-21T01:00:14.564+0800: 576.942: Total time for which application threads were stopped: 0.0000733 seconds, Stopping threads took: 0.0000248 seconds
2017-03-21T01:00:14.572+0800: 576.949: Total time for which application threads were stopped: 0.0001394 seconds, Stopping threads took: 0.0000245 seconds
2017-03-21T01:00:14.572+0800: 576.949: Total time for which application threads were stopped: 0.0001105 seconds, Stopping threads took: 0.0000336 seconds
2017-03-21T01:00:14.575+0800: 576.952: Total time for which application threads were stopped: 0.0001732 seconds, Stopping threads took: 0.0000487 seconds
2017-03-21T01:00:14.575+0800: 576.952: Total time for which application threads were stopped: 0.0001281 seconds, Stopping threads took: 0.0000666 seconds
2017-03-21T01:00:14.580+0800: 576.958: Total time for which application threads were stopped: 0.0001648 seconds, Stopping threads took: 0.0000686 seconds
2017-03-21T01:00:14.580+0800: 576.958: Total time for which application threads were stopped: 0.0000732 seconds, Stopping threads took: 0.0000198 seconds
2017-03-21T01:00:15.583+0800: 577.961: Total time for which application threads were stopped: 0.0002486 seconds, Stopping threads took: 0.0000520 seconds
2017-03-21T01:00:18.625+0800: 581.002: Total time for which application threads were stopped: 0.0001308 seconds, Stopping threads took: 0.0000448 seconds
2017-03-21T01:00:18.625+0800: 581.002: Total time for which application threads were stopped: 0.0000678 seconds, Stopping threads took: 0.0000118 seconds
2017-03-21T01:00:18.630+0800: 581.008: Total time for which application threads were stopped: 0.0001589 seconds, Stopping threads took: 0.0000472 seconds
2017-03-21T01:00:18.631+0800: 581.008: Total time for which application threads were stopped: 0.0000686 seconds, Stopping threads took: 0.0000100 seconds
2017-03-21T01:00:18.642+0800: 581.020: Total time for which application threads were stopped: 0.0001581 seconds, Stopping threads took: 0.0000665 seconds
2017-03-21T01:00:18.642+0800: 581.020: Total time for which application threads were stopped: 0.0000906 seconds, Stopping threads took: 0.0000426 seconds
2017-03-21T01:00:18.648+0800: 581.026: Total time for which application threads were stopped: 0.0002801 seconds, Stopping threads took: 0.0000476 seconds
2017-03-21T01:00:18.648+0800: 581.026: Total time for which application threads were stopped: 0.0001536 seconds, Stopping threads took: 0.0000439 seconds
2017-03-21T01:00:18.649+0800: 581.026: Total time for which application threads were stopped: 0.0001325 seconds, Stopping threads took: 0.0000348 seconds
2017-03-21T01:00:19.652+0800: 582.030: Total time for which application threads were stopped: 0.0001450 seconds, Stopping threads took: 0.0000320 seconds
2017-03-21T01:00:20.656+0800: 583.033: Total time for which application threads were stopped: 0.0001668 seconds, Stopping threads took: 0.0000509 seconds
2017-03-21T01:00:23.660+0800: 586.037: Total time for which application threads were stopped: 0.0001049 seconds, Stopping threads took: 0.0000216 seconds
2017-03-21T01:00:30.201+0800: 592.579: Total time for which application threads were stopped: 0.0000942 seconds, Stopping threads took: 0.0000181 seconds
2017-03-21T01:00:30.237+0800: 592.615: Total time for which application threads were stopped: 0.0001335 seconds, Stopping threads took: 0.0000212 seconds
2017-03-21T01:00:30.241+0800: 592.619: Total time for which application threads were stopped: 0.0000901 seconds, Stopping threads took: 0.0000199 seconds
2017-03-21T01:00:30.242+0800: 592.619: Total time for which application threads were stopped: 0.0000518 seconds, Stopping threads took: 0.0000092 seconds
2017-03-21T01:00:30.244+0800: 592.621: Total time for which application threads were stopped: 0.0001177 seconds, Stopping threads took: 0.0000457 seconds
2017-03-21T01:00:30.244+0800: 592.622: Total time for which application threads were stopped: 0.0000829 seconds, Stopping threads took: 0.0000441 seconds
2017-03-21T01:00:31.245+0800: 593.623: Total time for which application threads were stopped: 0.0001190 seconds, Stopping threads took: 0.0000245 seconds
2017-03-21T01:00:32.793+0800: 595.170: Total time for which application threads were stopped: 0.0000997 seconds, Stopping threads took: 0.0000189 seconds
2017-03-21T01:00:33.795+0800: 596.173: Total time for which application threads were stopped: 0.0001397 seconds, Stopping threads took: 0.0000297 seconds
2017-03-21T01:00:39.981+0800: 602.359: Total time for which application threads were stopped: 0.0001043 seconds, Stopping threads took: 0.0000192 seconds
2017-03-21T01:00:39.981+0800: 602.359: Total time for which application threads were stopped: 0.0000625 seconds, Stopping threads took: 0.0000111 seconds
2017-03-21T01:00:39.981+0800: 602.359: Total time for which application threads were stopped: 0.0000487 seconds, Stopping threads took: 0.0000076 seconds
2017-03-21T01:00:39.981+0800: 602.359: Total time for which application threads were stopped: 0.0000573 seconds, Stopping threads took: 0.0000092 seconds
2017-03-21T01:00:39.981+0800: 602.359: Total time for which application threads were stopped: 0.0000527 seconds, Stopping threads took: 0.0000085 seconds
2017-03-21T01:00:39.981+0800: 602.359: Total time for which application threads were stopped: 0.0000457 seconds, Stopping threads took: 0.0000070 seconds
2017-03-21T01:00:39.981+0800: 602.359: Total time for which application threads were stopped: 0.0000447 seconds, Stopping threads took: 0.0000066 seconds
2017-03-21T01:00:39.981+0800: 602.359: Total time for which application threads were stopped: 0.0000440 seconds, Stopping threads took: 0.0000064 seconds
2017-03-21T01:00:39.987+0800: 602.365: Total time for which application threads were stopped: 0.0001329 seconds, Stopping threads took: 0.0000429 seconds
2017-03-21T01:00:39.987+0800: 602.365: Total time for which application threads were stopped: 0.0000945 seconds, Stopping threads took: 0.0000484 seconds
2017-03-21T01:00:39.990+0800: 602.368: Total time for which application threads were stopped: 0.0001149 seconds, Stopping threads took: 0.0000189 seconds
2017-03-21T01:00:39.990+0800: 602.368: Total time for which application threads were stopped: 0.0000916 seconds, Stopping threads took: 0.0000405 seconds
2017-03-21T01:00:39.991+0800: 602.369: Total time for which application threads were stopped: 0.0000924 seconds, Stopping threads took: 0.0000451 seconds
2017-03-21T01:00:39.991+0800: 602.369: Total time for which application threads were stopped: 0.0000699 seconds, Stopping threads took: 0.0000275 seconds
2017-03-21T01:00:40.003+0800: 602.381: Total time for which application threads were stopped: 0.0001131 seconds, Stopping threads took: 0.0000193 seconds
2017-03-21T01:00:40.003+0800: 602.381: Total time for which application threads were stopped: 0.0000641 seconds, Stopping threads took: 0.0000113 seconds
2017-03-21T01:00:40.003+0800: 602.381: Total time for which application threads were stopped: 0.0000699 seconds, Stopping threads took: 0.0000101 seconds
2017-03-21T01:00:40.003+0800: 602.381: Total time for which application threads were stopped: 0.0000629 seconds, Stopping threads took: 0.0000099 seconds
2017-03-21T01:00:40.003+0800: 602.381: Total time for which application threads were stopped: 0.0000465 seconds, Stopping threads took: 0.0000079 seconds
2017-03-21T01:00:40.004+0800: 602.382: Total time for which application threads were stopped: 0.0000566 seconds, Stopping threads took: 0.0000105 seconds
2017-03-21T01:00:40.004+0800: 602.382: Total time for which application threads were stopped: 0.0000436 seconds, Stopping threads took: 0.0000069 seconds
2017-03-21T01:00:40.004+0800: 602.382: Total time for which application threads were stopped: 0.0000566 seconds, Stopping threads took: 0.0000073 seconds
2017-03-21T01:00:40.004+0800: 602.382: Total time for which application threads were stopped: 0.0000598 seconds, Stopping threads took: 0.0000092 seconds
2017-03-21T01:00:40.004+0800: 602.382: Total time for which application threads were stopped: 0.0000447 seconds, Stopping threads took: 0.0000082 seconds
2017-03-21T01:00:40.004+0800: 602.382: Total time for which application threads were stopped: 0.0000453 seconds, Stopping threads took: 0.0000073 seconds
2017-03-21T01:00:40.004+0800: 602.382: Total time for which application threads were stopped: 0.0000617 seconds, Stopping threads took: 0.0000079 seconds
2017-03-21T01:00:40.004+0800: 602.382: Total time for which application threads were stopped: 0.0000447 seconds, Stopping threads took: 0.0000076 seconds
2017-03-21T01:00:40.004+0800: 602.382: Total time for which application threads were stopped: 0.0000432 seconds, Stopping threads took: 0.0000071 seconds
2017-03-21T01:00:40.004+0800: 602.382: Total time for which application threads were stopped: 0.0000445 seconds, Stopping threads took: 0.0000072 seconds
2017-03-21T01:00:40.004+0800: 602.382: Total time for which application threads were stopped: 0.0000446 seconds, Stopping threads took: 0.0000072 seconds
2017-03-21T01:00:40.005+0800: 602.383: Total time for which application threads were stopped: 0.0000414 seconds, Stopping threads took: 0.0000064 seconds
2017-03-21T01:00:40.005+0800: 602.383: Total time for which application threads were stopped: 0.0000413 seconds, Stopping threads took: 0.0000063 seconds
2017-03-21T01:00:40.005+0800: 602.383: Total time for which application threads were stopped: 0.0000411 seconds, Stopping threads took: 0.0000063 seconds
2017-03-21T01:00:40.005+0800: 602.383: Total time for which application threads were stopped: 0.0000411 seconds, Stopping threads took: 0.0000063 seconds
2017-03-21T01:00:40.005+0800: 602.383: Total time for which application threads were stopped: 0.0001497 seconds, Stopping threads took: 0.0000064 seconds
2017-03-21T01:00:40.005+0800: 602.383: Total time for which application threads were stopped: 0.0000424 seconds, Stopping threads took: 0.0000065 seconds
2017-03-21T01:00:40.007+0800: 602.385: Total time for which application threads were stopped: 0.0000555 seconds, Stopping threads took: 0.0000096 seconds
2017-03-21T01:00:40.007+0800: 602.385: Total time for which application threads were stopped: 0.0000442 seconds, Stopping threads took: 0.0000066 seconds
2017-03-21T01:00:40.007+0800: 602.385: Total time for which application threads were stopped: 0.0000425 seconds, Stopping threads took: 0.0000064 seconds
2017-03-21T01:00:40.008+0800: 602.386: Total time for which application threads were stopped: 0.0000499 seconds, Stopping threads took: 0.0000073 seconds
2017-03-21T01:00:40.009+0800: 602.387: Total time for which application threads were stopped: 0.0000498 seconds, Stopping threads took: 0.0000077 seconds
2017-03-21T01:00:40.009+0800: 602.387: Total time for which application threads were stopped: 0.0000451 seconds, Stopping threads took: 0.0000068 seconds
2017-03-21T01:00:40.009+0800: 602.387: Total time for which application threads were stopped: 0.0001535 seconds, Stopping threads took: 0.0000085 seconds
2017-03-21T01:00:40.010+0800: 602.388: Total time for which application threads were stopped: 0.0000563 seconds, Stopping threads took: 0.0000082 seconds
2017-03-21T01:00:40.011+0800: 602.389: Total time for which application threads were stopped: 0.0000614 seconds, Stopping threads took: 0.0000103 seconds
2017-03-21T01:00:40.011+0800: 602.389: Total time for which application threads were stopped: 0.0000440 seconds, Stopping threads took: 0.0000064 seconds
2017-03-21T01:00:40.011+0800: 602.389: Total time for which application threads were stopped: 0.0000530 seconds, Stopping threads took: 0.0000094 seconds
2017-03-21T01:00:40.048+0800: 602.426: Total time for which application threads were stopped: 0.0004784 seconds, Stopping threads took: 0.0000364 seconds
2017-03-21T01:00:40.194+0800: 602.572: Total time for which application threads were stopped: 0.0005522 seconds, Stopping threads took: 0.0000199 seconds
2017-03-21T01:00:41.199+0800: 603.577: Total time for which application threads were stopped: 0.0002480 seconds, Stopping threads took: 0.0000460 seconds
2017-03-21T01:00:46.217+0800: 608.595: Total time for which application threads were stopped: 0.0002327 seconds, Stopping threads took: 0.0000464 seconds
2017-03-21T01:00:50.618+0800: 612.996: Total time for which application threads were stopped: 0.0001378 seconds, Stopping threads took: 0.0000277 seconds
2017-03-21T01:01:10.689+0800: 633.068: Total time for which application threads were stopped: 0.0002273 seconds, Stopping threads took: 0.0000460 seconds
2017-03-21T01:01:23.647+0800: 646.026: Total time for which application threads were stopped: 0.0002357 seconds, Stopping threads took: 0.0000438 seconds
2017-03-21T01:02:01.753+0800: 684.134: Total time for which application threads were stopped: 0.0001144 seconds, Stopping threads took: 0.0000218 seconds
2017-03-21T01:02:07.797+0800: 690.177: Total time for which application threads were stopped: 0.0001672 seconds, Stopping threads took: 0.0000472 seconds
{Heap before GC invocations=24 (full 1):
 par new generation   total 109248K, used 105922K [0x00000007a0000000, 0x00000007a8000000, 0x00000007a8000000)
  eden space 87424K, 100% used [0x00000007a0000000, 0x00000007a5560000, 0x00000007a5560000)
  from space 21824K,  84% used [0x00000007a5560000, 0x00000007a6770a60, 0x00000007a6ab0000)
  to   space 21824K,   0% used [0x00000007a6ab0000, 0x00000007a6ab0000, 0x00000007a8000000)
 concurrent mark-sweep generation total 393216K, used 34893K [0x00000007a8000000, 0x00000007c0000000, 0x00000007c0000000)
 Metaspace       used 38671K, capacity 39650K, committed 39824K, reserved 1085440K
  class space    used 4530K, capacity 4791K, committed 4808K, reserved 1048576K
2017-03-21T01:02:07.832+0800: 690.212: [GC (Allocation Failure) 2017-03-21T01:02:07.832+0800: 690.212: [ParNew
Desired survivor size 20112992 bytes, new threshold 8 (max 8)
- age   1:    4417128 bytes,    4417128 total
- age   2:    2787880 bytes,    7205008 total
- age   3:      73704 bytes,    7278712 total
- age   4:    8863416 bytes,   16142128 total
- age   5:    1768016 bytes,   17910144 total
- age   6:     329896 bytes,   18240040 total
- age   7:     174432 bytes,   18414472 total
- age   8:     769264 bytes,   19183736 total
: 105922K->21824K(109248K), 0.0121141 secs] 140815K->56733K(502464K), 0.0121951 secs] [Times: user=0.05 sys=0.00, real=0.01 secs] 
Heap after GC invocations=25 (full 1):
 par new generation   total 109248K, used 21824K [0x00000007a0000000, 0x00000007a8000000, 0x00000007a8000000)
  eden space 87424K,   0% used [0x00000007a0000000, 0x00000007a0000000, 0x00000007a5560000)
  from space 21824K, 100% used [0x00000007a6ab0000, 0x00000007a8000000, 0x00000007a8000000)
  to   space 21824K,   0% used [0x00000007a5560000, 0x00000007a5560000, 0x00000007a6ab0000)
 concurrent mark-sweep generation total 393216K, used 34909K [0x00000007a8000000, 0x00000007c0000000, 0x00000007c0000000)
 Metaspace       used 38671K, capacity 39650K, committed 39824K, reserved 1085440K
  class space    used 4530K, capacity 4791K, committed 4808K, reserved 1048576K
}
2017-03-21T01:02:07.844+0800: 690.225: Total time for which application threads were stopped: 0.0124899 seconds, Stopping threads took: 0.0000476 seconds
2017-03-21T01:02:07.845+0800: 690.225: Total time for which application threads were stopped: 0.0002286 seconds, Stopping threads took: 0.0000810 seconds
{Heap before GC invocations=25 (full 1):
 par new generation   total 109248K, used 109248K [0x00000007a0000000, 0x00000007a8000000, 0x00000007a8000000)
  eden space 87424K, 100% used [0x00000007a0000000, 0x00000007a5560000, 0x00000007a5560000)
  from space 21824K, 100% used [0x00000007a6ab0000, 0x00000007a8000000, 0x00000007a8000000)
  to   space 21824K,   0% used [0x00000007a5560000, 0x00000007a5560000, 0x00000007a6ab0000)
 concurrent mark-sweep generation total 393216K, used 34909K [0x00000007a8000000, 0x00000007c0000000, 0x00000007c0000000)
 Metaspace       used 38682K, capacity 39726K, committed 39824K, reserved 1085440K
  class space    used 4532K, capacity 4793K, committed 4808K, reserved 1048576K
2017-03-21T01:02:07.894+0800: 690.275: [GC (Allocation Failure) 2017-03-21T01:02:07.894+0800: 690.275: [ParNew
Desired survivor size 20112992 bytes, new threshold 8 (max 8)
- age   1:     801208 bytes,     801208 total
- age   2:    2188024 bytes,    2989232 total
- age   3:    2781480 bytes,    5770712 total
- age   4:      73544 bytes,    5844256 total
- age   5:    8828176 bytes,   14672432 total
- age   6:    1766352 bytes,   16438784 total
- age   7:     327240 bytes,   16766024 total
- age   8:     174432 bytes,   16940456 total
: 109248K->21539K(109248K), 0.0107040 secs] 144157K->57204K(502464K), 0.0107737 secs] [Times: user=0.03 sys=0.00, real=0.01 secs] 
Heap after GC invocations=26 (full 1):
 par new generation   total 109248K, used 21539K [0x00000007a0000000, 0x00000007a8000000, 0x00000007a8000000)
  eden space 87424K,   0% used [0x00000007a0000000, 0x00000007a0000000, 0x00000007a5560000)
  from space 21824K,  98% used [0x00000007a5560000, 0x00000007a6a68ff0, 0x00000007a6ab0000)
  to   space 21824K,   0% used [0x00000007a6ab0000, 0x00000007a6ab0000, 0x00000007a8000000)
 concurrent mark-sweep generation total 393216K, used 35664K [0x00000007a8000000, 0x00000007c0000000, 0x00000007c0000000)
 Metaspace       used 38682K, capacity 39726K, committed 39824K, reserved 1085440K
  class space    used 4532K, capacity 4793K, committed 4808K, reserved 1048576K
}
2017-03-21T01:02:07.905+0800: 690.285: Total time for which application threads were stopped: 0.0109777 seconds, Stopping threads took: 0.0000222 seconds
2017-03-21T01:02:07.905+0800: 690.286: Total time for which application threads were stopped: 0.0001659 seconds, Stopping threads took: 0.0000618 seconds
2017-03-21T01:02:07.988+0800: 690.368: Total time for which application threads were stopped: 0.0002348 seconds, Stopping threads took: 0.0000444 seconds
2017-03-21T01:02:08.607+0800: 690.987: Total time for which application threads were stopped: 0.0003063 seconds, Stopping threads took: 0.0000740 seconds
2017-03-21T01:02:08.608+0800: 690.989: Total time for which application threads were stopped: 0.0001796 seconds, Stopping threads took: 0.0001040 seconds
2017-03-21T01:02:08.609+0800: 690.989: Total time for which application threads were stopped: 0.0001050 seconds, Stopping threads took: 0.0000458 seconds
2017-03-21T01:02:08.609+0800: 690.989: Total time for which application threads were stopped: 0.0000985 seconds, Stopping threads took: 0.0000497 seconds
2017-03-21T01:02:08.619+0800: 690.999: Total time for which application threads were stopped: 0.0001280 seconds, Stopping threads took: 0.0000422 seconds
2017-03-21T01:02:08.619+0800: 691.000: Total time for which application threads were stopped: 0.0000837 seconds, Stopping threads took: 0.0000326 seconds
2017-03-21T01:02:08.621+0800: 691.001: Total time for which application threads were stopped: 0.0001186 seconds, Stopping threads took: 0.0000299 seconds
2017-03-21T01:02:08.621+0800: 691.002: Total time for which application threads were stopped: 0.0000694 seconds, Stopping threads took: 0.0000137 seconds
2017-03-21T01:02:08.624+0800: 691.004: Total time for which application threads were stopped: 0.0001131 seconds, Stopping threads took: 0.0000365 seconds
2017-03-21T01:02:08.629+0800: 691.009: Total time for which application threads were stopped: 0.0001172 seconds, Stopping threads took: 0.0000217 seconds
2017-03-21T01:02:08.629+0800: 691.009: Total time for which application threads were stopped: 0.0001016 seconds, Stopping threads took: 0.0000340 seconds
2017-03-21T01:02:08.629+0800: 691.010: Total time for which application threads were stopped: 0.0001462 seconds, Stopping threads took: 0.0001046 seconds
2017-03-21T01:02:08.629+0800: 691.010: Total time for which application threads were stopped: 0.0000469 seconds, Stopping threads took: 0.0000094 seconds
2017-03-21T01:02:08.631+0800: 691.011: Total time for which application threads were stopped: 0.0000970 seconds, Stopping threads took: 0.0000164 seconds
2017-03-21T01:02:08.631+0800: 691.011: Total time for which application threads were stopped: 0.0000950 seconds, Stopping threads took: 0.0000406 seconds
2017-03-21T01:02:08.631+0800: 691.011: Total time for which application threads were stopped: 0.0000905 seconds, Stopping threads took: 0.0000321 seconds
2017-03-21T01:02:08.631+0800: 691.012: Total time for which application threads were stopped: 0.0001077 seconds, Stopping threads took: 0.0000586 seconds
2017-03-21T01:02:08.635+0800: 691.016: Total time for which application threads were stopped: 0.0001235 seconds, Stopping threads took: 0.0000518 seconds
2017-03-21T01:02:08.636+0800: 691.017: Total time for which application threads were stopped: 0.0000954 seconds, Stopping threads took: 0.0000374 seconds
2017-03-21T01:02:08.640+0800: 691.020: Total time for which application threads were stopped: 0.0000890 seconds, Stopping threads took: 0.0000181 seconds
2017-03-21T01:02:08.643+0800: 691.024: Total time for which application threads were stopped: 0.0001342 seconds, Stopping threads took: 0.0000571 seconds
2017-03-21T01:02:08.644+0800: 691.024: Total time for which application threads were stopped: 0.0000627 seconds, Stopping threads took: 0.0000125 seconds
2017-03-21T01:02:08.645+0800: 691.025: Total time for which application threads were stopped: 0.0000852 seconds, Stopping threads took: 0.0000301 seconds
2017-03-21T01:02:08.645+0800: 691.025: Total time for which application threads were stopped: 0.0000984 seconds, Stopping threads took: 0.0000446 seconds
2017-03-21T01:02:08.652+0800: 691.032: Total time for which application threads were stopped: 0.0000960 seconds, Stopping threads took: 0.0000189 seconds
2017-03-21T01:02:08.652+0800: 691.033: Total time for which application threads were stopped: 0.0000508 seconds, Stopping threads took: 0.0000098 seconds
2017-03-21T01:02:08.653+0800: 691.034: Total time for which application threads were stopped: 0.0000783 seconds, Stopping threads took: 0.0000278 seconds
2017-03-21T01:02:08.655+0800: 691.035: Total time for which application threads were stopped: 0.0000622 seconds, Stopping threads took: 0.0000112 seconds
2017-03-21T01:02:08.659+0800: 691.039: Total time for which application threads were stopped: 0.0000919 seconds, Stopping threads took: 0.0000162 seconds
2017-03-21T01:02:08.663+0800: 691.043: Total time for which application threads were stopped: 0.0000862 seconds, Stopping threads took: 0.0000157 seconds
2017-03-21T01:02:08.665+0800: 691.045: Total time for which application threads were stopped: 0.0000650 seconds, Stopping threads took: 0.0000123 seconds
2017-03-21T01:02:08.668+0800: 691.048: Total time for which application threads were stopped: 0.0000903 seconds, Stopping threads took: 0.0000188 seconds
2017-03-21T01:02:08.670+0800: 691.051: Total time for which application threads were stopped: 0.0000837 seconds, Stopping threads took: 0.0000166 seconds
2017-03-21T01:02:08.672+0800: 691.053: Total time for which application threads were stopped: 0.0000971 seconds, Stopping threads took: 0.0000288 seconds
2017-03-21T01:02:08.674+0800: 691.055: Total time for which application threads were stopped: 0.0000699 seconds, Stopping threads took: 0.0000124 seconds
2017-03-21T01:02:08.674+0800: 691.055: Total time for which application threads were stopped: 0.0000425 seconds, Stopping threads took: 0.0000075 seconds
2017-03-21T01:02:08.675+0800: 691.056: Total time for which application threads were stopped: 0.0000496 seconds, Stopping threads took: 0.0000095 seconds
2017-03-21T01:02:08.679+0800: 691.060: Total time for which application threads were stopped: 0.0002058 seconds, Stopping threads took: 0.0000163 seconds
2017-03-21T01:02:08.685+0800: 691.066: Total time for which application threads were stopped: 0.0000914 seconds, Stopping threads took: 0.0000189 seconds
2017-03-21T01:02:08.688+0800: 691.069: Total time for which application threads were stopped: 0.0000581 seconds, Stopping threads took: 0.0000135 seconds
2017-03-21T01:02:08.718+0800: 691.098: Total time for which application threads were stopped: 0.0001160 seconds, Stopping threads took: 0.0000190 seconds
2017-03-21T01:02:34.072+0800: 716.453: Total time for which application threads were stopped: 0.0000983 seconds, Stopping threads took: 0.0000187 seconds
2017-03-21T01:02:34.073+0800: 716.454: Total time for which application threads were stopped: 0.0000815 seconds, Stopping threads took: 0.0000260 seconds
2017-03-21T01:02:34.073+0800: 716.454: Total time for which application threads were stopped: 0.0000733 seconds, Stopping threads took: 0.0000301 seconds
2017-03-21T01:02:34.073+0800: 716.454: Total time for which application threads were stopped: 0.0000616 seconds, Stopping threads took: 0.0000234 seconds
2017-03-21T01:02:34.074+0800: 716.455: Total time for which application threads were stopped: 0.0000867 seconds, Stopping threads took: 0.0000126 seconds
2017-03-21T01:02:34.074+0800: 716.455: Total time for which application threads were stopped: 0.0000599 seconds, Stopping threads took: 0.0000094 seconds
2017-03-21T01:02:34.075+0800: 716.456: Total time for which application threads were stopped: 0.0001240 seconds, Stopping threads took: 0.0000386 seconds
2017-03-21T01:02:34.076+0800: 716.458: Total time for which application threads were stopped: 0.0000994 seconds, Stopping threads took: 0.0000350 seconds
2017-03-21T01:02:34.079+0800: 716.460: Total time for which application threads were stopped: 0.0001783 seconds, Stopping threads took: 0.0000724 seconds
2017-03-21T01:02:34.081+0800: 716.462: Total time for which application threads were stopped: 0.0001630 seconds, Stopping threads took: 0.0000418 seconds
2017-03-21T01:02:34.083+0800: 716.464: Total time for which application threads were stopped: 0.0001158 seconds, Stopping threads took: 0.0000201 seconds
{Heap before GC invocations=26 (full 1):
 par new generation   total 109248K, used 108963K [0x00000007a0000000, 0x00000007a8000000, 0x00000007a8000000)
  eden space 87424K, 100% used [0x00000007a0000000, 0x00000007a5560000, 0x00000007a5560000)
  from space 21824K,  98% used [0x00000007a5560000, 0x00000007a6a68ff0, 0x00000007a6ab0000)
  to   space 21824K,   0% used [0x00000007a6ab0000, 0x00000007a6ab0000, 0x00000007a8000000)
 concurrent mark-sweep generation total 393216K, used 35664K [0x00000007a8000000, 0x00000007c0000000, 0x00000007c0000000)
 Metaspace       used 38836K, capacity 39836K, committed 40208K, reserved 1085440K
  class space    used 4541K, capacity 4826K, committed 4936K, reserved 1048576K
2017-03-21T01:02:34.084+0800: 716.465: [GC (Allocation Failure) 2017-03-21T01:02:34.084+0800: 716.465: [ParNew
Desired survivor size 20112992 bytes, new threshold 8 (max 8)
- age   1:    3144968 bytes,    3144968 total
- age   2:     135984 bytes,    3280952 total
- age   3:    2114848 bytes,    5395800 total
- age   4:    1082600 bytes,    6478400 total
- age   5:      73544 bytes,    6551944 total
- age   6:    6599784 bytes,   13151728 total
- age   7:    1766280 bytes,   14918008 total
- age   8:     327240 bytes,   15245248 total
: 108963K->19358K(109248K), 0.0121882 secs] 144628K->55196K(502464K), 0.0122838 secs] [Times: user=0.05 sys=0.00, real=0.01 secs] 
Heap after GC invocations=27 (full 1):
 par new generation   total 109248K, used 19358K [0x00000007a0000000, 0x00000007a8000000, 0x00000007a8000000)
  eden space 87424K,   0% used [0x00000007a0000000, 0x00000007a0000000, 0x00000007a5560000)
  from space 21824K,  88% used [0x00000007a6ab0000, 0x00000007a7d97b60, 0x00000007a8000000)
  to   space 21824K,   0% used [0x00000007a5560000, 0x00000007a5560000, 0x00000007a6ab0000)
 concurrent mark-sweep generation total 393216K, used 35837K [0x00000007a8000000, 0x00000007c0000000, 0x00000007c0000000)
 Metaspace       used 38836K, capacity 39836K, committed 40208K, reserved 1085440K
  class space    used 4541K, capacity 4826K, committed 4936K, reserved 1048576K
}
2017-03-21T01:02:34.096+0800: 716.478: Total time for which application threads were stopped: 0.0124775 seconds, Stopping threads took: 0.0000162 seconds
2017-03-21T01:02:34.097+0800: 716.478: Total time for which application threads were stopped: 0.0001365 seconds, Stopping threads took: 0.0000329 seconds
2017-03-21T01:02:34.098+0800: 716.479: Total time for which application threads were stopped: 0.0001176 seconds, Stopping threads took: 0.0000217 seconds
2017-03-21T01:02:34.100+0800: 716.481: Total time for which application threads were stopped: 0.0001283 seconds, Stopping threads took: 0.0000402 seconds
2017-03-21T01:02:34.102+0800: 716.483: Total time for which application threads were stopped: 0.0001159 seconds, Stopping threads took: 0.0000203 seconds
2017-03-21T01:02:34.105+0800: 716.486: Total time for which application threads were stopped: 0.0001446 seconds, Stopping threads took: 0.0000423 seconds
2017-03-21T01:02:34.106+0800: 716.487: Total time for which application threads were stopped: 0.0001068 seconds, Stopping threads took: 0.0000367 seconds
2017-03-21T01:02:34.108+0800: 716.489: Total time for which application threads were stopped: 0.0001238 seconds, Stopping threads took: 0.0000538 seconds
2017-03-21T01:02:34.109+0800: 716.490: Total time for which application threads were stopped: 0.0000848 seconds, Stopping threads took: 0.0000199 seconds
2017-03-21T01:02:34.110+0800: 716.491: Total time for which application threads were stopped: 0.0001027 seconds, Stopping threads took: 0.0000288 seconds
2017-03-21T01:02:34.111+0800: 716.492: Total time for which application threads were stopped: 0.0000923 seconds, Stopping threads took: 0.0000321 seconds
2017-03-21T01:02:34.112+0800: 716.494: Total time for which application threads were stopped: 0.0000793 seconds, Stopping threads took: 0.0000158 seconds
2017-03-21T01:02:34.114+0800: 716.495: Total time for which application threads were stopped: 0.0001416 seconds, Stopping threads took: 0.0000460 seconds
2017-03-21T01:02:34.120+0800: 716.501: Total time for which application threads were stopped: 0.0001414 seconds, Stopping threads took: 0.0000216 seconds
2017-03-21T01:02:34.122+0800: 716.503: Total time for which application threads were stopped: 0.0003401 seconds, Stopping threads took: 0.0000415 seconds
2017-03-21T01:02:35.126+0800: 717.507: Total time for which application threads were stopped: 0.0002208 seconds, Stopping threads took: 0.0000699 seconds
2017-03-21T01:02:36.615+0800: 718.996: Total time for which application threads were stopped: 0.0001153 seconds, Stopping threads took: 0.0000226 seconds
2017-03-21T01:02:36.615+0800: 718.996: Total time for which application threads were stopped: 0.0000729 seconds, Stopping threads took: 0.0000136 seconds
2017-03-21T01:02:36.615+0800: 718.996: Total time for which application threads were stopped: 0.0000689 seconds, Stopping threads took: 0.0000134 seconds
2017-03-21T01:02:36.615+0800: 718.996: Total time for which application threads were stopped: 0.0000852 seconds, Stopping threads took: 0.0000212 seconds
2017-03-21T01:02:36.615+0800: 718.997: Total time for which application threads were stopped: 0.0000721 seconds, Stopping threads took: 0.0000092 seconds
2017-03-21T01:02:36.618+0800: 718.999: Total time for which application threads were stopped: 0.0000787 seconds, Stopping threads took: 0.0000124 seconds
2017-03-21T01:02:36.629+0800: 719.010: Total time for which application threads were stopped: 0.0001360 seconds, Stopping threads took: 0.0000402 seconds
2017-03-21T01:02:36.629+0800: 719.010: Total time for which application threads were stopped: 0.0000657 seconds, Stopping threads took: 0.0000158 seconds
2017-03-21T01:02:36.776+0800: 719.157: Total time for which application threads were stopped: 0.0001709 seconds, Stopping threads took: 0.0000573 seconds
2017-03-21T01:02:36.778+0800: 719.159: Total time for which application threads were stopped: 0.0001171 seconds, Stopping threads took: 0.0000352 seconds
2017-03-21T01:02:36.778+0800: 719.159: Total time for which application threads were stopped: 0.0000774 seconds, Stopping threads took: 0.0000289 seconds
2017-03-21T01:02:36.801+0800: 719.182: Total time for which application threads were stopped: 0.0002238 seconds, Stopping threads took: 0.0000279 seconds
2017-03-21T01:02:36.801+0800: 719.182: Total time for which application threads were stopped: 0.0000730 seconds, Stopping threads took: 0.0000130 seconds
2017-03-21T01:02:36.803+0800: 719.184: Total time for which application threads were stopped: 0.0001284 seconds, Stopping threads took: 0.0000228 seconds
2017-03-21T01:02:36.803+0800: 719.184: Total time for which application threads were stopped: 0.0001295 seconds, Stopping threads took: 0.0000522 seconds
2017-03-21T01:02:36.803+0800: 719.184: Total time for which application threads were stopped: 0.0000925 seconds, Stopping threads took: 0.0000327 seconds
2017-03-21T01:02:36.805+0800: 719.186: Total time for which application threads were stopped: 0.0000905 seconds, Stopping threads took: 0.0000192 seconds
2017-03-21T01:02:36.805+0800: 719.186: Total time for which application threads were stopped: 0.0000489 seconds, Stopping threads took: 0.0000081 seconds
2017-03-21T01:02:36.805+0800: 719.186: Total time for which application threads were stopped: 0.0000486 seconds, Stopping threads took: 0.0000089 seconds
2017-03-21T01:02:36.805+0800: 719.186: Total time for which application threads were stopped: 0.0000447 seconds, Stopping threads took: 0.0000070 seconds
2017-03-21T01:02:37.810+0800: 720.191: Total time for which application threads were stopped: 0.0001421 seconds, Stopping threads took: 0.0000325 seconds
2017-03-21T01:02:38.813+0800: 721.194: Total time for which application threads were stopped: 0.0001245 seconds, Stopping threads took: 0.0000273 seconds
2017-03-21T01:05:46.559+0800: 908.946: Total time for which application threads were stopped: 0.0001313 seconds, Stopping threads took: 0.0000307 seconds
2017-03-21T01:05:46.560+0800: 908.947: Total time for which application threads were stopped: 0.0001137 seconds, Stopping threads took: 0.0000159 seconds
2017-03-21T01:05:46.595+0800: 908.982: Total time for which application threads were stopped: 0.0001250 seconds, Stopping threads took: 0.0000275 seconds
{Heap before GC invocations=27 (full 1):
 par new generation   total 109248K, used 106782K [0x00000007a0000000, 0x00000007a8000000, 0x00000007a8000000)
  eden space 87424K, 100% used [0x00000007a0000000, 0x00000007a5560000, 0x00000007a5560000)
  from space 21824K,  88% used [0x00000007a6ab0000, 0x00000007a7d97b60, 0x00000007a8000000)
  to   space 21824K,   0% used [0x00000007a5560000, 0x00000007a5560000, 0x00000007a6ab0000)
 concurrent mark-sweep generation total 393216K, used 35837K [0x00000007a8000000, 0x00000007c0000000, 0x00000007c0000000)
 Metaspace       used 39266K, capacity 40332K, committed 40604K, reserved 1085440K
  class space    used 4551K, capacity 4858K, committed 4936K, reserved 1048576K
2017-03-21T01:05:46.784+0800: 909.171: [GC (Allocation Failure) 2017-03-21T01:05:46.784+0800: 909.171: [ParNew
Desired survivor size 20112992 bytes, new threshold 7 (max 8)
- age   1:    6290992 bytes,    6290992 total
- age   2:    2482672 bytes,    8773664 total
- age   3:     135984 bytes,    8909648 total
- age   4:    2002096 bytes,   10911744 total
- age   5:    1073936 bytes,   11985680 total
- age   6:      73544 bytes,   12059224 total
- age   7:    8496120 bytes,   20555344 total
- age   8:    1747952 bytes,   22303296 total
: 106782K->21824K(109248K), 0.0122197 secs] 142620K->60913K(502464K), 0.0123108 secs] [Times: user=0.04 sys=0.01, real=0.01 secs] 
Heap after GC invocations=28 (full 1):
 par new generation   total 109248K, used 21824K [0x00000007a0000000, 0x00000007a8000000, 0x00000007a8000000)
  eden space 87424K,   0% used [0x00000007a0000000, 0x00000007a0000000, 0x00000007a5560000)
  from space 21824K, 100% used [0x00000007a5560000, 0x00000007a6ab0000, 0x00000007a6ab0000)
  to   space 21824K,   0% used [0x00000007a6ab0000, 0x00000007a6ab0000, 0x00000007a8000000)
 concurrent mark-sweep generation total 393216K, used 39089K [0x00000007a8000000, 0x00000007c0000000, 0x00000007c0000000)
 Metaspace       used 39266K, capacity 40332K, committed 40604K, reserved 1085440K
  class space    used 4551K, capacity 4858K, committed 4936K, reserved 1048576K
}
2017-03-21T01:05:46.797+0800: 909.183: Total time for which application threads were stopped: 0.0125602 seconds, Stopping threads took: 0.0000216 seconds
2017-03-21T01:05:46.797+0800: 909.183: [GC (CMS Initial Mark) [1 CMS-initial-mark: 39089K(393216K)] 60914K(502464K), 0.0031503 secs] [Times: user=0.01 sys=0.00, real=0.01 secs] 
2017-03-21T01:05:46.800+0800: 909.187: Total time for which application threads were stopped: 0.0033508 seconds, Stopping threads took: 0.0000776 seconds
2017-03-21T01:05:46.800+0800: 909.187: [CMS-concurrent-mark-start]
2017-03-21T01:05:46.819+0800: 909.206: [CMS-concurrent-mark: 0.019/0.019 secs] [Times: user=0.09 sys=0.00, real=0.01 secs] 
2017-03-21T01:05:46.819+0800: 909.206: [CMS-concurrent-preclean-start]
2017-03-21T01:05:46.820+0800: 909.207: [CMS-concurrent-preclean: 0.001/0.001 secs] [Times: user=0.00 sys=0.00, real=0.01 secs] 
2017-03-21T01:05:46.820+0800: 909.207: [GC (CMS Final Remark) [YG occupancy: 22333 K (109248 K)]{Heap before GC invocations=28 (full 2):
 par new generation   total 109248K, used 22333K [0x00000007a0000000, 0x00000007a8000000, 0x00000007a8000000)
  eden space 87424K,   0% used [0x00000007a0000000, 0x00000007a007f4e8, 0x00000007a5560000)
  from space 21824K, 100% used [0x00000007a5560000, 0x00000007a6ab0000, 0x00000007a6ab0000)
  to   space 21824K,   0% used [0x00000007a6ab0000, 0x00000007a6ab0000, 0x00000007a8000000)
 concurrent mark-sweep generation total 393216K, used 39089K [0x00000007a8000000, 0x00000007c0000000, 0x00000007c0000000)
 Metaspace       used 39266K, capacity 40332K, committed 40604K, reserved 1085440K
  class space    used 4551K, capacity 4858K, committed 4936K, reserved 1048576K
2017-03-21T01:05:46.820+0800: 909.207: [GC (CMS Final Remark) 2017-03-21T01:05:46.820+0800: 909.207: [ParNew
Desired survivor size 20112992 bytes, new threshold 8 (max 8)
- age   1:     316352 bytes,     316352 total
- age   2:    6287656 bytes,    6604008 total
- age   3:    2482592 bytes,    9086600 total
- age   4:     135984 bytes,    9222584 total
- age   5:    1825664 bytes,   11048248 total
- age   6:    1072880 bytes,   12121128 total
- age   7:      73544 bytes,   12194672 total
: 22333K->20612K(109248K), 0.0166302 secs] 61422K->67558K(502464K), 0.0166996 secs] [Times: user=0.05 sys=0.00, real=0.01 secs] 
Heap after GC invocations=29 (full 2):
 par new generation   total 109248K, used 20612K [0x00000007a0000000, 0x00000007a8000000, 0x00000007a8000000)
  eden space 87424K,   0% used [0x00000007a0000000, 0x00000007a0000000, 0x00000007a5560000)
  from space 21824K,  94% used [0x00000007a6ab0000, 0x00000007a7ed13a0, 0x00000007a8000000)
  to   space 21824K,   0% used [0x00000007a5560000, 0x00000007a5560000, 0x00000007a6ab0000)
 concurrent mark-sweep generation total 393216K, used 46946K [0x00000007a8000000, 0x00000007c0000000, 0x00000007c0000000)
 Metaspace       used 39266K, capacity 40332K, committed 40604K, reserved 1085440K
  class space    used 4551K, capacity 4858K, committed 4936K, reserved 1048576K
}
2017-03-21T01:05:46.837+0800: 909.224: [Rescan (parallel) , 0.0041872 secs]2017-03-21T01:05:46.841+0800: 909.228: [weak refs processing, 0.0006890 secs]2017-03-21T01:05:46.842+0800: 909.229: [class unloading, 0.0125985 secs]2017-03-21T01:05:46.855+0800: 909.241: [scrub symbol table, 0.0050455 secs]2017-03-21T01:05:46.860+0800: 909.246: [scrub string table, 0.0006212 secs][1 CMS-remark: 46946K(393216K)] 67558K(502464K), 0.0417989 secs] [Times: user=0.09 sys=0.00, real=0.04 secs] 
2017-03-21T01:05:46.862+0800: 909.249: Total time for which application threads were stopped: 0.0420149 seconds, Stopping threads took: 0.0000813 seconds
2017-03-21T01:05:46.862+0800: 909.249: [CMS-concurrent-sweep-start]
2017-03-21T01:05:46.863+0800: 909.249: Total time for which application threads were stopped: 0.0002381 seconds, Stopping threads took: 0.0000541 seconds
2017-03-21T01:05:46.863+0800: 909.250: Total time for which application threads were stopped: 0.0001952 seconds, Stopping threads took: 0.0000565 seconds
2017-03-21T01:05:46.881+0800: 909.268: [CMS-concurrent-sweep: 0.019/0.019 secs] [Times: user=0.06 sys=0.00, real=0.02 secs] 
2017-03-21T01:05:46.881+0800: 909.268: [CMS-concurrent-reset-start]
2017-03-21T01:05:46.882+0800: 909.269: [CMS-concurrent-reset: 0.001/0.001 secs] [Times: user=0.00 sys=0.00, real=0.00 secs] 
2017-03-21T01:05:47.508+0800: 909.895: Total time for which application threads were stopped: 0.0003745 seconds, Stopping threads took: 0.0000199 seconds
2017-03-21T01:05:47.564+0800: 909.951: Total time for which application threads were stopped: 0.0001197 seconds, Stopping threads took: 0.0000219 seconds
2017-03-21T01:05:47.642+0800: 910.029: Total time for which application threads were stopped: 0.0001277 seconds, Stopping threads took: 0.0000241 seconds
{Heap before GC invocations=29 (full 2):
 par new generation   total 109248K, used 108017K [0x00000007a0000000, 0x00000007a8000000, 0x00000007a8000000)
  eden space 87424K,  99% used [0x00000007a0000000, 0x00000007a555b358, 0x00000007a5560000)
  from space 21824K,  94% used [0x00000007a6ab0000, 0x00000007a7ed13a0, 0x00000007a8000000)
  to   space 21824K,   0% used [0x00000007a5560000, 0x00000007a5560000, 0x00000007a6ab0000)
 concurrent mark-sweep generation total 393216K, used 45385K [0x00000007a8000000, 0x00000007c0000000, 0x00000007c0000000)
 Metaspace       used 39241K, capacity 40078K, committed 40604K, reserved 1085440K
  class space    used 4503K, capacity 4771K, committed 4936K, reserved 1048576K
2017-03-21T01:05:47.701+0800: 910.087: [GC (Allocation Failure) 2017-03-21T01:05:47.701+0800: 910.087: [ParNew
Desired survivor size 20112992 bytes, new threshold 7 (max 8)
- age   1:   10125960 bytes,   10125960 total
- age   2:     313040 bytes,   10439000 total
- age   3:    4368472 bytes,   14807472 total
- age   4:    2347304 bytes,   17154776 total
- age   5:     135984 bytes,   17290760 total
- age   6:    1800952 bytes,   19091712 total
- age   7:    1072856 bytes,   20164568 total
- age   8:      73544 bytes,   20238112 total
: 108017K->21824K(109248K), 0.0090718 secs] 153403K->68382K(502464K), 0.0091462 secs] [Times: user=0.04 sys=0.00, real=0.01 secs] 
Heap after GC invocations=30 (full 2):
 par new generation   total 109248K, used 21824K [0x00000007a0000000, 0x00000007a8000000, 0x00000007a8000000)
  eden space 87424K,   0% used [0x00000007a0000000, 0x00000007a0000000, 0x00000007a5560000)
  from space 21824K, 100% used [0x00000007a5560000, 0x00000007a6ab0000, 0x00000007a6ab0000)
  to   space 21824K,   0% used [0x00000007a6ab0000, 0x00000007a6ab0000, 0x00000007a8000000)
 concurrent mark-sweep generation total 393216K, used 46558K [0x00000007a8000000, 0x00000007c0000000, 0x00000007c0000000)
 Metaspace       used 39241K, capacity 40078K, committed 40604K, reserved 1085440K
  class space    used 4503K, capacity 4771K, committed 4936K, reserved 1048576K
}
2017-03-21T01:05:47.710+0800: 910.097: Total time for which application threads were stopped: 0.0093874 seconds, Stopping threads took: 0.0000257 seconds
2017-03-21T01:05:47.756+0800: 910.143: Total time for which application threads were stopped: 0.0001309 seconds, Stopping threads took: 0.0000239 seconds
{Heap before GC invocations=30 (full 2):
 par new generation   total 109248K, used 109248K [0x00000007a0000000, 0x00000007a8000000, 0x00000007a8000000)
  eden space 87424K, 100% used [0x00000007a0000000, 0x00000007a5560000, 0x00000007a5560000)
  from space 21824K, 100% used [0x00000007a5560000, 0x00000007a6ab0000, 0x00000007a6ab0000)
  to   space 21824K,   0% used [0x00000007a6ab0000, 0x00000007a6ab0000, 0x00000007a8000000)
 concurrent mark-sweep generation total 393216K, used 46558K [0x00000007a8000000, 0x00000007c0000000, 0x00000007c0000000)
 Metaspace       used 39248K, capacity 40078K, committed 40604K, reserved 1085440K
  class space    used 4503K, capacity 4771K, committed 4936K, reserved 1048576K
2017-03-21T01:05:48.590+0800: 910.976: [GC (Allocation Failure) 2017-03-21T01:05:48.590+0800: 910.976: [ParNew
Desired survivor size 20112992 bytes, new threshold 7 (max 8)
- age   1:    7541896 bytes,    7541896 total
- age   2:    4289888 bytes,   11831784 total
- age   3:     313040 bytes,   12144824 total
- age   4:    4365800 bytes,   16510624 total
- age   5:    2314296 bytes,   18824920 total
- age   6:     133064 bytes,   18957984 total
- age   7:    1680640 bytes,   20638624 total
: 109248K->21824K(109248K), 0.0109833 secs] 155806K->77688K(502464K), 0.0110693 secs] [Times: user=0.03 sys=0.01, real=0.01 secs] 
Heap after GC invocations=31 (full 2):
 par new generation   total 109248K, used 21824K [0x00000007a0000000, 0x00000007a8000000, 0x00000007a8000000)
  eden space 87424K,   0% used [0x00000007a0000000, 0x00000007a0000000, 0x00000007a5560000)
  from space 21824K, 100% used [0x00000007a6ab0000, 0x00000007a8000000, 0x00000007a8000000)
  to   space 21824K,   0% used [0x00000007a5560000, 0x00000007a5560000, 0x00000007a6ab0000)
 concurrent mark-sweep generation total 393216K, used 55864K [0x00000007a8000000, 0x00000007c0000000, 0x00000007c0000000)
 Metaspace       used 39248K, capacity 40078K, committed 40604K, reserved 1085440K
  class space    used 4503K, capacity 4771K, committed 4936K, reserved 1048576K
}
2017-03-21T01:05:48.601+0800: 910.987: Total time for which application threads were stopped: 0.0112765 seconds, Stopping threads took: 0.0000219 seconds
{Heap before GC invocations=31 (full 2):
 par new generation   total 109248K, used 109248K [0x00000007a0000000, 0x00000007a8000000, 0x00000007a8000000)
  eden space 87424K, 100% used [0x00000007a0000000, 0x00000007a5560000, 0x00000007a5560000)
  from space 21824K, 100% used [0x00000007a6ab0000, 0x00000007a8000000, 0x00000007a8000000)
  to   space 21824K,   0% used [0x00000007a5560000, 0x00000007a5560000, 0x00000007a6ab0000)
 concurrent mark-sweep generation total 393216K, used 55864K [0x00000007a8000000, 0x00000007c0000000, 0x00000007c0000000)
 Metaspace       used 39249K, capacity 40078K, committed 40604K, reserved 1085440K
  class space    used 4503K, capacity 4771K, committed 4936K, reserved 1048576K
2017-03-21T01:05:49.484+0800: 911.871: [GC (Allocation Failure) 2017-03-21T01:05:49.484+0800: 911.871: [ParNew
Desired survivor size 20112992 bytes, new threshold 5 (max 8)
- age   1:   10334136 bytes,   10334136 total
- age   2:    2499256 bytes,   12833392 total
- age   3:    3672504 bytes,   16505896 total
- age   4:     313040 bytes,   16818936 total
- age   5:    3445192 bytes,   20264128 total
- age   6:    1588440 bytes,   21852568 total
- age   7:     133064 bytes,   21985632 total
: 109248K->21824K(109248K), 0.0158820 secs] 165112K->86516K(502464K), 0.0159814 secs] [Times: user=0.05 sys=0.01, real=0.02 secs] 
Heap after GC invocations=32 (full 2):
 par new generation   total 109248K, used 21824K [0x00000007a0000000, 0x00000007a8000000, 0x00000007a8000000)
  eden space 87424K,   0% used [0x00000007a0000000, 0x00000007a0000000, 0x00000007a5560000)
  from space 21824K, 100% used [0x00000007a5560000, 0x00000007a6ab0000, 0x00000007a6ab0000)
  to   space 21824K,   0% used [0x00000007a6ab0000, 0x00000007a6ab0000, 0x00000007a8000000)
 concurrent mark-sweep generation total 393216K, used 64692K [0x00000007a8000000, 0x00000007c0000000, 0x00000007c0000000)
 Metaspace       used 39249K, capacity 40078K, committed 40604K, reserved 1085440K
  class space    used 4503K, capacity 4771K, committed 4936K, reserved 1048576K
}
2017-03-21T01:05:49.500+0800: 911.887: Total time for which application threads were stopped: 0.0162005 seconds, Stopping threads took: 0.0000230 seconds
2017-03-21T01:05:49.713+0800: 912.100: Total time for which application threads were stopped: 0.0001265 seconds, Stopping threads took: 0.0000333 seconds
2017-03-21T01:05:50.192+0800: 912.579: Total time for which application threads were stopped: 0.0001273 seconds, Stopping threads took: 0.0000225 seconds
{Heap before GC invocations=32 (full 2):
 par new generation   total 109248K, used 109248K [0x00000007a0000000, 0x00000007a8000000, 0x00000007a8000000)
  eden space 87424K, 100% used [0x00000007a0000000, 0x00000007a5560000, 0x00000007a5560000)
  from space 21824K, 100% used [0x00000007a5560000, 0x00000007a6ab0000, 0x00000007a6ab0000)
  to   space 21824K,   0% used [0x00000007a6ab0000, 0x00000007a6ab0000, 0x00000007a8000000)
 concurrent mark-sweep generation total 393216K, used 64692K [0x00000007a8000000, 0x00000007c0000000, 0x00000007c0000000)
 Metaspace       used 39253K, capacity 40078K, committed 40604K, reserved 1085440K
  class space    used 4503K, capacity 4771K, committed 4936K, reserved 1048576K
2017-03-21T01:05:50.410+0800: 912.797: [GC (Allocation Failure) 2017-03-21T01:05:50.410+0800: 912.797: [ParNew
Desired survivor size 20112992 bytes, new threshold 8 (max 8)
- age   1:    8671360 bytes,    8671360 total
- age   2:    4176864 bytes,   12848224 total
- age   3:    2285760 bytes,   15133984 total
- age   4:    3544792 bytes,   18678776 total
- age   5:     313040 bytes,   18991816 total
: 109248K->21824K(109248K), 0.0118450 secs] 173940K->99234K(502464K), 0.0119421 secs] [Times: user=0.03 sys=0.01, real=0.01 secs] 
Heap after GC invocations=33 (full 2):
 par new generation   total 109248K, used 21824K [0x00000007a0000000, 0x00000007a8000000, 0x00000007a8000000)
  eden space 87424K,   0% used [0x00000007a0000000, 0x00000007a0000000, 0x00000007a5560000)
  from space 21824K, 100% used [0x00000007a6ab0000, 0x00000007a8000000, 0x00000007a8000000)
  to   space 21824K,   0% used [0x00000007a5560000, 0x00000007a5560000, 0x00000007a6ab0000)
 concurrent mark-sweep generation total 393216K, used 77410K [0x00000007a8000000, 0x00000007c0000000, 0x00000007c0000000)
 Metaspace       used 39253K, capacity 40078K, committed 40604K, reserved 1085440K
  class space    used 4503K, capacity 4771K, committed 4936K, reserved 1048576K
}
2017-03-21T01:05:50.422+0800: 912.809: Total time for which application threads were stopped: 0.0122397 seconds, Stopping threads took: 0.0000214 seconds
2017-03-21T01:05:51.083+0800: 913.469: Total time for which application threads were stopped: 0.0001122 seconds, Stopping threads took: 0.0000216 seconds
2017-03-21T01:05:51.222+0800: 913.609: Total time for which application threads were stopped: 0.0001281 seconds, Stopping threads took: 0.0000228 seconds
{Heap before GC invocations=33 (full 2):
 par new generation   total 109248K, used 108896K [0x00000007a0000000, 0x00000007a8000000, 0x00000007a8000000)
  eden space 87424K,  99% used [0x00000007a0000000, 0x00000007a5508200, 0x00000007a5560000)
  from space 21824K, 100% used [0x00000007a6ab0000, 0x00000007a8000000, 0x00000007a8000000)
  to   space 21824K,   0% used [0x00000007a5560000, 0x00000007a5560000, 0x00000007a6ab0000)
 concurrent mark-sweep generation total 393216K, used 77410K [0x00000007a8000000, 0x00000007c0000000, 0x00000007c0000000)
 Metaspace       used 39253K, capacity 40078K, committed 40604K, reserved 1085440K
  class space    used 4503K, capacity 4771K, committed 4936K, reserved 1048576K
2017-03-21T01:05:51.265+0800: 913.652: [GC (Allocation Failure) 2017-03-21T01:05:51.265+0800: 913.652: [ParNew
Desired survivor size 20112992 bytes, new threshold 5 (max 8)
- age   1:    9780720 bytes,    9780720 total
- age   2:    4859008 bytes,   14639728 total
- age   3:    2611976 bytes,   17251704 total
- age   4:    1220656 bytes,   18472360 total
- age   5:    3526792 bytes,   21999152 total
- age   6:     313040 bytes,   22312192 total
: 108896K->21824K(109248K), 0.0090079 secs] 186307K->106586K(502464K), 0.0091066 secs] [Times: user=0.02 sys=0.01, real=0.01 secs] 
Heap after GC invocations=34 (full 2):
 par new generation   total 109248K, used 21824K [0x00000007a0000000, 0x00000007a8000000, 0x00000007a8000000)
  eden space 87424K,   0% used [0x00000007a0000000, 0x00000007a0000000, 0x00000007a5560000)
  from space 21824K, 100% used [0x00000007a5560000, 0x00000007a6ab0000, 0x00000007a6ab0000)
  to   space 21824K,   0% used [0x00000007a6ab0000, 0x00000007a6ab0000, 0x00000007a8000000)
 concurrent mark-sweep generation total 393216K, used 84762K [0x00000007a8000000, 0x00000007c0000000, 0x00000007c0000000)
 Metaspace       used 39253K, capacity 40078K, committed 40604K, reserved 1085440K
  class space    used 4503K, capacity 4771K, committed 4936K, reserved 1048576K
}
2017-03-21T01:05:51.274+0800: 913.661: Total time for which application threads were stopped: 0.0093192 seconds, Stopping threads took: 0.0000323 seconds
2017-03-21T01:05:51.385+0800: 913.772: Total time for which application threads were stopped: 0.0001599 seconds, Stopping threads took: 0.0000279 seconds
2017-03-21T01:05:51.401+0800: 913.788: Total time for which application threads were stopped: 0.0001596 seconds, Stopping threads took: 0.0000320 seconds
2017-03-21T01:05:51.466+0800: 913.853: Total time for which application threads were stopped: 0.0001899 seconds, Stopping threads took: 0.0000243 seconds
2017-03-21T01:05:51.468+0800: 913.854: Total time for which application threads were stopped: 0.0001206 seconds, Stopping threads took: 0.0000467 seconds
2017-03-21T01:05:51.579+0800: 913.965: Total time for which application threads were stopped: 0.0002167 seconds, Stopping threads took: 0.0000447 seconds
2017-03-21T01:05:51.941+0800: 914.328: Total time for which application threads were stopped: 0.0001608 seconds, Stopping threads took: 0.0000380 seconds
{Heap before GC invocations=34 (full 2):
 par new generation   total 109248K, used 109248K [0x00000007a0000000, 0x00000007a8000000, 0x00000007a8000000)
  eden space 87424K, 100% used [0x00000007a0000000, 0x00000007a5560000, 0x00000007a5560000)
  from space 21824K, 100% used [0x00000007a5560000, 0x00000007a6ab0000, 0x00000007a6ab0000)
  to   space 21824K,   0% used [0x00000007a6ab0000, 0x00000007a6ab0000, 0x00000007a8000000)
 concurrent mark-sweep generation total 393216K, used 84762K [0x00000007a8000000, 0x00000007c0000000, 0x00000007c0000000)
 Metaspace       used 39341K, capacity 40142K, committed 40604K, reserved 1085440K
  class space    used 4506K, capacity 4771K, committed 4936K, reserved 1048576K
2017-03-21T01:05:52.054+0800: 914.441: [GC (Allocation Failure) 2017-03-21T01:05:52.054+0800: 914.441: [ParNew
Desired survivor size 20112992 bytes, new threshold 8 (max 8)
- age   1:    3241520 bytes,    3241520 total
- age   2:    5615720 bytes,    8857240 total
- age   3:    4187008 bytes,   13044248 total
- age   4:    2597960 bytes,   15642208 total
- age   5:    1152320 bytes,   16794528 total
: 109248K->21824K(109248K), 0.0084574 secs] 194010K->112666K(502464K), 0.0085215 secs] [Times: user=0.04 sys=0.01, real=0.01 secs] 
Heap after GC invocations=35 (full 2):
 par new generation   total 109248K, used 21824K [0x00000007a0000000, 0x00000007a8000000, 0x00000007a8000000)
  eden space 87424K,   0% used [0x00000007a0000000, 0x00000007a0000000, 0x00000007a5560000)
  from space 21824K, 100% used [0x00000007a6ab0000, 0x00000007a8000000, 0x00000007a8000000)
  to   space 21824K,   0% used [0x00000007a5560000, 0x00000007a5560000, 0x00000007a6ab0000)
 concurrent mark-sweep generation total 393216K, used 90842K [0x00000007a8000000, 0x00000007c0000000, 0x00000007c0000000)
 Metaspace       used 39341K, capacity 40142K, committed 40604K, reserved 1085440K
  class space    used 4506K, capacity 4771K, committed 4936K, reserved 1048576K
}
2017-03-21T01:05:52.063+0800: 914.449: Total time for which application threads were stopped: 0.0087266 seconds, Stopping threads took: 0.0000238 seconds
2017-03-21T01:05:52.388+0800: 914.775: Total time for which application threads were stopped: 0.0001156 seconds, Stopping threads took: 0.0000223 seconds
2017-03-21T01:05:52.391+0800: 914.777: Total time for which application threads were stopped: 0.0001427 seconds, Stopping threads took: 0.0000514 seconds
2017-03-21T01:05:52.453+0800: 914.840: Total time for which application threads were stopped: 0.0001588 seconds, Stopping threads took: 0.0000303 seconds
2017-03-21T01:05:52.454+0800: 914.841: Total time for which application threads were stopped: 0.0000716 seconds, Stopping threads took: 0.0000116 seconds
2017-03-21T01:05:52.455+0800: 914.842: Total time for which application threads were stopped: 0.0000964 seconds, Stopping threads took: 0.0000306 seconds
2017-03-21T01:05:52.455+0800: 914.842: Total time for which application threads were stopped: 0.0000787 seconds, Stopping threads took: 0.0000340 seconds
2017-03-21T01:05:52.455+0800: 914.842: Total time for which application threads were stopped: 0.0000722 seconds, Stopping threads took: 0.0000277 seconds
2017-03-21T01:05:52.456+0800: 914.842: Total time for which application threads were stopped: 0.0000939 seconds, Stopping threads took: 0.0000473 seconds
2017-03-21T01:05:52.457+0800: 914.844: Total time for which application threads were stopped: 0.0001600 seconds, Stopping threads took: 0.0000391 seconds
2017-03-21T01:05:52.457+0800: 914.844: Total time for which application threads were stopped: 0.0000738 seconds, Stopping threads took: 0.0000112 seconds
2017-03-21T01:05:52.458+0800: 914.844: Total time for which application threads were stopped: 0.0000755 seconds, Stopping threads took: 0.0000119 seconds
2017-03-21T01:05:52.458+0800: 914.844: Total time for which application threads were stopped: 0.0002230 seconds, Stopping threads took: 0.0000110 seconds
2017-03-21T01:05:53.463+0800: 915.849: Total time for which application threads were stopped: 0.0002394 seconds, Stopping threads took: 0.0000462 seconds
2017-03-21T01:06:02.488+0800: 924.875: Total time for which application threads were stopped: 0.0001129 seconds, Stopping threads took: 0.0000257 seconds
2017-03-21T01:06:05.393+0800: 927.780: Total time for which application threads were stopped: 0.0003221 seconds, Stopping threads took: 0.0000628 seconds
2017-03-21T01:06:05.411+0800: 927.798: Total time for which application threads were stopped: 0.0001694 seconds, Stopping threads took: 0.0000396 seconds
2017-03-21T01:06:05.411+0800: 927.798: Total time for which application threads were stopped: 0.0001094 seconds, Stopping threads took: 0.0000335 seconds
2017-03-21T01:06:05.460+0800: 927.847: Total time for which application threads were stopped: 0.0001391 seconds, Stopping threads took: 0.0000470 seconds
2017-03-21T01:06:05.460+0800: 927.847: Total time for which application threads were stopped: 0.0000609 seconds, Stopping threads took: 0.0000098 seconds
2017-03-21T01:06:05.461+0800: 927.848: Total time for which application threads were stopped: 0.0001049 seconds, Stopping threads took: 0.0000435 seconds
2017-03-21T01:06:05.461+0800: 927.848: Total time for which application threads were stopped: 0.0000804 seconds, Stopping threads took: 0.0000334 seconds
2017-03-21T01:06:05.461+0800: 927.848: Total time for which application threads were stopped: 0.0001886 seconds, Stopping threads took: 0.0000372 seconds
2017-03-21T01:06:05.467+0800: 927.854: Total time for which application threads were stopped: 0.0001095 seconds, Stopping threads took: 0.0000188 seconds
2017-03-21T01:06:05.467+0800: 927.854: Total time for which application threads were stopped: 0.0000851 seconds, Stopping threads took: 0.0000234 seconds
2017-03-21T01:06:05.473+0800: 927.860: Total time for which application threads were stopped: 0.0001273 seconds, Stopping threads took: 0.0000346 seconds
2017-03-21T01:06:05.473+0800: 927.860: Total time for which application threads were stopped: 0.0000812 seconds, Stopping threads took: 0.0000247 seconds
2017-03-21T01:06:06.479+0800: 928.866: Total time for which application threads were stopped: 0.0002508 seconds, Stopping threads took: 0.0000471 seconds
2017-03-21T01:06:55.629+0800: 978.018: Total time for which application threads were stopped: 0.0001174 seconds, Stopping threads took: 0.0000268 seconds
2017-03-21T01:07:05.473+0800: 987.862: Total time for which application threads were stopped: 0.0002289 seconds, Stopping threads took: 0.0000427 seconds
2017-03-21T01:10:05.025+0800: 1167.419: Total time for which application threads were stopped: 0.0001451 seconds, Stopping threads took: 0.0000310 seconds
2017-03-21T01:10:06.191+0800: 1168.584: Total time for which application threads were stopped: 0.0001327 seconds, Stopping threads took: 0.0000492 seconds
2017-03-21T01:10:06.191+0800: 1168.585: Total time for which application threads were stopped: 0.0000752 seconds, Stopping threads took: 0.0000120 seconds
2017-03-21T01:10:06.191+0800: 1168.585: Total time for which application threads were stopped: 0.0000675 seconds, Stopping threads took: 0.0000234 seconds
2017-03-21T01:10:06.191+0800: 1168.585: Total time for which application threads were stopped: 0.0000486 seconds, Stopping threads took: 0.0000075 seconds
2017-03-21T01:10:06.192+0800: 1168.585: Total time for which application threads were stopped: 0.0000603 seconds, Stopping threads took: 0.0000190 seconds
2017-03-21T01:10:06.192+0800: 1168.585: Total time for which application threads were stopped: 0.0000629 seconds, Stopping threads took: 0.0000201 seconds
2017-03-21T01:10:06.192+0800: 1168.585: Total time for which application threads were stopped: 0.0000485 seconds, Stopping threads took: 0.0000072 seconds
2017-03-21T01:10:06.192+0800: 1168.586: Total time for which application threads were stopped: 0.0000638 seconds, Stopping threads took: 0.0000226 seconds
2017-03-21T01:10:06.192+0800: 1168.586: Total time for which application threads were stopped: 0.0000486 seconds, Stopping threads took: 0.0000075 seconds
2017-03-21T01:10:06.192+0800: 1168.586: Total time for which application threads were stopped: 0.0000626 seconds, Stopping threads took: 0.0000099 seconds
2017-03-21T01:10:06.193+0800: 1168.586: Total time for which application threads were stopped: 0.0000578 seconds, Stopping threads took: 0.0000073 seconds
2017-03-21T01:10:07.196+0800: 1169.590: Total time for which application threads were stopped: 0.0002720 seconds, Stopping threads took: 0.0000835 seconds
2017-03-21T01:10:12.711+0800: 1175.105: Total time for which application threads were stopped: 0.0001242 seconds, Stopping threads took: 0.0000396 seconds
2017-03-21T01:10:12.719+0800: 1175.112: Total time for which application threads were stopped: 0.0001324 seconds, Stopping threads took: 0.0000345 seconds
2017-03-21T01:10:12.719+0800: 1175.113: Total time for which application threads were stopped: 0.0000766 seconds, Stopping threads took: 0.0000256 seconds
2017-03-21T01:10:12.722+0800: 1175.116: Total time for which application threads were stopped: 0.0000894 seconds, Stopping threads took: 0.0000158 seconds
2017-03-21T01:10:13.728+0800: 1176.121: Total time for which application threads were stopped: 0.0002649 seconds, Stopping threads took: 0.0000493 seconds
2017-03-21T01:10:56.855+0800: 1219.250: Total time for which application threads were stopped: 0.0002489 seconds, Stopping threads took: 0.0000507 seconds
2017-03-21T01:11:06.215+0800: 1228.611: Total time for which application threads were stopped: 0.0002180 seconds, Stopping threads took: 0.0000458 seconds
2017-03-21T01:12:47.524+0800: 1329.922: Total time for which application threads were stopped: 0.0001260 seconds, Stopping threads took: 0.0000277 seconds
2017-03-21T01:13:42.706+0800: 1385.106: Total time for which application threads were stopped: 0.0002337 seconds, Stopping threads took: 0.0000471 seconds
2017-03-21T01:13:49.735+0800: 1392.135: Total time for which application threads were stopped: 0.0000998 seconds, Stopping threads took: 0.0000206 seconds
2017-03-21T01:14:05.405+0800: 1407.806: Total time for which application threads were stopped: 0.0000968 seconds, Stopping threads took: 0.0000207 seconds
2017-03-21T01:14:05.407+0800: 1407.808: Total time for which application threads were stopped: 0.0001017 seconds, Stopping threads took: 0.0000190 seconds
2017-03-21T01:14:05.407+0800: 1407.808: Total time for which application threads were stopped: 0.0000828 seconds, Stopping threads took: 0.0000127 seconds
2017-03-21T01:14:05.408+0800: 1407.808: Total time for which application threads were stopped: 0.0001074 seconds, Stopping threads took: 0.0000491 seconds
2017-03-21T01:14:05.408+0800: 1407.808: Total time for which application threads were stopped: 0.0000832 seconds, Stopping threads took: 0.0000293 seconds
2017-03-21T01:14:05.409+0800: 1407.809: Total time for which application threads were stopped: 0.0000864 seconds, Stopping threads took: 0.0000256 seconds
2017-03-21T01:14:05.409+0800: 1407.809: Total time for which application threads were stopped: 0.0000601 seconds, Stopping threads took: 0.0000110 seconds
2017-03-21T01:14:05.412+0800: 1407.813: Total time for which application threads were stopped: 0.0001512 seconds, Stopping threads took: 0.0000424 seconds
2017-03-21T01:14:05.413+0800: 1407.814: Total time for which application threads were stopped: 0.0001374 seconds, Stopping threads took: 0.0000439 seconds
2017-03-21T01:14:05.413+0800: 1407.814: Total time for which application threads were stopped: 0.0000814 seconds, Stopping threads took: 0.0000315 seconds
2017-03-21T01:14:05.417+0800: 1407.817: Total time for which application threads were stopped: 0.0001282 seconds, Stopping threads took: 0.0000211 seconds
2017-03-21T01:14:06.420+0800: 1408.821: Total time for which application threads were stopped: 0.0002463 seconds, Stopping threads took: 0.0000484 seconds
2017-03-21T01:14:23.476+0800: 1425.876: Total time for which application threads were stopped: 0.0002496 seconds, Stopping threads took: 0.0000463 seconds
2017-03-21T01:14:36.475+0800: 1438.876: Total time for which application threads were stopped: 0.0001497 seconds, Stopping threads took: 0.0000606 seconds
2017-03-21T01:14:36.475+0800: 1438.876: Total time for which application threads were stopped: 0.0000958 seconds, Stopping threads took: 0.0000442 seconds
2017-03-21T01:14:53.524+0800: 1455.925: Total time for which application threads were stopped: 0.0002565 seconds, Stopping threads took: 0.0000467 seconds
2017-03-21T01:15:01.167+0800: 1463.569: Total time for which application threads were stopped: 0.0001510 seconds, Stopping threads took: 0.0000254 seconds
2017-03-21T01:15:02.171+0800: 1464.573: Total time for which application threads were stopped: 0.0001177 seconds, Stopping threads took: 0.0000233 seconds
2017-03-21T01:15:36.283+0800: 1498.686: Total time for which application threads were stopped: 0.0001800 seconds, Stopping threads took: 0.0000877 seconds
2017-03-21T01:15:37.286+0800: 1499.688: Total time for which application threads were stopped: 0.0001603 seconds, Stopping threads took: 0.0000234 seconds
2017-03-21T01:15:39.290+0800: 1501.693: Total time for which application threads were stopped: 0.0001329 seconds, Stopping threads took: 0.0000292 seconds
2017-03-21T01:15:50.319+0800: 1512.723: Total time for which application threads were stopped: 0.0001596 seconds, Stopping threads took: 0.0000626 seconds
2017-03-21T01:16:08.372+0800: 1530.776: Total time for which application threads were stopped: 0.0002384 seconds, Stopping threads took: 0.0000497 seconds
2017-03-21T01:16:16.401+0800: 1538.805: Total time for which application threads were stopped: 0.0001185 seconds, Stopping threads took: 0.0000233 seconds
2017-03-21T01:16:24.429+0800: 1546.833: Total time for which application threads were stopped: 0.0003157 seconds, Stopping threads took: 0.0000961 seconds
2017-03-21T01:16:56.541+0800: 1578.946: Total time for which application threads were stopped: 0.0002381 seconds, Stopping threads took: 0.0000471 seconds
2017-03-21T01:17:14.601+0800: 1597.006: Total time for which application threads were stopped: 0.0002333 seconds, Stopping threads took: 0.0000452 seconds
2017-03-21T01:17:42.685+0800: 1625.092: Total time for which application threads were stopped: 0.0002397 seconds, Stopping threads took: 0.0000471 seconds
2017-03-21T01:18:06.758+0800: 1649.165: Total time for which application threads were stopped: 0.0001486 seconds, Stopping threads took: 0.0000321 seconds
2017-03-21T01:18:14.196+0800: 1656.603: Total time for which application threads were stopped: 0.0001270 seconds, Stopping threads took: 0.0000172 seconds
2017-03-21T01:18:14.196+0800: 1656.603: Total time for which application threads were stopped: 0.0000492 seconds, Stopping threads took: 0.0000077 seconds
2017-03-21T01:18:14.242+0800: 1656.649: Total time for which application threads were stopped: 0.0001206 seconds, Stopping threads took: 0.0000192 seconds
2017-03-21T01:18:14.242+0800: 1656.650: Total time for which application threads were stopped: 0.0000771 seconds, Stopping threads took: 0.0000207 seconds
2017-03-21T01:18:15.247+0800: 1657.654: Total time for which application threads were stopped: 0.0002975 seconds, Stopping threads took: 0.0000508 seconds
2017-03-21T01:19:01.120+0800: 1703.528: Total time for which application threads were stopped: 0.0001420 seconds, Stopping threads took: 0.0000208 seconds
2017-03-21T01:19:01.120+0800: 1703.528: Total time for which application threads were stopped: 0.0000599 seconds, Stopping threads took: 0.0000099 seconds
2017-03-21T01:19:01.120+0800: 1703.529: Total time for which application threads were stopped: 0.0000510 seconds, Stopping threads took: 0.0000080 seconds
2017-03-21T01:19:01.120+0800: 1703.529: Total time for which application threads were stopped: 0.0000484 seconds, Stopping threads took: 0.0000076 seconds
2017-03-21T01:19:01.120+0800: 1703.529: Total time for which application threads were stopped: 0.0000480 seconds, Stopping threads took: 0.0000074 seconds
2017-03-21T01:19:01.120+0800: 1703.529: Total time for which application threads were stopped: 0.0000566 seconds, Stopping threads took: 0.0000091 seconds
2017-03-21T01:19:01.120+0800: 1703.529: Total time for which application threads were stopped: 0.0000464 seconds, Stopping threads took: 0.0000073 seconds
2017-03-21T01:19:01.121+0800: 1703.529: Total time for which application threads were stopped: 0.0000479 seconds, Stopping threads took: 0.0000075 seconds
2017-03-21T01:19:01.121+0800: 1703.529: Total time for which application threads were stopped: 0.0000472 seconds, Stopping threads took: 0.0000074 seconds
2017-03-21T01:19:01.121+0800: 1703.529: Total time for which application threads were stopped: 0.0000465 seconds, Stopping threads took: 0.0000074 seconds
2017-03-21T01:19:01.121+0800: 1703.529: Total time for which application threads were stopped: 0.0000481 seconds, Stopping threads took: 0.0000075 seconds
2017-03-21T01:19:01.121+0800: 1703.529: Total time for which application threads were stopped: 0.0000466 seconds, Stopping threads took: 0.0000072 seconds
2017-03-21T01:19:01.121+0800: 1703.529: Total time for which application threads were stopped: 0.0000466 seconds, Stopping threads took: 0.0000074 seconds
2017-03-21T01:19:01.121+0800: 1703.529: Total time for which application threads were stopped: 0.0000500 seconds, Stopping threads took: 0.0000103 seconds
2017-03-21T01:19:01.121+0800: 1703.530: Total time for which application threads were stopped: 0.0000462 seconds, Stopping threads took: 0.0000073 seconds
2017-03-21T01:19:01.121+0800: 1703.530: Total time for which application threads were stopped: 0.0000480 seconds, Stopping threads took: 0.0000080 seconds
2017-03-21T01:19:01.122+0800: 1703.530: Total time for which application threads were stopped: 0.0000481 seconds, Stopping threads took: 0.0000077 seconds
2017-03-21T01:19:01.122+0800: 1703.530: Total time for which application threads were stopped: 0.0000471 seconds, Stopping threads took: 0.0000076 seconds
2017-03-21T01:19:01.122+0800: 1703.530: Total time for which application threads were stopped: 0.0000463 seconds, Stopping threads took: 0.0000077 seconds
2017-03-21T01:19:01.122+0800: 1703.530: Total time for which application threads were stopped: 0.0000479 seconds, Stopping threads took: 0.0000076 seconds
2017-03-21T01:19:01.122+0800: 1703.530: Total time for which application threads were stopped: 0.0000466 seconds, Stopping threads took: 0.0000073 seconds
2017-03-21T01:19:01.122+0800: 1703.530: Total time for which application threads were stopped: 0.0001476 seconds, Stopping threads took: 0.0000076 seconds
2017-03-21T01:19:01.122+0800: 1703.531: Total time for which application threads were stopped: 0.0000851 seconds, Stopping threads took: 0.0000399 seconds
2017-03-21T01:19:01.123+0800: 1703.531: Total time for which application threads were stopped: 0.0000544 seconds, Stopping threads took: 0.0000099 seconds
{Heap before GC invocations=35 (full 2):
 par new generation   total 109248K, used 109248K [0x00000007a0000000, 0x00000007a8000000, 0x00000007a8000000)
  eden space 87424K, 100% used [0x00000007a0000000, 0x00000007a5560000, 0x00000007a5560000)
  from space 21824K, 100% used [0x00000007a6ab0000, 0x00000007a8000000, 0x00000007a8000000)
  to   space 21824K,   0% used [0x00000007a5560000, 0x00000007a5560000, 0x00000007a6ab0000)
 concurrent mark-sweep generation total 393216K, used 90842K [0x00000007a8000000, 0x00000007c0000000, 0x00000007c0000000)
 Metaspace       used 40653K, capacity 41588K, committed 42128K, reserved 1087488K
  class space    used 4630K, capacity 4912K, committed 5064K, reserved 1048576K
2017-03-21T01:19:01.126+0800: 1703.534: [GC (Allocation Failure) 2017-03-21T01:19:01.126+0800: 1703.534: [ParNew
Desired survivor size 20112992 bytes, new threshold 5 (max 8)
- age   1:    8182560 bytes,    8182560 total
- age   2:    1947384 bytes,   10129944 total
- age   3:    5539984 bytes,   15669928 total
- age   4:    3236296 bytes,   18906224 total
- age   5:    2545640 bytes,   21451864 total
- age   6:    1081720 bytes,   22533584 total
: 109248K->21824K(109248K), 0.0065955 secs] 200090K->115576K(502464K), 0.0066970 secs] [Times: user=0.02 sys=0.00, real=0.01 secs] 
Heap after GC invocations=36 (full 2):
 par new generation   total 109248K, used 21824K [0x00000007a0000000, 0x00000007a8000000, 0x00000007a8000000)
  eden space 87424K,   0% used [0x00000007a0000000, 0x00000007a0000000, 0x00000007a5560000)
  from space 21824K, 100% used [0x00000007a5560000, 0x00000007a6ab0000, 0x00000007a6ab0000)
  to   space 21824K,   0% used [0x00000007a6ab0000, 0x00000007a6ab0000, 0x00000007a8000000)
 concurrent mark-sweep generation total 393216K, used 93752K [0x00000007a8000000, 0x00000007c0000000, 0x00000007c0000000)
 Metaspace       used 40653K, capacity 41588K, committed 42128K, reserved 1087488K
  class space    used 4630K, capacity 4912K, committed 5064K, reserved 1048576K
}
2017-03-21T01:19:01.133+0800: 1703.541: Total time for which application threads were stopped: 0.0068975 seconds, Stopping threads took: 0.0000179 seconds
2017-03-21T01:19:01.134+0800: 1703.542: Total time for which application threads were stopped: 0.0001207 seconds, Stopping threads took: 0.0000429 seconds
2017-03-21T01:19:01.134+0800: 1703.543: Total time for which application threads were stopped: 0.0000785 seconds, Stopping threads took: 0.0000232 seconds
2017-03-21T01:19:02.138+0800: 1704.546: Total time for which application threads were stopped: 0.0001573 seconds, Stopping threads took: 0.0000302 seconds
2017-03-21T01:19:29.212+0800: 1731.621: Total time for which application threads were stopped: 0.0001346 seconds, Stopping threads took: 0.0000290 seconds
2017-03-21T01:19:47.260+0800: 1749.670: Total time for which application threads were stopped: 0.0002513 seconds, Stopping threads took: 0.0000493 seconds
2017-03-21T01:20:25.392+0800: 1787.803: Total time for which application threads were stopped: 0.0001439 seconds, Stopping threads took: 0.0000289 seconds
2017-03-21T01:20:29.010+0800: 1791.420: Total time for which application threads were stopped: 0.0002450 seconds, Stopping threads took: 0.0000458 seconds
2017-03-21T01:21:05.115+0800: 1827.526: Total time for which application threads were stopped: 0.0002440 seconds, Stopping threads took: 0.0000474 seconds
2017-03-21T01:21:36.225+0800: 1858.637: Total time for which application threads were stopped: 0.0001468 seconds, Stopping threads took: 0.0000308 seconds
2017-03-21T01:22:56.487+0800: 1938.902: Total time for which application threads were stopped: 0.0001654 seconds, Stopping threads took: 0.0000523 seconds
2017-03-21T01:23:06.519+0800: 1948.934: Total time for which application threads were stopped: 0.0001347 seconds, Stopping threads took: 0.0000294 seconds
2017-03-21T01:23:19.573+0800: 1961.988: Total time for which application threads were stopped: 0.0002530 seconds, Stopping threads took: 0.0000487 seconds
2017-03-21T01:23:24.586+0800: 1967.002: Total time for which application threads were stopped: 0.0002331 seconds, Stopping threads took: 0.0000470 seconds
2017-03-21T01:23:59.695+0800: 2002.111: Total time for which application threads were stopped: 0.0002100 seconds, Stopping threads took: 0.0000521 seconds
2017-03-21T01:24:14.735+0800: 2017.152: Total time for which application threads were stopped: 0.0001306 seconds, Stopping threads took: 0.0000295 seconds
2017-03-21T01:24:30.777+0800: 2033.194: Total time for which application threads were stopped: 0.0002199 seconds, Stopping threads took: 0.0000413 seconds
2017-03-21T01:24:31.779+0800: 2034.196: Total time for which application threads were stopped: 0.0002050 seconds, Stopping threads took: 0.0000469 seconds
2017-03-21T01:25:31.991+0800: 2094.410: Total time for which application threads were stopped: 0.0001419 seconds, Stopping threads took: 0.0000269 seconds
2017-03-21T01:25:46.330+0800: 2108.749: Total time for which application threads were stopped: 0.0001735 seconds, Stopping threads took: 0.0000251 seconds
{Heap before GC invocations=36 (full 2):
 par new generation   total 109248K, used 109235K [0x00000007a0000000, 0x00000007a8000000, 0x00000007a8000000)
  eden space 87424K,  99% used [0x00000007a0000000, 0x00000007a555cca0, 0x00000007a5560000)
  from space 21824K, 100% used [0x00000007a5560000, 0x00000007a6ab0000, 0x00000007a6ab0000)
  to   space 21824K,   0% used [0x00000007a6ab0000, 0x00000007a6ab0000, 0x00000007a8000000)
 concurrent mark-sweep generation total 393216K, used 93752K [0x00000007a8000000, 0x00000007c0000000, 0x00000007c0000000)
 Metaspace       used 40829K, capacity 41834K, committed 42384K, reserved 1087488K
  class space    used 4635K, capacity 4921K, committed 5064K, reserved 1048576K
2017-03-21T01:25:46.401+0800: 2108.820: [GC (Allocation Failure) 2017-03-21T01:25:46.401+0800: 2108.821: [ParNew
Desired survivor size 20112992 bytes, new threshold 8 (max 8)
- age   1:    1815872 bytes,    1815872 total
- age   2:    6744320 bytes,    8560192 total
- age   3:    1945632 bytes,   10505824 total
- age   4:    4491392 bytes,   14997216 total
- age   5:    3236296 bytes,   18233512 total
: 109235K->21824K(109248K), 0.0117328 secs] 202987K->119201K(502464K), 0.0117987 secs] [Times: user=0.06 sys=0.01, real=0.01 secs] 
Heap after GC invocations=37 (full 2):
 par new generation   total 109248K, used 21824K [0x00000007a0000000, 0x00000007a8000000, 0x00000007a8000000)
  eden space 87424K,   0% used [0x00000007a0000000, 0x00000007a0000000, 0x00000007a5560000)
  from space 21824K, 100% used [0x00000007a6ab0000, 0x00000007a8000000, 0x00000007a8000000)
  to   space 21824K,   0% used [0x00000007a5560000, 0x00000007a5560000, 0x00000007a6ab0000)
 concurrent mark-sweep generation total 393216K, used 97377K [0x00000007a8000000, 0x00000007c0000000, 0x00000007c0000000)
 Metaspace       used 40829K, capacity 41834K, committed 42384K, reserved 1087488K
  class space    used 4635K, capacity 4921K, committed 5064K, reserved 1048576K
}
2017-03-21T01:25:46.413+0800: 2108.832: Total time for which application threads were stopped: 0.0125324 seconds, Stopping threads took: 0.0000265 seconds
2017-03-21T01:25:46.414+0800: 2108.833: Total time for which application threads were stopped: 0.0002946 seconds, Stopping threads took: 0.0001363 seconds
{Heap before GC invocations=37 (full 2):
 par new generation   total 109248K, used 109248K [0x00000007a0000000, 0x00000007a8000000, 0x00000007a8000000)
  eden space 87424K, 100% used [0x00000007a0000000, 0x00000007a5560000, 0x00000007a5560000)
  from space 21824K, 100% used [0x00000007a6ab0000, 0x00000007a8000000, 0x00000007a8000000)
  to   space 21824K,   0% used [0x00000007a5560000, 0x00000007a5560000, 0x00000007a6ab0000)
 concurrent mark-sweep generation total 393216K, used 97377K [0x00000007a8000000, 0x00000007c0000000, 0x00000007c0000000)
 Metaspace       used 40831K, capacity 41834K, committed 42384K, reserved 1087488K
  class space    used 4635K, capacity 4921K, committed 5064K, reserved 1048576K
2017-03-21T01:25:46.480+0800: 2108.899: [GC (Allocation Failure) 2017-03-21T01:25:46.480+0800: 2108.899: [ParNew
Desired survivor size 20112992 bytes, new threshold 8 (max 8)
- age   1:     265424 bytes,     265424 total
- age   2:    1482176 bytes,    1747600 total
- age   3:    6744320 bytes,    8491920 total
- age   4:    1945632 bytes,   10437552 total
- age   5:    4065200 bytes,   14502752 total
- age   6:    3236296 bytes,   17739048 total
: 109248K->21824K(109248K), 0.0052568 secs] 206625K->119712K(502464K), 0.0053474 secs] [Times: user=0.02 sys=0.00, real=0.00 secs] 
Heap after GC invocations=38 (full 2):
 par new generation   total 109248K, used 21824K [0x00000007a0000000, 0x00000007a8000000, 0x00000007a8000000)
  eden space 87424K,   0% used [0x00000007a0000000, 0x00000007a0000000, 0x00000007a5560000)
  from space 21824K, 100% used [0x00000007a5560000, 0x00000007a6ab0000, 0x00000007a6ab0000)
  to   space 21824K,   0% used [0x00000007a6ab0000, 0x00000007a6ab0000, 0x00000007a8000000)
 concurrent mark-sweep generation total 393216K, used 97888K [0x00000007a8000000, 0x00000007c0000000, 0x00000007c0000000)
 Metaspace       used 40831K, capacity 41834K, committed 42384K, reserved 1087488K
  class space    used 4635K, capacity 4921K, committed 5064K, reserved 1048576K
}
2017-03-21T01:25:46.485+0800: 2108.905: Total time for which application threads were stopped: 0.0055498 seconds, Stopping threads took: 0.0000255 seconds
2017-03-21T01:25:46.486+0800: 2108.905: Total time for which application threads were stopped: 0.0002066 seconds, Stopping threads took: 0.0001056 seconds
2017-03-21T01:25:46.526+0800: 2108.946: Total time for which application threads were stopped: 0.0001528 seconds, Stopping threads took: 0.0000204 seconds
2017-03-21T01:25:47.154+0800: 2109.573: Total time for which application threads were stopped: 0.0002009 seconds, Stopping threads took: 0.0000477 seconds
2017-03-21T01:25:47.154+0800: 2109.574: Total time for which application threads were stopped: 0.0000860 seconds, Stopping threads took: 0.0000126 seconds
2017-03-21T01:25:47.175+0800: 2109.594: Total time for which application threads were stopped: 0.0001298 seconds, Stopping threads took: 0.0000255 seconds
2017-03-21T01:25:47.175+0800: 2109.594: Total time for which application threads were stopped: 0.0000717 seconds, Stopping threads took: 0.0000114 seconds
2017-03-21T01:25:47.175+0800: 2109.594: Total time for which application threads were stopped: 0.0000579 seconds, Stopping threads took: 0.0000112 seconds
2017-03-21T01:25:47.175+0800: 2109.594: Total time for which application threads were stopped: 0.0000579 seconds, Stopping threads took: 0.0000123 seconds
2017-03-21T01:25:47.175+0800: 2109.594: Total time for which application threads were stopped: 0.0000508 seconds, Stopping threads took: 0.0000083 seconds
2017-03-21T01:25:47.175+0800: 2109.594: Total time for which application threads were stopped: 0.0000499 seconds, Stopping threads took: 0.0000079 seconds
2017-03-21T01:25:47.175+0800: 2109.594: Total time for which application threads were stopped: 0.0000511 seconds, Stopping threads took: 0.0000101 seconds
2017-03-21T01:25:47.175+0800: 2109.595: Total time for which application threads were stopped: 0.0000498 seconds, Stopping threads took: 0.0000078 seconds
2017-03-21T01:25:47.175+0800: 2109.595: Total time for which application threads were stopped: 0.0000490 seconds, Stopping threads took: 0.0000078 seconds
2017-03-21T01:25:47.175+0800: 2109.595: Total time for which application threads were stopped: 0.0000496 seconds, Stopping threads took: 0.0000084 seconds
2017-03-21T01:25:47.176+0800: 2109.595: Total time for which application threads were stopped: 0.0000854 seconds, Stopping threads took: 0.0000078 seconds
2017-03-21T01:25:47.176+0800: 2109.595: Total time for which application threads were stopped: 0.0000744 seconds, Stopping threads took: 0.0000111 seconds
2017-03-21T01:25:47.176+0800: 2109.595: Total time for which application threads were stopped: 0.0002415 seconds, Stopping threads took: 0.0000123 seconds
2017-03-21T01:25:47.179+0800: 2109.598: Total time for which application threads were stopped: 0.0001210 seconds, Stopping threads took: 0.0000247 seconds
2017-03-21T01:25:47.198+0800: 2109.617: Total time for which application threads were stopped: 0.0001575 seconds, Stopping threads took: 0.0000543 seconds
2017-03-21T01:25:47.202+0800: 2109.621: Total time for which application threads were stopped: 0.0001463 seconds, Stopping threads took: 0.0000322 seconds
2017-03-21T01:25:47.202+0800: 2109.621: Total time for which application threads were stopped: 0.0001411 seconds, Stopping threads took: 0.0000633 seconds
2017-03-21T01:25:47.203+0800: 2109.622: Total time for which application threads were stopped: 0.0001185 seconds, Stopping threads took: 0.0000551 seconds
2017-03-21T01:25:47.203+0800: 2109.622: Total time for which application threads were stopped: 0.0000753 seconds, Stopping threads took: 0.0000225 seconds
2017-03-21T01:25:47.203+0800: 2109.622: Total time for which application threads were stopped: 0.0000807 seconds, Stopping threads took: 0.0000345 seconds
2017-03-21T01:25:47.203+0800: 2109.622: Total time for which application threads were stopped: 0.0000912 seconds, Stopping threads took: 0.0000329 seconds
2017-03-21T01:25:47.203+0800: 2109.623: Total time for which application threads were stopped: 0.0000915 seconds, Stopping threads took: 0.0000277 seconds
2017-03-21T01:25:47.203+0800: 2109.623: Total time for which application threads were stopped: 0.0000868 seconds, Stopping threads took: 0.0000279 seconds
2017-03-21T01:25:47.204+0800: 2109.623: Total time for which application threads were stopped: 0.0000731 seconds, Stopping threads took: 0.0000345 seconds
2017-03-21T01:25:47.204+0800: 2109.623: Total time for which application threads were stopped: 0.0000705 seconds, Stopping threads took: 0.0000296 seconds
2017-03-21T01:25:47.204+0800: 2109.623: Total time for which application threads were stopped: 0.0000629 seconds, Stopping threads took: 0.0000217 seconds
2017-03-21T01:25:47.204+0800: 2109.623: Total time for which application threads were stopped: 0.0000991 seconds, Stopping threads took: 0.0000301 seconds
2017-03-21T01:25:47.204+0800: 2109.623: Total time for which application threads were stopped: 0.0000907 seconds, Stopping threads took: 0.0000218 seconds
2017-03-21T01:25:47.204+0800: 2109.624: Total time for which application threads were stopped: 0.0000807 seconds, Stopping threads took: 0.0000290 seconds
2017-03-21T01:25:47.204+0800: 2109.624: Total time for which application threads were stopped: 0.0000644 seconds, Stopping threads took: 0.0000229 seconds
2017-03-21T01:25:47.205+0800: 2109.624: Total time for which application threads were stopped: 0.0000723 seconds, Stopping threads took: 0.0000244 seconds
2017-03-21T01:25:47.205+0800: 2109.624: Total time for which application threads were stopped: 0.0000715 seconds, Stopping threads took: 0.0000079 seconds
2017-03-21T01:25:47.205+0800: 2109.624: Total time for which application threads were stopped: 0.0000765 seconds, Stopping threads took: 0.0000148 seconds
2017-03-21T01:25:47.205+0800: 2109.624: Total time for which application threads were stopped: 0.0000738 seconds, Stopping threads took: 0.0000170 seconds
2017-03-21T01:25:47.213+0800: 2109.632: Total time for which application threads were stopped: 0.0001216 seconds, Stopping threads took: 0.0000206 seconds
2017-03-21T01:25:47.214+0800: 2109.634: Total time for which application threads were stopped: 0.0000938 seconds, Stopping threads took: 0.0000311 seconds
2017-03-21T01:25:47.235+0800: 2109.654: Total time for which application threads were stopped: 0.0001177 seconds, Stopping threads took: 0.0000214 seconds
2017-03-21T01:25:47.255+0800: 2109.675: Total time for which application threads were stopped: 0.0001034 seconds, Stopping threads took: 0.0000189 seconds
2017-03-21T01:25:47.256+0800: 2109.675: Total time for which application threads were stopped: 0.0000645 seconds, Stopping threads took: 0.0000114 seconds
2017-03-21T01:25:47.257+0800: 2109.677: Total time for which application threads were stopped: 0.0000650 seconds, Stopping threads took: 0.0000107 seconds
2017-03-21T01:25:47.281+0800: 2109.700: Total time for which application threads were stopped: 0.0001141 seconds, Stopping threads took: 0.0000219 seconds
2017-03-21T01:25:47.287+0800: 2109.706: Total time for which application threads were stopped: 0.0001041 seconds, Stopping threads took: 0.0000197 seconds
2017-03-21T01:25:47.287+0800: 2109.706: Total time for which application threads were stopped: 0.0000647 seconds, Stopping threads took: 0.0000099 seconds
2017-03-21T01:25:47.290+0800: 2109.710: Total time for which application threads were stopped: 0.0001016 seconds, Stopping threads took: 0.0000215 seconds
2017-03-21T01:25:47.303+0800: 2109.722: Total time for which application threads were stopped: 0.0001295 seconds, Stopping threads took: 0.0000435 seconds
2017-03-21T01:25:48.305+0800: 2110.724: Total time for which application threads were stopped: 0.0002529 seconds, Stopping threads took: 0.0000492 seconds
2017-03-21T01:25:49.902+0800: 2112.322: Total time for which application threads were stopped: 0.0001223 seconds, Stopping threads took: 0.0000224 seconds
2017-03-21T01:25:52.135+0800: 2114.555: Total time for which application threads were stopped: 0.0001735 seconds, Stopping threads took: 0.0000765 seconds
{Heap before GC invocations=38 (full 2):
 par new generation   total 109248K, used 109248K [0x00000007a0000000, 0x00000007a8000000, 0x00000007a8000000)
  eden space 87424K, 100% used [0x00000007a0000000, 0x00000007a5560000, 0x00000007a5560000)
  from space 21824K, 100% used [0x00000007a5560000, 0x00000007a6ab0000, 0x00000007a6ab0000)
  to   space 21824K,   0% used [0x00000007a6ab0000, 0x00000007a6ab0000, 0x00000007a8000000)
 concurrent mark-sweep generation total 393216K, used 97888K [0x00000007a8000000, 0x00000007c0000000, 0x00000007c0000000)
 Metaspace       used 40908K, capacity 41898K, committed 42384K, reserved 1087488K
  class space    used 4637K, capacity 4921K, committed 5064K, reserved 1048576K
2017-03-21T01:25:58.448+0800: 2120.868: [GC (Allocation Failure) 2017-03-21T01:25:58.448+0800: 2120.868: [ParNew
Desired survivor size 20112992 bytes, new threshold 8 (max 8)
- age   1:    2483112 bytes,    2483112 total
- age   2:      91088 bytes,    2574200 total
- age   3:    1068768 bytes,    3642968 total
- age   4:    6476368 bytes,   10119336 total
- age   5:    1945632 bytes,   12064968 total
- age   6:    4065200 bytes,   16130168 total
- age   7:    3231208 bytes,   19361376 total
: 109248K->21824K(109248K), 0.0067996 secs] 207136K->119753K(502464K), 0.0068675 secs] [Times: user=0.02 sys=0.00, real=0.01 secs] 
Heap after GC invocations=39 (full 2):
 par new generation   total 109248K, used 21824K [0x00000007a0000000, 0x00000007a8000000, 0x00000007a8000000)
  eden space 87424K,   0% used [0x00000007a0000000, 0x00000007a0000000, 0x00000007a5560000)
  from space 21824K, 100% used [0x00000007a6ab0000, 0x00000007a8000000, 0x00000007a8000000)
  to   space 21824K,   0% used [0x00000007a5560000, 0x00000007a5560000, 0x00000007a6ab0000)
 concurrent mark-sweep generation total 393216K, used 97929K [0x00000007a8000000, 0x00000007c0000000, 0x00000007c0000000)
 Metaspace       used 40908K, capacity 41898K, committed 42384K, reserved 1087488K
  class space    used 4637K, capacity 4921K, committed 5064K, reserved 1048576K
}
2017-03-21T01:25:58.455+0800: 2120.875: Total time for which application threads were stopped: 0.0070774 seconds, Stopping threads took: 0.0000227 seconds
2017-03-21T01:25:58.455+0800: 2120.875: Total time for which application threads were stopped: 0.0001316 seconds, Stopping threads took: 0.0000272 seconds
2017-03-21T01:25:58.456+0800: 2120.875: Total time for which application threads were stopped: 0.0001529 seconds, Stopping threads took: 0.0000762 seconds
{Heap before GC invocations=39 (full 2):
 par new generation   total 109248K, used 109248K [0x00000007a0000000, 0x00000007a8000000, 0x00000007a8000000)
  eden space 87424K, 100% used [0x00000007a0000000, 0x00000007a5560000, 0x00000007a5560000)
  from space 21824K, 100% used [0x00000007a6ab0000, 0x00000007a8000000, 0x00000007a8000000)
  to   space 21824K,   0% used [0x00000007a5560000, 0x00000007a5560000, 0x00000007a6ab0000)
 concurrent mark-sweep generation total 393216K, used 97929K [0x00000007a8000000, 0x00000007c0000000, 0x00000007c0000000)
 Metaspace       used 40908K, capacity 41898K, committed 42384K, reserved 1087488K
  class space    used 4637K, capacity 4921K, committed 5064K, reserved 1048576K
2017-03-21T01:25:58.502+0800: 2120.921: [GC (Allocation Failure) 2017-03-21T01:25:58.502+0800: 2120.921: [ParNew
Desired survivor size 20112992 bytes, new threshold 8 (max 8)
- age   1:     211000 bytes,     211000 total
- age   2:    2113656 bytes,    2324656 total
- age   3:      91088 bytes,    2415744 total
- age   4:    1068768 bytes,    3484512 total
- age   5:    6476344 bytes,    9960856 total
- age   6:    1945632 bytes,   11906488 total
- age   7:    4065200 bytes,   15971688 total
- age   8:    3231208 bytes,   19202896 total
: 109248K->21824K(109248K), 0.0061450 secs] 207177K->119849K(502464K), 0.0062367 secs] [Times: user=0.02 sys=0.00, real=0.00 secs] 
Heap after GC invocations=40 (full 2):
 par new generation   total 109248K, used 21824K [0x00000007a0000000, 0x00000007a8000000, 0x00000007a8000000)
  eden space 87424K,   0% used [0x00000007a0000000, 0x00000007a0000000, 0x00000007a5560000)
  from space 21824K, 100% used [0x00000007a5560000, 0x00000007a6ab0000, 0x00000007a6ab0000)
  to   space 21824K,   0% used [0x00000007a6ab0000, 0x00000007a6ab0000, 0x00000007a8000000)
 concurrent mark-sweep generation total 393216K, used 98025K [0x00000007a8000000, 0x00000007c0000000, 0x00000007c0000000)
 Metaspace       used 40908K, capacity 41898K, committed 42384K, reserved 1087488K
  class space    used 4637K, capacity 4921K, committed 5064K, reserved 1048576K
}
2017-03-21T01:25:58.508+0800: 2120.928: Total time for which application threads were stopped: 0.0064399 seconds, Stopping threads took: 0.0000235 seconds
2017-03-21T01:25:58.508+0800: 2120.928: Total time for which application threads were stopped: 0.0001675 seconds, Stopping threads took: 0.0000542 seconds
2017-03-21T01:25:58.554+0800: 2120.974: Total time for which application threads were stopped: 0.0001547 seconds, Stopping threads took: 0.0000543 seconds
2017-03-21T01:25:58.568+0800: 2120.987: Total time for which application threads were stopped: 0.0002249 seconds, Stopping threads took: 0.0000439 seconds
2017-03-21T01:25:58.598+0800: 2121.018: Total time for which application threads were stopped: 0.0001595 seconds, Stopping threads took: 0.0000276 seconds
2017-03-21T01:25:58.598+0800: 2121.018: Total time for which application threads were stopped: 0.0000781 seconds, Stopping threads took: 0.0000105 seconds
2017-03-21T01:25:58.598+0800: 2121.018: Total time for which application threads were stopped: 0.0000858 seconds, Stopping threads took: 0.0000283 seconds
2017-03-21T01:25:58.599+0800: 2121.018: Total time for which application threads were stopped: 0.0001426 seconds, Stopping threads took: 0.0000162 seconds
2017-03-21T01:25:58.599+0800: 2121.018: Total time for which application threads were stopped: 0.0000786 seconds, Stopping threads took: 0.0000204 seconds
2017-03-21T01:25:58.599+0800: 2121.019: Total time for which application threads were stopped: 0.0000790 seconds, Stopping threads took: 0.0000226 seconds
2017-03-21T01:25:58.603+0800: 2121.023: Total time for which application threads were stopped: 0.0000749 seconds, Stopping threads took: 0.0000115 seconds
2017-03-21T01:25:58.605+0800: 2121.024: Total time for which application threads were stopped: 0.0000599 seconds, Stopping threads took: 0.0000102 seconds
2017-03-21T01:25:58.621+0800: 2121.040: Total time for which application threads were stopped: 0.0001005 seconds, Stopping threads took: 0.0000221 seconds
2017-03-21T01:25:59.624+0800: 2122.044: Total time for which application threads were stopped: 0.0001474 seconds, Stopping threads took: 0.0000301 seconds
2017-03-21T01:26:01.599+0800: 2124.019: Total time for which application threads were stopped: 0.0001030 seconds, Stopping threads took: 0.0000186 seconds
2017-03-21T01:26:01.600+0800: 2124.019: Total time for which application threads were stopped: 0.0000823 seconds, Stopping threads took: 0.0000112 seconds
2017-03-21T01:26:01.611+0800: 2124.031: Total time for which application threads were stopped: 0.0000954 seconds, Stopping threads took: 0.0000186 seconds
2017-03-21T01:26:01.611+0800: 2124.031: Total time for which application threads were stopped: 0.0000454 seconds, Stopping threads took: 0.0000075 seconds
2017-03-21T01:26:01.611+0800: 2124.031: Total time for which application threads were stopped: 0.0000571 seconds, Stopping threads took: 0.0000105 seconds
2017-03-21T01:26:01.611+0800: 2124.031: Total time for which application threads were stopped: 0.0000429 seconds, Stopping threads took: 0.0000069 seconds
2017-03-21T01:26:01.611+0800: 2124.031: Total time for which application threads were stopped: 0.0000420 seconds, Stopping threads took: 0.0000066 seconds
2017-03-21T01:26:01.612+0800: 2124.032: Total time for which application threads were stopped: 0.0000470 seconds, Stopping threads took: 0.0000079 seconds
2017-03-21T01:26:01.612+0800: 2124.032: Total time for which application threads were stopped: 0.0000429 seconds, Stopping threads took: 0.0000070 seconds
2017-03-21T01:26:01.612+0800: 2124.032: Total time for which application threads were stopped: 0.0000417 seconds, Stopping threads took: 0.0000067 seconds
2017-03-21T01:26:01.612+0800: 2124.032: Total time for which application threads were stopped: 0.0001481 seconds, Stopping threads took: 0.0000065 seconds
2017-03-21T01:26:01.651+0800: 2124.071: Total time for which application threads were stopped: 0.0001064 seconds, Stopping threads took: 0.0000200 seconds
2017-03-21T01:26:01.651+0800: 2124.071: Total time for which application threads were stopped: 0.0000711 seconds, Stopping threads took: 0.0000252 seconds
2017-03-21T01:26:01.651+0800: 2124.071: Total time for which application threads were stopped: 0.0000694 seconds, Stopping threads took: 0.0000266 seconds
2017-03-21T01:26:01.651+0800: 2124.071: Total time for which application threads were stopped: 0.0000656 seconds, Stopping threads took: 0.0000230 seconds
2017-03-21T01:26:01.651+0800: 2124.071: Total time for which application threads were stopped: 0.0000645 seconds, Stopping threads took: 0.0000208 seconds
2017-03-21T01:26:01.652+0800: 2124.072: Total time for which application threads were stopped: 0.0000587 seconds, Stopping threads took: 0.0000099 seconds
2017-03-21T01:26:01.652+0800: 2124.072: Total time for which application threads were stopped: 0.0000484 seconds, Stopping threads took: 0.0000076 seconds
2017-03-21T01:26:01.657+0800: 2124.076: Total time for which application threads were stopped: 0.0001523 seconds, Stopping threads took: 0.0000418 seconds
2017-03-21T01:26:01.657+0800: 2124.076: Total time for which application threads were stopped: 0.0000971 seconds, Stopping threads took: 0.0000437 seconds
2017-03-21T01:26:05.672+0800: 2128.092: Total time for which application threads were stopped: 0.0001145 seconds, Stopping threads took: 0.0000216 seconds
2017-03-21T01:26:05.776+0800: 2128.196: Total time for which application threads were stopped: 0.0007970 seconds, Stopping threads took: 0.0006968 seconds
2017-03-21T01:26:05.778+0800: 2128.198: Total time for which application threads were stopped: 0.0009170 seconds, Stopping threads took: 0.0000484 seconds
2017-03-21T01:26:05.897+0800: 2128.317: Total time for which application threads were stopped: 0.0001768 seconds, Stopping threads took: 0.0000451 seconds
2017-03-21T01:26:05.897+0800: 2128.317: Total time for which application threads were stopped: 0.0001169 seconds, Stopping threads took: 0.0000661 seconds
2017-03-21T01:26:05.897+0800: 2128.317: Total time for which application threads were stopped: 0.0000823 seconds, Stopping threads took: 0.0000364 seconds
2017-03-21T01:26:05.898+0800: 2128.317: Total time for which application threads were stopped: 0.0000706 seconds, Stopping threads took: 0.0000239 seconds
2017-03-21T01:26:05.898+0800: 2128.318: Total time for which application threads were stopped: 0.0000844 seconds, Stopping threads took: 0.0000311 seconds
2017-03-21T01:26:05.898+0800: 2128.318: Total time for which application threads were stopped: 0.0000715 seconds, Stopping threads took: 0.0000127 seconds
2017-03-21T01:26:05.899+0800: 2128.318: Total time for which application threads were stopped: 0.0000525 seconds, Stopping threads took: 0.0000084 seconds
2017-03-21T01:26:05.899+0800: 2128.318: Total time for which application threads were stopped: 0.0000493 seconds, Stopping threads took: 0.0000077 seconds
2017-03-21T01:26:06.899+0800: 2129.319: Total time for which application threads were stopped: 0.0001294 seconds, Stopping threads took: 0.0000367 seconds
2017-03-21T01:26:08.904+0800: 2131.324: Total time for which application threads were stopped: 0.0001391 seconds, Stopping threads took: 0.0000240 seconds
2017-03-21T01:26:22.782+0800: 2145.203: Total time for which application threads were stopped: 0.0002913 seconds, Stopping threads took: 0.0000569 seconds
2017-03-21T01:26:23.787+0800: 2146.208: Total time for which application threads were stopped: 0.0001430 seconds, Stopping threads took: 0.0000300 seconds
2017-03-21T01:26:31.813+0800: 2154.233: Total time for which application threads were stopped: 0.0002399 seconds, Stopping threads took: 0.0000482 seconds
2017-03-21T01:26:40.428+0800: 2162.848: Total time for which application threads were stopped: 0.0002177 seconds, Stopping threads took: 0.0001034 seconds
2017-03-21T01:26:40.428+0800: 2162.848: Total time for which application threads were stopped: 0.0001158 seconds, Stopping threads took: 0.0000549 seconds
2017-03-21T01:26:40.435+0800: 2162.856: Total time for which application threads were stopped: 0.0001889 seconds, Stopping threads took: 0.0000499 seconds
2017-03-21T01:26:40.435+0800: 2162.856: Total time for which application threads were stopped: 0.0001084 seconds, Stopping threads took: 0.0000506 seconds
2017-03-21T01:26:41.436+0800: 2163.857: Total time for which application threads were stopped: 0.0003109 seconds, Stopping threads took: 0.0000657 seconds
2017-03-21T01:26:56.486+0800: 2178.907: Total time for which application threads were stopped: 0.0002406 seconds, Stopping threads took: 0.0000490 seconds
2017-03-21T01:27:04.144+0800: 2186.566: Total time for which application threads were stopped: 0.0001534 seconds, Stopping threads took: 0.0000390 seconds
2017-03-21T01:27:04.144+0800: 2186.566: Total time for which application threads were stopped: 0.0000965 seconds, Stopping threads took: 0.0000321 seconds
2017-03-21T01:27:04.150+0800: 2186.571: Total time for which application threads were stopped: 0.0001440 seconds, Stopping threads took: 0.0000301 seconds
2017-03-21T01:27:04.150+0800: 2186.572: Total time for which application threads were stopped: 0.0000826 seconds, Stopping threads took: 0.0000232 seconds
2017-03-21T01:27:05.154+0800: 2187.576: Total time for which application threads were stopped: 0.0001372 seconds, Stopping threads took: 0.0000288 seconds
2017-03-21T01:27:06.634+0800: 2189.056: Total time for which application threads were stopped: 0.0001630 seconds, Stopping threads took: 0.0000395 seconds
2017-03-21T01:27:06.634+0800: 2189.056: Total time for which application threads were stopped: 0.0000744 seconds, Stopping threads took: 0.0000215 seconds
2017-03-21T01:27:07.639+0800: 2190.060: Total time for which application threads were stopped: 0.0001282 seconds, Stopping threads took: 0.0000247 seconds
2017-03-21T01:27:07.807+0800: 2190.228: Total time for which application threads were stopped: 0.0004330 seconds, Stopping threads took: 0.0003162 seconds
2017-03-21T01:27:07.807+0800: 2190.228: Total time for which application threads were stopped: 0.0003838 seconds, Stopping threads took: 0.0003093 seconds
2017-03-21T01:27:07.837+0800: 2190.258: Total time for which application threads were stopped: 0.0001523 seconds, Stopping threads took: 0.0000192 seconds
2017-03-21T01:27:07.837+0800: 2190.258: Total time for which application threads were stopped: 0.0001638 seconds, Stopping threads took: 0.0000090 seconds
2017-03-21T01:27:29.904+0800: 2212.326: Total time for which application threads were stopped: 0.0001158 seconds, Stopping threads took: 0.0000237 seconds
2017-03-21T01:27:40.223+0800: 2222.645: Total time for which application threads were stopped: 0.0001244 seconds, Stopping threads took: 0.0000221 seconds
2017-03-21T01:27:40.230+0800: 2222.653: Total time for which application threads were stopped: 0.0001434 seconds, Stopping threads took: 0.0000397 seconds
2017-03-21T01:28:07.817+0800: 2250.240: Total time for which application threads were stopped: 0.0001448 seconds, Stopping threads took: 0.0000266 seconds
2017-03-21T01:28:19.855+0800: 2262.278: Total time for which application threads were stopped: 0.0001637 seconds, Stopping threads took: 0.0000269 seconds
2017-03-21T01:28:22.879+0800: 2265.302: Total time for which application threads were stopped: 0.0001564 seconds, Stopping threads took: 0.0000446 seconds
2017-03-21T01:28:22.879+0800: 2265.303: Total time for which application threads were stopped: 0.0000898 seconds, Stopping threads took: 0.0000282 seconds
2017-03-21T01:28:22.891+0800: 2265.314: Total time for which application threads were stopped: 0.0001484 seconds, Stopping threads took: 0.0000387 seconds
2017-03-21T01:28:22.891+0800: 2265.315: Total time for which application threads were stopped: 0.0000766 seconds, Stopping threads took: 0.0000212 seconds
2017-03-21T01:28:23.895+0800: 2266.319: Total time for which application threads were stopped: 0.0002566 seconds, Stopping threads took: 0.0000487 seconds
2017-03-21T01:28:25.900+0800: 2268.323: Total time for which application threads were stopped: 0.0002585 seconds, Stopping threads took: 0.0000550 seconds
2017-03-21T01:28:31.902+0800: 2274.326: Total time for which application threads were stopped: 0.0001521 seconds, Stopping threads took: 0.0000409 seconds
2017-03-21T01:28:31.902+0800: 2274.326: Total time for which application threads were stopped: 0.0000740 seconds, Stopping threads took: 0.0000195 seconds
2017-03-21T01:28:31.908+0800: 2274.332: Total time for which application threads were stopped: 0.0001808 seconds, Stopping threads took: 0.0000531 seconds
2017-03-21T01:28:31.908+0800: 2274.332: Total time for which application threads were stopped: 0.0000846 seconds, Stopping threads took: 0.0000255 seconds
2017-03-21T01:28:32.912+0800: 2275.336: Total time for which application threads were stopped: 0.0001521 seconds, Stopping threads took: 0.0000303 seconds
2017-03-21T01:29:10.891+0800: 2313.316: Total time for which application threads were stopped: 0.0001655 seconds, Stopping threads took: 0.0000447 seconds
2017-03-21T01:29:10.891+0800: 2313.316: Total time for which application threads were stopped: 0.0001009 seconds, Stopping threads took: 0.0000447 seconds
2017-03-21T01:29:13.362+0800: 2315.786: Total time for which application threads were stopped: 0.0001717 seconds, Stopping threads took: 0.0000465 seconds
2017-03-21T01:29:13.362+0800: 2315.787: Total time for which application threads were stopped: 0.0001975 seconds, Stopping threads took: 0.0000397 seconds
2017-03-21T01:29:14.366+0800: 2316.791: Total time for which application threads were stopped: 0.0002344 seconds, Stopping threads took: 0.0000467 seconds
2017-03-21T01:29:27.408+0800: 2329.833: Total time for which application threads were stopped: 0.0001668 seconds, Stopping threads took: 0.0000360 seconds
2017-03-21T01:29:34.469+0800: 2336.894: Total time for which application threads were stopped: 0.0007261 seconds, Stopping threads took: 0.0000217 seconds
2017-03-21T01:29:39.244+0800: 2341.670: Total time for which application threads were stopped: 0.0001192 seconds, Stopping threads took: 0.0000185 seconds
2017-03-21T01:29:39.285+0800: 2341.710: Total time for which application threads were stopped: 0.0001537 seconds, Stopping threads took: 0.0000219 seconds
2017-03-21T01:29:39.286+0800: 2341.712: Total time for which application threads were stopped: 0.0001074 seconds, Stopping threads took: 0.0000167 seconds
2017-03-21T01:29:39.286+0800: 2341.712: Total time for which application threads were stopped: 0.0000805 seconds, Stopping threads took: 0.0000184 seconds
2017-03-21T01:29:39.323+0800: 2341.748: Total time for which application threads were stopped: 0.0001333 seconds, Stopping threads took: 0.0000227 seconds
2017-03-21T01:29:39.324+0800: 2341.749: Total time for which application threads were stopped: 0.0001077 seconds, Stopping threads took: 0.0000181 seconds
2017-03-21T01:29:39.324+0800: 2341.750: Total time for which application threads were stopped: 0.0000737 seconds, Stopping threads took: 0.0000101 seconds
2017-03-21T01:29:53.980+0800: 2356.406: Total time for which application threads were stopped: 0.0001184 seconds, Stopping threads took: 0.0000220 seconds
2017-03-21T01:29:53.980+0800: 2356.406: Total time for which application threads were stopped: 0.0000745 seconds, Stopping threads took: 0.0000129 seconds
2017-03-21T01:29:53.980+0800: 2356.406: Total time for which application threads were stopped: 0.0000882 seconds, Stopping threads took: 0.0000349 seconds
2017-03-21T01:29:53.980+0800: 2356.411: Total time for which application threads were stopped: 0.0052698 seconds, Stopping threads took: 0.0000261 seconds
2017-03-21T01:29:54.990+0800: 2357.416: Total time for which application threads were stopped: 0.0002371 seconds, Stopping threads took: 0.0000482 seconds
2017-03-21T01:30:13.362+0800: 2375.789: Total time for which application threads were stopped: 0.0001055 seconds, Stopping threads took: 0.0000228 seconds
2017-03-21T01:32:39.816+0800: 2522.247: Total time for which application threads were stopped: 0.0002359 seconds, Stopping threads took: 0.0000466 seconds
2017-03-21T01:37:18.681+0800: 2801.119: Total time for which application threads were stopped: 0.0002746 seconds, Stopping threads took: 0.0000474 seconds
{Heap before GC invocations=40 (full 2):
 par new generation   total 109248K, used 109248K [0x00000007a0000000, 0x00000007a8000000, 0x00000007a8000000)
  eden space 87424K, 100% used [0x00000007a0000000, 0x00000007a5560000, 0x00000007a5560000)
  from space 21824K, 100% used [0x00000007a5560000, 0x00000007a6ab0000, 0x00000007a6ab0000)
  to   space 21824K,   0% used [0x00000007a6ab0000, 0x00000007a6ab0000, 0x00000007a8000000)
 concurrent mark-sweep generation total 393216K, used 98025K [0x00000007a8000000, 0x00000007c0000000, 0x00000007c0000000)
 Metaspace       used 41676K, capacity 42658K, committed 43152K, reserved 1087488K
  class space    used 4684K, capacity 4967K, committed 5064K, reserved 1048576K
2017-03-21T01:37:21.659+0800: 2804.097: [GC (Allocation Failure) 2017-03-21T01:37:21.659+0800: 2804.098: [ParNew
Desired survivor size 20112992 bytes, new threshold 8 (max 8)
- age   1:    6626248 bytes,    6626248 total
- age   2:      79600 bytes,    6705848 total
- age   3:    1162960 bytes,    7868808 total
- age   4:      60760 bytes,    7929568 total
- age   5:    1032024 bytes,    8961592 total
- age   6:    6459800 bytes,   15421392 total
- age   7:     603816 bytes,   16025208 total
- age   8:    3824504 bytes,   19849712 total
: 109248K->21824K(109248K), 0.0097094 secs] 207273K->125066K(502464K), 0.0103250 secs] [Times: user=0.03 sys=0.00, real=0.02 secs] 
Heap after GC invocations=41 (full 2):
 par new generation   total 109248K, used 21824K [0x00000007a0000000, 0x00000007a8000000, 0x00000007a8000000)
  eden space 87424K,   0% used [0x00000007a0000000, 0x00000007a0000000, 0x00000007a5560000)
  from space 21824K, 100% used [0x00000007a6ab0000, 0x00000007a8000000, 0x00000007a8000000)
  to   space 21824K,   0% used [0x00000007a5560000, 0x00000007a5560000, 0x00000007a6ab0000)
 concurrent mark-sweep generation total 393216K, used 103242K [0x00000007a8000000, 0x00000007c0000000, 0x00000007c0000000)
 Metaspace       used 41676K, capacity 42658K, committed 43152K, reserved 1087488K
  class space    used 4684K, capacity 4967K, committed 5064K, reserved 1048576K
}
2017-03-21T01:37:21.670+0800: 2804.108: Total time for which application threads were stopped: 0.0105293 seconds, Stopping threads took: 0.0000271 seconds
2017-03-21T01:37:21.670+0800: 2804.109: Total time for which application threads were stopped: 0.0001823 seconds, Stopping threads took: 0.0000480 seconds
2017-03-21T01:37:21.671+0800: 2804.109: Total time for which application threads were stopped: 0.0001394 seconds, Stopping threads took: 0.0000769 seconds
2017-03-21T01:37:21.676+0800: 2804.114: Total time for which application threads were stopped: 0.0001671 seconds, Stopping threads took: 0.0000568 seconds
2017-03-21T01:37:21.676+0800: 2804.114: Total time for which application threads were stopped: 0.0001013 seconds, Stopping threads took: 0.0000391 seconds
2017-03-21T01:37:22.681+0800: 2805.119: Total time for which application threads were stopped: 0.0002457 seconds, Stopping threads took: 0.0000471 seconds
2017-03-21T01:37:26.722+0800: 2809.161: Total time for which application threads were stopped: 0.0001192 seconds, Stopping threads took: 0.0000192 seconds
2017-03-21T01:37:26.722+0800: 2809.161: Total time for which application threads were stopped: 0.0000541 seconds, Stopping threads took: 0.0000080 seconds
2017-03-21T01:38:26.734+0800: 2869.174: Total time for which application threads were stopped: 0.0001310 seconds, Stopping threads took: 0.0000253 seconds
2017-03-21T01:38:32.456+0800: 2874.896: Total time for which application threads were stopped: 0.0003002 seconds, Stopping threads took: 0.0000459 seconds
2017-03-21T01:38:32.457+0800: 2874.897: Total time for which application threads were stopped: 0.0001571 seconds, Stopping threads took: 0.0000596 seconds
2017-03-21T01:38:32.457+0800: 2874.897: Total time for which application threads were stopped: 0.0001180 seconds, Stopping threads took: 0.0000521 seconds
2017-03-21T01:38:32.457+0800: 2874.897: Total time for which application threads were stopped: 0.0001615 seconds, Stopping threads took: 0.0000972 seconds
2017-03-21T01:38:32.457+0800: 2874.898: Total time for which application threads were stopped: 0.0001432 seconds, Stopping threads took: 0.0000843 seconds
2017-03-21T01:38:32.458+0800: 2874.898: Total time for which application threads were stopped: 0.0001300 seconds, Stopping threads took: 0.0000750 seconds
2017-03-21T01:38:33.459+0800: 2875.899: Total time for which application threads were stopped: 0.0001604 seconds, Stopping threads took: 0.0000327 seconds
2017-03-21T01:38:35.401+0800: 2877.841: Total time for which application threads were stopped: 0.0001560 seconds, Stopping threads took: 0.0000372 seconds
2017-03-21T01:38:35.401+0800: 2877.841: Total time for which application threads were stopped: 0.0000882 seconds, Stopping threads took: 0.0000226 seconds
2017-03-21T01:38:36.404+0800: 2878.845: Total time for which application threads were stopped: 0.0001082 seconds, Stopping threads took: 0.0000241 seconds
2017-03-21T01:39:01.449+0800: 2903.890: Total time for which application threads were stopped: 0.0001820 seconds, Stopping threads took: 0.0000412 seconds
2017-03-21T01:39:01.449+0800: 2903.890: Total time for which application threads were stopped: 0.0000912 seconds, Stopping threads took: 0.0000282 seconds
2017-03-21T01:39:15.972+0800: 2918.414: Total time for which application threads were stopped: 0.0001562 seconds, Stopping threads took: 0.0000397 seconds
2017-03-21T01:39:15.979+0800: 2918.420: Total time for which application threads were stopped: 0.0001728 seconds, Stopping threads took: 0.0000470 seconds
2017-03-21T01:39:15.985+0800: 2918.426: Total time for which application threads were stopped: 0.0001743 seconds, Stopping threads took: 0.0000387 seconds
2017-03-21T01:39:15.985+0800: 2918.427: Total time for which application threads were stopped: 0.0001012 seconds, Stopping threads took: 0.0000392 seconds
2017-03-21T01:39:20.705+0800: 2923.146: Total time for which application threads were stopped: 0.0001617 seconds, Stopping threads took: 0.0000422 seconds
2017-03-21T01:39:20.705+0800: 2923.146: Total time for which application threads were stopped: 0.0000927 seconds, Stopping threads took: 0.0000208 seconds
2017-03-21T01:39:22.662+0800: 2925.104: Total time for which application threads were stopped: 0.0001653 seconds, Stopping threads took: 0.0000481 seconds
2017-03-21T01:39:22.662+0800: 2925.104: Total time for which application threads were stopped: 0.0001214 seconds, Stopping threads took: 0.0000601 seconds
2017-03-21T01:40:22.663+0800: 2985.106: Total time for which application threads were stopped: 0.0001995 seconds, Stopping threads took: 0.0000812 seconds
2017-03-21T01:43:31.248+0800: 3173.696: Total time for which application threads were stopped: 0.0001249 seconds, Stopping threads took: 0.0000345 seconds
2017-03-21T01:43:31.248+0800: 3173.696: Total time for which application threads were stopped: 0.0000530 seconds, Stopping threads took: 0.0000077 seconds
2017-03-21T01:43:32.253+0800: 3174.701: Total time for which application threads were stopped: 0.0002547 seconds, Stopping threads took: 0.0000462 seconds
2017-03-21T01:43:52.327+0800: 3194.776: Total time for which application threads were stopped: 0.0002389 seconds, Stopping threads took: 0.0000452 seconds
2017-03-21T01:43:57.349+0800: 3199.798: Total time for which application threads were stopped: 0.0002360 seconds, Stopping threads took: 0.0000476 seconds
2017-03-21T01:44:03.359+0800: 3205.808: Total time for which application threads were stopped: 0.0002457 seconds, Stopping threads took: 0.0000525 seconds
2017-03-21T01:44:14.398+0800: 3216.848: Total time for which application threads were stopped: 0.0001546 seconds, Stopping threads took: 0.0000296 seconds
2017-03-21T01:44:21.419+0800: 3223.869: Total time for which application threads were stopped: 0.0001193 seconds, Stopping threads took: 0.0000272 seconds
2017-03-21T01:44:22.419+0800: 3224.869: Total time for which application threads were stopped: 0.0001329 seconds, Stopping threads took: 0.0000272 seconds
2017-03-21T01:44:50.668+0800: 3253.119: Total time for which application threads were stopped: 0.0001137 seconds, Stopping threads took: 0.0000211 seconds
{Heap before GC invocations=41 (full 2):
 par new generation   total 109248K, used 109219K [0x00000007a0000000, 0x00000007a8000000, 0x00000007a8000000)
  eden space 87424K,  99% used [0x00000007a0000000, 0x00000007a5558f98, 0x00000007a5560000)
  from space 21824K, 100% used [0x00000007a6ab0000, 0x00000007a8000000, 0x00000007a8000000)
  to   space 21824K,   0% used [0x00000007a5560000, 0x00000007a5560000, 0x00000007a6ab0000)
 concurrent mark-sweep generation total 393216K, used 103242K [0x00000007a8000000, 0x00000007c0000000, 0x00000007c0000000)
 Metaspace       used 41811K, capacity 42786K, committed 43152K, reserved 1087488K
  class space    used 4688K, capacity 4967K, committed 5064K, reserved 1048576K
2017-03-21T01:44:50.722+0800: 3253.172: [GC (Allocation Failure) 2017-03-21T01:44:50.722+0800: 3253.172: [ParNew
Desired survivor size 20112992 bytes, new threshold 8 (max 8)
- age   1:    1623928 bytes,    1623928 total
- age   2:    6371024 bytes,    7994952 total
- age   3:      79600 bytes,    8074552 total
- age   4:    1149024 bytes,    9223576 total
- age   5:      60760 bytes,    9284336 total
- age   6:    1002000 bytes,   10286336 total
- age   7:    6300472 bytes,   16586808 total
- age   8:     603616 bytes,   17190424 total
: 109219K->21824K(109248K), 0.0083871 secs] 212462K->129196K(502464K), 0.0084847 secs] [Times: user=0.03 sys=0.00, real=0.01 secs] 
Heap after GC invocations=42 (full 2):
 par new generation   total 109248K, used 21824K [0x00000007a0000000, 0x00000007a8000000, 0x00000007a8000000)
  eden space 87424K,   0% used [0x00000007a0000000, 0x00000007a0000000, 0x00000007a5560000)
  from space 21824K, 100% used [0x00000007a5560000, 0x00000007a6ab0000, 0x00000007a6ab0000)
  to   space 21824K,   0% used [0x00000007a6ab0000, 0x00000007a6ab0000, 0x00000007a8000000)
 concurrent mark-sweep generation total 393216K, used 107372K [0x00000007a8000000, 0x00000007c0000000, 0x00000007c0000000)
 Metaspace       used 41811K, capacity 42786K, committed 43152K, reserved 1087488K
  class space    used 4688K, capacity 4967K, committed 5064K, reserved 1048576K
}
2017-03-21T01:44:50.730+0800: 3253.181: Total time for which application threads were stopped: 0.0087124 seconds, Stopping threads took: 0.0000279 seconds
{Heap before GC invocations=42 (full 2):
 par new generation   total 109248K, used 109248K [0x00000007a0000000, 0x00000007a8000000, 0x00000007a8000000)
  eden space 87424K, 100% used [0x00000007a0000000, 0x00000007a5560000, 0x00000007a5560000)
  from space 21824K, 100% used [0x00000007a5560000, 0x00000007a6ab0000, 0x00000007a6ab0000)
  to   space 21824K,   0% used [0x00000007a6ab0000, 0x00000007a6ab0000, 0x00000007a8000000)
 concurrent mark-sweep generation total 393216K, used 107372K [0x00000007a8000000, 0x00000007c0000000, 0x00000007c0000000)
 Metaspace       used 41811K, capacity 42786K, committed 43152K, reserved 1087488K
  class space    used 4688K, capacity 4967K, committed 5064K, reserved 1048576K
2017-03-21T01:44:50.785+0800: 3253.235: [GC (Allocation Failure) 2017-03-21T01:44:50.785+0800: 3253.235: [ParNew
Desired survivor size 20112992 bytes, new threshold 8 (max 8)
- age   1:     319136 bytes,     319136 total
- age   2:    1403368 bytes,    1722504 total
- age   3:    6369544 bytes,    8092048 total
- age   4:      79600 bytes,    8171648 total
- age   5:    1149024 bytes,    9320672 total
- age   6:      60760 bytes,    9381432 total
- age   7:    1001208 bytes,   10382640 total
- age   8:    6299560 bytes,   16682200 total
: 109248K->20076K(109248K), 0.0063387 secs] 216620K->128038K(502464K), 0.0064091 secs] [Times: user=0.03 sys=0.00, real=0.01 secs] 
Heap after GC invocations=43 (full 2):
 par new generation   total 109248K, used 20076K [0x00000007a0000000, 0x00000007a8000000, 0x00000007a8000000)
  eden space 87424K,   0% used [0x00000007a0000000, 0x00000007a0000000, 0x00000007a5560000)
  from space 21824K,  91% used [0x00000007a6ab0000, 0x00000007a7e4b0a0, 0x00000007a8000000)
  to   space 21824K,   0% used [0x00000007a5560000, 0x00000007a5560000, 0x00000007a6ab0000)
 concurrent mark-sweep generation total 393216K, used 107962K [0x00000007a8000000, 0x00000007c0000000, 0x00000007c0000000)
 Metaspace       used 41811K, capacity 42786K, committed 43152K, reserved 1087488K
  class space    used 4688K, capacity 4967K, committed 5064K, reserved 1048576K
}
2017-03-21T01:44:50.791+0800: 3253.242: Total time for which application threads were stopped: 0.0066143 seconds, Stopping threads took: 0.0000226 seconds
2017-03-21T01:44:50.832+0800: 3253.283: Total time for which application threads were stopped: 0.0001500 seconds, Stopping threads took: 0.0000347 seconds
2017-03-21T01:44:51.421+0800: 3253.872: Total time for which application threads were stopped: 0.0002599 seconds, Stopping threads took: 0.0000808 seconds
2017-03-21T01:44:51.422+0800: 3253.873: Total time for which application threads were stopped: 0.0001049 seconds, Stopping threads took: 0.0000149 seconds
2017-03-21T01:44:51.422+0800: 3253.873: Total time for which application threads were stopped: 0.0000744 seconds, Stopping threads took: 0.0000098 seconds
2017-03-21T01:44:51.422+0800: 3253.873: Total time for which application threads were stopped: 0.0000896 seconds, Stopping threads took: 0.0000140 seconds
2017-03-21T01:44:51.423+0800: 3253.873: Total time for which application threads were stopped: 0.0000860 seconds, Stopping threads took: 0.0000122 seconds
2017-03-21T01:44:51.423+0800: 3253.873: Total time for which application threads were stopped: 0.0000879 seconds, Stopping threads took: 0.0000138 seconds
2017-03-21T01:44:51.423+0800: 3253.873: Total time for which application threads were stopped: 0.0000737 seconds, Stopping threads took: 0.0000098 seconds
2017-03-21T01:44:51.423+0800: 3253.873: Total time for which application threads were stopped: 0.0000718 seconds, Stopping threads took: 0.0000093 seconds
2017-03-21T01:44:51.423+0800: 3253.874: Total time for which application threads were stopped: 0.0000716 seconds, Stopping threads took: 0.0000094 seconds
2017-03-21T01:44:51.423+0800: 3253.874: Total time for which application threads were stopped: 0.0000719 seconds, Stopping threads took: 0.0000094 seconds
2017-03-21T01:44:51.423+0800: 3253.874: Total time for which application threads were stopped: 0.0000714 seconds, Stopping threads took: 0.0000093 seconds
2017-03-21T01:44:51.423+0800: 3253.874: Total time for which application threads were stopped: 0.0000713 seconds, Stopping threads took: 0.0000091 seconds
2017-03-21T01:44:51.434+0800: 3253.884: Total time for which application threads were stopped: 0.0001277 seconds, Stopping threads took: 0.0000210 seconds
2017-03-21T01:44:51.434+0800: 3253.885: Total time for which application threads were stopped: 0.0000567 seconds, Stopping threads took: 0.0000075 seconds
2017-03-21T01:44:51.434+0800: 3253.885: Total time for which application threads were stopped: 0.0000545 seconds, Stopping threads took: 0.0000068 seconds
2017-03-21T01:44:51.434+0800: 3253.885: Total time for which application threads were stopped: 0.0000542 seconds, Stopping threads took: 0.0000073 seconds
2017-03-21T01:44:51.434+0800: 3253.885: Total time for which application threads were stopped: 0.0000544 seconds, Stopping threads took: 0.0000070 seconds
2017-03-21T01:44:51.434+0800: 3253.885: Total time for which application threads were stopped: 0.0000540 seconds, Stopping threads took: 0.0000070 seconds
2017-03-21T01:44:51.434+0800: 3253.885: Total time for which application threads were stopped: 0.0000541 seconds, Stopping threads took: 0.0000070 seconds
2017-03-21T01:44:51.435+0800: 3253.885: Total time for which application threads were stopped: 0.0000539 seconds, Stopping threads took: 0.0000069 seconds
2017-03-21T01:44:51.435+0800: 3253.885: Total time for which application threads were stopped: 0.0000549 seconds, Stopping threads took: 0.0000073 seconds
2017-03-21T01:44:51.435+0800: 3253.885: Total time for which application threads were stopped: 0.0000542 seconds, Stopping threads took: 0.0000071 seconds
2017-03-21T01:44:51.435+0800: 3253.885: Total time for which application threads were stopped: 0.0000539 seconds, Stopping threads took: 0.0000070 seconds
2017-03-21T01:44:51.435+0800: 3253.885: Total time for which application threads were stopped: 0.0000538 seconds, Stopping threads took: 0.0000069 seconds
2017-03-21T01:44:51.435+0800: 3253.886: Total time for which application threads were stopped: 0.0000539 seconds, Stopping threads took: 0.0000070 seconds
2017-03-21T01:44:51.435+0800: 3253.886: Total time for which application threads were stopped: 0.0000540 seconds, Stopping threads took: 0.0000070 seconds
2017-03-21T01:44:51.435+0800: 3253.886: Total time for which application threads were stopped: 0.0000539 seconds, Stopping threads took: 0.0000070 seconds
2017-03-21T01:44:51.435+0800: 3253.886: Total time for which application threads were stopped: 0.0000665 seconds, Stopping threads took: 0.0000107 seconds
2017-03-21T01:44:51.435+0800: 3253.886: Total time for which application threads were stopped: 0.0000487 seconds, Stopping threads took: 0.0000063 seconds
2017-03-21T01:44:51.435+0800: 3253.886: Total time for which application threads were stopped: 0.0000488 seconds, Stopping threads took: 0.0000063 seconds
2017-03-21T01:44:51.435+0800: 3253.886: Total time for which application threads were stopped: 0.0000486 seconds, Stopping threads took: 0.0000063 seconds
2017-03-21T01:44:51.436+0800: 3253.886: Total time for which application threads were stopped: 0.0001337 seconds, Stopping threads took: 0.0000063 seconds
2017-03-21T01:44:51.437+0800: 3253.888: Total time for which application threads were stopped: 0.0000711 seconds, Stopping threads took: 0.0000099 seconds
2017-03-21T01:44:51.437+0800: 3253.888: Total time for which application threads were stopped: 0.0000652 seconds, Stopping threads took: 0.0000114 seconds
2017-03-21T01:44:51.451+0800: 3253.902: Total time for which application threads were stopped: 0.0002014 seconds, Stopping threads took: 0.0000522 seconds
2017-03-21T01:44:51.451+0800: 3253.902: Total time for which application threads were stopped: 0.0001190 seconds, Stopping threads took: 0.0000471 seconds
2017-03-21T01:44:51.452+0800: 3253.902: Total time for which application threads were stopped: 0.0001436 seconds, Stopping threads took: 0.0000612 seconds
2017-03-21T01:44:51.452+0800: 3253.902: Total time for which application threads were stopped: 0.0001294 seconds, Stopping threads took: 0.0000549 seconds
2017-03-21T01:44:51.452+0800: 3253.903: Total time for which application threads were stopped: 0.0000912 seconds, Stopping threads took: 0.0000209 seconds
2017-03-21T01:44:51.452+0800: 3253.903: Total time for which application threads were stopped: 0.0001216 seconds, Stopping threads took: 0.0000114 seconds
2017-03-21T01:44:51.452+0800: 3253.903: Total time for which application threads were stopped: 0.0000704 seconds, Stopping threads took: 0.0000076 seconds
2017-03-21T01:44:51.453+0800: 3253.903: Total time for which application threads were stopped: 0.0001388 seconds, Stopping threads took: 0.0000101 seconds
2017-03-21T01:44:51.453+0800: 3253.903: Total time for which application threads were stopped: 0.0001003 seconds, Stopping threads took: 0.0000206 seconds
2017-03-21T01:44:51.453+0800: 3253.903: Total time for which application threads were stopped: 0.0000944 seconds, Stopping threads took: 0.0000120 seconds
2017-03-21T01:44:51.453+0800: 3253.904: Total time for which application threads were stopped: 0.0000737 seconds, Stopping threads took: 0.0000092 seconds
2017-03-21T01:44:51.453+0800: 3253.904: Total time for which application threads were stopped: 0.0000866 seconds, Stopping threads took: 0.0000249 seconds
2017-03-21T01:44:51.454+0800: 3253.904: Total time for which application threads were stopped: 0.0001609 seconds, Stopping threads took: 0.0000091 seconds
2017-03-21T01:44:51.454+0800: 3253.904: Total time for which application threads were stopped: 0.0000905 seconds, Stopping threads took: 0.0000252 seconds
2017-03-21T01:44:51.454+0800: 3253.904: Total time for which application threads were stopped: 0.0000732 seconds, Stopping threads took: 0.0000085 seconds
2017-03-21T01:44:51.454+0800: 3253.905: Total time for which application threads were stopped: 0.0000878 seconds, Stopping threads took: 0.0000273 seconds
2017-03-21T01:44:51.460+0800: 3253.911: Total time for which application threads were stopped: 0.0000738 seconds, Stopping threads took: 0.0000124 seconds
2017-03-21T01:44:51.462+0800: 3253.912: Total time for which application threads were stopped: 0.0001576 seconds, Stopping threads took: 0.0000232 seconds
2017-03-21T01:44:51.499+0800: 3253.950: Total time for which application threads were stopped: 0.0001206 seconds, Stopping threads took: 0.0000307 seconds
2017-03-21T01:44:52.500+0800: 3254.950: Total time for which application threads were stopped: 0.0002696 seconds, Stopping threads took: 0.0000471 seconds
2017-03-21T01:44:54.056+0800: 3256.507: Total time for which application threads were stopped: 0.0001266 seconds, Stopping threads took: 0.0000191 seconds
2017-03-21T01:44:54.120+0800: 3256.570: Total time for which application threads were stopped: 0.0001877 seconds, Stopping threads took: 0.0000527 seconds
2017-03-21T01:44:54.120+0800: 3256.571: Total time for which application threads were stopped: 0.0000901 seconds, Stopping threads took: 0.0000256 seconds
2017-03-21T01:44:54.166+0800: 3256.616: Total time for which application threads were stopped: 0.0001341 seconds, Stopping threads took: 0.0000219 seconds
2017-03-21T01:44:54.166+0800: 3256.616: Total time for which application threads were stopped: 0.0000784 seconds, Stopping threads took: 0.0000123 seconds
2017-03-21T01:44:54.166+0800: 3256.617: Total time for which application threads were stopped: 0.0000630 seconds, Stopping threads took: 0.0000173 seconds
2017-03-21T01:44:54.166+0800: 3256.617: Total time for which application threads were stopped: 0.0001104 seconds, Stopping threads took: 0.0000320 seconds
2017-03-21T01:44:54.166+0800: 3256.617: Total time for which application threads were stopped: 0.0000742 seconds, Stopping threads took: 0.0000132 seconds
2017-03-21T01:44:54.167+0800: 3256.617: Total time for which application threads were stopped: 0.0000736 seconds, Stopping threads took: 0.0000123 seconds
2017-03-21T01:44:54.167+0800: 3256.618: Total time for which application threads were stopped: 0.0000568 seconds, Stopping threads took: 0.0000088 seconds
2017-03-21T01:44:54.167+0800: 3256.618: Total time for which application threads were stopped: 0.0001291 seconds, Stopping threads took: 0.0000831 seconds
2017-03-21T01:44:54.167+0800: 3256.618: Total time for which application threads were stopped: 0.0000540 seconds, Stopping threads took: 0.0000081 seconds
2017-03-21T01:44:54.167+0800: 3256.618: Total time for which application threads were stopped: 0.0000526 seconds, Stopping threads took: 0.0000080 seconds
2017-03-21T01:44:54.168+0800: 3256.618: Total time for which application threads were stopped: 0.0001445 seconds, Stopping threads took: 0.0000087 seconds
2017-03-21T01:44:54.173+0800: 3256.623: Total time for which application threads were stopped: 0.0001512 seconds, Stopping threads took: 0.0000361 seconds
2017-03-21T01:44:54.173+0800: 3256.623: Total time for which application threads were stopped: 0.0000912 seconds, Stopping threads took: 0.0000255 seconds
2017-03-21T01:44:54.180+0800: 3256.630: Total time for which application threads were stopped: 0.0001734 seconds, Stopping threads took: 0.0000612 seconds
2017-03-21T01:44:54.180+0800: 3256.630: Total time for which application threads were stopped: 0.0002181 seconds, Stopping threads took: 0.0000271 seconds
2017-03-21T01:44:55.183+0800: 3257.633: Total time for which application threads were stopped: 0.0002813 seconds, Stopping threads took: 0.0000546 seconds
2017-03-21T01:44:56.407+0800: 3258.858: Total time for which application threads were stopped: 0.0001758 seconds, Stopping threads took: 0.0000571 seconds
2017-03-21T01:44:56.407+0800: 3258.858: Total time for which application threads were stopped: 0.0001078 seconds, Stopping threads took: 0.0000115 seconds
2017-03-21T01:44:56.407+0800: 3258.858: Total time for which application threads were stopped: 0.0000725 seconds, Stopping threads took: 0.0000230 seconds
2017-03-21T01:44:56.408+0800: 3258.859: Total time for which application threads were stopped: 0.0000672 seconds, Stopping threads took: 0.0000104 seconds
2017-03-21T01:44:56.408+0800: 3258.859: Total time for which application threads were stopped: 0.0000594 seconds, Stopping threads took: 0.0000083 seconds
2017-03-21T01:44:56.413+0800: 3258.864: Total time for which application threads were stopped: 0.0001656 seconds, Stopping threads took: 0.0000510 seconds
2017-03-21T01:44:56.413+0800: 3258.864: Total time for which application threads were stopped: 0.0001008 seconds, Stopping threads took: 0.0000276 seconds
2017-03-21T01:44:57.416+0800: 3259.867: Total time for which application threads were stopped: 0.0003357 seconds, Stopping threads took: 0.0000532 seconds
2017-03-21T01:44:59.677+0800: 3262.128: Total time for which application threads were stopped: 0.0001336 seconds, Stopping threads took: 0.0000182 seconds
2017-03-21T01:44:59.683+0800: 3262.134: Total time for which application threads were stopped: 0.0001819 seconds, Stopping threads took: 0.0000741 seconds
2017-03-21T01:45:00.685+0800: 3263.136: Total time for which application threads were stopped: 0.0001524 seconds, Stopping threads took: 0.0000320 seconds
2017-03-21T01:45:59.684+0800: 3322.137: Total time for which application threads were stopped: 0.0001391 seconds, Stopping threads took: 0.0000285 seconds
2017-03-21T01:46:43.814+0800: 3366.268: Total time for which application threads were stopped: 0.0002520 seconds, Stopping threads took: 0.0000471 seconds
2017-03-21T01:47:26.537+0800: 3408.992: Total time for which application threads were stopped: 0.0001181 seconds, Stopping threads took: 0.0000203 seconds
2017-03-21T01:47:26.537+0800: 3408.992: Total time for which application threads were stopped: 0.0000733 seconds, Stopping threads took: 0.0000112 seconds
2017-03-21T01:47:26.537+0800: 3408.992: Total time for which application threads were stopped: 0.0000492 seconds, Stopping threads took: 0.0000067 seconds
2017-03-21T01:47:26.539+0800: 3408.994: Total time for which application threads were stopped: 0.0000881 seconds, Stopping threads took: 0.0000142 seconds
2017-03-21T01:47:26.539+0800: 3408.994: Total time for which application threads were stopped: 0.0000641 seconds, Stopping threads took: 0.0000103 seconds
2017-03-21T01:47:26.539+0800: 3408.994: Total time for which application threads were stopped: 0.0000486 seconds, Stopping threads took: 0.0000067 seconds
2017-03-21T01:47:26.540+0800: 3408.995: Total time for which application threads were stopped: 0.0000550 seconds, Stopping threads took: 0.0000083 seconds
2017-03-21T01:47:26.540+0800: 3408.995: Total time for which application threads were stopped: 0.0000509 seconds, Stopping threads took: 0.0000073 seconds
2017-03-21T01:47:26.540+0800: 3408.995: Total time for which application threads were stopped: 0.0000563 seconds, Stopping threads took: 0.0000085 seconds
2017-03-21T01:47:26.540+0800: 3408.995: Total time for which application threads were stopped: 0.0000561 seconds, Stopping threads took: 0.0000087 seconds
2017-03-21T01:47:26.540+0800: 3408.995: Total time for which application threads were stopped: 0.0000490 seconds, Stopping threads took: 0.0000069 seconds
2017-03-21T01:47:26.541+0800: 3408.996: Total time for which application threads were stopped: 0.0000591 seconds, Stopping threads took: 0.0000079 seconds
2017-03-21T01:47:26.545+0800: 3408.999: Total time for which application threads were stopped: 0.0006597 seconds, Stopping threads took: 0.0000138 seconds
2017-03-21T01:47:26.556+0800: 3409.011: Total time for which application threads were stopped: 0.0004970 seconds, Stopping threads took: 0.0000347 seconds
2017-03-21T01:47:26.557+0800: 3409.012: Total time for which application threads were stopped: 0.0000924 seconds, Stopping threads took: 0.0000296 seconds
2017-03-21T01:47:26.558+0800: 3409.013: Total time for which application threads were stopped: 0.0001045 seconds, Stopping threads took: 0.0000259 seconds
2017-03-21T01:47:26.560+0800: 3409.014: Total time for which application threads were stopped: 0.0000947 seconds, Stopping threads took: 0.0000272 seconds
2017-03-21T01:47:26.561+0800: 3409.016: Total time for which application threads were stopped: 0.0000913 seconds, Stopping threads took: 0.0000120 seconds
2017-03-21T01:47:26.562+0800: 3409.016: Total time for which application threads were stopped: 0.0000601 seconds, Stopping threads took: 0.0000085 seconds
2017-03-21T01:47:26.562+0800: 3409.016: Total time for which application threads were stopped: 0.0000513 seconds, Stopping threads took: 0.0000071 seconds
2017-03-21T01:47:26.562+0800: 3409.017: Total time for which application threads were stopped: 0.0001372 seconds, Stopping threads took: 0.0000064 seconds
2017-03-21T01:47:26.562+0800: 3409.017: Total time for which application threads were stopped: 0.0000571 seconds, Stopping threads took: 0.0000087 seconds
2017-03-21T01:47:26.562+0800: 3409.017: Total time for which application threads were stopped: 0.0000562 seconds, Stopping threads took: 0.0000092 seconds
2017-03-21T01:47:27.568+0800: 3410.022: Total time for which application threads were stopped: 0.0002622 seconds, Stopping threads took: 0.0000467 seconds
2017-03-21T01:47:33.583+0800: 3416.038: Total time for which application threads were stopped: 0.0001489 seconds, Stopping threads took: 0.0000285 seconds
2017-03-21T01:47:43.076+0800: 3425.531: Total time for which application threads were stopped: 0.0001244 seconds, Stopping threads took: 0.0000201 seconds
2017-03-21T01:47:43.077+0800: 3425.532: Total time for which application threads were stopped: 0.0001489 seconds, Stopping threads took: 0.0000112 seconds
2017-03-21T01:47:43.079+0800: 3425.534: Total time for which application threads were stopped: 0.0002519 seconds, Stopping threads took: 0.0000506 seconds
2017-03-21T01:47:43.079+0800: 3425.535: Total time for which application threads were stopped: 0.0000750 seconds, Stopping threads took: 0.0000105 seconds
2017-03-21T01:47:43.080+0800: 3425.536: Total time for which application threads were stopped: 0.0001249 seconds, Stopping threads took: 0.0000502 seconds
2017-03-21T01:47:43.081+0800: 3425.536: Total time for which application threads were stopped: 0.0001333 seconds, Stopping threads took: 0.0000521 seconds
2017-03-21T01:47:43.082+0800: 3425.537: Total time for which application threads were stopped: 0.0001400 seconds, Stopping threads took: 0.0000128 seconds
2017-03-21T01:47:43.082+0800: 3425.538: Total time for which application threads were stopped: 0.0001187 seconds, Stopping threads took: 0.0000298 seconds
2017-03-21T01:47:43.083+0800: 3425.538: Total time for which application threads were stopped: 0.0000957 seconds, Stopping threads took: 0.0000139 seconds
2017-03-21T01:47:43.084+0800: 3425.539: Total time for which application threads were stopped: 0.0000997 seconds, Stopping threads took: 0.0000167 seconds
2017-03-21T01:47:43.085+0800: 3425.541: Total time for which application threads were stopped: 0.0001441 seconds, Stopping threads took: 0.0000358 seconds
2017-03-21T01:47:43.086+0800: 3425.541: Total time for which application threads were stopped: 0.0001424 seconds, Stopping threads took: 0.0000650 seconds
2017-03-21T01:47:43.087+0800: 3425.542: Total time for which application threads were stopped: 0.0001191 seconds, Stopping threads took: 0.0000380 seconds
2017-03-21T01:47:43.087+0800: 3425.543: Total time for which application threads were stopped: 0.0001674 seconds, Stopping threads took: 0.0000352 seconds
2017-03-21T01:47:43.088+0800: 3425.543: Total time for which application threads were stopped: 0.0001134 seconds, Stopping threads took: 0.0000136 seconds
2017-03-21T01:47:43.089+0800: 3425.544: Total time for which application threads were stopped: 0.0001284 seconds, Stopping threads took: 0.0000296 seconds
2017-03-21T01:47:43.089+0800: 3425.544: Total time for which application threads were stopped: 0.0001205 seconds, Stopping threads took: 0.0000473 seconds
2017-03-21T01:47:43.090+0800: 3425.545: Total time for which application threads were stopped: 0.0001401 seconds, Stopping threads took: 0.0000403 seconds
2017-03-21T01:47:43.092+0800: 3425.547: Total time for which application threads were stopped: 0.0001756 seconds, Stopping threads took: 0.0000457 seconds
2017-03-21T01:47:43.093+0800: 3425.548: Total time for which application threads were stopped: 0.0001301 seconds, Stopping threads took: 0.0000166 seconds
2017-03-21T01:47:43.093+0800: 3425.548: Total time for which application threads were stopped: 0.0000996 seconds, Stopping threads took: 0.0000135 seconds
2017-03-21T01:47:43.093+0800: 3425.549: Total time for which application threads were stopped: 0.0002077 seconds, Stopping threads took: 0.0000355 seconds
{Heap before GC invocations=43 (full 2):
 par new generation   total 109248K, used 107494K [0x00000007a0000000, 0x00000007a8000000, 0x00000007a8000000)
  eden space 87424K,  99% used [0x00000007a0000000, 0x00000007a555e960, 0x00000007a5560000)
  from space 21824K,  91% used [0x00000007a6ab0000, 0x00000007a7e4b0a0, 0x00000007a8000000)
  to   space 21824K,   0% used [0x00000007a5560000, 0x00000007a5560000, 0x00000007a6ab0000)
 concurrent mark-sweep generation total 393216K, used 107962K [0x00000007a8000000, 0x00000007c0000000, 0x00000007c0000000)
 Metaspace       used 42045K, capacity 42978K, committed 43408K, reserved 1087488K
  class space    used 4703K, capacity 4967K, committed 5064K, reserved 1048576K
2017-03-21T01:47:43.477+0800: 3425.932: [GC (Allocation Failure) 2017-03-21T01:47:43.477+0800: 3425.932: [ParNew
Desired survivor size 20112992 bytes, new threshold 8 (max 8)
- age   1:    9052824 bytes,    9052824 total
- age   2:     147160 bytes,    9199984 total
- age   3:    1106680 bytes,   10306664 total
- age   4:    6042632 bytes,   16349296 total
- age   5:      79600 bytes,   16428896 total
- age   6:    1139808 bytes,   17568704 total
- age   7:      60760 bytes,   17629464 total
- age   8:    1001208 bytes,   18630672 total
: 107494K->21398K(109248K), 0.0088820 secs] 215456K->135518K(502464K), 0.0089739 secs] [Times: user=0.03 sys=0.00, real=0.01 secs] 
Heap after GC invocations=44 (full 2):
 par new generation   total 109248K, used 21398K [0x00000007a0000000, 0x00000007a8000000, 0x00000007a8000000)
  eden space 87424K,   0% used [0x00000007a0000000, 0x00000007a0000000, 0x00000007a5560000)
  from space 21824K,  98% used [0x00000007a5560000, 0x00000007a6a45a68, 0x00000007a6ab0000)
  to   space 21824K,   0% used [0x00000007a6ab0000, 0x00000007a6ab0000, 0x00000007a8000000)
 concurrent mark-sweep generation total 393216K, used 114119K [0x00000007a8000000, 0x00000007c0000000, 0x00000007c0000000)
 Metaspace       used 42045K, capacity 42978K, committed 43408K, reserved 1087488K
  class space    used 4703K, capacity 4967K, committed 5064K, reserved 1048576K
}
2017-03-21T01:47:43.486+0800: 3425.941: Total time for which application threads were stopped: 0.0092284 seconds, Stopping threads took: 0.0000225 seconds
2017-03-21T01:47:44.224+0800: 3426.679: Total time for which application threads were stopped: 0.0001375 seconds, Stopping threads took: 0.0000227 seconds
{Heap before GC invocations=44 (full 2):
 par new generation   total 109248K, used 108731K [0x00000007a0000000, 0x00000007a8000000, 0x00000007a8000000)
  eden space 87424K,  99% used [0x00000007a0000000, 0x00000007a55494d0, 0x00000007a5560000)
  from space 21824K,  98% used [0x00000007a5560000, 0x00000007a6a45a68, 0x00000007a6ab0000)
  to   space 21824K,   0% used [0x00000007a6ab0000, 0x00000007a6ab0000, 0x00000007a8000000)
 concurrent mark-sweep generation total 393216K, used 114119K [0x00000007a8000000, 0x00000007c0000000, 0x00000007c0000000)
 Metaspace       used 42047K, capacity 42978K, committed 43408K, reserved 1087488K
  class space    used 4703K, capacity 4967K, committed 5064K, reserved 1048576K
2017-03-21T01:47:44.350+0800: 3426.805: [GC (Allocation Failure) 2017-03-21T01:47:44.350+0800: 3426.805: [ParNew
Desired survivor size 20112992 bytes, new threshold 5 (max 8)
- age   1:   11129160 bytes,   11129160 total
- age   2:    6570624 bytes,   17699784 total
- age   3:     147160 bytes,   17846944 total
- age   4:    1106680 bytes,   18953624 total
- age   5:    2008048 bytes,   20961672 total
- age   6:      79600 bytes,   21041272 total
- age   7:    1139808 bytes,   22181080 total
- age   8:      60760 bytes,   22241840 total
: 108731K->21824K(109248K), 0.0114398 secs] 222851K->141892K(502464K), 0.0115122 secs] [Times: user=0.04 sys=0.01, real=0.01 secs] 
Heap after GC invocations=45 (full 2):
 par new generation   total 109248K, used 21824K [0x00000007a0000000, 0x00000007a8000000, 0x00000007a8000000)
  eden space 87424K,   0% used [0x00000007a0000000, 0x00000007a0000000, 0x00000007a5560000)
  from space 21824K, 100% used [0x00000007a6ab0000, 0x00000007a8000000, 0x00000007a8000000)
  to   space 21824K,   0% used [0x00000007a5560000, 0x00000007a5560000, 0x00000007a6ab0000)
 concurrent mark-sweep generation total 393216K, used 120068K [0x00000007a8000000, 0x00000007c0000000, 0x00000007c0000000)
 Metaspace       used 42047K, capacity 42978K, committed 43408K, reserved 1087488K
  class space    used 4703K, capacity 4967K, committed 5064K, reserved 1048576K
}
2017-03-21T01:47:44.361+0800: 3426.817: Total time for which application threads were stopped: 0.0117544 seconds, Stopping threads took: 0.0000251 seconds
{Heap before GC invocations=45 (full 2):
 par new generation   total 109248K, used 109248K [0x00000007a0000000, 0x00000007a8000000, 0x00000007a8000000)
  eden space 87424K, 100% used [0x00000007a0000000, 0x00000007a5560000, 0x00000007a5560000)
  from space 21824K, 100% used [0x00000007a6ab0000, 0x00000007a8000000, 0x00000007a8000000)
  to   space 21824K,   0% used [0x00000007a5560000, 0x00000007a5560000, 0x00000007a6ab0000)
 concurrent mark-sweep generation total 393216K, used 120068K [0x00000007a8000000, 0x00000007c0000000, 0x00000007c0000000)
 Metaspace       used 42047K, capacity 42978K, committed 43408K, reserved 1087488K
  class space    used 4703K, capacity 4967K, committed 5064K, reserved 1048576K
2017-03-21T01:47:45.291+0800: 3427.746: [GC (Allocation Failure) 2017-03-21T01:47:45.291+0800: 3427.746: [ParNew
Desired survivor size 20112992 bytes, new threshold 3 (max 8)
- age   1:    8321192 bytes,    8321192 total
- age   2:    7099520 bytes,   15420712 total
- age   3:    5571552 bytes,   20992264 total
- age   4:     125336 bytes,   21117600 total
- age   5:     950408 bytes,   22068008 total
: 109248K->21824K(109248K), 0.0121613 secs] 229316K->150538K(502464K), 0.0122342 secs] [Times: user=0.03 sys=0.01, real=0.01 secs] 
Heap after GC invocations=46 (full 2):
 par new generation   total 109248K, used 21824K [0x00000007a0000000, 0x00000007a8000000, 0x00000007a8000000)
  eden space 87424K,   0% used [0x00000007a0000000, 0x00000007a0000000, 0x00000007a5560000)
  from space 21824K, 100% used [0x00000007a5560000, 0x00000007a6ab0000, 0x00000007a6ab0000)
  to   space 21824K,   0% used [0x00000007a6ab0000, 0x00000007a6ab0000, 0x00000007a8000000)
 concurrent mark-sweep generation total 393216K, used 128714K [0x00000007a8000000, 0x00000007c0000000, 0x00000007c0000000)
 Metaspace       used 42047K, capacity 42978K, committed 43408K, reserved 1087488K
  class space    used 4703K, capacity 4967K, committed 5064K, reserved 1048576K
}
2017-03-21T01:47:45.303+0800: 3427.759: Total time for which application threads were stopped: 0.0124699 seconds, Stopping threads took: 0.0000236 seconds
{Heap before GC invocations=46 (full 2):
 par new generation   total 109248K, used 109248K [0x00000007a0000000, 0x00000007a8000000, 0x00000007a8000000)
  eden space 87424K, 100% used [0x00000007a0000000, 0x00000007a5560000, 0x00000007a5560000)
  from space 21824K, 100% used [0x00000007a5560000, 0x00000007a6ab0000, 0x00000007a6ab0000)
  to   space 21824K,   0% used [0x00000007a6ab0000, 0x00000007a6ab0000, 0x00000007a8000000)
 concurrent mark-sweep generation total 393216K, used 128714K [0x00000007a8000000, 0x00000007c0000000, 0x00000007c0000000)
 Metaspace       used 42047K, capacity 42978K, committed 43408K, reserved 1087488K
  class space    used 4703K, capacity 4967K, committed 5064K, reserved 1048576K
2017-03-21T01:47:46.211+0800: 3428.666: [GC (Allocation Failure) 2017-03-21T01:47:46.211+0800: 3428.666: [ParNew
Desired survivor size 20112992 bytes, new threshold 3 (max 8)
- age   1:    7766296 bytes,    7766296 total
- age   2:    5350608 bytes,   13116904 total
- age   3:    7065920 bytes,   20182824 total
: 109248K->21824K(109248K), 0.0145604 secs] 237962K->164935K(502464K), 0.0149167 secs] [Times: user=0.05 sys=0.01, real=0.01 secs] 
Heap after GC invocations=47 (full 2):
 par new generation   total 109248K, used 21824K [0x00000007a0000000, 0x00000007a8000000, 0x00000007a8000000)
  eden space 87424K,   0% used [0x00000007a0000000, 0x00000007a0000000, 0x00000007a5560000)
  from space 21824K, 100% used [0x00000007a6ab0000, 0x00000007a8000000, 0x00000007a8000000)
  to   space 21824K,   0% used [0x00000007a5560000, 0x00000007a5560000, 0x00000007a6ab0000)
 concurrent mark-sweep generation total 393216K, used 143111K [0x00000007a8000000, 0x00000007c0000000, 0x00000007c0000000)
 Metaspace       used 42047K, capacity 42978K, committed 43408K, reserved 1087488K
  class space    used 4703K, capacity 4967K, committed 5064K, reserved 1048576K
}
2017-03-21T01:47:46.226+0800: 3428.681: Total time for which application threads were stopped: 0.0151731 seconds, Stopping threads took: 0.0000335 seconds
{Heap before GC invocations=47 (full 2):
 par new generation   total 109248K, used 109248K [0x00000007a0000000, 0x00000007a8000000, 0x00000007a8000000)
  eden space 87424K, 100% used [0x00000007a0000000, 0x00000007a5560000, 0x00000007a5560000)
  from space 21824K, 100% used [0x00000007a6ab0000, 0x00000007a8000000, 0x00000007a8000000)
  to   space 21824K,   0% used [0x00000007a5560000, 0x00000007a5560000, 0x00000007a6ab0000)
 concurrent mark-sweep generation total 393216K, used 143111K [0x00000007a8000000, 0x00000007c0000000, 0x00000007c0000000)
 Metaspace       used 42047K, capacity 42978K, committed 43408K, reserved 1087488K
  class space    used 4703K, capacity 4967K, committed 5064K, reserved 1048576K
2017-03-21T01:47:47.170+0800: 3429.626: [GC (Allocation Failure) 2017-03-21T01:47:47.170+0800: 3429.626: [ParNew
Desired survivor size 20112992 bytes, new threshold 8 (max 8)
- age   1:   10894720 bytes,   10894720 total
- age   2:    3956696 bytes,   14851416 total
- age   3:    5203056 bytes,   20054472 total
: 109248K->21824K(109248K), 0.0111202 secs] 252359K->174666K(502464K), 0.0111915 secs] [Times: user=0.03 sys=0.01, real=0.01 secs] 
Heap after GC invocations=48 (full 2):
 par new generation   total 109248K, used 21824K [0x00000007a0000000, 0x00000007a8000000, 0x00000007a8000000)
  eden space 87424K,   0% used [0x00000007a0000000, 0x00000007a0000000, 0x00000007a5560000)
  from space 21824K, 100% used [0x00000007a5560000, 0x00000007a6ab0000, 0x00000007a6ab0000)
  to   space 21824K,   0% used [0x00000007a6ab0000, 0x00000007a6ab0000, 0x00000007a8000000)
 concurrent mark-sweep generation total 393216K, used 152842K [0x00000007a8000000, 0x00000007c0000000, 0x00000007c0000000)
 Metaspace       used 42047K, capacity 42978K, committed 43408K, reserved 1087488K
  class space    used 4703K, capacity 4967K, committed 5064K, reserved 1048576K
}
2017-03-21T01:47:47.181+0800: 3429.637: Total time for which application threads were stopped: 0.0114167 seconds, Stopping threads took: 0.0000251 seconds
2017-03-21T01:47:47.901+0800: 3430.357: Total time for which application threads were stopped: 0.0001387 seconds, Stopping threads took: 0.0000185 seconds
2017-03-21T01:47:47.912+0800: 3430.367: Total time for which application threads were stopped: 0.0001133 seconds, Stopping threads took: 0.0000227 seconds
2017-03-21T01:47:47.947+0800: 3430.402: Total time for which application threads were stopped: 0.0001629 seconds, Stopping threads took: 0.0000260 seconds
2017-03-21T01:47:47.948+0800: 3430.403: Total time for which application threads were stopped: 0.0001033 seconds, Stopping threads took: 0.0000190 seconds
{Heap before GC invocations=48 (full 2):
 par new generation   total 109248K, used 109248K [0x00000007a0000000, 0x00000007a8000000, 0x00000007a8000000)
  eden space 87424K, 100% used [0x00000007a0000000, 0x00000007a5560000, 0x00000007a5560000)
  from space 21824K, 100% used [0x00000007a5560000, 0x00000007a6ab0000, 0x00000007a6ab0000)
  to   space 21824K,   0% used [0x00000007a6ab0000, 0x00000007a6ab0000, 0x00000007a8000000)
 concurrent mark-sweep generation total 393216K, used 152842K [0x00000007a8000000, 0x00000007c0000000, 0x00000007c0000000)
 Metaspace       used 42051K, capacity 42978K, committed 43408K, reserved 1087488K
  class space    used 4703K, capacity 4967K, committed 5064K, reserved 1048576K
2017-03-21T01:47:48.169+0800: 3430.625: [GC (Allocation Failure) 2017-03-21T01:47:48.170+0800: 3430.625: [ParNew
Desired survivor size 20112992 bytes, new threshold 4 (max 8)
- age   1:    8588096 bytes,    8588096 total
- age   2:    5341392 bytes,   13929488 total
- age   3:    3509152 bytes,   17438640 total
- age   4:    4896344 bytes,   22334984 total
: 109248K->21824K(109248K), 0.0102429 secs] 262090K->179659K(502464K), 0.0103381 secs] [Times: user=0.06 sys=0.01, real=0.02 secs] 
Heap after GC invocations=49 (full 2):
 par new generation   total 109248K, used 21824K [0x00000007a0000000, 0x00000007a8000000, 0x00000007a8000000)
  eden space 87424K,   0% used [0x00000007a0000000, 0x00000007a0000000, 0x00000007a5560000)
  from space 21824K, 100% used [0x00000007a6ab0000, 0x00000007a8000000, 0x00000007a8000000)
  to   space 21824K,   0% used [0x00000007a5560000, 0x00000007a5560000, 0x00000007a6ab0000)
 concurrent mark-sweep generation total 393216K, used 157835K [0x00000007a8000000, 0x00000007c0000000, 0x00000007c0000000)
 Metaspace       used 42051K, capacity 42978K, committed 43408K, reserved 1087488K
  class space    used 4703K, capacity 4967K, committed 5064K, reserved 1048576K
}
2017-03-21T01:47:48.180+0800: 3430.635: Total time for which application threads were stopped: 0.0105844 seconds, Stopping threads took: 0.0000242 seconds
{Heap before GC invocations=49 (full 2):
 par new generation   total 109248K, used 109231K [0x00000007a0000000, 0x00000007a8000000, 0x00000007a8000000)
  eden space 87424K,  99% used [0x00000007a0000000, 0x00000007a555bf78, 0x00000007a5560000)
  from space 21824K, 100% used [0x00000007a6ab0000, 0x00000007a8000000, 0x00000007a8000000)
  to   space 21824K,   0% used [0x00000007a5560000, 0x00000007a5560000, 0x00000007a6ab0000)
 concurrent mark-sweep generation total 393216K, used 157835K [0x00000007a8000000, 0x00000007c0000000, 0x00000007c0000000)
 Metaspace       used 42052K, capacity 42978K, committed 43408K, reserved 1087488K
  class space    used 4703K, capacity 4967K, committed 5064K, reserved 1048576K
2017-03-21T01:47:48.776+0800: 3431.231: [GC (Allocation Failure) 2017-03-21T01:47:48.776+0800: 3431.231: [ParNew
Desired survivor size 20112992 bytes, new threshold 8 (max 8)
- age   1:     131560 bytes,     131560 total
- age   2:    7079184 bytes,    7210744 total
- age   3:    5341392 bytes,   12552136 total
- age   4:    3509152 bytes,   16061288 total
: 109231K->21824K(109248K), 0.0066654 secs] 267066K->185919K(502464K), 0.0067261 secs] [Times: user=0.02 sys=0.00, real=0.01 secs] 
Heap after GC invocations=50 (full 2):
 par new generation   total 109248K, used 21824K [0x00000007a0000000, 0x00000007a8000000, 0x00000007a8000000)
  eden space 87424K,   0% used [0x00000007a0000000, 0x00000007a0000000, 0x00000007a5560000)
  from space 21824K, 100% used [0x00000007a5560000, 0x00000007a6ab0000, 0x00000007a6ab0000)
  to   space 21824K,   0% used [0x00000007a6ab0000, 0x00000007a6ab0000, 0x00000007a8000000)
 concurrent mark-sweep generation total 393216K, used 164095K [0x00000007a8000000, 0x00000007c0000000, 0x00000007c0000000)
 Metaspace       used 42052K, capacity 42978K, committed 43408K, reserved 1087488K
  class space    used 4703K, capacity 4967K, committed 5064K, reserved 1048576K
}
2017-03-21T01:47:48.783+0800: 3431.238: Total time for which application threads were stopped: 0.0069517 seconds, Stopping threads took: 0.0000341 seconds
2017-03-21T01:47:48.940+0800: 3431.395: Total time for which application threads were stopped: 0.0001720 seconds, Stopping threads took: 0.0000272 seconds
2017-03-21T01:47:48.943+0800: 3431.398: Total time for which application threads were stopped: 0.0001157 seconds, Stopping threads took: 0.0000325 seconds
2017-03-21T01:47:48.943+0800: 3431.399: Total time for which application threads were stopped: 0.0000894 seconds, Stopping threads took: 0.0000340 seconds
2017-03-21T01:47:48.943+0800: 3431.399: Total time for which application threads were stopped: 0.0000982 seconds, Stopping threads took: 0.0000494 seconds
2017-03-21T01:47:48.944+0800: 3431.399: Total time for which application threads were stopped: 0.0001438 seconds, Stopping threads took: 0.0000801 seconds
2017-03-21T01:47:48.944+0800: 3431.399: Total time for which application threads were stopped: 0.0000802 seconds, Stopping threads took: 0.0000294 seconds
2017-03-21T01:47:48.944+0800: 3431.399: Total time for which application threads were stopped: 0.0000847 seconds, Stopping threads took: 0.0000192 seconds
2017-03-21T01:47:49.949+0800: 3432.405: Total time for which application threads were stopped: 0.0002369 seconds, Stopping threads took: 0.0000471 seconds
2017-03-21T01:47:54.960+0800: 3437.415: Total time for which application threads were stopped: 0.0001441 seconds, Stopping threads took: 0.0000238 seconds
2017-03-21T01:47:55.055+0800: 3437.511: Total time for which application threads were stopped: 0.0001667 seconds, Stopping threads took: 0.0000469 seconds
2017-03-21T01:47:55.055+0800: 3437.511: Total time for which application threads were stopped: 0.0001110 seconds, Stopping threads took: 0.0000270 seconds
2017-03-21T01:47:56.060+0800: 3438.515: Total time for which application threads were stopped: 0.0001264 seconds, Stopping threads took: 0.0000244 seconds
2017-03-21T01:47:57.426+0800: 3439.882: Total time for which application threads were stopped: 0.0001415 seconds, Stopping threads took: 0.0000478 seconds
2017-03-21T01:47:57.427+0800: 3439.882: Total time for which application threads were stopped: 0.0001035 seconds, Stopping threads took: 0.0000442 seconds
2017-03-21T01:47:57.427+0800: 3439.882: Total time for which application threads were stopped: 0.0000668 seconds, Stopping threads took: 0.0000193 seconds
2017-03-21T01:47:57.427+0800: 3439.883: Total time for which application threads were stopped: 0.0000682 seconds, Stopping threads took: 0.0000217 seconds
2017-03-21T01:47:57.427+0800: 3439.883: Total time for which application threads were stopped: 0.0000642 seconds, Stopping threads took: 0.0000142 seconds
2017-03-21T01:47:57.428+0800: 3439.883: Total time for which application threads were stopped: 0.0000770 seconds, Stopping threads took: 0.0000213 seconds
2017-03-21T01:47:57.428+0800: 3439.883: Total time for which application threads were stopped: 0.0000700 seconds, Stopping threads took: 0.0000182 seconds
2017-03-21T01:47:57.428+0800: 3439.883: Total time for which application threads were stopped: 0.0000746 seconds, Stopping threads took: 0.0000280 seconds
2017-03-21T01:47:57.428+0800: 3439.884: Total time for which application threads were stopped: 0.0000664 seconds, Stopping threads took: 0.0000213 seconds
2017-03-21T01:47:57.428+0800: 3439.884: Total time for which application threads were stopped: 0.0000945 seconds, Stopping threads took: 0.0000264 seconds
2017-03-21T01:47:57.429+0800: 3439.884: Total time for which application threads were stopped: 0.0000732 seconds, Stopping threads took: 0.0000217 seconds
2017-03-21T01:47:57.429+0800: 3439.884: Total time for which application threads were stopped: 0.0000526 seconds, Stopping threads took: 0.0000078 seconds
2017-03-21T01:47:57.429+0800: 3439.884: Total time for which application threads were stopped: 0.0000804 seconds, Stopping threads took: 0.0000342 seconds
2017-03-21T01:47:57.429+0800: 3439.885: Total time for which application threads were stopped: 0.0000715 seconds, Stopping threads took: 0.0000123 seconds
2017-03-21T01:47:57.429+0800: 3439.885: Total time for which application threads were stopped: 0.0000547 seconds, Stopping threads took: 0.0000078 seconds
2017-03-21T01:47:57.434+0800: 3439.890: Total time for which application threads were stopped: 0.0001522 seconds, Stopping threads took: 0.0000339 seconds
2017-03-21T01:47:57.434+0800: 3439.890: Total time for which application threads were stopped: 0.0000788 seconds, Stopping threads took: 0.0000202 seconds
2017-03-21T01:47:58.439+0800: 3440.894: Total time for which application threads were stopped: 0.0002410 seconds, Stopping threads took: 0.0000438 seconds
2017-03-21T01:48:00.441+0800: 3442.897: Total time for which application threads were stopped: 0.0001574 seconds, Stopping threads took: 0.0000331 seconds
2017-03-21T01:48:13.983+0800: 3456.440: Total time for which application threads were stopped: 0.0002370 seconds, Stopping threads took: 0.0000214 seconds
2017-03-21T01:48:14.004+0800: 3456.460: Total time for which application threads were stopped: 0.0008212 seconds, Stopping threads took: 0.0000218 seconds
2017-03-21T01:48:14.010+0800: 3456.466: Total time for which application threads were stopped: 0.0006277 seconds, Stopping threads took: 0.0000128 seconds
2017-03-21T01:48:14.022+0800: 3456.478: Total time for which application threads were stopped: 0.0001526 seconds, Stopping threads took: 0.0000417 seconds
2017-03-21T01:48:15.027+0800: 3457.483: Total time for which application threads were stopped: 0.0001283 seconds, Stopping threads took: 0.0000233 seconds
2017-03-21T01:48:35.232+0800: 3477.688: Total time for which application threads were stopped: 0.0001322 seconds, Stopping threads took: 0.0000221 seconds
2017-03-21T01:48:35.232+0800: 3477.689: Total time for which application threads were stopped: 0.0001136 seconds, Stopping threads took: 0.0000370 seconds
2017-03-21T01:48:35.233+0800: 3477.689: Total time for which application threads were stopped: 0.0000911 seconds, Stopping threads took: 0.0000134 seconds
2017-03-21T01:48:35.233+0800: 3477.689: Total time for which application threads were stopped: 0.0000691 seconds, Stopping threads took: 0.0000096 seconds
2017-03-21T01:48:36.235+0800: 3478.692: Total time for which application threads were stopped: 0.0002558 seconds, Stopping threads took: 0.0000634 seconds
2017-03-21T01:48:40.273+0800: 3482.730: Total time for which application threads were stopped: 0.0001319 seconds, Stopping threads took: 0.0000307 seconds
2017-03-21T01:48:40.274+0800: 3482.730: Total time for which application threads were stopped: 0.0000641 seconds, Stopping threads took: 0.0000085 seconds
2017-03-21T01:48:40.274+0800: 3482.731: Total time for which application threads were stopped: 0.0000821 seconds, Stopping threads took: 0.0000125 seconds
2017-03-21T01:48:41.278+0800: 3483.735: Total time for which application threads were stopped: 0.0001495 seconds, Stopping threads took: 0.0000318 seconds
2017-03-21T01:49:00.216+0800: 3502.673: Total time for which application threads were stopped: 0.0003791 seconds, Stopping threads took: 0.0000438 seconds
2017-03-21T01:50:43.521+0800: 3605.981: Total time for which application threads were stopped: 0.0001616 seconds, Stopping threads took: 0.0000296 seconds
2017-03-21T01:50:50.439+0800: 3612.900: Total time for which application threads were stopped: 0.0034778 seconds, Stopping threads took: 0.0000203 seconds
2017-03-21T01:50:50.443+0800: 3612.903: Total time for which application threads were stopped: 0.0001412 seconds, Stopping threads took: 0.0000434 seconds
2017-03-21T01:50:50.443+0800: 3612.903: Total time for which application threads were stopped: 0.0000954 seconds, Stopping threads took: 0.0000354 seconds
2017-03-21T01:50:50.443+0800: 3612.904: Total time for which application threads were stopped: 0.0000544 seconds, Stopping threads took: 0.0000080 seconds
2017-03-21T01:50:50.443+0800: 3612.904: Total time for which application threads were stopped: 0.0000516 seconds, Stopping threads took: 0.0000073 seconds
2017-03-21T01:50:50.443+0800: 3612.904: Total time for which application threads were stopped: 0.0000510 seconds, Stopping threads took: 0.0000070 seconds
2017-03-21T01:50:50.444+0800: 3612.904: Total time for which application threads were stopped: 0.0000701 seconds, Stopping threads took: 0.0000193 seconds
2017-03-21T01:50:50.444+0800: 3612.904: Total time for which application threads were stopped: 0.0000567 seconds, Stopping threads took: 0.0000109 seconds
2017-03-21T01:50:50.444+0800: 3612.904: Total time for which application threads were stopped: 0.0000664 seconds, Stopping threads took: 0.0000190 seconds
2017-03-21T01:50:50.444+0800: 3612.904: Total time for which application threads were stopped: 0.0000507 seconds, Stopping threads took: 0.0000071 seconds
2017-03-21T01:50:50.444+0800: 3612.904: Total time for which application threads were stopped: 0.0000504 seconds, Stopping threads took: 0.0000070 seconds
2017-03-21T01:50:50.444+0800: 3612.904: Total time for which application threads were stopped: 0.0000513 seconds, Stopping threads took: 0.0000069 seconds
2017-03-21T01:50:50.444+0800: 3612.904: Total time for which application threads were stopped: 0.0000817 seconds, Stopping threads took: 0.0000373 seconds
2017-03-21T01:50:50.444+0800: 3612.905: Total time for which application threads were stopped: 0.0000659 seconds, Stopping threads took: 0.0000209 seconds
2017-03-21T01:50:50.444+0800: 3612.905: Total time for which application threads were stopped: 0.0000643 seconds, Stopping threads took: 0.0000198 seconds
2017-03-21T01:50:50.444+0800: 3612.905: Total time for which application threads were stopped: 0.0000637 seconds, Stopping threads took: 0.0000196 seconds
2017-03-21T01:50:50.445+0800: 3612.905: Total time for which application threads were stopped: 0.0000662 seconds, Stopping threads took: 0.0000222 seconds
2017-03-21T01:50:50.445+0800: 3612.905: Total time for which application threads were stopped: 0.0000643 seconds, Stopping threads took: 0.0000203 seconds
2017-03-21T01:50:50.445+0800: 3612.905: Total time for which application threads were stopped: 0.0000645 seconds, Stopping threads took: 0.0000203 seconds
2017-03-21T01:50:50.445+0800: 3612.905: Total time for which application threads were stopped: 0.0000630 seconds, Stopping threads took: 0.0000192 seconds
2017-03-21T01:50:50.445+0800: 3612.905: Total time for which application threads were stopped: 0.0001799 seconds, Stopping threads took: 0.0000203 seconds
2017-03-21T01:50:50.445+0800: 3612.906: Total time for which application threads were stopped: 0.0000650 seconds, Stopping threads took: 0.0000194 seconds
2017-03-21T01:50:50.447+0800: 3612.907: Total time for which application threads were stopped: 0.0001108 seconds, Stopping threads took: 0.0000137 seconds
2017-03-21T01:50:50.447+0800: 3612.908: Total time for which application threads were stopped: 0.0000787 seconds, Stopping threads took: 0.0000097 seconds
2017-03-21T01:50:50.447+0800: 3612.908: Total time for which application threads were stopped: 0.0000539 seconds, Stopping threads took: 0.0000073 seconds
2017-03-21T01:50:50.448+0800: 3612.908: Total time for which application threads were stopped: 0.0000624 seconds, Stopping threads took: 0.0000093 seconds
2017-03-21T01:50:50.449+0800: 3612.910: Total time for which application threads were stopped: 0.0001027 seconds, Stopping threads took: 0.0000166 seconds
2017-03-21T01:50:50.450+0800: 3612.910: Total time for which application threads were stopped: 0.0000582 seconds, Stopping threads took: 0.0000079 seconds
2017-03-21T01:50:50.450+0800: 3612.910: Total time for which application threads were stopped: 0.0000677 seconds, Stopping threads took: 0.0000097 seconds
2017-03-21T01:50:50.450+0800: 3612.910: Total time for which application threads were stopped: 0.0000542 seconds, Stopping threads took: 0.0000071 seconds
2017-03-21T01:50:50.451+0800: 3612.911: Total time for which application threads were stopped: 0.0000658 seconds, Stopping threads took: 0.0000089 seconds
2017-03-21T01:50:50.451+0800: 3612.911: Total time for which application threads were stopped: 0.0000597 seconds, Stopping threads took: 0.0000085 seconds
2017-03-21T01:50:50.451+0800: 3612.912: Total time for which application threads were stopped: 0.0001749 seconds, Stopping threads took: 0.0000078 seconds
2017-03-21T01:50:50.452+0800: 3612.912: Total time for which application threads were stopped: 0.0000609 seconds, Stopping threads took: 0.0000085 seconds
2017-03-21T01:50:51.457+0800: 3613.917: Total time for which application threads were stopped: 0.0002742 seconds, Stopping threads took: 0.0000471 seconds
2017-03-21T01:51:08.606+0800: 3631.067: Total time for which application threads were stopped: 0.0002504 seconds, Stopping threads took: 0.0000192 seconds
2017-03-21T01:51:09.609+0800: 3632.070: Total time for which application threads were stopped: 0.0001613 seconds, Stopping threads took: 0.0000475 seconds
2017-03-21T01:51:24.650+0800: 3647.111: Total time for which application threads were stopped: 0.0001185 seconds, Stopping threads took: 0.0000184 seconds
2017-03-21T01:53:37.328+0800: 3779.793: Total time for which application threads were stopped: 0.0001238 seconds, Stopping threads took: 0.0000235 seconds
2017-03-21T01:53:37.329+0800: 3779.793: Total time for which application threads were stopped: 0.0000763 seconds, Stopping threads took: 0.0000099 seconds
2017-03-21T01:53:37.340+0800: 3779.805: Total time for which application threads were stopped: 0.0001227 seconds, Stopping threads took: 0.0000186 seconds
2017-03-21T01:53:37.340+0800: 3779.805: Total time for which application threads were stopped: 0.0000914 seconds, Stopping threads took: 0.0000295 seconds
2017-03-21T01:53:37.340+0800: 3779.805: Total time for which application threads were stopped: 0.0000557 seconds, Stopping threads took: 0.0000077 seconds
2017-03-21T01:53:37.341+0800: 3779.805: Total time for which application threads were stopped: 0.0000545 seconds, Stopping threads took: 0.0000072 seconds
2017-03-21T01:53:46.285+0800: 3788.750: Total time for which application threads were stopped: 0.0001830 seconds, Stopping threads took: 0.0000408 seconds
2017-03-21T01:53:46.285+0800: 3788.750: Total time for which application threads were stopped: 0.0000888 seconds, Stopping threads took: 0.0000243 seconds
2017-03-21T01:53:56.565+0800: 3799.030: Total time for which application threads were stopped: 0.0001193 seconds, Stopping threads took: 0.0000218 seconds
{Heap before GC invocations=50 (full 2):
 par new generation   total 109248K, used 109248K [0x00000007a0000000, 0x00000007a8000000, 0x00000007a8000000)
  eden space 87424K, 100% used [0x00000007a0000000, 0x00000007a5560000, 0x00000007a5560000)
  from space 21824K, 100% used [0x00000007a5560000, 0x00000007a6ab0000, 0x00000007a6ab0000)
  to   space 21824K,   0% used [0x00000007a6ab0000, 0x00000007a6ab0000, 0x00000007a8000000)
 concurrent mark-sweep generation total 393216K, used 164095K [0x00000007a8000000, 0x00000007c0000000, 0x00000007c0000000)
 Metaspace       used 43385K, capacity 44466K, committed 44944K, reserved 1089536K
  class space    used 4849K, capacity 5145K, committed 5320K, reserved 1048576K
2017-03-21T01:53:56.602+0800: 3799.067: [GC (Allocation Failure) 2017-03-21T01:53:56.602+0800: 3799.068: [ParNew
Desired survivor size 20112992 bytes, new threshold 8 (max 8)
- age   1:    2520136 bytes,    2520136 total
- age   2:      69048 bytes,    2589184 total
- age   3:    6794560 bytes,    9383744 total
- age   4:    5247000 bytes,   14630744 total
- age   5:    3417904 bytes,   18048648 total
: 109248K->21824K(109248K), 0.0061252 secs] 273343K->185952K(502464K), 0.0065907 secs] [Times: user=0.02 sys=0.00, real=0.00 secs] 
Heap after GC invocations=51 (full 2):
 par new generation   total 109248K, used 21824K [0x00000007a0000000, 0x00000007a8000000, 0x00000007a8000000)
  eden space 87424K,   0% used [0x00000007a0000000, 0x00000007a0000000, 0x00000007a5560000)
  from space 21824K, 100% used [0x00000007a6ab0000, 0x00000007a8000000, 0x00000007a8000000)
  to   space 21824K,   0% used [0x00000007a5560000, 0x00000007a5560000, 0x00000007a6ab0000)
 concurrent mark-sweep generation total 393216K, used 164128K [0x00000007a8000000, 0x00000007c0000000, 0x00000007c0000000)
 Metaspace       used 43385K, capacity 44466K, committed 44944K, reserved 1089536K
  class space    used 4849K, capacity 5145K, committed 5320K, reserved 1048576K
}
2017-03-21T01:53:56.608+0800: 3799.074: Total time for which application threads were stopped: 0.0068076 seconds, Stopping threads took: 0.0000220 seconds
2017-03-21T01:53:56.609+0800: 3799.074: Total time for which application threads were stopped: 0.0002094 seconds, Stopping threads took: 0.0000650 seconds
{Heap before GC invocations=51 (full 2):
 par new generation   total 109248K, used 109248K [0x00000007a0000000, 0x00000007a8000000, 0x00000007a8000000)
  eden space 87424K, 100% used [0x00000007a0000000, 0x00000007a5560000, 0x00000007a5560000)
  from space 21824K, 100% used [0x00000007a6ab0000, 0x00000007a8000000, 0x00000007a8000000)
  to   space 21824K,   0% used [0x00000007a5560000, 0x00000007a5560000, 0x00000007a6ab0000)
 concurrent mark-sweep generation total 393216K, used 164128K [0x00000007a8000000, 0x00000007c0000000, 0x00000007c0000000)
 Metaspace       used 43386K, capacity 44466K, committed 44944K, reserved 1089536K
  class space    used 4849K, capacity 5145K, committed 5320K, reserved 1048576K
2017-03-21T01:53:56.646+0800: 3799.111: [GC (Allocation Failure) 2017-03-21T01:53:56.646+0800: 3799.111: [ParNew
Desired survivor size 20112992 bytes, new threshold 8 (max 8)
- age   1:     755792 bytes,     755792 total
- age   2:    1350760 bytes,    2106552 total
- age   3:      69048 bytes,    2175600 total
- age   4:    6532288 bytes,    8707888 total
- age   5:    5247000 bytes,   13954888 total
- age   6:    3417904 bytes,   17372792 total
: 109248K->21824K(109248K), 0.0054706 secs] 273376K->186251K(502464K), 0.0055623 secs] [Times: user=0.02 sys=0.00, real=0.01 secs] 
Heap after GC invocations=52 (full 2):
 par new generation   total 109248K, used 21824K [0x00000007a0000000, 0x00000007a8000000, 0x00000007a8000000)
  eden space 87424K,   0% used [0x00000007a0000000, 0x00000007a0000000, 0x00000007a5560000)
  from space 21824K, 100% used [0x00000007a5560000, 0x00000007a6ab0000, 0x00000007a6ab0000)
  to   space 21824K,   0% used [0x00000007a6ab0000, 0x00000007a6ab0000, 0x00000007a8000000)
 concurrent mark-sweep generation total 393216K, used 164427K [0x00000007a8000000, 0x00000007c0000000, 0x00000007c0000000)
 Metaspace       used 43386K, capacity 44466K, committed 44944K, reserved 1089536K
  class space    used 4849K, capacity 5145K, committed 5320K, reserved 1048576K
}
2017-03-21T01:53:56.652+0800: 3799.117: Total time for which application threads were stopped: 0.0057893 seconds, Stopping threads took: 0.0000240 seconds
2017-03-21T01:53:56.652+0800: 3799.117: Total time for which application threads were stopped: 0.0002003 seconds, Stopping threads took: 0.0000674 seconds
2017-03-21T01:53:56.722+0800: 3799.187: Total time for which application threads were stopped: 0.0001772 seconds, Stopping threads took: 0.0000412 seconds
2017-03-21T01:53:57.349+0800: 3799.814: Total time for which application threads were stopped: 0.0001844 seconds, Stopping threads took: 0.0000222 seconds
2017-03-21T01:53:57.355+0800: 3799.821: Total time for which application threads were stopped: 0.0001412 seconds, Stopping threads took: 0.0000352 seconds
2017-03-21T01:53:57.355+0800: 3799.821: Total time for which application threads were stopped: 0.0000691 seconds, Stopping threads took: 0.0000089 seconds
2017-03-21T01:53:57.364+0800: 3799.830: Total time for which application threads were stopped: 0.0001131 seconds, Stopping threads took: 0.0000213 seconds
2017-03-21T01:53:57.364+0800: 3799.830: Total time for which application threads were stopped: 0.0000628 seconds, Stopping threads took: 0.0000105 seconds
2017-03-21T01:53:57.364+0800: 3799.830: Total time for which application threads were stopped: 0.0000560 seconds, Stopping threads took: 0.0000093 seconds
2017-03-21T01:53:57.365+0800: 3799.830: Total time for which application threads were stopped: 0.0000494 seconds, Stopping threads took: 0.0000073 seconds
2017-03-21T01:53:57.365+0800: 3799.830: Total time for which application threads were stopped: 0.0000484 seconds, Stopping threads took: 0.0000072 seconds
2017-03-21T01:53:57.365+0800: 3799.830: Total time for which application threads were stopped: 0.0000477 seconds, Stopping threads took: 0.0000071 seconds
2017-03-21T01:53:57.365+0800: 3799.830: Total time for which application threads were stopped: 0.0000471 seconds, Stopping threads took: 0.0000069 seconds
2017-03-21T01:53:57.365+0800: 3799.830: Total time for which application threads were stopped: 0.0000474 seconds, Stopping threads took: 0.0000068 seconds
2017-03-21T01:53:57.365+0800: 3799.830: Total time for which application threads were stopped: 0.0000471 seconds, Stopping threads took: 0.0000070 seconds
2017-03-21T01:53:57.365+0800: 3799.830: Total time for which application threads were stopped: 0.0000468 seconds, Stopping threads took: 0.0000069 seconds
2017-03-21T01:53:57.365+0800: 3799.831: Total time for which application threads were stopped: 0.0000469 seconds, Stopping threads took: 0.0000069 seconds
2017-03-21T01:53:57.365+0800: 3799.831: Total time for which application threads were stopped: 0.0000467 seconds, Stopping threads took: 0.0000070 seconds
2017-03-21T01:53:57.365+0800: 3799.831: Total time for which application threads were stopped: 0.0000466 seconds, Stopping threads took: 0.0000068 seconds
2017-03-21T01:53:57.365+0800: 3799.831: Total time for which application threads were stopped: 0.0000468 seconds, Stopping threads took: 0.0000071 seconds
2017-03-21T01:53:57.365+0800: 3799.831: Total time for which application threads were stopped: 0.0000467 seconds, Stopping threads took: 0.0000070 seconds
2017-03-21T01:53:57.365+0800: 3799.831: Total time for which application threads were stopped: 0.0000463 seconds, Stopping threads took: 0.0000070 seconds
2017-03-21T01:53:57.365+0800: 3799.831: Total time for which application threads were stopped: 0.0000469 seconds, Stopping threads took: 0.0000073 seconds
2017-03-21T01:53:57.366+0800: 3799.831: Total time for which application threads were stopped: 0.0000461 seconds, Stopping threads took: 0.0000068 seconds
2017-03-21T01:53:57.366+0800: 3799.831: Total time for which application threads were stopped: 0.0000463 seconds, Stopping threads took: 0.0000069 seconds
2017-03-21T01:53:57.366+0800: 3799.831: Total time for which application threads were stopped: 0.0001623 seconds, Stopping threads took: 0.0000069 seconds
2017-03-21T01:53:57.367+0800: 3799.833: Total time for which application threads were stopped: 0.0000768 seconds, Stopping threads took: 0.0000108 seconds
2017-03-21T01:53:57.378+0800: 3799.844: Total time for which application threads were stopped: 0.0001225 seconds, Stopping threads took: 0.0000204 seconds
2017-03-21T01:53:57.380+0800: 3799.845: Total time for which application threads were stopped: 0.0000639 seconds, Stopping threads took: 0.0000094 seconds
2017-03-21T01:53:57.404+0800: 3799.870: Total time for which application threads were stopped: 0.0001302 seconds, Stopping threads took: 0.0000190 seconds
2017-03-21T01:53:58.409+0800: 3800.875: Total time for which application threads were stopped: 0.0001739 seconds, Stopping threads took: 0.0000316 seconds
2017-03-21T01:54:03.216+0800: 3805.681: Total time for which application threads were stopped: 0.0003120 seconds, Stopping threads took: 0.0000228 seconds
2017-03-21T01:54:03.216+0800: 3805.682: Total time for which application threads were stopped: 0.0000832 seconds, Stopping threads took: 0.0000119 seconds
2017-03-21T01:54:03.217+0800: 3805.682: Total time for which application threads were stopped: 0.0000896 seconds, Stopping threads took: 0.0000098 seconds
2017-03-21T01:54:03.217+0800: 3805.682: Total time for which application threads were stopped: 0.0000748 seconds, Stopping threads took: 0.0000092 seconds
2017-03-21T01:54:03.217+0800: 3805.683: Total time for which application threads were stopped: 0.0000779 seconds, Stopping threads took: 0.0000184 seconds
2017-03-21T01:54:03.218+0800: 3805.684: Total time for which application threads were stopped: 0.0000800 seconds, Stopping threads took: 0.0000125 seconds
2017-03-21T01:54:03.219+0800: 3805.685: Total time for which application threads were stopped: 0.0001400 seconds, Stopping threads took: 0.0000144 seconds
2017-03-21T01:54:03.220+0800: 3805.686: Total time for which application threads were stopped: 0.0000708 seconds, Stopping threads took: 0.0000095 seconds
2017-03-21T01:54:03.220+0800: 3805.686: Total time for which application threads were stopped: 0.0000609 seconds, Stopping threads took: 0.0000096 seconds
2017-03-21T01:54:03.221+0800: 3805.686: Total time for which application threads were stopped: 0.0000923 seconds, Stopping threads took: 0.0000376 seconds
2017-03-21T01:54:03.221+0800: 3805.687: Total time for which application threads were stopped: 0.0000623 seconds, Stopping threads took: 0.0000094 seconds
2017-03-21T01:54:03.221+0800: 3805.687: Total time for which application threads were stopped: 0.0000613 seconds, Stopping threads took: 0.0000090 seconds
2017-03-21T01:54:03.222+0800: 3805.687: Total time for which application threads were stopped: 0.0000654 seconds, Stopping threads took: 0.0000096 seconds
2017-03-21T01:54:03.222+0800: 3805.688: Total time for which application threads were stopped: 0.0000736 seconds, Stopping threads took: 0.0000111 seconds
2017-03-21T01:54:03.223+0800: 3805.688: Total time for which application threads were stopped: 0.0000555 seconds, Stopping threads took: 0.0000080 seconds
2017-03-21T01:54:03.223+0800: 3805.689: Total time for which application threads were stopped: 0.0001015 seconds, Stopping threads took: 0.0000129 seconds
2017-03-21T01:54:03.224+0800: 3805.689: Total time for which application threads were stopped: 0.0000672 seconds, Stopping threads took: 0.0000097 seconds
2017-03-21T01:54:03.224+0800: 3805.690: Total time for which application threads were stopped: 0.0003854 seconds, Stopping threads took: 0.0000126 seconds
2017-03-21T01:54:03.225+0800: 3805.690: Total time for which application threads were stopped: 0.0000852 seconds, Stopping threads took: 0.0000130 seconds
2017-03-21T01:54:03.225+0800: 3805.691: Total time for which application threads were stopped: 0.0000990 seconds, Stopping threads took: 0.0000160 seconds
2017-03-21T01:54:03.226+0800: 3805.691: Total time for which application threads were stopped: 0.0000958 seconds, Stopping threads took: 0.0000126 seconds
2017-03-21T01:54:03.227+0800: 3805.693: Total time for which application threads were stopped: 0.0001738 seconds, Stopping threads took: 0.0000211 seconds
2017-03-21T01:54:03.228+0800: 3805.694: Total time for which application threads were stopped: 0.0000979 seconds, Stopping threads took: 0.0000130 seconds
2017-03-21T01:54:03.228+0800: 3805.694: Total time for which application threads were stopped: 0.0000656 seconds, Stopping threads took: 0.0000099 seconds
2017-03-21T01:54:03.229+0800: 3805.694: Total time for which application threads were stopped: 0.0002806 seconds, Stopping threads took: 0.0000110 seconds
{Heap before GC invocations=52 (full 2):
 par new generation   total 109248K, used 109248K [0x00000007a0000000, 0x00000007a8000000, 0x00000007a8000000)
  eden space 87424K, 100% used [0x00000007a0000000, 0x00000007a5560000, 0x00000007a5560000)
  from space 21824K, 100% used [0x00000007a5560000, 0x00000007a6ab0000, 0x00000007a6ab0000)
  to   space 21824K,   0% used [0x00000007a6ab0000, 0x00000007a6ab0000, 0x00000007a8000000)
 concurrent mark-sweep generation total 393216K, used 164427K [0x00000007a8000000, 0x00000007c0000000, 0x00000007c0000000)
 Metaspace       used 43448K, capacity 44590K, committed 44944K, reserved 1089536K
  class space    used 4855K, capacity 5155K, committed 5320K, reserved 1048576K
2017-03-21T01:54:03.299+0800: 3805.765: [GC (Allocation Failure) 2017-03-21T01:54:03.299+0800: 3805.765: [ParNew
Desired survivor size 20112992 bytes, new threshold 8 (max 8)
- age   1:    2408640 bytes,    2408640 total
- age   2:     250808 bytes,    2659448 total
- age   3:    1299672 bytes,    3959120 total
- age   4:      69048 bytes,    4028168 total
- age   5:    6491000 bytes,   10519168 total
- age   6:    5241400 bytes,   15760568 total
- age   7:    2887480 bytes,   18648048 total
: 109248K->21824K(109248K), 0.0064195 secs] 273675K->187627K(502464K), 0.0064790 secs] [Times: user=0.02 sys=0.00, real=0.01 secs] 
Heap after GC invocations=53 (full 2):
 par new generation   total 109248K, used 21824K [0x00000007a0000000, 0x00000007a8000000, 0x00000007a8000000)
  eden space 87424K,   0% used [0x00000007a0000000, 0x00000007a0000000, 0x00000007a5560000)
  from space 21824K, 100% used [0x00000007a6ab0000, 0x00000007a8000000, 0x00000007a8000000)
  to   space 21824K,   0% used [0x00000007a5560000, 0x00000007a5560000, 0x00000007a6ab0000)
 concurrent mark-sweep generation total 393216K, used 165803K [0x00000007a8000000, 0x00000007c0000000, 0x00000007c0000000)
 Metaspace       used 43448K, capacity 44590K, committed 44944K, reserved 1089536K
  class space    used 4855K, capacity 5155K, committed 5320K, reserved 1048576K
}
2017-03-21T01:54:03.306+0800: 3805.772: Total time for which application threads were stopped: 0.0066987 seconds, Stopping threads took: 0.0000231 seconds
2017-03-21T01:54:03.306+0800: 3805.772: Total time for which application threads were stopped: 0.0001141 seconds, Stopping threads took: 0.0000138 seconds
{Heap before GC invocations=53 (full 2):
 par new generation   total 109248K, used 109248K [0x00000007a0000000, 0x00000007a8000000, 0x00000007a8000000)
  eden space 87424K, 100% used [0x00000007a0000000, 0x00000007a5560000, 0x00000007a5560000)
  from space 21824K, 100% used [0x00000007a6ab0000, 0x00000007a8000000, 0x00000007a8000000)
  to   space 21824K,   0% used [0x00000007a5560000, 0x00000007a5560000, 0x00000007a6ab0000)
 concurrent mark-sweep generation total 393216K, used 165803K [0x00000007a8000000, 0x00000007c0000000, 0x00000007c0000000)
 Metaspace       used 43448K, capacity 44590K, committed 44944K, reserved 1089536K
  class space    used 4855K, capacity 5155K, committed 5320K, reserved 1048576K
2017-03-21T01:54:04.177+0800: 3806.642: [GC (Allocation Failure) 2017-03-21T01:54:04.177+0800: 3806.642: [ParNew
Desired survivor size 20112992 bytes, new threshold 8 (max 8)
- age   1:    8081320 bytes,    8081320 total
- age   2:    1283264 bytes,    9364584 total
- age   3:     152112 bytes,    9516696 total
- age   4:    1222848 bytes,   10739544 total
- age   5:      68992 bytes,   10808536 total
- age   6:    5984984 bytes,   16793520 total
- age   7:    2790856 bytes,   19584376 total
- age   8:    2729448 bytes,   22313824 total
: 109248K->21824K(109248K), 0.0105749 secs] 275051K->194809K(502464K), 0.0106576 secs] [Times: user=0.02 sys=0.01, real=0.01 secs] 
Heap after GC invocations=54 (full 2):
 par new generation   total 109248K, used 21824K [0x00000007a0000000, 0x00000007a8000000, 0x00000007a8000000)
  eden space 87424K,   0% used [0x00000007a0000000, 0x00000007a0000000, 0x00000007a5560000)
  from space 21824K, 100% used [0x00000007a5560000, 0x00000007a6ab0000, 0x00000007a6ab0000)
  to   space 21824K,   0% used [0x00000007a6ab0000, 0x00000007a6ab0000, 0x00000007a8000000)
 concurrent mark-sweep generation total 393216K, used 172985K [0x00000007a8000000, 0x00000007c0000000, 0x00000007c0000000)
 Metaspace       used 43448K, capacity 44590K, committed 44944K, reserved 1089536K
  class space    used 4855K, capacity 5155K, committed 5320K, reserved 1048576K
}
2017-03-21T01:54:04.187+0800: 3806.653: Total time for which application threads were stopped: 0.0108664 seconds, Stopping threads took: 0.0000222 seconds
{Heap before GC invocations=54 (full 2):
 par new generation   total 109248K, used 109248K [0x00000007a0000000, 0x00000007a8000000, 0x00000007a8000000)
  eden space 87424K, 100% used [0x00000007a0000000, 0x00000007a5560000, 0x00000007a5560000)
  from space 21824K, 100% used [0x00000007a5560000, 0x00000007a6ab0000, 0x00000007a6ab0000)
  to   space 21824K,   0% used [0x00000007a6ab0000, 0x00000007a6ab0000, 0x00000007a8000000)
 concurrent mark-sweep generation total 393216K, used 172985K [0x00000007a8000000, 0x00000007c0000000, 0x00000007c0000000)
 Metaspace       used 43448K, capacity 44590K, committed 44944K, reserved 1089536K
  class space    used 4855K, capacity 5155K, committed 5320K, reserved 1048576K
2017-03-21T01:54:05.212+0800: 3807.678: [GC (Allocation Failure) 2017-03-21T01:54:05.212+0800: 3807.678: [ParNew
Desired survivor size 20112992 bytes, new threshold 8 (max 8)
- age   1:    5478304 bytes,    5478304 total
- age   2:    7072408 bytes,   12550712 total
- age   3:    1101408 bytes,   13652120 total
- age   4:     150832 bytes,   13802952 total
- age   5:     845632 bytes,   14648584 total
- age   6:        176 bytes,   14648760 total
- age   7:    4900552 bytes,   19549312 total
- age   8:    2766752 bytes,   22316064 total
: 109248K->21824K(109248K), 0.0142094 secs] 282233K->206434K(502464K), 0.0144595 secs] [Times: user=0.04 sys=0.01, real=0.01 secs] 
Heap after GC invocations=55 (full 2):
 par new generation   total 109248K, used 21824K [0x00000007a0000000, 0x00000007a8000000, 0x00000007a8000000)
  eden space 87424K,   0% used [0x00000007a0000000, 0x00000007a0000000, 0x00000007a5560000)
  from space 21824K, 100% used [0x00000007a6ab0000, 0x00000007a8000000, 0x00000007a8000000)
  to   space 21824K,   0% used [0x00000007a5560000, 0x00000007a5560000, 0x00000007a6ab0000)
 concurrent mark-sweep generation total 393216K, used 184610K [0x00000007a8000000, 0x00000007c0000000, 0x00000007c0000000)
 Metaspace       used 43448K, capacity 44590K, committed 44944K, reserved 1089536K
  class space    used 4855K, capacity 5155K, committed 5320K, reserved 1048576K
}
2017-03-21T01:54:05.226+0800: 3807.692: Total time for which application threads were stopped: 0.0147109 seconds, Stopping threads took: 0.0000239 seconds
{Heap before GC invocations=55 (full 2):
 par new generation   total 109248K, used 109248K [0x00000007a0000000, 0x00000007a8000000, 0x00000007a8000000)
  eden space 87424K, 100% used [0x00000007a0000000, 0x00000007a5560000, 0x00000007a5560000)
  from space 21824K, 100% used [0x00000007a6ab0000, 0x00000007a8000000, 0x00000007a8000000)
  to   space 21824K,   0% used [0x00000007a5560000, 0x00000007a5560000, 0x00000007a6ab0000)
 concurrent mark-sweep generation total 393216K, used 184610K [0x00000007a8000000, 0x00000007c0000000, 0x00000007c0000000)
 Metaspace       used 43448K, capacity 44590K, committed 44944K, reserved 1089536K
  class space    used 4855K, capacity 5155K, committed 5320K, reserved 1048576K
2017-03-21T01:54:06.152+0800: 3808.618: [GC (Allocation Failure) 2017-03-21T01:54:06.152+0800: 3808.618: [ParNew
Desired survivor size 20112992 bytes, new threshold 8 (max 8)
- age   1:    4131968 bytes,    4131968 total
- age   2:    2814528 bytes,    6946496 total
- age   3:    7072056 bytes,   14018552 total
- age   4:     840472 bytes,   14859024 total
- age   5:      98360 bytes,   14957384 total
- age   6:     845512 bytes,   15802896 total
- age   7:        176 bytes,   15803072 total
- age   8:    4900288 bytes,   20703360 total
: 109248K->21824K(109248K), 0.0124446 secs] 293858K->219690K(502464K), 0.0125469 secs] [Times: user=0.02 sys=0.01, real=0.01 secs] 
Heap after GC invocations=56 (full 2):
 par new generation   total 109248K, used 21824K [0x00000007a0000000, 0x00000007a8000000, 0x00000007a8000000)
  eden space 87424K,   0% used [0x00000007a0000000, 0x00000007a0000000, 0x00000007a5560000)
  from space 21824K, 100% used [0x00000007a5560000, 0x00000007a6ab0000, 0x00000007a6ab0000)
  to   space 21824K,   0% used [0x00000007a6ab0000, 0x00000007a6ab0000, 0x00000007a8000000)
 concurrent mark-sweep generation total 393216K, used 197866K [0x00000007a8000000, 0x00000007c0000000, 0x00000007c0000000)
 Metaspace       used 43448K, capacity 44590K, committed 44944K, reserved 1089536K
  class space    used 4855K, capacity 5155K, committed 5320K, reserved 1048576K
}
2017-03-21T01:54:06.165+0800: 3808.630: Total time for which application threads were stopped: 0.0127785 seconds, Stopping threads took: 0.0000245 seconds
2017-03-21T01:54:06.165+0800: 3808.630: [GC (CMS Initial Mark) [1 CMS-initial-mark: 197866K(393216K)] 221033K(502464K), 0.0015598 secs] [Times: user=0.01 sys=0.00, real=0.00 secs] 
2017-03-21T01:54:06.166+0800: 3808.632: Total time for which application threads were stopped: 0.0017590 seconds, Stopping threads took: 0.0000658 seconds
2017-03-21T01:54:06.166+0800: 3808.632: [CMS-concurrent-mark-start]
2017-03-21T01:54:06.194+0800: 3808.660: [CMS-concurrent-mark: 0.028/0.028 secs] [Times: user=0.12 sys=0.01, real=0.03 secs] 
2017-03-21T01:54:06.194+0800: 3808.660: [CMS-concurrent-preclean-start]
2017-03-21T01:54:06.195+0800: 3808.661: [CMS-concurrent-preclean: 0.001/0.001 secs] [Times: user=0.00 sys=0.00, real=0.00 secs] 
2017-03-21T01:54:06.195+0800: 3808.661: [CMS-concurrent-abortable-preclean-start]
2017-03-21T01:54:06.698+0800: 3809.163: [CMS-concurrent-abortable-preclean: 0.088/0.502 secs] [Times: user=0.59 sys=0.00, real=0.50 secs] 
2017-03-21T01:54:06.698+0800: 3809.164: [GC (CMS Final Remark) [YG occupancy: 69040 K (109248 K)]{Heap before GC invocations=56 (full 3):
 par new generation   total 109248K, used 69040K [0x00000007a0000000, 0x00000007a8000000, 0x00000007a8000000)
  eden space 87424K,  54% used [0x00000007a0000000, 0x00000007a2e1c298, 0x00000007a5560000)
  from space 21824K, 100% used [0x00000007a5560000, 0x00000007a6ab0000, 0x00000007a6ab0000)
  to   space 21824K,   0% used [0x00000007a6ab0000, 0x00000007a6ab0000, 0x00000007a8000000)
 concurrent mark-sweep generation total 393216K, used 197866K [0x00000007a8000000, 0x00000007c0000000, 0x00000007c0000000)
 Metaspace       used 43448K, capacity 44590K, committed 44944K, reserved 1089536K
  class space    used 4855K, capacity 5155K, committed 5320K, reserved 1048576K
2017-03-21T01:54:06.698+0800: 3809.164: [GC (CMS Final Remark) 2017-03-21T01:54:06.698+0800: 3809.164: [ParNew
Desired survivor size 20112992 bytes, new threshold 8 (max 8)
- age   1:    1975472 bytes,    1975472 total
- age   2:    2357048 bytes,    4332520 total
- age   3:    2550976 bytes,    6883496 total
- age   4:    7005864 bytes,   13889360 total
- age   5:     813920 bytes,   14703280 total
- age   6:      93176 bytes,   14796456 total
- age   7:     814824 bytes,   15611280 total
- age   8:        176 bytes,   15611456 total
: 69040K->21824K(109248K), 0.0119071 secs] 266907K->230045K(502464K), 0.0119798 secs] [Times: user=0.03 sys=0.01, real=0.02 secs] 
Heap after GC invocations=57 (full 3):
 par new generation   total 109248K, used 21824K [0x00000007a0000000, 0x00000007a8000000, 0x00000007a8000000)
  eden space 87424K,   0% used [0x00000007a0000000, 0x00000007a0000000, 0x00000007a5560000)
  from space 21824K, 100% used [0x00000007a6ab0000, 0x00000007a8000000, 0x00000007a8000000)
  to   space 21824K,   0% used [0x00000007a5560000, 0x00000007a5560000, 0x00000007a6ab0000)
 concurrent mark-sweep generation total 393216K, used 208221K [0x00000007a8000000, 0x00000007c0000000, 0x00000007c0000000)
 Metaspace       used 43448K, capacity 44590K, committed 44944K, reserved 1089536K
  class space    used 4855K, capacity 5155K, committed 5320K, reserved 1048576K
}
2017-03-21T01:54:06.710+0800: 3809.176: [Rescan (parallel) , 0.0024070 secs]2017-03-21T01:54:06.712+0800: 3809.178: [weak refs processing, 0.0036412 secs]2017-03-21T01:54:06.716+0800: 3809.182: [class unloading, 0.0184897 secs]2017-03-21T01:54:06.735+0800: 3809.200: [scrub symbol table, 0.0045794 secs]2017-03-21T01:54:06.739+0800: 3809.205: [scrub string table, 0.0005934 secs][1 CMS-remark: 208221K(393216K)] 230045K(502464K), 0.0428849 secs] [Times: user=0.07 sys=0.02, real=0.05 secs] 
2017-03-21T01:54:06.741+0800: 3809.207: Total time for which application threads were stopped: 0.0431032 seconds, Stopping threads took: 0.0000665 seconds
2017-03-21T01:54:06.741+0800: 3809.207: [CMS-concurrent-sweep-start]
2017-03-21T01:54:06.779+0800: 3809.245: [CMS-concurrent-sweep: 0.038/0.038 secs] [Times: user=0.06 sys=0.00, real=0.03 secs] 
2017-03-21T01:54:06.779+0800: 3809.245: [CMS-concurrent-reset-start]
2017-03-21T01:54:06.780+0800: 3809.245: [CMS-concurrent-reset: 0.000/0.000 secs] [Times: user=0.01 sys=0.00, real=0.01 secs] 
{Heap before GC invocations=57 (full 3):
 par new generation   total 109248K, used 109248K [0x00000007a0000000, 0x00000007a8000000, 0x00000007a8000000)
  eden space 87424K, 100% used [0x00000007a0000000, 0x00000007a5560000, 0x00000007a5560000)
  from space 21824K, 100% used [0x00000007a6ab0000, 0x00000007a8000000, 0x00000007a8000000)
  to   space 21824K,   0% used [0x00000007a5560000, 0x00000007a5560000, 0x00000007a6ab0000)
 concurrent mark-sweep generation total 393216K, used 98543K [0x00000007a8000000, 0x00000007c0000000, 0x00000007c0000000)
 Metaspace       used 43378K, capacity 44434K, committed 44944K, reserved 1089536K
  class space    used 4840K, capacity 5129K, committed 5320K, reserved 1048576K
2017-03-21T01:54:07.642+0800: 3810.107: [GC (Allocation Failure) 2017-03-21T01:54:07.642+0800: 3810.107: [ParNew
Desired survivor size 20112992 bytes, new threshold 6 (max 8)
- age   1:    7959536 bytes,    7959536 total
- age   2:    1540688 bytes,    9500224 total
- age   3:    1061448 bytes,   10561672 total
- age   4:    2534576 bytes,   13096248 total
- age   5:    7005864 bytes,   20102112 total
- age   6:     808032 bytes,   20910144 total
- age   7:      93144 bytes,   21003288 total
- age   8:     814128 bytes,   21817416 total
: 109248K->21824K(109248K), 0.0066125 secs] 207791K->126068K(502464K), 0.0066997 secs] [Times: user=0.02 sys=0.00, real=0.00 secs] 
Heap after GC invocations=58 (full 3):
 par new generation   total 109248K, used 21824K [0x00000007a0000000, 0x00000007a8000000, 0x00000007a8000000)
  eden space 87424K,   0% used [0x00000007a0000000, 0x00000007a0000000, 0x00000007a5560000)
  from space 21824K, 100% used [0x00000007a5560000, 0x00000007a6ab0000, 0x00000007a6ab0000)
  to   space 21824K,   0% used [0x00000007a6ab0000, 0x00000007a6ab0000, 0x00000007a8000000)
 concurrent mark-sweep generation total 393216K, used 104244K [0x00000007a8000000, 0x00000007c0000000, 0x00000007c0000000)
 Metaspace       used 43378K, capacity 44434K, committed 44944K, reserved 1089536K
  class space    used 4840K, capacity 5129K, committed 5320K, reserved 1048576K
}
2017-03-21T01:54:07.648+0800: 3810.114: Total time for which application threads were stopped: 0.0070612 seconds, Stopping threads took: 0.0000246 seconds
2017-03-21T01:54:08.175+0800: 3810.641: Total time for which application threads were stopped: 0.0001678 seconds, Stopping threads took: 0.0000324 seconds
2017-03-21T01:54:08.175+0800: 3810.641: Total time for which application threads were stopped: 0.0000855 seconds, Stopping threads took: 0.0000117 seconds
2017-03-21T01:54:08.175+0800: 3810.641: Total time for which application threads were stopped: 0.0000907 seconds, Stopping threads took: 0.0000167 seconds
2017-03-21T01:54:08.176+0800: 3810.641: Total time for which application threads were stopped: 0.0000519 seconds, Stopping threads took: 0.0000073 seconds
2017-03-21T01:54:08.176+0800: 3810.641: Total time for which application threads were stopped: 0.0000497 seconds, Stopping threads took: 0.0000069 seconds
2017-03-21T01:54:08.192+0800: 3810.658: Total time for which application threads were stopped: 0.0001565 seconds, Stopping threads took: 0.0000256 seconds
2017-03-21T01:54:08.218+0800: 3810.683: Total time for which application threads were stopped: 0.0002169 seconds, Stopping threads took: 0.0000293 seconds
2017-03-21T01:54:08.219+0800: 3810.685: Total time for which application threads were stopped: 0.0001041 seconds, Stopping threads took: 0.0000151 seconds
{Heap before GC invocations=58 (full 3):
 par new generation   total 109248K, used 109225K [0x00000007a0000000, 0x00000007a8000000, 0x00000007a8000000)
  eden space 87424K,  99% used [0x00000007a0000000, 0x00000007a555a598, 0x00000007a5560000)
  from space 21824K, 100% used [0x00000007a5560000, 0x00000007a6ab0000, 0x00000007a6ab0000)
  to   space 21824K,   0% used [0x00000007a6ab0000, 0x00000007a6ab0000, 0x00000007a8000000)
 concurrent mark-sweep generation total 393216K, used 104244K [0x00000007a8000000, 0x00000007c0000000, 0x00000007c0000000)
 Metaspace       used 43382K, capacity 44434K, committed 44944K, reserved 1089536K
  class space    used 4840K, capacity 5129K, committed 5320K, reserved 1048576K
2017-03-21T01:54:08.575+0800: 3811.041: [GC (Allocation Failure) 2017-03-21T01:54:08.577+0800: 3811.042: [ParNew
Desired survivor size 20112992 bytes, new threshold 8 (max 8)
- age   1:    2866584 bytes,    2866584 total
- age   2:    4093392 bytes,    6959976 total
- age   3:    1256008 bytes,    8215984 total
- age   4:    1053544 bytes,    9269528 total
- age   5:    2530336 bytes,   11799864 total
- age   6:    6350136 bytes,   18150000 total
: 109225K->21824K(109248K), 0.0084053 secs] 213469K->136297K(502464K), 0.0101396 secs] [Times: user=0.04 sys=0.00, real=0.01 secs] 
Heap after GC invocations=59 (full 3):
 par new generation   total 109248K, used 21824K [0x00000007a0000000, 0x00000007a8000000, 0x00000007a8000000)
  eden space 87424K,   0% used [0x00000007a0000000, 0x00000007a0000000, 0x00000007a5560000)
  from space 21824K, 100% used [0x00000007a6ab0000, 0x00000007a8000000, 0x00000007a8000000)
  to   space 21824K,   0% used [0x00000007a5560000, 0x00000007a5560000, 0x00000007a6ab0000)
 concurrent mark-sweep generation total 393216K, used 114473K [0x00000007a8000000, 0x00000007c0000000, 0x00000007c0000000)
 Metaspace       used 43382K, capacity 44434K, committed 44944K, reserved 1089536K
  class space    used 4840K, capacity 5129K, committed 5320K, reserved 1048576K
}
2017-03-21T01:54:08.585+0800: 3811.051: Total time for which application threads were stopped: 0.0103896 seconds, Stopping threads took: 0.0000240 seconds
2017-03-21T01:54:09.087+0800: 3811.553: Total time for which application threads were stopped: 0.0001220 seconds, Stopping threads took: 0.0000224 seconds
2017-03-21T01:54:09.160+0800: 3811.626: Total time for which application threads were stopped: 0.0001920 seconds, Stopping threads took: 0.0000218 seconds
2017-03-21T01:54:09.163+0800: 3811.629: Total time for which application threads were stopped: 0.0001136 seconds, Stopping threads took: 0.0000304 seconds
2017-03-21T01:54:09.163+0800: 3811.629: Total time for which application threads were stopped: 0.0000565 seconds, Stopping threads took: 0.0000077 seconds
2017-03-21T01:54:09.163+0800: 3811.629: Total time for which application threads were stopped: 0.0000742 seconds, Stopping threads took: 0.0000258 seconds
2017-03-21T01:54:09.163+0800: 3811.629: Total time for which application threads were stopped: 0.0000828 seconds, Stopping threads took: 0.0000299 seconds
2017-03-21T01:54:09.164+0800: 3811.629: Total time for which application threads were stopped: 0.0001340 seconds, Stopping threads took: 0.0000665 seconds
2017-03-21T01:54:10.168+0800: 3812.633: Total time for which application threads were stopped: 0.0002486 seconds, Stopping threads took: 0.0000478 seconds
2017-03-21T01:54:22.203+0800: 3824.669: Total time for which application threads were stopped: 0.0001291 seconds, Stopping threads took: 0.0000265 seconds
2017-03-21T01:54:22.261+0800: 3824.727: Total time for which application threads were stopped: 0.0001845 seconds, Stopping threads took: 0.0000491 seconds
2017-03-21T01:54:22.261+0800: 3824.727: Total time for which application threads were stopped: 0.0001101 seconds, Stopping threads took: 0.0000265 seconds
2017-03-21T01:54:22.261+0800: 3824.727: Total time for which application threads were stopped: 0.0001016 seconds, Stopping threads took: 0.0000356 seconds
2017-03-21T01:54:22.261+0800: 3824.727: Total time for which application threads were stopped: 0.0001113 seconds, Stopping threads took: 0.0000349 seconds
2017-03-21T01:54:22.261+0800: 3824.728: Total time for which application threads were stopped: 0.0002417 seconds, Stopping threads took: 0.0000340 seconds
2017-03-21T01:54:22.262+0800: 3824.728: Total time for which application threads were stopped: 0.0001034 seconds, Stopping threads took: 0.0000348 seconds
2017-03-21T01:54:22.262+0800: 3824.729: Total time for which application threads were stopped: 0.0001233 seconds, Stopping threads took: 0.0000251 seconds
2017-03-21T01:54:22.263+0800: 3824.729: Total time for which application threads were stopped: 0.0001029 seconds, Stopping threads took: 0.0000271 seconds
2017-03-21T01:54:22.263+0800: 3824.729: Total time for which application threads were stopped: 0.0001020 seconds, Stopping threads took: 0.0000361 seconds
2017-03-21T01:54:22.263+0800: 3824.729: Total time for which application threads were stopped: 0.0000884 seconds, Stopping threads took: 0.0000193 seconds
2017-03-21T01:54:22.263+0800: 3824.729: Total time for which application threads were stopped: 0.0000839 seconds, Stopping threads took: 0.0000106 seconds
2017-03-21T01:54:22.263+0800: 3824.729: Total time for which application threads were stopped: 0.0000706 seconds, Stopping threads took: 0.0000080 seconds
2017-03-21T01:54:22.263+0800: 3824.729: Total time for which application threads were stopped: 0.0000941 seconds, Stopping threads took: 0.0000232 seconds
2017-03-21T01:54:22.263+0800: 3824.730: Total time for which application threads were stopped: 0.0001929 seconds, Stopping threads took: 0.0001244 seconds
2017-03-21T01:54:22.264+0800: 3824.730: Total time for which application threads were stopped: 0.0000980 seconds, Stopping threads took: 0.0000130 seconds
2017-03-21T01:54:22.264+0800: 3824.730: Total time for which application threads were stopped: 0.0000930 seconds, Stopping threads took: 0.0000129 seconds
2017-03-21T01:54:22.270+0800: 3824.737: Total time for which application threads were stopped: 0.0001717 seconds, Stopping threads took: 0.0000405 seconds
2017-03-21T01:54:22.271+0800: 3824.737: Total time for which application threads were stopped: 0.0001519 seconds, Stopping threads took: 0.0000564 seconds
2017-03-21T01:54:22.271+0800: 3824.737: Total time for which application threads were stopped: 0.0001399 seconds, Stopping threads took: 0.0000478 seconds
2017-03-21T01:54:22.271+0800: 3824.737: Total time for which application threads were stopped: 0.0001569 seconds, Stopping threads took: 0.0000819 seconds
2017-03-21T01:54:23.276+0800: 3825.742: Total time for which application threads were stopped: 0.0002558 seconds, Stopping threads took: 0.0000468 seconds
2017-03-21T01:54:28.282+0800: 3830.748: Total time for which application threads were stopped: 0.0001268 seconds, Stopping threads took: 0.0000260 seconds
2017-03-21T01:54:28.286+0800: 3830.753: Total time for which application threads were stopped: 0.0001156 seconds, Stopping threads took: 0.0000206 seconds
2017-03-21T01:54:28.286+0800: 3830.753: Total time for which application threads were stopped: 0.0000729 seconds, Stopping threads took: 0.0000112 seconds
2017-03-21T01:54:28.286+0800: 3830.753: Total time for which application threads were stopped: 0.0000546 seconds, Stopping threads took: 0.0000070 seconds
2017-03-21T01:54:28.287+0800: 3830.753: Total time for which application threads were stopped: 0.0000530 seconds, Stopping threads took: 0.0000067 seconds
2017-03-21T01:54:29.291+0800: 3831.757: Total time for which application threads were stopped: 0.0001465 seconds, Stopping threads took: 0.0000276 seconds
2017-03-21T01:54:30.542+0800: 3833.008: Total time for which application threads were stopped: 0.0002515 seconds, Stopping threads took: 0.0000715 seconds
2017-03-21T01:54:30.542+0800: 3833.008: Total time for which application threads were stopped: 0.0001257 seconds, Stopping threads took: 0.0000444 seconds
2017-03-21T01:54:30.567+0800: 3833.033: Total time for which application threads were stopped: 0.0001320 seconds, Stopping threads took: 0.0000238 seconds
2017-03-21T01:54:55.990+0800: 3858.457: Total time for which application threads were stopped: 0.0001175 seconds, Stopping threads took: 0.0000202 seconds
2017-03-21T01:54:55.990+0800: 3858.457: Total time for which application threads were stopped: 0.0000736 seconds, Stopping threads took: 0.0000108 seconds
2017-03-21T01:54:56.991+0800: 3859.458: Total time for which application threads were stopped: 0.0001692 seconds, Stopping threads took: 0.0000379 seconds
2017-03-21T01:55:19.063+0800: 3881.531: Total time for which application threads were stopped: 0.0001504 seconds, Stopping threads took: 0.0000318 seconds
2017-03-21T01:55:22.281+0800: 3884.748: Total time for which application threads were stopped: 0.0001510 seconds, Stopping threads took: 0.0000297 seconds
2017-03-21T01:55:42.559+0800: 3905.028: Total time for which application threads were stopped: 0.0001596 seconds, Stopping threads took: 0.0000321 seconds
2017-03-21T02:01:09.610+0800: 4232.087: Total time for which application threads were stopped: 0.0002411 seconds, Stopping threads took: 0.0000498 seconds
2017-03-21T02:07:24.778+0800: 4607.266: Total time for which application threads were stopped: 0.0002387 seconds, Stopping threads took: 0.0000465 seconds
2017-03-21T02:16:42.502+0800: 5165.005: Total time for which application threads were stopped: 0.0008497 seconds, Stopping threads took: 0.0000185 seconds
2017-03-21T02:16:42.504+0800: 5165.007: Total time for which application threads were stopped: 0.0001006 seconds, Stopping threads took: 0.0000118 seconds
2017-03-21T02:16:42.505+0800: 5165.008: Total time for which application threads were stopped: 0.0000820 seconds, Stopping threads took: 0.0000081 seconds
2017-03-21T02:16:42.505+0800: 5165.008: Total time for which application threads were stopped: 0.0000911 seconds, Stopping threads took: 0.0000310 seconds
{Heap before GC invocations=59 (full 3):
 par new generation   total 109248K, used 109248K [0x00000007a0000000, 0x00000007a8000000, 0x00000007a8000000)
  eden space 87424K, 100% used [0x00000007a0000000, 0x00000007a5560000, 0x00000007a5560000)
  from space 21824K, 100% used [0x00000007a6ab0000, 0x00000007a8000000, 0x00000007a8000000)
  to   space 21824K,   0% used [0x00000007a5560000, 0x00000007a5560000, 0x00000007a6ab0000)
 concurrent mark-sweep generation total 393216K, used 114473K [0x00000007a8000000, 0x00000007c0000000, 0x00000007c0000000)
 Metaspace       used 43473K, capacity 44522K, committed 44944K, reserved 1089536K
  class space    used 4850K, capacity 5143K, committed 5320K, reserved 1048576K
2017-03-21T02:16:42.506+0800: 5165.009: [GC (Allocation Failure) 2017-03-21T02:16:42.506+0800: 5165.009: [ParNew
Desired survivor size 20112992 bytes, new threshold 8 (max 8)
- age   1:     868176 bytes,     868176 total
- age   2:    2845344 bytes,    3713520 total
- age   3:    4063728 bytes,    7777248 total
- age   4:    1254488 bytes,    9031736 total
- age   5:    1050480 bytes,   10082216 total
- age   6:    2530336 bytes,   12612552 total
- age   7:    5005992 bytes,   17618544 total
: 109248K->21824K(109248K), 0.0063002 secs] 223721K->137610K(502464K), 0.0063697 secs] [Times: user=0.02 sys=0.00, real=0.01 secs] 
Heap after GC invocations=60 (full 3):
 par new generation   total 109248K, used 21824K [0x00000007a0000000, 0x00000007a8000000, 0x00000007a8000000)
  eden space 87424K,   0% used [0x00000007a0000000, 0x00000007a0000000, 0x00000007a5560000)
  from space 21824K, 100% used [0x00000007a5560000, 0x00000007a6ab0000, 0x00000007a6ab0000)
  to   space 21824K,   0% used [0x00000007a6ab0000, 0x00000007a6ab0000, 0x00000007a8000000)
 concurrent mark-sweep generation total 393216K, used 115786K [0x00000007a8000000, 0x00000007c0000000, 0x00000007c0000000)
 Metaspace       used 43473K, capacity 44522K, committed 44944K, reserved 1089536K
  class space    used 4850K, capacity 5143K, committed 5320K, reserved 1048576K
}
2017-03-21T02:16:42.512+0800: 5165.015: Total time for which application threads were stopped: 0.0065742 seconds, Stopping threads took: 0.0000498 seconds
{Heap before GC invocations=60 (full 3):
 par new generation   total 109248K, used 109248K [0x00000007a0000000, 0x00000007a8000000, 0x00000007a8000000)
  eden space 87424K, 100% used [0x00000007a0000000, 0x00000007a5560000, 0x00000007a5560000)
  from space 21824K, 100% used [0x00000007a5560000, 0x00000007a6ab0000, 0x00000007a6ab0000)
  to   space 21824K,   0% used [0x00000007a6ab0000, 0x00000007a6ab0000, 0x00000007a8000000)
 concurrent mark-sweep generation total 393216K, used 115786K [0x00000007a8000000, 0x00000007c0000000, 0x00000007c0000000)
 Metaspace       used 43475K, capacity 44526K, committed 44944K, reserved 1089536K
  class space    used 4850K, capacity 5143K, committed 5320K, reserved 1048576K
2017-03-21T02:16:43.277+0800: 5165.780: [GC (Allocation Failure) 2017-03-21T02:16:43.277+0800: 5165.780: [ParNew
Desired survivor size 20112992 bytes, new threshold 8 (max 8)
- age   1:    5446688 bytes,    5446688 total
- age   2:     602376 bytes,    6049064 total
- age   3:    2175056 bytes,    8224120 total
- age   4:    3998160 bytes,   12222280 total
- age   5:    1221704 bytes,   13443984 total
- age   6:     952128 bytes,   14396112 total
- age   7:    2497552 bytes,   16893664 total
- age   8:    5005992 bytes,   21899656 total
: 109248K->21824K(109248K), 0.0072587 secs] 225034K->144375K(502464K), 0.0073310 secs] [Times: user=0.03 sys=0.01, real=0.01 secs] 
Heap after GC invocations=61 (full 3):
 par new generation   total 109248K, used 21824K [0x00000007a0000000, 0x00000007a8000000, 0x00000007a8000000)
  eden space 87424K,   0% used [0x00000007a0000000, 0x00000007a0000000, 0x00000007a5560000)
  from space 21824K, 100% used [0x00000007a6ab0000, 0x00000007a8000000, 0x00000007a8000000)
  to   space 21824K,   0% used [0x00000007a5560000, 0x00000007a5560000, 0x00000007a6ab0000)
 concurrent mark-sweep generation total 393216K, used 122551K [0x00000007a8000000, 0x00000007c0000000, 0x00000007c0000000)
 Metaspace       used 43475K, capacity 44526K, committed 44944K, reserved 1089536K
  class space    used 4850K, capacity 5143K, committed 5320K, reserved 1048576K
}
2017-03-21T02:16:43.284+0800: 5165.787: Total time for which application threads were stopped: 0.0075922 seconds, Stopping threads took: 0.0000330 seconds
{Heap before GC invocations=61 (full 3):
 par new generation   total 109248K, used 108965K [0x00000007a0000000, 0x00000007a8000000, 0x00000007a8000000)
  eden space 87424K,  99% used [0x00000007a0000000, 0x00000007a5519510, 0x00000007a5560000)
  from space 21824K, 100% used [0x00000007a6ab0000, 0x00000007a8000000, 0x00000007a8000000)
  to   space 21824K,   0% used [0x00000007a5560000, 0x00000007a5560000, 0x00000007a6ab0000)
 concurrent mark-sweep generation total 393216K, used 122551K [0x00000007a8000000, 0x00000007c0000000, 0x00000007c0000000)
 Metaspace       used 43475K, capacity 44526K, committed 44944K, reserved 1089536K
  class space    used 4850K, capacity 5143K, committed 5320K, reserved 1048576K
2017-03-21T02:16:44.256+0800: 5166.759: [GC (Allocation Failure) 2017-03-21T02:16:44.256+0800: 5166.759: [ParNew
Desired survivor size 20112992 bytes, new threshold 8 (max 8)
- age   1:    7950512 bytes,    7950512 total
- age   2:    4528384 bytes,   12478896 total
- age   3:     512768 bytes,   12991664 total
- age   4:     482664 bytes,   13474328 total
- age   5:    3816192 bytes,   17290520 total
- age   6:    1216392 bytes,   18506912 total
- age   7:     930640 bytes,   19437552 total
- age   8:    2496936 bytes,   21934488 total
: 108965K->21824K(109248K), 0.0084360 secs] 231516K->155053K(502464K), 0.0085051 secs] [Times: user=0.03 sys=0.00, real=0.01 secs] 
Heap after GC invocations=62 (full 3):
 par new generation   total 109248K, used 21824K [0x00000007a0000000, 0x00000007a8000000, 0x00000007a8000000)
  eden space 87424K,   0% used [0x00000007a0000000, 0x00000007a0000000, 0x00000007a5560000)
  from space 21824K, 100% used [0x00000007a5560000, 0x00000007a6ab0000, 0x00000007a6ab0000)
  to   space 21824K,   0% used [0x00000007a6ab0000, 0x00000007a6ab0000, 0x00000007a8000000)
 concurrent mark-sweep generation total 393216K, used 133229K [0x00000007a8000000, 0x00000007c0000000, 0x00000007c0000000)
 Metaspace       used 43475K, capacity 44526K, committed 44944K, reserved 1089536K
  class space    used 4850K, capacity 5143K, committed 5320K, reserved 1048576K
}
2017-03-21T02:16:44.264+0800: 5166.767: Total time for which application threads were stopped: 0.0087164 seconds, Stopping threads took: 0.0000236 seconds
{Heap before GC invocations=62 (full 3):
 par new generation   total 109248K, used 109248K [0x00000007a0000000, 0x00000007a8000000, 0x00000007a8000000)
  eden space 87424K, 100% used [0x00000007a0000000, 0x00000007a5560000, 0x00000007a5560000)
  from space 21824K, 100% used [0x00000007a5560000, 0x00000007a6ab0000, 0x00000007a6ab0000)
  to   space 21824K,   0% used [0x00000007a6ab0000, 0x00000007a6ab0000, 0x00000007a8000000)
 concurrent mark-sweep generation total 393216K, used 133229K [0x00000007a8000000, 0x00000007c0000000, 0x00000007c0000000)
 Metaspace       used 43475K, capacity 44590K, committed 44944K, reserved 1089536K
  class space    used 4850K, capacity 5143K, committed 5320K, reserved 1048576K
2017-03-21T02:16:45.181+0800: 5167.684: [GC (Allocation Failure) 2017-03-21T02:16:45.181+0800: 5167.684: [ParNew
Desired survivor size 20112992 bytes, new threshold 8 (max 8)
- age   1:    5695920 bytes,    5695920 total
- age   2:    5123752 bytes,   10819672 total
- age   3:    4028360 bytes,   14848032 total
- age   4:     483792 bytes,   15331824 total
- age   5:     124688 bytes,   15456512 total
- age   6:    3232464 bytes,   18688976 total
- age   7:    1109488 bytes,   19798464 total
- age   8:     187080 bytes,   19985544 total
: 109248K->21824K(109248K), 0.0093732 secs] 242477K->168113K(502464K), 0.0094602 secs] [Times: user=0.03 sys=0.01, real=0.01 secs] 
Heap after GC invocations=63 (full 3):
 par new generation   total 109248K, used 21824K [0x00000007a0000000, 0x00000007a8000000, 0x00000007a8000000)
  eden space 87424K,   0% used [0x00000007a0000000, 0x00000007a0000000, 0x00000007a5560000)
  from space 21824K, 100% used [0x00000007a6ab0000, 0x00000007a8000000, 0x00000007a8000000)
  to   space 21824K,   0% used [0x00000007a5560000, 0x00000007a5560000, 0x00000007a6ab0000)
 concurrent mark-sweep generation total 393216K, used 146289K [0x00000007a8000000, 0x00000007c0000000, 0x00000007c0000000)
 Metaspace       used 43475K, capacity 44590K, committed 44944K, reserved 1089536K
  class space    used 4850K, capacity 5143K, committed 5320K, reserved 1048576K
}
2017-03-21T02:16:45.191+0800: 5167.694: Total time for which application threads were stopped: 0.0096973 seconds, Stopping threads took: 0.0000233 seconds
{Heap before GC invocations=63 (full 3):
 par new generation   total 109248K, used 109248K [0x00000007a0000000, 0x00000007a8000000, 0x00000007a8000000)
  eden space 87424K, 100% used [0x00000007a0000000, 0x00000007a5560000, 0x00000007a5560000)
  from space 21824K, 100% used [0x00000007a6ab0000, 0x00000007a8000000, 0x00000007a8000000)
  to   space 21824K,   0% used [0x00000007a5560000, 0x00000007a5560000, 0x00000007a6ab0000)
 concurrent mark-sweep generation total 393216K, used 146289K [0x00000007a8000000, 0x00000007c0000000, 0x00000007c0000000)
 Metaspace       used 43475K, capacity 44590K, committed 44944K, reserved 1089536K
  class space    used 4850K, capacity 5143K, committed 5320K, reserved 1048576K
2017-03-21T02:16:46.071+0800: 5168.574: [GC (Allocation Failure) 2017-03-21T02:16:46.071+0800: 5168.574: [ParNew
Desired survivor size 20112992 bytes, new threshold 5 (max 8)
- age   1:    6840136 bytes,    6840136 total
- age   2:    3856232 bytes,   10696368 total
- age   3:    5123320 bytes,   15819688 total
- age   4:    4028160 bytes,   19847848 total
- age   5:     482832 bytes,   20330680 total
- age   6:     120864 bytes,   20451544 total
- age   7:    1687104 bytes,   22138648 total
- age   8:     157400 bytes,   22296048 total
: 109248K->21824K(109248K), 0.0115306 secs] 255537K->176636K(502464K), 0.0116000 secs] [Times: user=0.02 sys=0.01, real=0.01 secs] 
Heap after GC invocations=64 (full 3):
 par new generation   total 109248K, used 21824K [0x00000007a0000000, 0x00000007a8000000, 0x00000007a8000000)
  eden space 87424K,   0% used [0x00000007a0000000, 0x00000007a0000000, 0x00000007a5560000)
  from space 21824K, 100% used [0x00000007a5560000, 0x00000007a6ab0000, 0x00000007a6ab0000)
  to   space 21824K,   0% used [0x00000007a6ab0000, 0x00000007a6ab0000, 0x00000007a8000000)
 concurrent mark-sweep generation total 393216K, used 154812K [0x00000007a8000000, 0x00000007c0000000, 0x00000007c0000000)
 Metaspace       used 43475K, capacity 44590K, committed 44944K, reserved 1089536K
  class space    used 4850K, capacity 5143K, committed 5320K, reserved 1048576K
}
2017-03-21T02:16:46.082+0800: 5168.585: Total time for which application threads were stopped: 0.0118050 seconds, Stopping threads took: 0.0000198 seconds
{Heap before GC invocations=64 (full 3):
 par new generation   total 109248K, used 109248K [0x00000007a0000000, 0x00000007a8000000, 0x00000007a8000000)
  eden space 87424K, 100% used [0x00000007a0000000, 0x00000007a5560000, 0x00000007a5560000)
  from space 21824K, 100% used [0x00000007a5560000, 0x00000007a6ab0000, 0x00000007a6ab0000)
  to   space 21824K,   0% used [0x00000007a6ab0000, 0x00000007a6ab0000, 0x00000007a8000000)
 concurrent mark-sweep generation total 393216K, used 154812K [0x00000007a8000000, 0x00000007c0000000, 0x00000007c0000000)
 Metaspace       used 43475K, capacity 44590K, committed 44944K, reserved 1089536K
  class space    used 4850K, capacity 5143K, committed 5320K, reserved 1048576K
2017-03-21T02:16:47.017+0800: 5169.520: [GC (Allocation Failure) 2017-03-21T02:16:47.017+0800: 5169.520: [ParNew
Desired survivor size 20112992 bytes, new threshold 5 (max 8)
- age   1:    8472232 bytes,    8472232 total
- age   2:    1038544 bytes,    9510776 total
- age   3:    3167752 bytes,   12678528 total
- age   4:    5090536 bytes,   17769064 total
- age   5:    4027920 bytes,   21796984 total
: 109248K->21824K(109248K), 0.0156135 secs] 264060K->186693K(502464K), 0.0156758 secs] [Times: user=0.02 sys=0.02, real=0.02 secs] 
Heap after GC invocations=65 (full 3):
 par new generation   total 109248K, used 21824K [0x00000007a0000000, 0x00000007a8000000, 0x00000007a8000000)
  eden space 87424K,   0% used [0x00000007a0000000, 0x00000007a0000000, 0x00000007a5560000)
  from space 21824K, 100% used [0x00000007a6ab0000, 0x00000007a8000000, 0x00000007a8000000)
  to   space 21824K,   0% used [0x00000007a5560000, 0x00000007a5560000, 0x00000007a6ab0000)
 concurrent mark-sweep generation total 393216K, used 164869K [0x00000007a8000000, 0x00000007c0000000, 0x00000007c0000000)
 Metaspace       used 43475K, capacity 44590K, committed 44944K, reserved 1089536K
  class space    used 4850K, capacity 5143K, committed 5320K, reserved 1048576K
}
2017-03-21T02:16:47.033+0800: 5169.536: Total time for which application threads were stopped: 0.0158855 seconds, Stopping threads took: 0.0000216 seconds
2017-03-21T02:16:47.222+0800: 5169.725: Total time for which application threads were stopped: 0.0001121 seconds, Stopping threads took: 0.0000182 seconds
2017-03-21T02:16:47.228+0800: 5169.731: Total time for which application threads were stopped: 0.0001142 seconds, Stopping threads took: 0.0000195 seconds
2017-03-21T02:16:47.246+0800: 5169.749: Total time for which application threads were stopped: 0.0001398 seconds, Stopping threads took: 0.0000270 seconds
2017-03-21T02:16:47.247+0800: 5169.750: Total time for which application threads were stopped: 0.0000898 seconds, Stopping threads took: 0.0000160 seconds
{Heap before GC invocations=65 (full 3):
 par new generation   total 109248K, used 109248K [0x00000007a0000000, 0x00000007a8000000, 0x00000007a8000000)
  eden space 87424K, 100% used [0x00000007a0000000, 0x00000007a5560000, 0x00000007a5560000)
  from space 21824K, 100% used [0x00000007a6ab0000, 0x00000007a8000000, 0x00000007a8000000)
  to   space 21824K,   0% used [0x00000007a5560000, 0x00000007a5560000, 0x00000007a6ab0000)
 concurrent mark-sweep generation total 393216K, used 164869K [0x00000007a8000000, 0x00000007c0000000, 0x00000007c0000000)
 Metaspace       used 43486K, capacity 44590K, committed 44944K, reserved 1089536K
  class space    used 4850K, capacity 5143K, committed 5320K, reserved 1048576K
2017-03-21T02:16:47.723+0800: 5170.226: [GC (Allocation Failure) 2017-03-21T02:16:47.723+0800: 5170.226: [ParNew
Desired survivor size 20112992 bytes, new threshold 8 (max 8)
- age   1:    4226464 bytes,    4226464 total
- age   2:    6048632 bytes,   10275096 total
- age   3:    1000192 bytes,   11275288 total
- age   4:    2912280 bytes,   14187568 total
- age   5:    5011608 bytes,   19199176 total
: 109248K->21824K(109248K), 0.0093365 secs] 274117K->191290K(502464K), 0.0096853 secs] [Times: user=0.02 sys=0.01, real=0.01 secs] 
Heap after GC invocations=66 (full 3):
 par new generation   total 109248K, used 21824K [0x00000007a0000000, 0x00000007a8000000, 0x00000007a8000000)
  eden space 87424K,   0% used [0x00000007a0000000, 0x00000007a0000000, 0x00000007a5560000)
  from space 21824K, 100% used [0x00000007a5560000, 0x00000007a6ab0000, 0x00000007a6ab0000)
  to   space 21824K,   0% used [0x00000007a6ab0000, 0x00000007a6ab0000, 0x00000007a8000000)
 concurrent mark-sweep generation total 393216K, used 169466K [0x00000007a8000000, 0x00000007c0000000, 0x00000007c0000000)
 Metaspace       used 43486K, capacity 44590K, committed 44944K, reserved 1089536K
  class space    used 4850K, capacity 5143K, committed 5320K, reserved 1048576K
}
2017-03-21T02:16:47.732+0800: 5170.235: Total time for which application threads were stopped: 0.0099181 seconds, Stopping threads took: 0.0000214 seconds
2017-03-21T02:16:48.108+0800: 5170.611: Total time for which application threads were stopped: 0.0001576 seconds, Stopping threads took: 0.0000517 seconds
2017-03-21T02:16:48.108+0800: 5170.611: Total time for which application threads were stopped: 0.0000894 seconds, Stopping threads took: 0.0000156 seconds
2017-03-21T02:16:48.196+0800: 5170.699: Total time for which application threads were stopped: 0.0001473 seconds, Stopping threads took: 0.0000377 seconds
2017-03-21T02:16:48.197+0800: 5170.700: Total time for which application threads were stopped: 0.0000641 seconds, Stopping threads took: 0.0000106 seconds
2017-03-21T02:16:48.197+0800: 5170.701: Total time for which application threads were stopped: 0.0000703 seconds, Stopping threads took: 0.0000138 seconds
2017-03-21T02:16:48.198+0800: 5170.701: Total time for which application threads were stopped: 0.0000776 seconds, Stopping threads took: 0.0000264 seconds
2017-03-21T02:16:48.198+0800: 5170.701: Total time for which application threads were stopped: 0.0000711 seconds, Stopping threads took: 0.0000270 seconds
2017-03-21T02:16:48.198+0800: 5170.701: Total time for which application threads were stopped: 0.0000748 seconds, Stopping threads took: 0.0000207 seconds
2017-03-21T02:17:08.143+0800: 5190.647: Total time for which application threads were stopped: 0.0001133 seconds, Stopping threads took: 0.0000174 seconds
2017-03-21T02:17:08.144+0800: 5190.647: Total time for which application threads were stopped: 0.0000545 seconds, Stopping threads took: 0.0000073 seconds
2017-03-21T02:17:08.149+0800: 5190.653: Total time for which application threads were stopped: 0.0001197 seconds, Stopping threads took: 0.0000176 seconds
2017-03-21T02:17:08.149+0800: 5190.653: Total time for which application threads were stopped: 0.0000694 seconds, Stopping threads took: 0.0000101 seconds
2017-03-21T02:17:08.150+0800: 5190.654: Total time for which application threads were stopped: 0.0000572 seconds, Stopping threads took: 0.0000078 seconds
2017-03-21T02:17:08.153+0800: 5190.657: Total time for which application threads were stopped: 0.0001408 seconds, Stopping threads took: 0.0000366 seconds
2017-03-21T02:17:08.153+0800: 5190.657: Total time for which application threads were stopped: 0.0000773 seconds, Stopping threads took: 0.0000241 seconds
2017-03-21T02:17:09.154+0800: 5191.657: Total time for which application threads were stopped: 0.0001362 seconds, Stopping threads took: 0.0000305 seconds
2017-03-21T02:17:42.725+0800: 5225.229: Total time for which application threads were stopped: 0.0001578 seconds, Stopping threads took: 0.0000477 seconds
2017-03-21T02:17:42.726+0800: 5225.230: Total time for which application threads were stopped: 0.0001829 seconds, Stopping threads took: 0.0000705 seconds
2017-03-21T02:17:42.726+0800: 5225.230: Total time for which application threads were stopped: 0.0000925 seconds, Stopping threads took: 0.0000331 seconds
2017-03-21T02:17:42.726+0800: 5225.231: Total time for which application threads were stopped: 0.0001326 seconds, Stopping threads took: 0.0000561 seconds
2017-03-21T02:17:42.726+0800: 5225.231: Total time for which application threads were stopped: 0.0001240 seconds, Stopping threads took: 0.0000643 seconds
2017-03-21T02:17:42.726+0800: 5225.231: Total time for which application threads were stopped: 0.0000907 seconds, Stopping threads took: 0.0000330 seconds
2017-03-21T02:17:42.727+0800: 5225.231: Total time for which application threads were stopped: 0.0001279 seconds, Stopping threads took: 0.0000639 seconds
2017-03-21T02:17:42.727+0800: 5225.232: Total time for which application threads were stopped: 0.0001155 seconds, Stopping threads took: 0.0000517 seconds
2017-03-21T02:17:42.727+0800: 5225.232: Total time for which application threads were stopped: 0.0000797 seconds, Stopping threads took: 0.0000262 seconds
2017-03-21T02:17:42.728+0800: 5225.232: Total time for which application threads were stopped: 0.0000787 seconds, Stopping threads took: 0.0000115 seconds
2017-03-21T02:17:42.728+0800: 5225.232: Total time for which application threads were stopped: 0.0000586 seconds, Stopping threads took: 0.0000074 seconds
2017-03-21T02:17:42.746+0800: 5225.250: Total time for which application threads were stopped: 0.0001231 seconds, Stopping threads took: 0.0000200 seconds
2017-03-21T02:17:46.014+0800: 5228.519: Total time for which application threads were stopped: 0.0001195 seconds, Stopping threads took: 0.0000219 seconds
2017-03-21T02:17:46.014+0800: 5228.519: Total time for which application threads were stopped: 0.0000600 seconds, Stopping threads took: 0.0000091 seconds
2017-03-21T02:17:46.014+0800: 5228.519: Total time for which application threads were stopped: 0.0000697 seconds, Stopping threads took: 0.0000109 seconds
2017-03-21T02:17:46.014+0800: 5228.519: Total time for which application threads were stopped: 0.0000582 seconds, Stopping threads took: 0.0000078 seconds
2017-03-21T02:17:46.014+0800: 5228.519: Total time for which application threads were stopped: 0.0000591 seconds, Stopping threads took: 0.0000083 seconds
2017-03-21T02:17:46.015+0800: 5228.520: Total time for which application threads were stopped: 0.0001021 seconds, Stopping threads took: 0.0000149 seconds
2017-03-21T02:17:46.015+0800: 5228.520: Total time for which application threads were stopped: 0.0000993 seconds, Stopping threads took: 0.0000121 seconds
2017-03-21T02:17:46.015+0800: 5228.520: Total time for which application threads were stopped: 0.0000946 seconds, Stopping threads took: 0.0000439 seconds
2017-03-21T02:17:46.016+0800: 5228.520: Total time for which application threads were stopped: 0.0001872 seconds, Stopping threads took: 0.0000103 seconds
2017-03-21T02:17:59.064+0800: 5241.569: Total time for which application threads were stopped: 0.0001603 seconds, Stopping threads took: 0.0000342 seconds
2017-03-21T02:18:03.197+0800: 5245.702: Total time for which application threads were stopped: 0.0001469 seconds, Stopping threads took: 0.0000432 seconds
2017-03-21T02:18:03.197+0800: 5245.703: Total time for which application threads were stopped: 0.0000919 seconds, Stopping threads took: 0.0000330 seconds
2017-03-21T02:18:03.197+0800: 5245.703: Total time for which application threads were stopped: 0.0001142 seconds, Stopping threads took: 0.0000507 seconds
2017-03-21T02:18:03.198+0800: 5245.703: Total time for which application threads were stopped: 0.0000710 seconds, Stopping threads took: 0.0000186 seconds
2017-03-21T02:18:03.198+0800: 5245.703: Total time for which application threads were stopped: 0.0000693 seconds, Stopping threads took: 0.0000198 seconds
2017-03-21T02:18:03.198+0800: 5245.703: Total time for which application threads were stopped: 0.0000804 seconds, Stopping threads took: 0.0000226 seconds
2017-03-21T02:18:03.198+0800: 5245.704: Total time for which application threads were stopped: 0.0000702 seconds, Stopping threads took: 0.0000212 seconds
2017-03-21T02:18:03.203+0800: 5245.708: Total time for which application threads were stopped: 0.0001515 seconds, Stopping threads took: 0.0000190 seconds
2017-03-21T02:18:03.203+0800: 5245.708: Total time for which application threads were stopped: 0.0000927 seconds, Stopping threads took: 0.0000321 seconds
2017-03-21T02:18:07.082+0800: 5249.587: Total time for which application threads were stopped: 0.0003296 seconds, Stopping threads took: 0.0000466 seconds
2017-03-21T02:18:07.086+0800: 5249.591: Total time for which application threads were stopped: 0.0002001 seconds, Stopping threads took: 0.0000442 seconds
2017-03-21T02:18:07.086+0800: 5249.591: Total time for which application threads were stopped: 0.0000904 seconds, Stopping threads took: 0.0000242 seconds
2017-03-21T02:18:07.086+0800: 5249.592: Total time for which application threads were stopped: 0.0000846 seconds, Stopping threads took: 0.0000294 seconds
2017-03-21T02:18:07.086+0800: 5249.592: Total time for which application threads were stopped: 0.0000966 seconds, Stopping threads took: 0.0000278 seconds
2017-03-21T02:18:07.086+0800: 5249.592: Total time for which application threads were stopped: 0.0000751 seconds, Stopping threads took: 0.0000190 seconds
2017-03-21T02:18:07.087+0800: 5249.592: Total time for which application threads were stopped: 0.0000632 seconds, Stopping threads took: 0.0000086 seconds
2017-03-21T02:18:07.087+0800: 5249.592: Total time for which application threads were stopped: 0.0000644 seconds, Stopping threads took: 0.0000086 seconds
2017-03-21T02:18:07.087+0800: 5249.592: Total time for which application threads were stopped: 0.0000755 seconds, Stopping threads took: 0.0000216 seconds
2017-03-21T02:18:07.087+0800: 5249.592: Total time for which application threads were stopped: 0.0000717 seconds, Stopping threads took: 0.0000190 seconds
2017-03-21T02:18:07.087+0800: 5249.592: Total time for which application threads were stopped: 0.0001006 seconds, Stopping threads took: 0.0000249 seconds
2017-03-21T02:18:07.087+0800: 5249.592: Total time for which application threads were stopped: 0.0000787 seconds, Stopping threads took: 0.0000234 seconds
2017-03-21T02:18:07.087+0800: 5249.593: Total time for which application threads were stopped: 0.0000926 seconds, Stopping threads took: 0.0000332 seconds
2017-03-21T02:18:07.087+0800: 5249.593: Total time for which application threads were stopped: 0.0000971 seconds, Stopping threads took: 0.0000412 seconds
2017-03-21T02:18:07.087+0800: 5249.593: Total time for which application threads were stopped: 0.0000774 seconds, Stopping threads took: 0.0000243 seconds
2017-03-21T02:18:07.088+0800: 5249.593: Total time for which application threads were stopped: 0.0000777 seconds, Stopping threads took: 0.0000247 seconds
2017-03-21T02:18:07.088+0800: 5249.593: Total time for which application threads were stopped: 0.0000584 seconds, Stopping threads took: 0.0000071 seconds
2017-03-21T02:18:07.088+0800: 5249.593: Total time for which application threads were stopped: 0.0000583 seconds, Stopping threads took: 0.0000070 seconds
2017-03-21T02:18:07.088+0800: 5249.593: Total time for which application threads were stopped: 0.0000838 seconds, Stopping threads took: 0.0000299 seconds
2017-03-21T02:18:07.088+0800: 5249.593: Total time for which application threads were stopped: 0.0000807 seconds, Stopping threads took: 0.0000253 seconds
2017-03-21T02:18:07.088+0800: 5249.593: Total time for which application threads were stopped: 0.0001045 seconds, Stopping threads took: 0.0000510 seconds
2017-03-21T02:18:07.088+0800: 5249.594: Total time for which application threads were stopped: 0.0002316 seconds, Stopping threads took: 0.0000415 seconds
2017-03-21T02:18:07.088+0800: 5249.594: Total time for which application threads were stopped: 0.0000835 seconds, Stopping threads took: 0.0000282 seconds
2017-03-21T02:18:07.090+0800: 5249.596: Total time for which application threads were stopped: 0.0002196 seconds, Stopping threads took: 0.0000634 seconds
2017-03-21T02:18:08.094+0800: 5250.600: Total time for which application threads were stopped: 0.0002474 seconds, Stopping threads took: 0.0000475 seconds
2017-03-21T02:18:22.462+0800: 5264.968: Total time for which application threads were stopped: 0.0001602 seconds, Stopping threads took: 0.0000369 seconds
2017-03-21T02:18:22.462+0800: 5264.968: Total time for which application threads were stopped: 0.0000981 seconds, Stopping threads took: 0.0000207 seconds
2017-03-21T02:18:23.467+0800: 5265.973: Total time for which application threads were stopped: 0.0001528 seconds, Stopping threads took: 0.0000321 seconds
{Heap before GC invocations=66 (full 3):
 par new generation   total 109248K, used 109248K [0x00000007a0000000, 0x00000007a8000000, 0x00000007a8000000)
  eden space 87424K, 100% used [0x00000007a0000000, 0x00000007a5560000, 0x00000007a5560000)
  from space 21824K, 100% used [0x00000007a5560000, 0x00000007a6ab0000, 0x00000007a6ab0000)
  to   space 21824K,   0% used [0x00000007a6ab0000, 0x00000007a6ab0000, 0x00000007a8000000)
 concurrent mark-sweep generation total 393216K, used 169466K [0x00000007a8000000, 0x00000007c0000000, 0x00000007c0000000)
 Metaspace       used 43625K, capacity 44768K, committed 45200K, reserved 1089536K
  class space    used 4867K, capacity 5162K, committed 5320K, reserved 1048576K
2017-03-21T02:18:59.858+0800: 5302.365: [GC (Allocation Failure) 2017-03-21T02:18:59.858+0800: 5302.365: [ParNew
Desired survivor size 20112992 bytes, new threshold 8 (max 8)
- age   1:    1382160 bytes,    1382160 total
- age   2:    3472584 bytes,    4854744 total
- age   3:    5862632 bytes,   10717376 total
- age   4:     861576 bytes,   11578952 total
- age   5:    2814176 bytes,   14393128 total
- age   6:    4887664 bytes,   19280792 total
: 109248K->21824K(109248K), 0.0054194 secs] 278714K->191906K(502464K), 0.0055126 secs] [Times: user=0.01 sys=0.00, real=0.01 secs] 
Heap after GC invocations=67 (full 3):
 par new generation   total 109248K, used 21824K [0x00000007a0000000, 0x00000007a8000000, 0x00000007a8000000)
  eden space 87424K,   0% used [0x00000007a0000000, 0x00000007a0000000, 0x00000007a5560000)
  from space 21824K, 100% used [0x00000007a6ab0000, 0x00000007a8000000, 0x00000007a8000000)
  to   space 21824K,   0% used [0x00000007a5560000, 0x00000007a5560000, 0x00000007a6ab0000)
 concurrent mark-sweep generation total 393216K, used 170082K [0x00000007a8000000, 0x00000007c0000000, 0x00000007c0000000)
 Metaspace       used 43625K, capacity 44768K, committed 45200K, reserved 1089536K
  class space    used 4867K, capacity 5162K, committed 5320K, reserved 1048576K
}
2017-03-21T02:18:59.864+0800: 5302.371: Total time for which application threads were stopped: 0.0057643 seconds, Stopping threads took: 0.0000241 seconds
2017-03-21T02:18:59.864+0800: 5302.371: Total time for which application threads were stopped: 0.0001976 seconds, Stopping threads took: 0.0000483 seconds
{Heap before GC invocations=67 (full 3):
 par new generation   total 109248K, used 109248K [0x00000007a0000000, 0x00000007a8000000, 0x00000007a8000000)
  eden space 87424K, 100% used [0x00000007a0000000, 0x00000007a5560000, 0x00000007a5560000)
  from space 21824K, 100% used [0x00000007a6ab0000, 0x00000007a8000000, 0x00000007a8000000)
  to   space 21824K,   0% used [0x00000007a5560000, 0x00000007a5560000, 0x00000007a6ab0000)
 concurrent mark-sweep generation total 393216K, used 170082K [0x00000007a8000000, 0x00000007c0000000, 0x00000007c0000000)
 Metaspace       used 43629K, capacity 44774K, committed 45200K, reserved 1089536K
  class space    used 4868K, capacity 5163K, committed 5320K, reserved 1048576K
2017-03-21T02:18:59.900+0800: 5302.406: [GC (Allocation Failure) 2017-03-21T02:18:59.900+0800: 5302.406: [ParNew
Desired survivor size 20112992 bytes, new threshold 8 (max 8)
- age   1:    1075664 bytes,    1075664 total
- age   2:    1164840 bytes,    2240504 total
- age   3:    3420584 bytes,    5661088 total
- age   4:    5195992 bytes,   10857080 total
- age   5:     509016 bytes,   11366096 total
- age   6:    2814176 bytes,   14180272 total
- age   7:    4887664 bytes,   19067936 total
: 109248K->21824K(109248K), 0.0061073 secs] 279330K->193099K(502464K), 0.0061786 secs] [Times: user=0.03 sys=0.00, real=0.00 secs] 
Heap after GC invocations=68 (full 3):
 par new generation   total 109248K, used 21824K [0x00000007a0000000, 0x00000007a8000000, 0x00000007a8000000)
  eden space 87424K,   0% used [0x00000007a0000000, 0x00000007a0000000, 0x00000007a5560000)
  from space 21824K, 100% used [0x00000007a5560000, 0x00000007a6ab0000, 0x00000007a6ab0000)
  to   space 21824K,   0% used [0x00000007a6ab0000, 0x00000007a6ab0000, 0x00000007a8000000)
 concurrent mark-sweep generation total 393216K, used 171275K [0x00000007a8000000, 0x00000007c0000000, 0x00000007c0000000)
 Metaspace       used 43629K, capacity 44774K, committed 45200K, reserved 1089536K
  class space    used 4868K, capacity 5163K, committed 5320K, reserved 1048576K
}
2017-03-21T02:18:59.906+0800: 5302.413: Total time for which application threads were stopped: 0.0064185 seconds, Stopping threads took: 0.0000236 seconds
2017-03-21T02:18:59.979+0800: 5302.486: Total time for which application threads were stopped: 0.0001948 seconds, Stopping threads took: 0.0000579 seconds
2017-03-21T02:19:00.595+0800: 5303.102: Total time for which application threads were stopped: 0.0003721 seconds, Stopping threads took: 0.0000940 seconds
2017-03-21T02:19:00.596+0800: 5303.103: Total time for which application threads were stopped: 0.0001484 seconds, Stopping threads took: 0.0000163 seconds
2017-03-21T02:19:00.596+0800: 5303.103: Total time for which application threads were stopped: 0.0000843 seconds, Stopping threads took: 0.0000103 seconds
2017-03-21T02:19:00.623+0800: 5303.130: Total time for which application threads were stopped: 0.0001594 seconds, Stopping threads took: 0.0000238 seconds
2017-03-21T02:19:00.623+0800: 5303.130: Total time for which application threads were stopped: 0.0000920 seconds, Stopping threads took: 0.0000155 seconds
2017-03-21T02:19:00.630+0800: 5303.137: Total time for which application threads were stopped: 0.0001373 seconds, Stopping threads took: 0.0000187 seconds
2017-03-21T02:19:00.641+0800: 5303.148: Total time for which application threads were stopped: 0.0001844 seconds, Stopping threads took: 0.0000587 seconds
2017-03-21T02:19:00.642+0800: 5303.149: Total time for which application threads were stopped: 0.0001196 seconds, Stopping threads took: 0.0000312 seconds
2017-03-21T02:19:00.642+0800: 5303.149: Total time for which application threads were stopped: 0.0000863 seconds, Stopping threads took: 0.0000281 seconds
2017-03-21T02:19:00.643+0800: 5303.149: Total time for which application threads were stopped: 0.0000580 seconds, Stopping threads took: 0.0000077 seconds
2017-03-21T02:19:00.643+0800: 5303.149: Total time for which application threads were stopped: 0.0000913 seconds, Stopping threads took: 0.0000328 seconds
2017-03-21T02:19:00.643+0800: 5303.150: Total time for which application threads were stopped: 0.0000571 seconds, Stopping threads took: 0.0000078 seconds
2017-03-21T02:19:00.643+0800: 5303.150: Total time for which application threads were stopped: 0.0000870 seconds, Stopping threads took: 0.0000128 seconds
2017-03-21T02:19:00.643+0800: 5303.150: Total time for which application threads were stopped: 0.0000722 seconds, Stopping threads took: 0.0000072 seconds
2017-03-21T02:19:00.643+0800: 5303.150: Total time for which application threads were stopped: 0.0001157 seconds, Stopping threads took: 0.0000519 seconds
2017-03-21T02:19:00.643+0800: 5303.150: Total time for which application threads were stopped: 0.0000947 seconds, Stopping threads took: 0.0000211 seconds
2017-03-21T02:19:00.643+0800: 5303.150: Total time for which application threads were stopped: 0.0000671 seconds, Stopping threads took: 0.0000241 seconds
2017-03-21T02:19:00.643+0800: 5303.150: Total time for which application threads were stopped: 0.0000684 seconds, Stopping threads took: 0.0000249 seconds
2017-03-21T02:19:00.644+0800: 5303.150: Total time for which application threads were stopped: 0.0001695 seconds, Stopping threads took: 0.0000201 seconds
2017-03-21T02:19:00.644+0800: 5303.151: Total time for which application threads were stopped: 0.0000861 seconds, Stopping threads took: 0.0000197 seconds
2017-03-21T02:19:00.645+0800: 5303.152: Total time for which application threads were stopped: 0.0000753 seconds, Stopping threads took: 0.0000111 seconds
2017-03-21T02:19:00.648+0800: 5303.155: Total time for which application threads were stopped: 0.0001020 seconds, Stopping threads took: 0.0000161 seconds
2017-03-21T02:19:00.722+0800: 5303.229: Total time for which application threads were stopped: 0.0001125 seconds, Stopping threads took: 0.0000180 seconds
2017-03-21T02:19:01.727+0800: 5304.233: Total time for which application threads were stopped: 0.0002472 seconds, Stopping threads took: 0.0000504 seconds
2017-03-21T02:19:04.731+0800: 5307.238: Total time for which application threads were stopped: 0.0001186 seconds, Stopping threads took: 0.0000259 seconds
2017-03-21T02:19:05.352+0800: 5307.859: Total time for which application threads were stopped: 0.0001569 seconds, Stopping threads took: 0.0000216 seconds
2017-03-21T02:19:05.352+0800: 5307.859: Total time for which application threads were stopped: 0.0001958 seconds, Stopping threads took: 0.0000431 seconds
2017-03-21T02:19:06.353+0800: 5308.860: Total time for which application threads were stopped: 0.0002666 seconds, Stopping threads took: 0.0000524 seconds
2017-03-21T02:20:00.537+0800: 5363.045: Total time for which application threads were stopped: 0.0001309 seconds, Stopping threads took: 0.0000195 seconds
2017-03-21T02:20:00.537+0800: 5363.045: Total time for which application threads were stopped: 0.0000589 seconds, Stopping threads took: 0.0000081 seconds
2017-03-21T02:20:00.537+0800: 5363.045: Total time for which application threads were stopped: 0.0000541 seconds, Stopping threads took: 0.0000069 seconds
2017-03-21T02:20:00.537+0800: 5363.045: Total time for which application threads were stopped: 0.0000550 seconds, Stopping threads took: 0.0000074 seconds
2017-03-21T02:20:00.537+0800: 5363.045: Total time for which application threads were stopped: 0.0000540 seconds, Stopping threads took: 0.0000069 seconds
2017-03-21T02:20:00.537+0800: 5363.046: Total time for which application threads were stopped: 0.0000713 seconds, Stopping threads took: 0.0000100 seconds
2017-03-21T02:20:00.538+0800: 5363.046: Total time for which application threads were stopped: 0.0000611 seconds, Stopping threads took: 0.0000084 seconds
2017-03-21T02:20:00.538+0800: 5363.046: Total time for which application threads were stopped: 0.0000565 seconds, Stopping threads took: 0.0000075 seconds
2017-03-21T02:20:00.538+0800: 5363.046: Total time for which application threads were stopped: 0.0000529 seconds, Stopping threads took: 0.0000068 seconds
2017-03-21T02:20:00.538+0800: 5363.046: Total time for which application threads were stopped: 0.0000525 seconds, Stopping threads took: 0.0000067 seconds
2017-03-21T02:20:00.538+0800: 5363.046: Total time for which application threads were stopped: 0.0000524 seconds, Stopping threads took: 0.0000068 seconds
2017-03-21T02:20:00.538+0800: 5363.047: Total time for which application threads were stopped: 0.0000527 seconds, Stopping threads took: 0.0000067 seconds
2017-03-21T02:20:00.538+0800: 5363.047: Total time for which application threads were stopped: 0.0000525 seconds, Stopping threads took: 0.0000068 seconds
2017-03-21T02:20:00.539+0800: 5363.047: Total time for which application threads were stopped: 0.0000600 seconds, Stopping threads took: 0.0000080 seconds
2017-03-21T02:20:00.539+0800: 5363.047: Total time for which application threads were stopped: 0.0000583 seconds, Stopping threads took: 0.0000088 seconds
2017-03-21T02:20:04.550+0800: 5367.059: Total time for which application threads were stopped: 0.0002408 seconds, Stopping threads took: 0.0000499 seconds
2017-03-21T02:20:47.270+0800: 5409.779: Total time for which application threads were stopped: 0.0001211 seconds, Stopping threads took: 0.0000203 seconds
{Heap before GC invocations=68 (full 3):
 par new generation   total 109248K, used 109236K [0x00000007a0000000, 0x00000007a8000000, 0x00000007a8000000)
  eden space 87424K,  99% used [0x00000007a0000000, 0x00000007a555d0b8, 0x00000007a5560000)
  from space 21824K, 100% used [0x00000007a5560000, 0x00000007a6ab0000, 0x00000007a6ab0000)
  to   space 21824K,   0% used [0x00000007a6ab0000, 0x00000007a6ab0000, 0x00000007a8000000)
 concurrent mark-sweep generation total 393216K, used 171275K [0x00000007a8000000, 0x00000007c0000000, 0x00000007c0000000)
 Metaspace       used 43674K, capacity 44784K, committed 45200K, reserved 1089536K
  class space    used 4869K, capacity 5164K, committed 5320K, reserved 1048576K
2017-03-21T02:20:47.271+0800: 5409.781: [GC (Allocation Failure) 2017-03-21T02:20:47.271+0800: 5409.781: [ParNew
Desired survivor size 20112992 bytes, new threshold 8 (max 8)
- age   1:    1740696 bytes,    1740696 total
- age   2:     136824 bytes,    1877520 total
- age   3:    1015232 bytes,    2892752 total
- age   4:    3420584 bytes,    6313336 total
- age   5:    5195992 bytes,   11509328 total
- age   6:     509016 bytes,   12018344 total
- age   7:    2814176 bytes,   14832520 total
- age   8:    4887664 bytes,   19720184 total
: 109236K->21824K(109248K), 0.0053622 secs] 280511K->193099K(502464K), 0.0054218 secs] [Times: user=0.02 sys=0.00, real=0.00 secs] 
Heap after GC invocations=69 (full 3):
 par new generation   total 109248K, used 21824K [0x00000007a0000000, 0x00000007a8000000, 0x00000007a8000000)
  eden space 87424K,   0% used [0x00000007a0000000, 0x00000007a0000000, 0x00000007a5560000)
  from space 21824K, 100% used [0x00000007a6ab0000, 0x00000007a8000000, 0x00000007a8000000)
  to   space 21824K,   0% used [0x00000007a5560000, 0x00000007a5560000, 0x00000007a6ab0000)
 concurrent mark-sweep generation total 393216K, used 171275K [0x00000007a8000000, 0x00000007c0000000, 0x00000007c0000000)
 Metaspace       used 43674K, capacity 44784K, committed 45200K, reserved 1089536K
  class space    used 4869K, capacity 5164K, committed 5320K, reserved 1048576K
}
2017-03-21T02:20:47.276+0800: 5409.786: Total time for which application threads were stopped: 0.0059408 seconds, Stopping threads took: 0.0000117 seconds
2017-03-21T02:20:47.277+0800: 5409.786: Total time for which application threads were stopped: 0.0001778 seconds, Stopping threads took: 0.0000700 seconds
{Heap before GC invocations=69 (full 3):
 par new generation   total 109248K, used 109233K [0x00000007a0000000, 0x00000007a8000000, 0x00000007a8000000)
  eden space 87424K,  99% used [0x00000007a0000000, 0x00000007a555c700, 0x00000007a5560000)
  from space 21824K, 100% used [0x00000007a6ab0000, 0x00000007a8000000, 0x00000007a8000000)
  to   space 21824K,   0% used [0x00000007a5560000, 0x00000007a5560000, 0x00000007a6ab0000)
 concurrent mark-sweep generation total 393216K, used 171275K [0x00000007a8000000, 0x00000007c0000000, 0x00000007c0000000)
 Metaspace       used 43690K, capacity 44790K, committed 45200K, reserved 1089536K
  class space    used 4869K, capacity 5165K, committed 5320K, reserved 1048576K
2017-03-21T02:20:47.330+0800: 5409.840: [GC (Allocation Failure) 2017-03-21T02:20:47.330+0800: 5409.840: [ParNew
Desired survivor size 20112992 bytes, new threshold 8 (max 8)
- age   1:    1290128 bytes,    1290128 total
- age   2:    1556784 bytes,    2846912 total
- age   3:     136824 bytes,    2983736 total
- age   4:    1004560 bytes,    3988296 total
- age   5:    2863256 bytes,    6851552 total
- age   6:    5163208 bytes,   12014760 total
- age   7:     509016 bytes,   12523776 total
- age   8:    2814176 bytes,   15337952 total
: 109233K->21824K(109248K), 0.0088195 secs] 280509K->198504K(502464K), 0.0088885 secs] [Times: user=0.02 sys=0.01, real=0.00 secs] 
Heap after GC invocations=70 (full 3):
 par new generation   total 109248K, used 21824K [0x00000007a0000000, 0x00000007a8000000, 0x00000007a8000000)
  eden space 87424K,   0% used [0x00000007a0000000, 0x00000007a0000000, 0x00000007a5560000)
  from space 21824K, 100% used [0x00000007a5560000, 0x00000007a6ab0000, 0x00000007a6ab0000)
  to   space 21824K,   0% used [0x00000007a6ab0000, 0x00000007a6ab0000, 0x00000007a8000000)
 concurrent mark-sweep generation total 393216K, used 176680K [0x00000007a8000000, 0x00000007c0000000, 0x00000007c0000000)
 Metaspace       used 43690K, capacity 44790K, committed 45200K, reserved 1089536K
  class space    used 4869K, capacity 5165K, committed 5320K, reserved 1048576K
}
2017-03-21T02:20:47.339+0800: 5409.849: Total time for which application threads were stopped: 0.0091252 seconds, Stopping threads took: 0.0000219 seconds
2017-03-21T02:20:47.339+0800: 5409.849: Total time for which application threads were stopped: 0.0002037 seconds, Stopping threads took: 0.0000633 seconds
{Heap before GC invocations=70 (full 3):
 par new generation   total 109248K, used 109248K [0x00000007a0000000, 0x00000007a8000000, 0x00000007a8000000)
  eden space 87424K, 100% used [0x00000007a0000000, 0x00000007a5560000, 0x00000007a5560000)
  from space 21824K, 100% used [0x00000007a5560000, 0x00000007a6ab0000, 0x00000007a6ab0000)
  to   space 21824K,   0% used [0x00000007a6ab0000, 0x00000007a6ab0000, 0x00000007a8000000)
 concurrent mark-sweep generation total 393216K, used 176680K [0x00000007a8000000, 0x00000007c0000000, 0x00000007c0000000)
 Metaspace       used 43750K, capacity 44856K, committed 45200K, reserved 1089536K
  class space    used 4876K, capacity 5176K, committed 5320K, reserved 1048576K
2017-03-21T02:20:47.416+0800: 5409.926: [GC (Allocation Failure) 2017-03-21T02:20:47.416+0800: 5409.926: [ParNew
Desired survivor size 20112992 bytes, new threshold 8 (max 8)
- age   1:     591080 bytes,     591080 total
- age   2:     351008 bytes,     942088 total
- age   3:    1556784 bytes,    2498872 total
- age   4:     136824 bytes,    2635696 total
- age   5:    1004560 bytes,    3640256 total
- age   6:    2830472 bytes,    6470728 total
- age   7:    5163208 bytes,   11633936 total
- age   8:     509016 bytes,   12142952 total
: 109248K->17213K(109248K), 0.0068622 secs] 285928K->196642K(502464K), 0.0069446 secs] [Times: user=0.02 sys=0.01, real=0.01 secs] 
Heap after GC invocations=71 (full 3):
 par new generation   total 109248K, used 17213K [0x00000007a0000000, 0x00000007a8000000, 0x00000007a8000000)
  eden space 87424K,   0% used [0x00000007a0000000, 0x00000007a0000000, 0x00000007a5560000)
  from space 21824K,  78% used [0x00000007a6ab0000, 0x00000007a7b7f6c0, 0x00000007a8000000)
  to   space 21824K,   0% used [0x00000007a5560000, 0x00000007a5560000, 0x00000007a6ab0000)
 concurrent mark-sweep generation total 393216K, used 179428K [0x00000007a8000000, 0x00000007c0000000, 0x00000007c0000000)
 Metaspace       used 43750K, capacity 44856K, committed 45200K, reserved 1089536K
  class space    used 4876K, capacity 5176K, committed 5320K, reserved 1048576K
}
2017-03-21T02:20:47.423+0800: 5409.933: Total time for which application threads were stopped: 0.0071457 seconds, Stopping threads took: 0.0000196 seconds
2017-03-21T02:20:47.423+0800: 5409.933: Total time for which application threads were stopped: 0.0001970 seconds, Stopping threads took: 0.0000522 seconds
2017-03-21T02:20:47.433+0800: 5409.942: Total time for which application threads were stopped: 0.0001779 seconds, Stopping threads took: 0.0000527 seconds
2017-03-21T02:20:47.447+0800: 5409.956: Total time for which application threads were stopped: 0.0001328 seconds, Stopping threads took: 0.0000173 seconds
2017-03-21T02:20:47.447+0800: 5409.957: Total time for which application threads were stopped: 0.0000778 seconds, Stopping threads took: 0.0000113 seconds
2017-03-21T02:20:47.447+0800: 5409.957: Total time for which application threads were stopped: 0.0000686 seconds, Stopping threads took: 0.0000098 seconds
2017-03-21T02:20:47.447+0800: 5409.957: Total time for which application threads were stopped: 0.0000560 seconds, Stopping threads took: 0.0000077 seconds
2017-03-21T02:20:47.447+0800: 5409.957: Total time for which application threads were stopped: 0.0000663 seconds, Stopping threads took: 0.0000101 seconds
2017-03-21T02:20:47.448+0800: 5409.957: Total time for which application threads were stopped: 0.0000544 seconds, Stopping threads took: 0.0000070 seconds
2017-03-21T02:20:47.448+0800: 5409.957: Total time for which application threads were stopped: 0.0000531 seconds, Stopping threads took: 0.0000067 seconds
2017-03-21T02:20:47.448+0800: 5409.957: Total time for which application threads were stopped: 0.0000532 seconds, Stopping threads took: 0.0000071 seconds
2017-03-21T02:20:47.448+0800: 5409.958: Total time for which application threads were stopped: 0.0000526 seconds, Stopping threads took: 0.0000067 seconds
2017-03-21T02:20:47.448+0800: 5409.958: Total time for which application threads were stopped: 0.0000530 seconds, Stopping threads took: 0.0000068 seconds
2017-03-21T02:20:47.468+0800: 5409.978: Total time for which application threads were stopped: 0.0001457 seconds, Stopping threads took: 0.0000239 seconds
2017-03-21T02:20:47.468+0800: 5409.978: Total time for which application threads were stopped: 0.0000723 seconds, Stopping threads took: 0.0000122 seconds
2017-03-21T02:20:47.478+0800: 5409.988: Total time for which application threads were stopped: 0.0001434 seconds, Stopping threads took: 0.0000373 seconds
2017-03-21T02:20:47.478+0800: 5409.988: Total time for which application threads were stopped: 0.0001022 seconds, Stopping threads took: 0.0000220 seconds
2017-03-21T02:20:47.478+0800: 5409.988: Total time for which application threads were stopped: 0.0000718 seconds, Stopping threads took: 0.0000073 seconds
2017-03-21T02:20:47.478+0800: 5409.988: Total time for which application threads were stopped: 0.0001057 seconds, Stopping threads took: 0.0000269 seconds
2017-03-21T02:20:47.479+0800: 5409.988: Total time for which application threads were stopped: 0.0000801 seconds, Stopping threads took: 0.0000087 seconds
2017-03-21T02:20:47.479+0800: 5409.988: Total time for which application threads were stopped: 0.0000740 seconds, Stopping threads took: 0.0000088 seconds
2017-03-21T02:20:47.479+0800: 5409.989: Total time for which application threads were stopped: 0.0000652 seconds, Stopping threads took: 0.0000093 seconds
2017-03-21T02:20:47.479+0800: 5409.989: Total time for which application threads were stopped: 0.0000918 seconds, Stopping threads took: 0.0000216 seconds
2017-03-21T02:20:47.479+0800: 5409.989: Total time for which application threads were stopped: 0.0000940 seconds, Stopping threads took: 0.0000245 seconds
2017-03-21T02:20:47.479+0800: 5409.989: Total time for which application threads were stopped: 0.0000891 seconds, Stopping threads took: 0.0000229 seconds
2017-03-21T02:20:47.485+0800: 5409.995: Total time for which application threads were stopped: 0.0000966 seconds, Stopping threads took: 0.0000146 seconds
2017-03-21T02:20:47.486+0800: 5409.996: Total time for which application threads were stopped: 0.0000635 seconds, Stopping threads took: 0.0000103 seconds
2017-03-21T02:20:47.522+0800: 5410.032: Total time for which application threads were stopped: 0.0001208 seconds, Stopping threads took: 0.0000200 seconds
2017-03-21T02:20:57.550+0800: 5420.060: Total time for which application threads were stopped: 0.0001332 seconds, Stopping threads took: 0.0000266 seconds
2017-03-21T02:20:57.622+0800: 5420.132: Total time for which application threads were stopped: 0.0003648 seconds, Stopping threads took: 0.0000698 seconds
2017-03-21T02:20:58.149+0800: 5420.659: Total time for which application threads were stopped: 0.0002095 seconds, Stopping threads took: 0.0000494 seconds
2017-03-21T02:20:58.149+0800: 5420.659: Total time for which application threads were stopped: 0.0001038 seconds, Stopping threads took: 0.0000280 seconds
2017-03-21T02:20:58.159+0800: 5420.669: Total time for which application threads were stopped: 0.0001945 seconds, Stopping threads took: 0.0000577 seconds
2017-03-21T02:20:58.159+0800: 5420.669: Total time for which application threads were stopped: 0.0000905 seconds, Stopping threads took: 0.0000269 seconds
2017-03-21T02:20:59.164+0800: 5421.674: Total time for which application threads were stopped: 0.0001386 seconds, Stopping threads took: 0.0000264 seconds
2017-03-21T02:21:03.427+0800: 5425.937: Total time for which application threads were stopped: 0.0001073 seconds, Stopping threads took: 0.0000188 seconds
2017-03-21T02:21:03.427+0800: 5425.937: Total time for which application threads were stopped: 0.0000612 seconds, Stopping threads took: 0.0000109 seconds
2017-03-21T02:21:03.427+0800: 5425.937: Total time for which application threads were stopped: 0.0000569 seconds, Stopping threads took: 0.0000102 seconds
2017-03-21T02:21:03.427+0800: 5425.937: Total time for which application threads were stopped: 0.0000612 seconds, Stopping threads took: 0.0000101 seconds
2017-03-21T02:21:03.427+0800: 5425.938: Total time for which application threads were stopped: 0.0001671 seconds, Stopping threads took: 0.0000068 seconds
2017-03-21T02:21:03.433+0800: 5425.943: Total time for which application threads were stopped: 0.0001640 seconds, Stopping threads took: 0.0000396 seconds
2017-03-21T02:21:03.433+0800: 5425.943: Total time for which application threads were stopped: 0.0000915 seconds, Stopping threads took: 0.0000208 seconds
2017-03-21T02:21:08.386+0800: 5430.896: Total time for which application threads were stopped: 0.0001457 seconds, Stopping threads took: 0.0000347 seconds
2017-03-21T02:21:08.387+0800: 5430.897: Total time for which application threads were stopped: 0.0000969 seconds, Stopping threads took: 0.0000127 seconds
2017-03-21T02:23:41.570+0800: 5584.084: Total time for which application threads were stopped: 0.0001215 seconds, Stopping threads took: 0.0000219 seconds
2017-03-21T02:23:41.575+0800: 5584.089: Total time for which application threads were stopped: 0.0001708 seconds, Stopping threads took: 0.0000564 seconds
2017-03-21T02:23:41.575+0800: 5584.089: Total time for which application threads were stopped: 0.0000978 seconds, Stopping threads took: 0.0000308 seconds
2017-03-21T02:23:41.575+0800: 5584.090: Total time for which application threads were stopped: 0.0000911 seconds, Stopping threads took: 0.0000237 seconds
2017-03-21T02:23:41.575+0800: 5584.090: Total time for which application threads were stopped: 0.0005260 seconds, Stopping threads took: 0.0000217 seconds
2017-03-21T02:23:41.577+0800: 5584.092: Total time for which application threads were stopped: 0.0001162 seconds, Stopping threads took: 0.0000204 seconds
2017-03-21T02:23:41.578+0800: 5584.092: Total time for which application threads were stopped: 0.0000698 seconds, Stopping threads took: 0.0000107 seconds
2017-03-21T02:23:41.578+0800: 5584.093: Total time for which application threads were stopped: 0.0001981 seconds, Stopping threads took: 0.0000253 seconds
2017-03-21T02:23:42.583+0800: 5585.098: Total time for which application threads were stopped: 0.0002345 seconds, Stopping threads took: 0.0000303 seconds
2017-03-21T02:23:52.319+0800: 5594.834: Total time for which application threads were stopped: 0.0001200 seconds, Stopping threads took: 0.0000190 seconds
2017-03-21T02:23:52.319+0800: 5594.834: Total time for which application threads were stopped: 0.0001017 seconds, Stopping threads took: 0.0000349 seconds
2017-03-21T02:24:32.652+0800: 5635.168: Total time for which application threads were stopped: 0.0001335 seconds, Stopping threads took: 0.0000236 seconds
2017-03-21T02:24:32.652+0800: 5635.168: Total time for which application threads were stopped: 0.0000967 seconds, Stopping threads took: 0.0000293 seconds
2017-03-21T02:24:32.652+0800: 5635.168: Total time for which application threads were stopped: 0.0000681 seconds, Stopping threads took: 0.0000099 seconds
2017-03-21T02:24:32.660+0800: 5635.176: Total time for which application threads were stopped: 0.0001151 seconds, Stopping threads took: 0.0000208 seconds
2017-03-21T02:24:32.660+0800: 5635.176: Total time for which application threads were stopped: 0.0000687 seconds, Stopping threads took: 0.0000103 seconds
2017-03-21T02:24:32.660+0800: 5635.176: Total time for which application threads were stopped: 0.0000576 seconds, Stopping threads took: 0.0000082 seconds
2017-03-21T02:24:32.661+0800: 5635.177: Total time for which application threads were stopped: 0.0000714 seconds, Stopping threads took: 0.0000122 seconds
2017-03-21T02:24:32.661+0800: 5635.177: Total time for which application threads were stopped: 0.0000578 seconds, Stopping threads took: 0.0000084 seconds
2017-03-21T02:24:32.661+0800: 5635.177: Total time for which application threads were stopped: 0.0000717 seconds, Stopping threads took: 0.0000088 seconds
2017-03-21T02:24:32.661+0800: 5635.177: Total time for which application threads were stopped: 0.0000559 seconds, Stopping threads took: 0.0000081 seconds
2017-03-21T02:24:32.661+0800: 5635.177: Total time for which application threads were stopped: 0.0000760 seconds, Stopping threads took: 0.0000094 seconds
2017-03-21T02:24:32.667+0800: 5635.183: Total time for which application threads were stopped: 0.0000941 seconds, Stopping threads took: 0.0000360 seconds
2017-03-21T02:24:32.674+0800: 5635.190: Total time for which application threads were stopped: 0.0001154 seconds, Stopping threads took: 0.0000204 seconds
2017-03-21T02:24:32.675+0800: 5635.191: Total time for which application threads were stopped: 0.0000872 seconds, Stopping threads took: 0.0000138 seconds
2017-03-21T02:24:32.677+0800: 5635.193: Total time for which application threads were stopped: 0.0000942 seconds, Stopping threads took: 0.0000143 seconds
2017-03-21T02:24:32.677+0800: 5635.193: Total time for which application threads were stopped: 0.0000649 seconds, Stopping threads took: 0.0000106 seconds
2017-03-21T02:24:32.677+0800: 5635.193: Total time for which application threads were stopped: 0.0000711 seconds, Stopping threads took: 0.0000191 seconds
2017-03-21T02:24:32.677+0800: 5635.193: Total time for which application threads were stopped: 0.0000676 seconds, Stopping threads took: 0.0000216 seconds
2017-03-21T02:24:32.677+0800: 5635.193: Total time for which application threads were stopped: 0.0001689 seconds, Stopping threads took: 0.0000234 seconds
2017-03-21T02:24:32.677+0800: 5635.193: Total time for which application threads were stopped: 0.0000663 seconds, Stopping threads took: 0.0000197 seconds
2017-03-21T02:24:32.678+0800: 5635.194: Total time for which application threads were stopped: 0.0000654 seconds, Stopping threads took: 0.0000206 seconds
2017-03-21T02:24:33.679+0800: 5636.195: Total time for which application threads were stopped: 0.0001285 seconds, Stopping threads took: 0.0000282 seconds
2017-03-21T02:24:38.024+0800: 5640.540: Total time for which application threads were stopped: 0.0001301 seconds, Stopping threads took: 0.0000191 seconds
2017-03-21T02:24:38.025+0800: 5640.541: Total time for which application threads were stopped: 0.0001296 seconds, Stopping threads took: 0.0000445 seconds
2017-03-21T02:24:39.030+0800: 5641.546: Total time for which application threads were stopped: 0.0002314 seconds, Stopping threads took: 0.0000790 seconds
{Heap before GC invocations=71 (full 3):
 par new generation   total 109248K, used 104552K [0x00000007a0000000, 0x00000007a8000000, 0x00000007a8000000)
  eden space 87424K,  99% used [0x00000007a0000000, 0x00000007a554ac38, 0x00000007a5560000)
  from space 21824K,  78% used [0x00000007a6ab0000, 0x00000007a7b7f6c0, 0x00000007a8000000)
  to   space 21824K,   0% used [0x00000007a5560000, 0x00000007a5560000, 0x00000007a6ab0000)
 concurrent mark-sweep generation total 393216K, used 179428K [0x00000007a8000000, 0x00000007c0000000, 0x00000007c0000000)
 Metaspace       used 43968K, capacity 45156K, committed 45456K, reserved 1089536K
  class space    used 4893K, capacity 5204K, committed 5320K, reserved 1048576K
2017-03-21T02:24:39.057+0800: 5641.573: [GC (Allocation Failure) 2017-03-21T02:24:39.057+0800: 5641.573: [ParNew
Desired survivor size 20112992 bytes, new threshold 8 (max 8)
- age   1:    9194720 bytes,    9194720 total
- age   2:     195600 bytes,    9390320 total
- age   3:     337632 bytes,    9727952 total
- age   4:    1312800 bytes,   11040752 total
- age   5:     136824 bytes,   11177576 total
- age   6:     990024 bytes,   12167600 total
- age   7:    2830384 bytes,   14997984 total
- age   8:    5163208 bytes,   20161192 total
: 104552K->21824K(109248K), 0.0065568 secs] 283981K->201750K(502464K), 0.0070121 secs] [Times: user=0.02 sys=0.00, real=0.01 secs] 
Heap after GC invocations=72 (full 3):
 par new generation   total 109248K, used 21824K [0x00000007a0000000, 0x00000007a8000000, 0x00000007a8000000)
  eden space 87424K,   0% used [0x00000007a0000000, 0x00000007a0000000, 0x00000007a5560000)
  from space 21824K, 100% used [0x00000007a5560000, 0x00000007a6ab0000, 0x00000007a6ab0000)
  to   space 21824K,   0% used [0x00000007a6ab0000, 0x00000007a6ab0000, 0x00000007a8000000)
 concurrent mark-sweep generation total 393216K, used 179926K [0x00000007a8000000, 0x00000007c0000000, 0x00000007c0000000)
 Metaspace       used 43968K, capacity 45156K, committed 45456K, reserved 1089536K
  class space    used 4893K, capacity 5204K, committed 5320K, reserved 1048576K
}
2017-03-21T02:24:39.064+0800: 5641.580: Total time for which application threads were stopped: 0.0072195 seconds, Stopping threads took: 0.0000197 seconds
2017-03-21T02:24:39.064+0800: 5641.580: Total time for which application threads were stopped: 0.0001601 seconds, Stopping threads took: 0.0000699 seconds
2017-03-21T02:24:40.069+0800: 5642.586: Total time for which application threads were stopped: 0.0002850 seconds, Stopping threads took: 0.0000715 seconds
{Heap before GC invocations=72 (full 3):
 par new generation   total 109248K, used 109075K [0x00000007a0000000, 0x00000007a8000000, 0x00000007a8000000)
  eden space 87424K,  99% used [0x00000007a0000000, 0x00000007a5534de0, 0x00000007a5560000)
  from space 21824K, 100% used [0x00000007a5560000, 0x00000007a6ab0000, 0x00000007a6ab0000)
  to   space 21824K,   0% used [0x00000007a6ab0000, 0x00000007a6ab0000, 0x00000007a8000000)
 concurrent mark-sweep generation total 393216K, used 179926K [0x00000007a8000000, 0x00000007c0000000, 0x00000007c0000000)
 Metaspace       used 43968K, capacity 45156K, committed 45456K, reserved 1089536K
  class space    used 4893K, capacity 5204K, committed 5320K, reserved 1048576K
2017-03-21T02:24:40.588+0800: 5643.104: [GC (Allocation Failure) 2017-03-21T02:24:40.588+0800: 5643.104: [ParNew
Desired survivor size 20112992 bytes, new threshold 8 (max 8)
- age   1:    7941240 bytes,    7941240 total
- age   2:    7822904 bytes,   15764144 total
- age   3:     195584 bytes,   15959728 total
- age   4:     337632 bytes,   16297360 total
- age   5:     820832 bytes,   17118192 total
- age   6:      43264 bytes,   17161456 total
- age   7:     698896 bytes,   17860352 total
- age   8:    2129648 bytes,   19990000 total
: 109075K->21824K(109248K), 0.0103750 secs] 289001K->211073K(502464K), 0.0104521 secs] [Times: user=0.02 sys=0.01, real=0.01 secs] 
Heap after GC invocations=73 (full 3):
 par new generation   total 109248K, used 21824K [0x00000007a0000000, 0x00000007a8000000, 0x00000007a8000000)
  eden space 87424K,   0% used [0x00000007a0000000, 0x00000007a0000000, 0x00000007a5560000)
  from space 21824K, 100% used [0x00000007a6ab0000, 0x00000007a8000000, 0x00000007a8000000)
  to   space 21824K,   0% used [0x00000007a5560000, 0x00000007a5560000, 0x00000007a6ab0000)
 concurrent mark-sweep generation total 393216K, used 189249K [0x00000007a8000000, 0x00000007c0000000, 0x00000007c0000000)
 Metaspace       used 43968K, capacity 45156K, committed 45456K, reserved 1089536K
  class space    used 4893K, capacity 5204K, committed 5320K, reserved 1048576K
}
2017-03-21T02:24:40.598+0800: 5643.114: Total time for which application threads were stopped: 0.0106672 seconds, Stopping threads took: 0.0000241 seconds
{Heap before GC invocations=73 (full 3):
 par new generation   total 109248K, used 109243K [0x00000007a0000000, 0x00000007a8000000, 0x00000007a8000000)
  eden space 87424K,  99% used [0x00000007a0000000, 0x00000007a555ec28, 0x00000007a5560000)
  from space 21824K, 100% used [0x00000007a6ab0000, 0x00000007a8000000, 0x00000007a8000000)
  to   space 21824K,   0% used [0x00000007a5560000, 0x00000007a5560000, 0x00000007a6ab0000)
 concurrent mark-sweep generation total 393216K, used 189249K [0x00000007a8000000, 0x00000007c0000000, 0x00000007c0000000)
 Metaspace       used 43969K, capacity 45156K, committed 45456K, reserved 1089536K
  class space    used 4893K, capacity 5204K, committed 5320K, reserved 1048576K
2017-03-21T02:24:42.335+0800: 5644.852: [GC (Allocation Failure) 2017-03-21T02:24:42.335+0800: 5644.852: [ParNew
Desired survivor size 20112992 bytes, new threshold 4 (max 8)
- age   1:    6305424 bytes,    6305424 total
- age   2:    5833264 bytes,   12138688 total
- age   3:    7802752 bytes,   19941440 total
- age   4:     195504 bytes,   20136944 total
- age   5:     337088 bytes,   20474032 total
- age   6:     819312 bytes,   21293344 total
- age   7:      43264 bytes,   21336608 total
- age   8:     696120 bytes,   22032728 total
: 109243K->21824K(109248K), 0.0108264 secs] 298492K->218119K(502464K), 0.0108954 secs] [Times: user=0.03 sys=0.01, real=0.01 secs] 
Heap after GC invocations=74 (full 3):
 par new generation   total 109248K, used 21824K [0x00000007a0000000, 0x00000007a8000000, 0x00000007a8000000)
  eden space 87424K,   0% used [0x00000007a0000000, 0x00000007a0000000, 0x00000007a5560000)
  from space 21824K, 100% used [0x00000007a5560000, 0x00000007a6ab0000, 0x00000007a6ab0000)
  to   space 21824K,   0% used [0x00000007a6ab0000, 0x00000007a6ab0000, 0x00000007a8000000)
 concurrent mark-sweep generation total 393216K, used 196295K [0x00000007a8000000, 0x00000007c0000000, 0x00000007c0000000)
 Metaspace       used 43969K, capacity 45156K, committed 45456K, reserved 1089536K
  class space    used 4893K, capacity 5204K, committed 5320K, reserved 1048576K
}
2017-03-21T02:24:42.346+0800: 5644.863: Total time for which application threads were stopped: 0.0111090 seconds, Stopping threads took: 0.0000249 seconds
{Heap before GC invocations=74 (full 3):
 par new generation   total 109248K, used 109248K [0x00000007a0000000, 0x00000007a8000000, 0x00000007a8000000)
  eden space 87424K, 100% used [0x00000007a0000000, 0x00000007a5560000, 0x00000007a5560000)
  from space 21824K, 100% used [0x00000007a5560000, 0x00000007a6ab0000, 0x00000007a6ab0000)
  to   space 21824K,   0% used [0x00000007a6ab0000, 0x00000007a6ab0000, 0x00000007a8000000)
 concurrent mark-sweep generation total 393216K, used 196295K [0x00000007a8000000, 0x00000007c0000000, 0x00000007c0000000)
 Metaspace       used 43969K, capacity 45156K, committed 45456K, reserved 1089536K
  class space    used 4893K, capacity 5204K, committed 5320K, reserved 1048576K
2017-03-21T02:24:44.165+0800: 5646.681: [GC (Allocation Failure) 2017-03-21T02:24:44.165+0800: 5646.682: [ParNew
Desired survivor size 20112992 bytes, new threshold 4 (max 8)
- age   1:    8501088 bytes,    8501088 total
- age   2:    2412552 bytes,   10913640 total
- age   3:    3735088 bytes,   14648728 total
- age   4:    7004984 bytes,   21653712 total
: 109248K->21824K(109248K), 0.0145229 secs] 305543K->227744K(502464K), 0.0146058 secs] [Times: user=0.03 sys=0.02, real=0.02 secs] 
Heap after GC invocations=75 (full 3):
 par new generation   total 109248K, used 21824K [0x00000007a0000000, 0x00000007a8000000, 0x00000007a8000000)
  eden space 87424K,   0% used [0x00000007a0000000, 0x00000007a0000000, 0x00000007a5560000)
  from space 21824K, 100% used [0x00000007a6ab0000, 0x00000007a8000000, 0x00000007a8000000)
  to   space 21824K,   0% used [0x00000007a5560000, 0x00000007a5560000, 0x00000007a6ab0000)
 concurrent mark-sweep generation total 393216K, used 205920K [0x00000007a8000000, 0x00000007c0000000, 0x00000007c0000000)
 Metaspace       used 43969K, capacity 45156K, committed 45456K, reserved 1089536K
  class space    used 4893K, capacity 5204K, committed 5320K, reserved 1048576K
}
2017-03-21T02:24:44.180+0800: 5646.696: Total time for which application threads were stopped: 0.0148164 seconds, Stopping threads took: 0.0000241 seconds
2017-03-21T02:24:44.180+0800: 5646.696: [GC (CMS Initial Mark) [1 CMS-initial-mark: 205920K(393216K)] 229180K(502464K), 0.0013996 secs] [Times: user=0.01 sys=0.00, real=0.00 secs] 
2017-03-21T02:24:44.181+0800: 5646.698: Total time for which application threads were stopped: 0.0015425 seconds, Stopping threads took: 0.0000134 seconds
2017-03-21T02:24:44.181+0800: 5646.698: [CMS-concurrent-mark-start]
2017-03-21T02:24:44.205+0800: 5646.721: [CMS-concurrent-mark: 0.023/0.023 secs] [Times: user=0.11 sys=0.00, real=0.02 secs] 
2017-03-21T02:24:44.205+0800: 5646.721: [CMS-concurrent-preclean-start]
2017-03-21T02:24:44.206+0800: 5646.722: [CMS-concurrent-preclean: 0.001/0.001 secs] [Times: user=0.00 sys=0.00, real=0.00 secs] 
2017-03-21T02:24:44.206+0800: 5646.723: [GC (CMS Final Remark) [YG occupancy: 23260 K (109248 K)]{Heap before GC invocations=75 (full 4):
 par new generation   total 109248K, used 23260K [0x00000007a0000000, 0x00000007a8000000, 0x00000007a8000000)
  eden space 87424K,   1% used [0x00000007a0000000, 0x00000007a0167130, 0x00000007a5560000)
  from space 21824K, 100% used [0x00000007a6ab0000, 0x00000007a8000000, 0x00000007a8000000)
  to   space 21824K,   0% used [0x00000007a5560000, 0x00000007a5560000, 0x00000007a6ab0000)
 concurrent mark-sweep generation total 393216K, used 205920K [0x00000007a8000000, 0x00000007c0000000, 0x00000007c0000000)
 Metaspace       used 43969K, capacity 45156K, committed 45456K, reserved 1089536K
  class space    used 4893K, capacity 5204K, committed 5320K, reserved 1048576K
2017-03-21T02:24:44.206+0800: 5646.723: [GC (CMS Final Remark) 2017-03-21T02:24:44.206+0800: 5646.723: [ParNew
Desired survivor size 20112992 bytes, new threshold 8 (max 8)
- age   1:     181912 bytes,     181912 total
- age   2:    8474656 bytes,    8656568 total
- age   3:    2412552 bytes,   11069120 total
- age   4:    3735088 bytes,   14804208 total
: 23260K->21824K(109248K), 0.0087398 secs] 229180K->234602K(502464K), 0.0088124 secs] [Times: user=0.02 sys=0.01, real=0.01 secs] 
Heap after GC invocations=76 (full 4):
 par new generation   total 109248K, used 21824K [0x00000007a0000000, 0x00000007a8000000, 0x00000007a8000000)
  eden space 87424K,   0% used [0x00000007a0000000, 0x00000007a0000000, 0x00000007a5560000)
  from space 21824K, 100% used [0x00000007a5560000, 0x00000007a6ab0000, 0x00000007a6ab0000)
  to   space 21824K,   0% used [0x00000007a6ab0000, 0x00000007a6ab0000, 0x00000007a8000000)
 concurrent mark-sweep generation total 393216K, used 212778K [0x00000007a8000000, 0x00000007c0000000, 0x00000007c0000000)
 Metaspace       used 43969K, capacity 45156K, committed 45456K, reserved 1089536K
  class space    used 4893K, capacity 5204K, committed 5320K, reserved 1048576K
}
2017-03-21T02:24:44.215+0800: 5646.731: [Rescan (parallel) , 0.0018322 secs]2017-03-21T02:24:44.217+0800: 5646.733: [weak refs processing, 0.0019009 secs]2017-03-21T02:24:44.219+0800: 5646.735: [class unloading, 0.0203741 secs]2017-03-21T02:24:44.239+0800: 5646.756: [scrub symbol table, 0.0065989 secs]2017-03-21T02:24:44.246+0800: 5646.762: [scrub string table, 0.0006873 secs][1 CMS-remark: 212778K(393216K)] 234602K(502464K), 0.0480778 secs] [Times: user=0.07 sys=0.01, real=0.05 secs] 
2017-03-21T02:24:44.254+0800: 5646.771: Total time for which application threads were stopped: 0.0482944 seconds, Stopping threads took: 0.0000614 seconds
2017-03-21T02:24:44.254+0800: 5646.771: [CMS-concurrent-sweep-start]
2017-03-21T02:24:44.255+0800: 5646.771: Total time for which application threads were stopped: 0.0001821 seconds, Stopping threads took: 0.0000622 seconds
2017-03-21T02:24:44.255+0800: 5646.771: Total time for which application threads were stopped: 0.0002865 seconds, Stopping threads took: 0.0000449 seconds
2017-03-21T02:24:44.256+0800: 5646.772: Total time for which application threads were stopped: 0.0001325 seconds, Stopping threads took: 0.0000439 seconds
2017-03-21T02:24:44.256+0800: 5646.772: Total time for which application threads were stopped: 0.0001264 seconds, Stopping threads took: 0.0000467 seconds
2017-03-21T02:24:44.256+0800: 5646.772: Total time for which application threads were stopped: 0.0001165 seconds, Stopping threads took: 0.0000550 seconds
2017-03-21T02:24:44.256+0800: 5646.773: Total time for which application threads were stopped: 0.0001184 seconds, Stopping threads took: 0.0000624 seconds
2017-03-21T02:24:44.256+0800: 5646.773: Total time for which application threads were stopped: 0.0000838 seconds, Stopping threads took: 0.0000330 seconds
2017-03-21T02:24:44.257+0800: 5646.773: Total time for which application threads were stopped: 0.0000957 seconds, Stopping threads took: 0.0000385 seconds
2017-03-21T02:24:44.257+0800: 5646.773: Total time for which application threads were stopped: 0.0000893 seconds, Stopping threads took: 0.0000385 seconds
2017-03-21T02:24:44.257+0800: 5646.773: Total time for which application threads were stopped: 0.0001004 seconds, Stopping threads took: 0.0000484 seconds
2017-03-21T02:24:44.257+0800: 5646.773: Total time for which application threads were stopped: 0.0000831 seconds, Stopping threads took: 0.0000321 seconds
2017-03-21T02:24:44.257+0800: 5646.773: Total time for which application threads were stopped: 0.0000860 seconds, Stopping threads took: 0.0000348 seconds
2017-03-21T02:24:44.257+0800: 5646.773: Total time for which application threads were stopped: 0.0000826 seconds, Stopping threads took: 0.0000327 seconds
2017-03-21T02:24:44.257+0800: 5646.774: Total time for which application threads were stopped: 0.0000859 seconds, Stopping threads took: 0.0000345 seconds
2017-03-21T02:24:44.257+0800: 5646.774: Total time for which application threads were stopped: 0.0000855 seconds, Stopping threads took: 0.0000349 seconds
2017-03-21T02:24:44.258+0800: 5646.774: Total time for which application threads were stopped: 0.0000991 seconds, Stopping threads took: 0.0000481 seconds
2017-03-21T02:24:44.258+0800: 5646.774: Total time for which application threads were stopped: 0.0000976 seconds, Stopping threads took: 0.0000483 seconds
2017-03-21T02:24:44.258+0800: 5646.774: Total time for which application threads were stopped: 0.0000848 seconds, Stopping threads took: 0.0000327 seconds
2017-03-21T02:24:44.258+0800: 5646.774: Total time for which application threads were stopped: 0.0000868 seconds, Stopping threads took: 0.0000351 seconds
2017-03-21T02:24:44.258+0800: 5646.774: Total time for which application threads were stopped: 0.0000871 seconds, Stopping threads took: 0.0000358 seconds
2017-03-21T02:24:44.258+0800: 5646.774: Total time for which application threads were stopped: 0.0000828 seconds, Stopping threads took: 0.0000333 seconds
2017-03-21T02:24:44.258+0800: 5646.775: Total time for which application threads were stopped: 0.0000853 seconds, Stopping threads took: 0.0000343 seconds
2017-03-21T02:24:44.258+0800: 5646.775: Total time for which application threads were stopped: 0.0000939 seconds, Stopping threads took: 0.0000461 seconds
2017-03-21T02:24:44.259+0800: 5646.775: Total time for which application threads were stopped: 0.0000817 seconds, Stopping threads took: 0.0000322 seconds
2017-03-21T02:24:44.259+0800: 5646.775: Total time for which application threads were stopped: 0.0000805 seconds, Stopping threads took: 0.0000324 seconds
2017-03-21T02:24:44.259+0800: 5646.775: Total time for which application threads were stopped: 0.0000853 seconds, Stopping threads took: 0.0000337 seconds
2017-03-21T02:24:44.259+0800: 5646.775: Total time for which application threads were stopped: 0.0000807 seconds, Stopping threads took: 0.0000319 seconds
2017-03-21T02:24:44.259+0800: 5646.775: Total time for which application threads were stopped: 0.0000868 seconds, Stopping threads took: 0.0000364 seconds
2017-03-21T02:24:44.259+0800: 5646.775: Total time for which application threads were stopped: 0.0000816 seconds, Stopping threads took: 0.0000323 seconds
2017-03-21T02:24:44.259+0800: 5646.776: Total time for which application threads were stopped: 0.0000856 seconds, Stopping threads took: 0.0000348 seconds
2017-03-21T02:24:44.259+0800: 5646.776: Total time for which application threads were stopped: 0.0000834 seconds, Stopping threads took: 0.0000337 seconds
2017-03-21T02:24:44.260+0800: 5646.776: Total time for which application threads were stopped: 0.0002523 seconds, Stopping threads took: 0.0000468 seconds
2017-03-21T02:24:44.260+0800: 5646.776: Total time for which application threads were stopped: 0.0000821 seconds, Stopping threads took: 0.0000332 seconds
2017-03-21T02:24:44.260+0800: 5646.776: Total time for which application threads were stopped: 0.0000796 seconds, Stopping threads took: 0.0000312 seconds
2017-03-21T02:24:44.260+0800: 5646.776: Total time for which application threads were stopped: 0.0000835 seconds, Stopping threads took: 0.0000343 seconds
2017-03-21T02:24:44.260+0800: 5646.776: Total time for which application threads were stopped: 0.0000843 seconds, Stopping threads took: 0.0000339 seconds
2017-03-21T02:24:44.260+0800: 5646.777: Total time for which application threads were stopped: 0.0001967 seconds, Stopping threads took: 0.0000434 seconds
2017-03-21T02:24:44.296+0800: 5646.813: [CMS-concurrent-sweep: 0.037/0.042 secs] [Times: user=0.07 sys=0.01, real=0.04 secs] 
2017-03-21T02:24:44.296+0800: 5646.813: [CMS-concurrent-reset-start]
2017-03-21T02:24:44.297+0800: 5646.813: [CMS-concurrent-reset: 0.000/0.000 secs] [Times: user=0.00 sys=0.00, real=0.00 secs] 
2017-03-21T02:24:45.264+0800: 5647.780: Total time for which application threads were stopped: 0.0007956 seconds, Stopping threads took: 0.0000920 seconds
{Heap before GC invocations=76 (full 4):
 par new generation   total 109248K, used 109248K [0x00000007a0000000, 0x00000007a8000000, 0x00000007a8000000)
  eden space 87424K, 100% used [0x00000007a0000000, 0x00000007a5560000, 0x00000007a5560000)
  from space 21824K, 100% used [0x00000007a5560000, 0x00000007a6ab0000, 0x00000007a6ab0000)
  to   space 21824K,   0% used [0x00000007a6ab0000, 0x00000007a6ab0000, 0x00000007a8000000)
 concurrent mark-sweep generation total 393216K, used 74337K [0x00000007a8000000, 0x00000007c0000000, 0x00000007c0000000)
 Metaspace       used 42802K, capacity 43904K, committed 45456K, reserved 1089536K
  class space    used 4770K, capacity 5064K, committed 5320K, reserved 1048576K
2017-03-21T02:24:46.054+0800: 5648.571: [GC (Allocation Failure) 2017-03-21T02:24:46.055+0800: 5648.571: [ParNew
Desired survivor size 20112992 bytes, new threshold 5 (max 8)
- age   1:    8927888 bytes,    8927888 total
- age   2:      33056 bytes,    8960944 total
- age   3:    5636936 bytes,   14597880 total
- age   4:    2337432 bytes,   16935312 total
- age   5:    3446160 bytes,   20381472 total
: 109248K->21824K(109248K), 0.0060606 secs] 183585K->99544K(502464K), 0.0061634 secs] [Times: user=0.02 sys=0.00, real=0.01 secs] 
Heap after GC invocations=77 (full 4):
 par new generation   total 109248K, used 21824K [0x00000007a0000000, 0x00000007a8000000, 0x00000007a8000000)
  eden space 87424K,   0% used [0x00000007a0000000, 0x00000007a0000000, 0x00000007a5560000)
  from space 21824K, 100% used [0x00000007a6ab0000, 0x00000007a8000000, 0x00000007a8000000)
  to   space 21824K,   0% used [0x00000007a5560000, 0x00000007a5560000, 0x00000007a6ab0000)
 concurrent mark-sweep generation total 393216K, used 77720K [0x00000007a8000000, 0x00000007c0000000, 0x00000007c0000000)
 Metaspace       used 42802K, capacity 43904K, committed 45456K, reserved 1089536K
  class space    used 4770K, capacity 5064K, committed 5320K, reserved 1048576K
}
2017-03-21T02:24:46.061+0800: 5648.577: Total time for which application threads were stopped: 0.0064128 seconds, Stopping threads took: 0.0000286 seconds
2017-03-21T02:24:46.846+0800: 5649.363: Total time for which application threads were stopped: 0.0001265 seconds, Stopping threads took: 0.0000197 seconds
2017-03-21T02:24:46.852+0800: 5649.368: Total time for which application threads were stopped: 0.0001208 seconds, Stopping threads took: 0.0000184 seconds
2017-03-21T02:24:46.870+0800: 5649.386: Total time for which application threads were stopped: 0.0001889 seconds, Stopping threads took: 0.0000588 seconds
2017-03-21T02:24:46.871+0800: 5649.387: Total time for which application threads were stopped: 0.0000836 seconds, Stopping threads took: 0.0000282 seconds
{Heap before GC invocations=77 (full 4):
 par new generation   total 109248K, used 109248K [0x00000007a0000000, 0x00000007a8000000, 0x00000007a8000000)
  eden space 87424K, 100% used [0x00000007a0000000, 0x00000007a5560000, 0x00000007a5560000)
  from space 21824K, 100% used [0x00000007a6ab0000, 0x00000007a8000000, 0x00000007a8000000)
  to   space 21824K,   0% used [0x00000007a5560000, 0x00000007a5560000, 0x00000007a6ab0000)
 concurrent mark-sweep generation total 393216K, used 77720K [0x00000007a8000000, 0x00000007c0000000, 0x00000007c0000000)
 Metaspace       used 42816K, capacity 43904K, committed 45456K, reserved 1089536K
  class space    used 4770K, capacity 5064K, committed 5320K, reserved 1048576K
2017-03-21T02:24:47.247+0800: 5649.764: [GC (Allocation Failure) 2017-03-21T02:24:47.247+0800: 5649.764: [ParNew
Desired survivor size 20112992 bytes, new threshold 8 (max 8)
- age   1:    6582400 bytes,    6582400 total
- age   2:    3474920 bytes,   10057320 total
- age   3:      33056 bytes,   10090376 total
- age   4:    5576408 bytes,   15666784 total
- age   5:    2247120 bytes,   17913904 total
: 109248K->21824K(109248K), 0.0061391 secs] 186968K->106062K(502464K), 0.0062023 secs] [Times: user=0.02 sys=0.00, real=0.01 secs] 
Heap after GC invocations=78 (full 4):
 par new generation   total 109248K, used 21824K [0x00000007a0000000, 0x00000007a8000000, 0x00000007a8000000)
  eden space 87424K,   0% used [0x00000007a0000000, 0x00000007a0000000, 0x00000007a5560000)
  from space 21824K, 100% used [0x00000007a5560000, 0x00000007a6ab0000, 0x00000007a6ab0000)
  to   space 21824K,   0% used [0x00000007a6ab0000, 0x00000007a6ab0000, 0x00000007a8000000)
 concurrent mark-sweep generation total 393216K, used 84238K [0x00000007a8000000, 0x00000007c0000000, 0x00000007c0000000)
 Metaspace       used 42816K, capacity 43904K, committed 45456K, reserved 1089536K
  class space    used 4770K, capacity 5064K, committed 5320K, reserved 1048576K
}
2017-03-21T02:24:47.254+0800: 5649.770: Total time for which application threads were stopped: 0.0064554 seconds, Stopping threads took: 0.0000233 seconds
2017-03-21T02:24:47.668+0800: 5650.184: Total time for which application threads were stopped: 0.0001415 seconds, Stopping threads took: 0.0000349 seconds
2017-03-21T02:24:47.671+0800: 5650.188: Total time for which application threads were stopped: 0.0001595 seconds, Stopping threads took: 0.0000432 seconds
2017-03-21T02:24:47.671+0800: 5650.188: Total time for which application threads were stopped: 0.0000918 seconds, Stopping threads took: 0.0000341 seconds
2017-03-21T02:24:47.672+0800: 5650.188: Total time for which application threads were stopped: 0.0000716 seconds, Stopping threads took: 0.0000256 seconds
2017-03-21T02:24:47.672+0800: 5650.188: Total time for which application threads were stopped: 0.0000687 seconds, Stopping threads took: 0.0000172 seconds
2017-03-21T02:24:47.672+0800: 5650.188: Total time for which application threads were stopped: 0.0000857 seconds, Stopping threads took: 0.0000204 seconds
2017-03-21T02:24:47.672+0800: 5650.189: Total time for which application threads were stopped: 0.0001222 seconds, Stopping threads took: 0.0000646 seconds
2017-03-21T02:24:48.675+0800: 5651.192: Total time for which application threads were stopped: 0.0001803 seconds, Stopping threads took: 0.0000366 seconds
2017-03-21T02:25:14.134+0800: 5676.651: Total time for which application threads were stopped: 0.0001814 seconds, Stopping threads took: 0.0000244 seconds
2017-03-21T02:25:14.134+0800: 5676.651: Total time for which application threads were stopped: 0.0000982 seconds, Stopping threads took: 0.0000179 seconds
2017-03-21T02:25:14.134+0800: 5676.652: Total time for which application threads were stopped: 0.0000912 seconds, Stopping threads took: 0.0000407 seconds
2017-03-21T02:25:14.135+0800: 5676.652: Total time for which application threads were stopped: 0.0001388 seconds, Stopping threads took: 0.0000847 seconds
2017-03-21T02:25:14.135+0800: 5676.652: Total time for which application threads were stopped: 0.0000875 seconds, Stopping threads took: 0.0000216 seconds
2017-03-21T02:25:14.136+0800: 5676.653: Total time for which application threads were stopped: 0.0001336 seconds, Stopping threads took: 0.0000380 seconds
2017-03-21T02:25:14.136+0800: 5676.653: Total time for which application threads were stopped: 0.0000890 seconds, Stopping threads took: 0.0000119 seconds
2017-03-21T02:25:14.136+0800: 5676.653: Total time for which application threads were stopped: 0.0000653 seconds, Stopping threads took: 0.0000109 seconds
2017-03-21T02:25:14.136+0800: 5676.653: Total time for which application threads were stopped: 0.0000714 seconds, Stopping threads took: 0.0000112 seconds
2017-03-21T02:25:14.136+0800: 5676.653: Total time for which application threads were stopped: 0.0000547 seconds, Stopping threads took: 0.0000084 seconds
2017-03-21T02:25:14.136+0800: 5676.653: Total time for which application threads were stopped: 0.0000715 seconds, Stopping threads took: 0.0000251 seconds
2017-03-21T02:25:14.136+0800: 5676.653: Total time for which application threads were stopped: 0.0000521 seconds, Stopping threads took: 0.0000076 seconds
2017-03-21T02:25:14.136+0800: 5676.653: Total time for which application threads were stopped: 0.0000515 seconds, Stopping threads took: 0.0000075 seconds
2017-03-21T02:25:14.137+0800: 5676.654: Total time for which application threads were stopped: 0.0001091 seconds, Stopping threads took: 0.0000170 seconds
2017-03-21T02:25:14.137+0800: 5676.654: Total time for which application threads were stopped: 0.0000590 seconds, Stopping threads took: 0.0000086 seconds
2017-03-21T02:25:14.161+0800: 5676.678: Total time for which application threads were stopped: 0.0002378 seconds, Stopping threads took: 0.0000278 seconds
2017-03-21T02:25:17.171+0800: 5679.689: Total time for which application threads were stopped: 0.0003090 seconds, Stopping threads took: 0.0001123 seconds
2017-03-21T02:25:20.177+0800: 5682.694: Total time for which application threads were stopped: 0.0002798 seconds, Stopping threads took: 0.0000502 seconds
2017-03-21T02:25:23.089+0800: 5685.606: Total time for which application threads were stopped: 0.0001322 seconds, Stopping threads took: 0.0000205 seconds
2017-03-21T02:25:53.837+0800: 5716.355: Total time for which application threads were stopped: 0.0001606 seconds, Stopping threads took: 0.0000347 seconds
2017-03-21T02:25:53.837+0800: 5716.355: Total time for which application threads were stopped: 0.0001037 seconds, Stopping threads took: 0.0000258 seconds
2017-03-21T02:26:01.769+0800: 5724.287: Total time for which application threads were stopped: 0.0001218 seconds, Stopping threads took: 0.0000217 seconds
2017-03-21T02:26:01.769+0800: 5724.288: Total time for which application threads were stopped: 0.0000798 seconds, Stopping threads took: 0.0000115 seconds
2017-03-21T02:26:02.774+0800: 5725.292: Total time for which application threads were stopped: 0.0001394 seconds, Stopping threads took: 0.0000310 seconds
2017-03-21T02:26:04.779+0800: 5727.298: Total time for which application threads were stopped: 0.0001519 seconds, Stopping threads took: 0.0000311 seconds
2017-03-21T02:26:12.053+0800: 5734.572: Total time for which application threads were stopped: 0.0001585 seconds, Stopping threads took: 0.0000405 seconds
2017-03-21T02:26:12.053+0800: 5734.572: Total time for which application threads were stopped: 0.0000975 seconds, Stopping threads took: 0.0000378 seconds
2017-03-21T02:26:12.054+0800: 5734.572: Total time for which application threads were stopped: 0.0000578 seconds, Stopping threads took: 0.0000082 seconds
2017-03-21T02:26:12.054+0800: 5734.573: Total time for which application threads were stopped: 0.0000697 seconds, Stopping threads took: 0.0000096 seconds
2017-03-21T02:26:12.054+0800: 5734.573: Total time for which application threads were stopped: 0.0000558 seconds, Stopping threads took: 0.0000071 seconds
2017-03-21T02:26:13.057+0800: 5735.576: Total time for which application threads were stopped: 0.0001387 seconds, Stopping threads took: 0.0000292 seconds
2017-03-21T02:26:16.828+0800: 5739.347: Total time for which application threads were stopped: 0.0001724 seconds, Stopping threads took: 0.0000640 seconds
2017-03-21T02:26:38.660+0800: 5761.180: Total time for which application threads were stopped: 0.0001662 seconds, Stopping threads took: 0.0000416 seconds
2017-03-21T02:26:38.679+0800: 5761.198: Total time for which application threads were stopped: 0.0007603 seconds, Stopping threads took: 0.0000208 seconds
2017-03-21T02:26:38.689+0800: 5761.209: Total time for which application threads were stopped: 0.0007222 seconds, Stopping threads took: 0.0000328 seconds
2017-03-21T02:26:39.691+0800: 5762.210: Total time for which application threads were stopped: 0.0001928 seconds, Stopping threads took: 0.0000316 seconds
2017-03-21T02:26:52.727+0800: 5775.247: Total time for which application threads were stopped: 0.0002367 seconds, Stopping threads took: 0.0000471 seconds
2017-03-21T02:26:53.843+0800: 5776.363: Total time for which application threads were stopped: 0.0001871 seconds, Stopping threads took: 0.0000721 seconds
2017-03-21T02:27:02.872+0800: 5785.392: Total time for which application threads were stopped: 0.0002448 seconds, Stopping threads took: 0.0000473 seconds
2017-03-21T02:27:53.018+0800: 5835.539: Total time for which application threads were stopped: 0.0001489 seconds, Stopping threads took: 0.0000321 seconds
2017-03-21T02:29:36.326+0800: 5938.851: Total time for which application threads were stopped: 0.0001390 seconds, Stopping threads took: 0.0000295 seconds
2017-03-21T02:29:50.382+0800: 5952.907: Total time for which application threads were stopped: 0.0002884 seconds, Stopping threads took: 0.0000459 seconds
2017-03-21T02:29:56.334+0800: 5958.859: Total time for which application threads were stopped: 0.0001575 seconds, Stopping threads took: 0.0000257 seconds
2017-03-21T02:29:56.341+0800: 5958.865: Total time for which application threads were stopped: 0.0001486 seconds, Stopping threads took: 0.0000241 seconds
2017-03-21T02:29:56.351+0800: 5958.876: Total time for which application threads were stopped: 0.0001381 seconds, Stopping threads took: 0.0000229 seconds
2017-03-21T02:29:56.351+0800: 5958.876: Total time for which application threads were stopped: 0.0000879 seconds, Stopping threads took: 0.0000130 seconds
2017-03-21T02:29:56.353+0800: 5958.878: Total time for which application threads were stopped: 0.0001183 seconds, Stopping threads took: 0.0000191 seconds
2017-03-21T02:29:56.355+0800: 5958.880: Total time for which application threads were stopped: 0.0001073 seconds, Stopping threads took: 0.0000150 seconds
2017-03-21T02:29:56.356+0800: 5958.880: Total time for which application threads were stopped: 0.0000810 seconds, Stopping threads took: 0.0000110 seconds
{Heap before GC invocations=78 (full 4):
 par new generation   total 109248K, used 109248K [0x00000007a0000000, 0x00000007a8000000, 0x00000007a8000000)
  eden space 87424K, 100% used [0x00000007a0000000, 0x00000007a5560000, 0x00000007a5560000)
  from space 21824K, 100% used [0x00000007a5560000, 0x00000007a6ab0000, 0x00000007a6ab0000)
  to   space 21824K,   0% used [0x00000007a6ab0000, 0x00000007a6ab0000, 0x00000007a8000000)
 concurrent mark-sweep generation total 393216K, used 84238K [0x00000007a8000000, 0x00000007c0000000, 0x00000007c0000000)
 Metaspace       used 43813K, capacity 45016K, committed 45456K, reserved 1089536K
  class space    used 4880K, capacity 5202K, committed 5320K, reserved 1048576K
2017-03-21T02:29:56.429+0800: 5958.954: [GC (Allocation Failure) 2017-03-21T02:29:56.429+0800: 5958.954: [ParNew
Desired survivor size 20112992 bytes, new threshold 8 (max 8)
- age   1:    2678184 bytes,    2678184 total
- age   2:    6534296 bytes,    9212480 total
- age   3:    1962168 bytes,   11174648 total
- age   4:        272 bytes,   11174920 total
- age   5:    5266928 bytes,   16441848 total
- age   6:    2191608 bytes,   18633456 total
: 109248K->21824K(109248K), 0.0058187 secs] 193486K->108391K(502464K), 0.0059093 secs] [Times: user=0.02 sys=0.00, real=0.01 secs] 
Heap after GC invocations=79 (full 4):
 par new generation   total 109248K, used 21824K [0x00000007a0000000, 0x00000007a8000000, 0x00000007a8000000)
  eden space 87424K,   0% used [0x00000007a0000000, 0x00000007a0000000, 0x00000007a5560000)
  from space 21824K, 100% used [0x00000007a6ab0000, 0x00000007a8000000, 0x00000007a8000000)
  to   space 21824K,   0% used [0x00000007a5560000, 0x00000007a5560000, 0x00000007a6ab0000)
 concurrent mark-sweep generation total 393216K, used 86567K [0x00000007a8000000, 0x00000007c0000000, 0x00000007c0000000)
 Metaspace       used 43813K, capacity 45016K, committed 45456K, reserved 1089536K
  class space    used 4880K, capacity 5202K, committed 5320K, reserved 1048576K
}
2017-03-21T02:29:56.435+0800: 5958.960: Total time for which application threads were stopped: 0.0061368 seconds, Stopping threads took: 0.0000197 seconds
2017-03-21T02:29:57.436+0800: 5959.961: Total time for which application threads were stopped: 0.0001674 seconds, Stopping threads took: 0.0000272 seconds
2017-03-21T02:32:09.947+0800: 6092.475: Total time for which application threads were stopped: 0.0001647 seconds, Stopping threads took: 0.0000573 seconds
{Heap before GC invocations=79 (full 4):
 par new generation   total 109248K, used 109248K [0x00000007a0000000, 0x00000007a8000000, 0x00000007a8000000)
  eden space 87424K, 100% used [0x00000007a0000000, 0x00000007a5560000, 0x00000007a5560000)
  from space 21824K, 100% used [0x00000007a6ab0000, 0x00000007a8000000, 0x00000007a8000000)
  to   space 21824K,   0% used [0x00000007a5560000, 0x00000007a5560000, 0x00000007a6ab0000)
 concurrent mark-sweep generation total 393216K, used 86567K [0x00000007a8000000, 0x00000007c0000000, 0x00000007c0000000)
 Metaspace       used 44282K, capacity 45462K, committed 45712K, reserved 1089536K
  class space    used 4928K, capacity 5239K, committed 5320K, reserved 1048576K
2017-03-21T02:32:09.993+0800: 6092.522: [GC (Allocation Failure) 2017-03-21T02:32:09.994+0800: 6092.522: [ParNew
Desired survivor size 20112992 bytes, new threshold 8 (max 8)
- age   1:    2386704 bytes,    2386704 total
- age   2:    2286176 bytes,    4672880 total
- age   3:    5735576 bytes,   10408456 total
- age   4:    1859208 bytes,   12267664 total
- age   5:        272 bytes,   12267936 total
- age   6:    4952848 bytes,   17220784 total
- age   7:    2191608 bytes,   19412392 total
: 109248K->21824K(109248K), 0.0058060 secs] 195815K->109623K(502464K), 0.0061845 secs] [Times: user=0.03 sys=0.00, real=0.01 secs] 
Heap after GC invocations=80 (full 4):
 par new generation   total 109248K, used 21824K [0x00000007a0000000, 0x00000007a8000000, 0x00000007a8000000)
  eden space 87424K,   0% used [0x00000007a0000000, 0x00000007a0000000, 0x00000007a5560000)
  from space 21824K, 100% used [0x00000007a5560000, 0x00000007a6ab0000, 0x00000007a6ab0000)
  to   space 21824K,   0% used [0x00000007a6ab0000, 0x00000007a6ab0000, 0x00000007a8000000)
 concurrent mark-sweep generation total 393216K, used 87799K [0x00000007a8000000, 0x00000007c0000000, 0x00000007c0000000)
 Metaspace       used 44282K, capacity 45462K, committed 45712K, reserved 1089536K
  class space    used 4928K, capacity 5239K, committed 5320K, reserved 1048576K
}
2017-03-21T02:32:10.000+0800: 6092.528: Total time for which application threads were stopped: 0.0064178 seconds, Stopping threads took: 0.0000246 seconds
2017-03-21T02:32:10.000+0800: 6092.529: Total time for which application threads were stopped: 0.0002687 seconds, Stopping threads took: 0.0000674 seconds
{Heap before GC invocations=80 (full 4):
 par new generation   total 109248K, used 109248K [0x00000007a0000000, 0x00000007a8000000, 0x00000007a8000000)
  eden space 87424K, 100% used [0x00000007a0000000, 0x00000007a5560000, 0x00000007a5560000)
  from space 21824K, 100% used [0x00000007a5560000, 0x00000007a6ab0000, 0x00000007a6ab0000)
  to   space 21824K,   0% used [0x00000007a6ab0000, 0x00000007a6ab0000, 0x00000007a8000000)
 concurrent mark-sweep generation total 393216K, used 87799K [0x00000007a8000000, 0x00000007c0000000, 0x00000007c0000000)
 Metaspace       used 44309K, capacity 45498K, committed 45712K, reserved 1089536K
  class space    used 4932K, capacity 5245K, committed 5320K, reserved 1048576K
2017-03-21T02:32:10.054+0800: 6092.583: [GC (Allocation Failure) 2017-03-21T02:32:10.054+0800: 6092.583: [ParNew
Desired survivor size 20112992 bytes, new threshold 8 (max 8)
- age   1:     123072 bytes,     123072 total
- age   2:    1799848 bytes,    1922920 total
- age   3:    2267024 bytes,    4189944 total
- age   4:    5062696 bytes,    9252640 total
- age   5:    1859208 bytes,   11111848 total
- age   6:        272 bytes,   11112120 total
- age   7:    4952848 bytes,   16064968 total
- age   8:    2191608 bytes,   18256576 total
: 109248K->21824K(109248K), 0.0053444 secs] 197047K->110541K(502464K), 0.0054155 secs] [Times: user=0.01 sys=0.00, real=0.01 secs] 
Heap after GC invocations=81 (full 4):
 par new generation   total 109248K, used 21824K [0x00000007a0000000, 0x00000007a8000000, 0x00000007a8000000)
  eden space 87424K,   0% used [0x00000007a0000000, 0x00000007a0000000, 0x00000007a5560000)
  from space 21824K, 100% used [0x00000007a6ab0000, 0x00000007a8000000, 0x00000007a8000000)
  to   space 21824K,   0% used [0x00000007a5560000, 0x00000007a5560000, 0x00000007a6ab0000)
 concurrent mark-sweep generation total 393216K, used 88717K [0x00000007a8000000, 0x00000007c0000000, 0x00000007c0000000)
 Metaspace       used 44309K, capacity 45498K, committed 45712K, reserved 1089536K
  class space    used 4932K, capacity 5245K, committed 5320K, reserved 1048576K
}
2017-03-21T02:32:10.060+0800: 6092.588: Total time for which application threads were stopped: 0.0056422 seconds, Stopping threads took: 0.0000209 seconds
2017-03-21T02:32:10.097+0800: 6092.625: Total time for which application threads were stopped: 0.0001711 seconds, Stopping threads took: 0.0000367 seconds
2017-03-21T02:32:10.936+0800: 6093.465: Total time for which application threads were stopped: 0.0003308 seconds, Stopping threads took: 0.0000828 seconds
2017-03-21T02:32:10.963+0800: 6093.491: Total time for which application threads were stopped: 0.0001477 seconds, Stopping threads took: 0.0000209 seconds
2017-03-21T02:32:10.968+0800: 6093.497: Total time for which application threads were stopped: 0.0001690 seconds, Stopping threads took: 0.0000303 seconds
2017-03-21T02:32:10.969+0800: 6093.498: Total time for which application threads were stopped: 0.0001271 seconds, Stopping threads took: 0.0000129 seconds
2017-03-21T02:32:10.970+0800: 6093.498: Total time for which application threads were stopped: 0.0000982 seconds, Stopping threads took: 0.0000075 seconds
2017-03-21T02:32:10.970+0800: 6093.498: Total time for which application threads were stopped: 0.0000761 seconds, Stopping threads took: 0.0000078 seconds
2017-03-21T02:32:10.970+0800: 6093.499: Total time for which application threads were stopped: 0.0002481 seconds, Stopping threads took: 0.0000099 seconds
2017-03-21T02:32:10.974+0800: 6093.502: Total time for which application threads were stopped: 0.0000993 seconds, Stopping threads took: 0.0000175 seconds
2017-03-21T02:32:10.977+0800: 6093.506: Total time for which application threads were stopped: 0.0000961 seconds, Stopping threads took: 0.0000152 seconds
2017-03-21T02:32:10.979+0800: 6093.507: Total time for which application threads were stopped: 0.0000605 seconds, Stopping threads took: 0.0000093 seconds
2017-03-21T02:32:11.984+0800: 6094.512: Total time for which application threads were stopped: 0.0002419 seconds, Stopping threads took: 0.0000449 seconds
2017-03-21T02:32:18.565+0800: 6101.094: Total time for which application threads were stopped: 0.0001386 seconds, Stopping threads took: 0.0000198 seconds
2017-03-21T02:32:19.569+0800: 6102.098: Total time for which application threads were stopped: 0.0001222 seconds, Stopping threads took: 0.0000264 seconds
2017-03-21T02:32:25.141+0800: 6107.670: Total time for which application threads were stopped: 0.0001121 seconds, Stopping threads took: 0.0000198 seconds
2017-03-21T02:32:25.141+0800: 6107.670: Total time for which application threads were stopped: 0.0000743 seconds, Stopping threads took: 0.0000103 seconds
2017-03-21T02:32:25.141+0800: 6107.670: Total time for which application threads were stopped: 0.0000507 seconds, Stopping threads took: 0.0000071 seconds
2017-03-21T02:32:25.142+0800: 6107.671: Total time for which application threads were stopped: 0.0000551 seconds, Stopping threads took: 0.0000081 seconds
2017-03-21T02:32:25.142+0800: 6107.671: Total time for which application threads were stopped: 0.0000554 seconds, Stopping threads took: 0.0000088 seconds
2017-03-21T02:32:25.142+0800: 6107.671: Total time for which application threads were stopped: 0.0000598 seconds, Stopping threads took: 0.0000074 seconds
2017-03-21T02:32:25.145+0800: 6107.674: Total time for which application threads were stopped: 0.0001288 seconds, Stopping threads took: 0.0000187 seconds
2017-03-21T02:32:25.152+0800: 6107.681: Total time for which application threads were stopped: 0.0001166 seconds, Stopping threads took: 0.0000186 seconds
2017-03-21T02:32:25.152+0800: 6107.681: Total time for which application threads were stopped: 0.0000589 seconds, Stopping threads took: 0.0000080 seconds
2017-03-21T02:32:25.152+0800: 6107.681: Total time for which application threads were stopped: 0.0000705 seconds, Stopping threads took: 0.0000228 seconds
2017-03-21T02:32:25.152+0800: 6107.681: Total time for which application threads were stopped: 0.0000544 seconds, Stopping threads took: 0.0000069 seconds
2017-03-21T02:32:25.153+0800: 6107.682: Total time for which application threads were stopped: 0.0000543 seconds, Stopping threads took: 0.0000069 seconds
2017-03-21T02:32:25.153+0800: 6107.682: Total time for which application threads were stopped: 0.0000541 seconds, Stopping threads took: 0.0000069 seconds
2017-03-21T02:32:25.153+0800: 6107.682: Total time for which application threads were stopped: 0.0000543 seconds, Stopping threads took: 0.0000067 seconds
2017-03-21T02:32:25.153+0800: 6107.682: Total time for which application threads were stopped: 0.0000545 seconds, Stopping threads took: 0.0000069 seconds
2017-03-21T02:32:25.153+0800: 6107.682: Total time for which application threads were stopped: 0.0000524 seconds, Stopping threads took: 0.0000067 seconds
2017-03-21T02:32:25.153+0800: 6107.682: Total time for which application threads were stopped: 0.0000951 seconds, Stopping threads took: 0.0000350 seconds
2017-03-21T02:32:25.153+0800: 6107.682: Total time for which application threads were stopped: 0.0000796 seconds, Stopping threads took: 0.0000244 seconds
2017-03-21T02:32:25.153+0800: 6107.682: Total time for which application threads were stopped: 0.0000753 seconds, Stopping threads took: 0.0000207 seconds
2017-03-21T02:32:25.153+0800: 6107.682: Total time for which application threads were stopped: 0.0000680 seconds, Stopping threads took: 0.0000203 seconds
2017-03-21T02:32:25.153+0800: 6107.682: Total time for which application threads were stopped: 0.0000668 seconds, Stopping threads took: 0.0000201 seconds
2017-03-21T02:32:25.154+0800: 6107.682: Total time for which application threads were stopped: 0.0000661 seconds, Stopping threads took: 0.0000199 seconds
2017-03-21T02:32:25.154+0800: 6107.683: Total time for which application threads were stopped: 0.0000662 seconds, Stopping threads took: 0.0000200 seconds
2017-03-21T02:32:25.154+0800: 6107.683: Total time for which application threads were stopped: 0.0000666 seconds, Stopping threads took: 0.0000179 seconds
2017-03-21T02:32:25.154+0800: 6107.683: Total time for which application threads were stopped: 0.0000662 seconds, Stopping threads took: 0.0000198 seconds
2017-03-21T02:32:25.154+0800: 6107.683: Total time for which application threads were stopped: 0.0000679 seconds, Stopping threads took: 0.0000203 seconds
2017-03-21T02:32:25.154+0800: 6107.683: Total time for which application threads were stopped: 0.0000673 seconds, Stopping threads took: 0.0000212 seconds
2017-03-21T02:32:25.154+0800: 6107.683: Total time for which application threads were stopped: 0.0001445 seconds, Stopping threads took: 0.0000199 seconds
2017-03-21T02:32:25.154+0800: 6107.683: Total time for which application threads were stopped: 0.0000646 seconds, Stopping threads took: 0.0000174 seconds
2017-03-21T02:32:25.156+0800: 6107.685: Total time for which application threads were stopped: 0.0000818 seconds, Stopping threads took: 0.0000120 seconds
2017-03-21T02:32:25.156+0800: 6107.685: Total time for which application threads were stopped: 0.0000598 seconds, Stopping threads took: 0.0000076 seconds
2017-03-21T02:32:25.156+0800: 6107.685: Total time for which application threads were stopped: 0.0000593 seconds, Stopping threads took: 0.0000082 seconds
2017-03-21T02:32:25.157+0800: 6107.686: Total time for which application threads were stopped: 0.0000570 seconds, Stopping threads took: 0.0000069 seconds
2017-03-21T02:32:25.158+0800: 6107.687: Total time for which application threads were stopped: 0.0000643 seconds, Stopping threads took: 0.0000086 seconds
2017-03-21T02:32:25.158+0800: 6107.687: Total time for which application threads were stopped: 0.0000621 seconds, Stopping threads took: 0.0000083 seconds
2017-03-21T02:32:25.158+0800: 6107.687: Total time for which application threads were stopped: 0.0000554 seconds, Stopping threads took: 0.0000074 seconds
2017-03-21T02:32:25.158+0800: 6107.687: Total time for which application threads were stopped: 0.0000669 seconds, Stopping threads took: 0.0000092 seconds
2017-03-21T02:32:25.159+0800: 6107.688: Total time for which application threads were stopped: 0.0000693 seconds, Stopping threads took: 0.0000092 seconds
2017-03-21T02:32:25.159+0800: 6107.688: Total time for which application threads were stopped: 0.0000553 seconds, Stopping threads took: 0.0000065 seconds
2017-03-21T02:32:25.159+0800: 6107.688: Total time for which application threads were stopped: 0.0000533 seconds, Stopping threads took: 0.0000064 seconds
2017-03-21T02:32:25.159+0800: 6107.688: Total time for which application threads were stopped: 0.0000683 seconds, Stopping threads took: 0.0000103 seconds
2017-03-21T02:32:25.262+0800: 6107.791: Total time for which application threads were stopped: 0.0001637 seconds, Stopping threads took: 0.0000383 seconds
2017-03-21T02:32:25.262+0800: 6107.791: Total time for which application threads were stopped: 0.0000845 seconds, Stopping threads took: 0.0000311 seconds
2017-03-21T02:32:26.266+0800: 6108.795: Total time for which application threads were stopped: 0.0001126 seconds, Stopping threads took: 0.0000256 seconds
2017-03-21T02:32:52.255+0800: 6134.785: Total time for which application threads were stopped: 0.0001327 seconds, Stopping threads took: 0.0000213 seconds
2017-03-21T02:32:52.255+0800: 6134.785: Total time for which application threads were stopped: 0.0000654 seconds, Stopping threads took: 0.0000101 seconds
2017-03-21T02:32:52.255+0800: 6134.785: Total time for which application threads were stopped: 0.0000519 seconds, Stopping threads took: 0.0000074 seconds
2017-03-21T02:32:52.256+0800: 6134.785: Total time for which application threads were stopped: 0.0000505 seconds, Stopping threads took: 0.0000070 seconds
2017-03-21T02:32:52.256+0800: 6134.785: Total time for which application threads were stopped: 0.0000528 seconds, Stopping threads took: 0.0000079 seconds
2017-03-21T02:32:52.256+0800: 6134.785: Total time for which application threads were stopped: 0.0000502 seconds, Stopping threads took: 0.0000070 seconds
2017-03-21T02:32:52.256+0800: 6134.786: Total time for which application threads were stopped: 0.0000523 seconds, Stopping threads took: 0.0000076 seconds
2017-03-21T02:32:52.256+0800: 6134.786: Total time for which application threads were stopped: 0.0000496 seconds, Stopping threads took: 0.0000070 seconds
2017-03-21T02:32:52.256+0800: 6134.786: Total time for which application threads were stopped: 0.0000523 seconds, Stopping threads took: 0.0000076 seconds
2017-03-21T02:32:52.256+0800: 6134.786: Total time for which application threads were stopped: 0.0000515 seconds, Stopping threads took: 0.0000071 seconds
2017-03-21T02:32:52.256+0800: 6134.786: Total time for which application threads were stopped: 0.0000518 seconds, Stopping threads took: 0.0000075 seconds
2017-03-21T02:32:52.256+0800: 6134.786: Total time for which application threads were stopped: 0.0000502 seconds, Stopping threads took: 0.0000073 seconds
2017-03-21T02:32:52.256+0800: 6134.786: Total time for which application threads were stopped: 0.0000706 seconds, Stopping threads took: 0.0000083 seconds
2017-03-21T02:32:52.256+0800: 6134.786: Total time for which application threads were stopped: 0.0000502 seconds, Stopping threads took: 0.0000071 seconds
2017-03-21T02:32:52.257+0800: 6134.786: Total time for which application threads were stopped: 0.0000520 seconds, Stopping threads took: 0.0000077 seconds
2017-03-21T02:32:52.257+0800: 6134.786: Total time for which application threads were stopped: 0.0000493 seconds, Stopping threads took: 0.0000068 seconds
2017-03-21T02:32:52.257+0800: 6134.786: Total time for which application threads were stopped: 0.0000525 seconds, Stopping threads took: 0.0000078 seconds
2017-03-21T02:32:52.257+0800: 6134.787: Total time for which application threads were stopped: 0.0000496 seconds, Stopping threads took: 0.0000071 seconds
2017-03-21T02:32:52.257+0800: 6134.787: Total time for which application threads were stopped: 0.0000523 seconds, Stopping threads took: 0.0000076 seconds
2017-03-21T02:32:52.257+0800: 6134.787: Total time for which application threads were stopped: 0.0000494 seconds, Stopping threads took: 0.0000070 seconds
2017-03-21T02:32:52.257+0800: 6134.787: Total time for which application threads were stopped: 0.0001565 seconds, Stopping threads took: 0.0000077 seconds
2017-03-21T02:32:52.257+0800: 6134.787: Total time for which application threads were stopped: 0.0000506 seconds, Stopping threads took: 0.0000077 seconds
2017-03-21T02:32:53.263+0800: 6135.792: Total time for which application threads were stopped: 0.0002601 seconds, Stopping threads took: 0.0000478 seconds
2017-03-21T02:35:46.813+0800: 6309.347: Total time for which application threads were stopped: 0.0001415 seconds, Stopping threads took: 0.0000250 seconds
{Heap before GC invocations=81 (full 4):
 par new generation   total 109248K, used 109238K [0x00000007a0000000, 0x00000007a8000000, 0x00000007a8000000)
  eden space 87424K,  99% used [0x00000007a0000000, 0x00000007a555da50, 0x00000007a5560000)
  from space 21824K, 100% used [0x00000007a6ab0000, 0x00000007a8000000, 0x00000007a8000000)
  to   space 21824K,   0% used [0x00000007a5560000, 0x00000007a5560000, 0x00000007a6ab0000)
 concurrent mark-sweep generation total 393216K, used 88717K [0x00000007a8000000, 0x00000007c0000000, 0x00000007c0000000)
 Metaspace       used 45648K, capacity 47070K, committed 47120K, reserved 1091584K
  class space    used 5074K, capacity 5417K, committed 5448K, reserved 1048576K
2017-03-21T02:35:46.838+0800: 6309.372: [GC (Allocation Failure) 2017-03-21T02:35:46.838+0800: 6309.372: [ParNew
Desired survivor size 20112992 bytes, new threshold 8 (max 8)
- age   1:    2947712 bytes,    2947712 total
- age   2:     118168 bytes,    3065880 total
- age   3:    1570208 bytes,    4636088 total
- age   4:    2129464 bytes,    6765552 total
- age   5:    5062696 bytes,   11828248 total
- age   6:    1859208 bytes,   13687456 total
- age   7:        272 bytes,   13687728 total
- age   8:    4952848 bytes,   18640576 total
: 109238K->21824K(109248K), 0.0067098 secs] 197955K->112682K(502464K), 0.0068099 secs] [Times: user=0.02 sys=0.00, real=0.01 secs] 
Heap after GC invocations=82 (full 4):
 par new generation   total 109248K, used 21824K [0x00000007a0000000, 0x00000007a8000000, 0x00000007a8000000)
  eden space 87424K,   0% used [0x00000007a0000000, 0x00000007a0000000, 0x00000007a5560000)
  from space 21824K, 100% used [0x00000007a5560000, 0x00000007a6ab0000, 0x00000007a6ab0000)
  to   space 21824K,   0% used [0x00000007a6ab0000, 0x00000007a6ab0000, 0x00000007a8000000)
 concurrent mark-sweep generation total 393216K, used 90858K [0x00000007a8000000, 0x00000007c0000000, 0x00000007c0000000)
 Metaspace       used 45648K, capacity 47070K, committed 47120K, reserved 1091584K
  class space    used 5074K, capacity 5417K, committed 5448K, reserved 1048576K
}
2017-03-21T02:35:46.844+0800: 6309.379: Total time for which application threads were stopped: 0.0070207 seconds, Stopping threads took: 0.0000235 seconds
2017-03-21T02:35:46.845+0800: 6309.380: Total time for which application threads were stopped: 0.0002868 seconds, Stopping threads took: 0.0000658 seconds
2017-03-21T02:35:46.845+0800: 6309.380: Total time for which application threads were stopped: 0.0000742 seconds, Stopping threads took: 0.0000106 seconds
{Heap before GC invocations=82 (full 4):
 par new generation   total 109248K, used 109216K [0x00000007a0000000, 0x00000007a8000000, 0x00000007a8000000)
  eden space 87424K,  99% used [0x00000007a0000000, 0x00000007a5558250, 0x00000007a5560000)
  from space 21824K, 100% used [0x00000007a5560000, 0x00000007a6ab0000, 0x00000007a6ab0000)
  to   space 21824K,   0% used [0x00000007a6ab0000, 0x00000007a6ab0000, 0x00000007a8000000)
 concurrent mark-sweep generation total 393216K, used 90858K [0x00000007a8000000, 0x00000007c0000000, 0x00000007c0000000)
 Metaspace       used 45721K, capacity 47148K, committed 47376K, reserved 1091584K
  class space    used 5081K, capacity 5430K, committed 5448K, reserved 1048576K
2017-03-21T02:35:46.884+0800: 6309.419: [GC (Allocation Failure) 2017-03-21T02:35:46.884+0800: 6309.419: [ParNew
Desired survivor size 20112992 bytes, new threshold 8 (max 8)
- age   1:     925128 bytes,     925128 total
- age   2:    1814376 bytes,    2739504 total
- age   3:     118168 bytes,    2857672 total
- age   4:    1570208 bytes,    4427880 total
- age   5:    2129464 bytes,    6557344 total
- age   6:    5062696 bytes,   11620040 total
- age   7:    1859208 bytes,   13479248 total
- age   8:        272 bytes,   13479520 total
: 109216K->18165K(109248K), 0.0063652 secs] 200075K->113861K(502464K), 0.0064565 secs] [Times: user=0.03 sys=0.00, real=0.01 secs] 
Heap after GC invocations=83 (full 4):
 par new generation   total 109248K, used 18165K [0x00000007a0000000, 0x00000007a8000000, 0x00000007a8000000)
  eden space 87424K,   0% used [0x00000007a0000000, 0x00000007a0000000, 0x00000007a5560000)
  from space 21824K,  83% used [0x00000007a6ab0000, 0x00000007a7c6d620, 0x00000007a8000000)
  to   space 21824K,   0% used [0x00000007a5560000, 0x00000007a5560000, 0x00000007a6ab0000)
 concurrent mark-sweep generation total 393216K, used 95696K [0x00000007a8000000, 0x00000007c0000000, 0x00000007c0000000)
 Metaspace       used 45721K, capacity 47148K, committed 47376K, reserved 1091584K
  class space    used 5081K, capacity 5430K, committed 5448K, reserved 1048576K
}
2017-03-21T02:35:46.891+0800: 6309.426: Total time for which application threads were stopped: 0.0066732 seconds, Stopping threads took: 0.0000200 seconds
2017-03-21T02:35:46.891+0800: 6309.426: Total time for which application threads were stopped: 0.0002004 seconds, Stopping threads took: 0.0000666 seconds
2017-03-21T02:35:46.959+0800: 6309.493: Total time for which application threads were stopped: 0.0002434 seconds, Stopping threads took: 0.0000756 seconds
2017-03-21T02:35:47.582+0800: 6310.116: Total time for which application threads were stopped: 0.0002651 seconds, Stopping threads took: 0.0000748 seconds
2017-03-21T02:35:47.583+0800: 6310.117: Total time for which application threads were stopped: 0.0000950 seconds, Stopping threads took: 0.0000120 seconds
2017-03-21T02:35:47.583+0800: 6310.117: Total time for which application threads were stopped: 0.0000886 seconds, Stopping threads took: 0.0000146 seconds
2017-03-21T02:35:47.583+0800: 6310.117: Total time for which application threads were stopped: 0.0000928 seconds, Stopping threads took: 0.0000138 seconds
2017-03-21T02:35:47.583+0800: 6310.118: Total time for which application threads were stopped: 0.0000744 seconds, Stopping threads took: 0.0000095 seconds
2017-03-21T02:35:47.583+0800: 6310.118: Total time for which application threads were stopped: 0.0000697 seconds, Stopping threads took: 0.0000087 seconds
2017-03-21T02:35:47.583+0800: 6310.118: Total time for which application threads were stopped: 0.0000687 seconds, Stopping threads took: 0.0000088 seconds
2017-03-21T02:35:47.583+0800: 6310.118: Total time for which application threads were stopped: 0.0000689 seconds, Stopping threads took: 0.0000088 seconds
2017-03-21T02:35:47.583+0800: 6310.118: Total time for which application threads were stopped: 0.0000688 seconds, Stopping threads took: 0.0000085 seconds
2017-03-21T02:35:47.584+0800: 6310.118: Total time for which application threads were stopped: 0.0000684 seconds, Stopping threads took: 0.0000085 seconds
2017-03-21T02:35:47.594+0800: 6310.129: Total time for which application threads were stopped: 0.0001351 seconds, Stopping threads took: 0.0000215 seconds
2017-03-21T02:35:47.594+0800: 6310.129: Total time for which application threads were stopped: 0.0000748 seconds, Stopping threads took: 0.0000126 seconds
2017-03-21T02:35:47.599+0800: 6310.134: Total time for which application threads were stopped: 0.0001328 seconds, Stopping threads took: 0.0000191 seconds
2017-03-21T02:35:47.599+0800: 6310.134: Total time for which application threads were stopped: 0.0001958 seconds, Stopping threads took: 0.0001130 seconds
2017-03-21T02:35:47.600+0800: 6310.134: Total time for which application threads were stopped: 0.0001409 seconds, Stopping threads took: 0.0000542 seconds
2017-03-21T02:35:47.600+0800: 6310.134: Total time for which application threads were stopped: 0.0001030 seconds, Stopping threads took: 0.0000319 seconds
2017-03-21T02:35:47.600+0800: 6310.134: Total time for which application threads were stopped: 0.0001039 seconds, Stopping threads took: 0.0000221 seconds
2017-03-21T02:35:47.600+0800: 6310.135: Total time for which application threads were stopped: 0.0001297 seconds, Stopping threads took: 0.0000423 seconds
2017-03-21T02:35:47.606+0800: 6310.140: Total time for which application threads were stopped: 0.0002542 seconds, Stopping threads took: 0.0000242 seconds
{Heap before GC invocations=83 (full 4):
 par new generation   total 109248K, used 105589K [0x00000007a0000000, 0x00000007a8000000, 0x00000007a8000000)
  eden space 87424K, 100% used [0x00000007a0000000, 0x00000007a5560000, 0x00000007a5560000)
  from space 21824K,  83% used [0x00000007a6ab0000, 0x00000007a7c6d620, 0x00000007a8000000)
  to   space 21824K,   0% used [0x00000007a5560000, 0x00000007a5560000, 0x00000007a6ab0000)
 concurrent mark-sweep generation total 393216K, used 95696K [0x00000007a8000000, 0x00000007c0000000, 0x00000007c0000000)
 Metaspace       used 45873K, capacity 47382K, committed 47504K, reserved 1091584K
  class space    used 5103K, capacity 5469K, committed 5576K, reserved 1048576K
2017-03-21T02:35:47.624+0800: 6310.159: [GC (Allocation Failure) 2017-03-21T02:35:47.624+0800: 6310.159: [ParNew
Desired survivor size 20112992 bytes, new threshold 8 (max 8)
- age   1:    1012424 bytes,    1012424 total
- age   2:     154752 bytes,    1167176 total
- age   3:    1698376 bytes,    2865552 total
- age   4:     118168 bytes,    2983720 total
- age   5:    1570208 bytes,    4553928 total
- age   6:    2129336 bytes,    6683264 total
- age   7:    5062696 bytes,   11745960 total
- age   8:    1859208 bytes,   13605168 total
: 105589K->19467K(109248K), 0.0056877 secs] 201285K->115164K(502464K), 0.0057523 secs] [Times: user=0.02 sys=0.00, real=0.01 secs] 
Heap after GC invocations=84 (full 4):
 par new generation   total 109248K, used 19467K [0x00000007a0000000, 0x00000007a8000000, 0x00000007a8000000)
  eden space 87424K,   0% used [0x00000007a0000000, 0x00000007a0000000, 0x00000007a5560000)
  from space 21824K,  89% used [0x00000007a5560000, 0x00000007a6862dd0, 0x00000007a6ab0000)
  to   space 21824K,   0% used [0x00000007a6ab0000, 0x00000007a6ab0000, 0x00000007a8000000)
 concurrent mark-sweep generation total 393216K, used 95696K [0x00000007a8000000, 0x00000007c0000000, 0x00000007c0000000)
 Metaspace       used 45873K, capacity 47382K, committed 47504K, reserved 1091584K
  class space    used 5103K, capacity 5469K, committed 5576K, reserved 1048576K
}
2017-03-21T02:35:47.630+0800: 6310.165: Total time for which application threads were stopped: 0.0059416 seconds, Stopping threads took: 0.0000161 seconds
2017-03-21T02:35:47.630+0800: 6310.165: Total time for which application threads were stopped: 0.0001285 seconds, Stopping threads took: 0.0000193 seconds
2017-03-21T02:35:51.713+0800: 6314.247: Total time for which application threads were stopped: 0.0001366 seconds, Stopping threads took: 0.0000231 seconds
2017-03-21T02:35:51.714+0800: 6314.248: Total time for which application threads were stopped: 0.0000897 seconds, Stopping threads took: 0.0000136 seconds
2017-03-21T02:35:51.714+0800: 6314.249: Total time for which application threads were stopped: 0.0001147 seconds, Stopping threads took: 0.0000352 seconds
2017-03-21T02:35:51.722+0800: 6314.257: Total time for which application threads were stopped: 0.0001122 seconds, Stopping threads took: 0.0000191 seconds
2017-03-21T02:35:51.722+0800: 6314.257: Total time for which application threads were stopped: 0.0000531 seconds, Stopping threads took: 0.0000070 seconds
2017-03-21T02:35:51.722+0800: 6314.257: Total time for which application threads were stopped: 0.0000691 seconds, Stopping threads took: 0.0000112 seconds
2017-03-21T02:35:51.722+0800: 6314.257: Total time for which application threads were stopped: 0.0000607 seconds, Stopping threads took: 0.0000087 seconds
2017-03-21T02:35:51.723+0800: 6314.257: Total time for which application threads were stopped: 0.0000821 seconds, Stopping threads took: 0.0000084 seconds
2017-03-21T02:35:51.723+0800: 6314.257: Total time for which application threads were stopped: 0.0000803 seconds, Stopping threads took: 0.0000128 seconds
2017-03-21T02:35:51.723+0800: 6314.257: Total time for which application threads were stopped: 0.0000512 seconds, Stopping threads took: 0.0000070 seconds
2017-03-21T02:35:51.723+0800: 6314.258: Total time for which application threads were stopped: 0.0000498 seconds, Stopping threads took: 0.0000066 seconds
2017-03-21T02:35:51.723+0800: 6314.258: Total time for which application threads were stopped: 0.0000494 seconds, Stopping threads took: 0.0000065 seconds
2017-03-21T02:35:51.723+0800: 6314.258: Total time for which application threads were stopped: 0.0000492 seconds, Stopping threads took: 0.0000063 seconds
2017-03-21T02:35:51.723+0800: 6314.258: Total time for which application threads were stopped: 0.0000493 seconds, Stopping threads took: 0.0000065 seconds
2017-03-21T02:35:51.723+0800: 6314.258: Total time for which application threads were stopped: 0.0000494 seconds, Stopping threads took: 0.0000065 seconds
2017-03-21T02:35:51.723+0800: 6314.258: Total time for which application threads were stopped: 0.0000549 seconds, Stopping threads took: 0.0000067 seconds
2017-03-21T02:35:51.723+0800: 6314.258: Total time for which application threads were stopped: 0.0000486 seconds, Stopping threads took: 0.0000063 seconds
2017-03-21T02:35:51.723+0800: 6314.258: Total time for which application threads were stopped: 0.0000536 seconds, Stopping threads took: 0.0000073 seconds
2017-03-21T02:35:51.723+0800: 6314.258: Total time for which application threads were stopped: 0.0000496 seconds, Stopping threads took: 0.0000063 seconds
2017-03-21T02:35:51.724+0800: 6314.258: Total time for which application threads were stopped: 0.0000490 seconds, Stopping threads took: 0.0000063 seconds
2017-03-21T02:35:51.724+0800: 6314.258: Total time for which application threads were stopped: 0.0000497 seconds, Stopping threads took: 0.0000068 seconds
2017-03-21T02:35:51.724+0800: 6314.258: Total time for which application threads were stopped: 0.0000487 seconds, Stopping threads took: 0.0000064 seconds
2017-03-21T02:35:51.724+0800: 6314.258: Total time for which application threads were stopped: 0.0000484 seconds, Stopping threads took: 0.0000062 seconds
2017-03-21T02:35:51.724+0800: 6314.259: Total time for which application threads were stopped: 0.0001584 seconds, Stopping threads took: 0.0000062 seconds
2017-03-21T02:35:51.724+0800: 6314.259: Total time for which application threads were stopped: 0.0000489 seconds, Stopping threads took: 0.0000064 seconds
2017-03-21T02:35:51.726+0800: 6314.260: Total time for which application threads were stopped: 0.0000591 seconds, Stopping threads took: 0.0000082 seconds
2017-03-21T02:35:51.726+0800: 6314.260: Total time for which application threads were stopped: 0.0000460 seconds, Stopping threads took: 0.0000045 seconds
2017-03-21T02:35:51.726+0800: 6314.261: Total time for which application threads were stopped: 0.0000557 seconds, Stopping threads took: 0.0000074 seconds
2017-03-21T02:35:51.727+0800: 6314.262: Total time for which application threads were stopped: 0.0000556 seconds, Stopping threads took: 0.0000075 seconds
2017-03-21T02:35:51.727+0800: 6314.262: Total time for which application threads were stopped: 0.0000457 seconds, Stopping threads took: 0.0000044 seconds
2017-03-21T02:35:51.727+0800: 6314.262: Total time for which application threads were stopped: 0.0000628 seconds, Stopping threads took: 0.0000103 seconds
2017-03-21T02:35:51.728+0800: 6314.263: Total time for which application threads were stopped: 0.0000543 seconds, Stopping threads took: 0.0000077 seconds
2017-03-21T02:35:51.728+0800: 6314.263: Total time for which application threads were stopped: 0.0000454 seconds, Stopping threads took: 0.0000045 seconds
2017-03-21T02:35:51.728+0800: 6314.263: Total time for which application threads were stopped: 0.0000629 seconds, Stopping threads took: 0.0000103 seconds
2017-03-21T02:35:52.732+0800: 6315.266: Total time for which application threads were stopped: 0.0002490 seconds, Stopping threads took: 0.0000469 seconds
2017-03-21T02:36:30.364+0800: 6352.900: Total time for which application threads were stopped: 0.0001336 seconds, Stopping threads took: 0.0000237 seconds
2017-03-21T02:36:30.367+0800: 6352.903: Total time for which application threads were stopped: 0.0001251 seconds, Stopping threads took: 0.0000185 seconds
2017-03-21T02:36:30.368+0800: 6352.903: Total time for which application threads were stopped: 0.0002105 seconds, Stopping threads took: 0.0000141 seconds
2017-03-21T02:36:30.368+0800: 6352.904: Total time for which application threads were stopped: 0.0000871 seconds, Stopping threads took: 0.0000114 seconds
2017-03-21T02:36:30.377+0800: 6352.913: Total time for which application threads were stopped: 0.0001207 seconds, Stopping threads took: 0.0000205 seconds
2017-03-21T02:36:30.377+0800: 6352.913: Total time for which application threads were stopped: 0.0000715 seconds, Stopping threads took: 0.0000108 seconds
2017-03-21T02:36:30.377+0800: 6352.913: Total time for which application threads were stopped: 0.0000644 seconds, Stopping threads took: 0.0000095 seconds
2017-03-21T02:36:30.377+0800: 6352.913: Total time for which application threads were stopped: 0.0000501 seconds, Stopping threads took: 0.0000068 seconds
2017-03-21T02:36:30.377+0800: 6352.913: Total time for which application threads were stopped: 0.0000488 seconds, Stopping threads took: 0.0000064 seconds
2017-03-21T02:36:30.377+0800: 6352.913: Total time for which application threads were stopped: 0.0000484 seconds, Stopping threads took: 0.0000064 seconds
2017-03-21T02:36:30.378+0800: 6352.913: Total time for which application threads were stopped: 0.0000483 seconds, Stopping threads took: 0.0000064 seconds
2017-03-21T02:36:30.378+0800: 6352.913: Total time for which application threads were stopped: 0.0000600 seconds, Stopping threads took: 0.0000065 seconds
2017-03-21T02:36:30.378+0800: 6352.913: Total time for which application threads were stopped: 0.0000540 seconds, Stopping threads took: 0.0000075 seconds
2017-03-21T02:36:30.378+0800: 6352.914: Total time for which application threads were stopped: 0.0000534 seconds, Stopping threads took: 0.0000071 seconds
2017-03-21T02:36:30.378+0800: 6352.914: Total time for which application threads were stopped: 0.0000532 seconds, Stopping threads took: 0.0000071 seconds
2017-03-21T02:36:30.378+0800: 6352.914: Total time for which application threads were stopped: 0.0000531 seconds, Stopping threads took: 0.0000071 seconds
2017-03-21T02:36:30.378+0800: 6352.914: Total time for which application threads were stopped: 0.0000531 seconds, Stopping threads took: 0.0000072 seconds
2017-03-21T02:36:30.378+0800: 6352.914: Total time for which application threads were stopped: 0.0000532 seconds, Stopping threads took: 0.0000070 seconds
2017-03-21T02:36:30.378+0800: 6352.914: Total time for which application threads were stopped: 0.0000529 seconds, Stopping threads took: 0.0000071 seconds
2017-03-21T02:36:30.378+0800: 6352.914: Total time for which application threads were stopped: 0.0000528 seconds, Stopping threads took: 0.0000070 seconds
2017-03-21T02:36:30.378+0800: 6352.914: Total time for which application threads were stopped: 0.0000529 seconds, Stopping threads took: 0.0000069 seconds
2017-03-21T02:36:30.378+0800: 6352.914: Total time for which application threads were stopped: 0.0000527 seconds, Stopping threads took: 0.0000069 seconds
2017-03-21T02:36:30.379+0800: 6352.914: Total time for which application threads were stopped: 0.0000528 seconds, Stopping threads took: 0.0000070 seconds
2017-03-21T02:36:30.379+0800: 6352.914: Total time for which application threads were stopped: 0.0000666 seconds, Stopping threads took: 0.0000069 seconds
2017-03-21T02:36:30.379+0800: 6352.915: Total time for which application threads were stopped: 0.0001550 seconds, Stopping threads took: 0.0000065 seconds
2017-03-21T02:36:30.379+0800: 6352.915: Total time for which application threads were stopped: 0.0000469 seconds, Stopping threads took: 0.0000063 seconds
2017-03-21T02:36:31.380+0800: 6353.916: Total time for which application threads were stopped: 0.0003696 seconds, Stopping threads took: 0.0000493 seconds
2017-03-21T02:37:11.498+0800: 6394.035: Total time for which application threads were stopped: 0.0001455 seconds, Stopping threads took: 0.0000393 seconds
2017-03-21T02:37:15.333+0800: 6397.870: Total time for which application threads were stopped: 0.0001628 seconds, Stopping threads took: 0.0000331 seconds
2017-03-21T02:37:15.333+0800: 6397.870: Total time for which application threads were stopped: 0.0001474 seconds, Stopping threads took: 0.0000793 seconds
2017-03-21T02:37:15.334+0800: 6397.871: Total time for which application threads were stopped: 0.0000832 seconds, Stopping threads took: 0.0000107 seconds
2017-03-21T02:37:15.334+0800: 6397.871: Total time for which application threads were stopped: 0.0000915 seconds, Stopping threads took: 0.0000269 seconds
2017-03-21T02:37:15.335+0800: 6397.872: Total time for which application threads were stopped: 0.0000822 seconds, Stopping threads took: 0.0000226 seconds
2017-03-21T02:37:15.335+0800: 6397.872: Total time for which application threads were stopped: 0.0000720 seconds, Stopping threads took: 0.0000192 seconds
2017-03-21T02:37:15.336+0800: 6397.873: Total time for which application threads were stopped: 0.0000653 seconds, Stopping threads took: 0.0000090 seconds
2017-03-21T02:37:15.336+0800: 6397.873: Total time for which application threads were stopped: 0.0000637 seconds, Stopping threads took: 0.0000089 seconds
2017-03-21T02:37:15.336+0800: 6397.873: Total time for which application threads were stopped: 0.0000751 seconds, Stopping threads took: 0.0000214 seconds
2017-03-21T02:37:15.337+0800: 6397.874: Total time for which application threads were stopped: 0.0000807 seconds, Stopping threads took: 0.0000258 seconds
2017-03-21T02:37:16.343+0800: 6398.880: Total time for which application threads were stopped: 0.0001570 seconds, Stopping threads took: 0.0000339 seconds
2017-03-21T02:37:42.304+0800: 6424.841: Total time for which application threads were stopped: 0.0001347 seconds, Stopping threads took: 0.0000382 seconds
2017-03-21T02:37:42.304+0800: 6424.842: Total time for which application threads were stopped: 0.0000789 seconds, Stopping threads took: 0.0000222 seconds
2017-03-21T02:37:42.308+0800: 6424.846: Total time for which application threads were stopped: 0.0001383 seconds, Stopping threads took: 0.0000223 seconds
2017-03-21T02:37:42.308+0800: 6424.846: Total time for which application threads were stopped: 0.0000632 seconds, Stopping threads took: 0.0000108 seconds
2017-03-21T02:37:42.309+0800: 6424.847: Total time for which application threads were stopped: 0.0002622 seconds, Stopping threads took: 0.0001956 seconds
2017-03-21T02:37:42.310+0800: 6424.847: Total time for which application threads were stopped: 0.0000800 seconds, Stopping threads took: 0.0000126 seconds
2017-03-21T02:37:42.310+0800: 6424.848: Total time for which application threads were stopped: 0.0000763 seconds, Stopping threads took: 0.0000089 seconds
2017-03-21T02:37:42.310+0800: 6424.848: Total time for which application threads were stopped: 0.0000618 seconds, Stopping threads took: 0.0000085 seconds
2017-03-21T02:37:42.311+0800: 6424.849: Total time for which application threads were stopped: 0.0000662 seconds, Stopping threads took: 0.0000098 seconds
2017-03-21T02:37:42.311+0800: 6424.849: Total time for which application threads were stopped: 0.0000639 seconds, Stopping threads took: 0.0000084 seconds
2017-03-21T02:37:42.312+0800: 6424.850: Total time for which application threads were stopped: 0.0000535 seconds, Stopping threads took: 0.0000071 seconds
2017-03-21T02:37:42.312+0800: 6424.850: Total time for which application threads were stopped: 0.0001446 seconds, Stopping threads took: 0.0000578 seconds
2017-03-21T02:37:42.313+0800: 6424.851: Total time for which application threads were stopped: 0.0000914 seconds, Stopping threads took: 0.0000340 seconds
2017-03-21T02:37:42.313+0800: 6424.851: Total time for which application threads were stopped: 0.0001983 seconds, Stopping threads took: 0.0000210 seconds
2017-03-21T02:37:51.641+0800: 6434.179: Total time for which application threads were stopped: 0.0001673 seconds, Stopping threads took: 0.0000554 seconds
2017-03-21T02:37:51.641+0800: 6434.179: Total time for which application threads were stopped: 0.0000832 seconds, Stopping threads took: 0.0000299 seconds
2017-03-21T02:37:51.641+0800: 6434.179: Total time for which application threads were stopped: 0.0000899 seconds, Stopping threads took: 0.0000391 seconds
2017-03-21T02:37:51.642+0800: 6434.180: Total time for which application threads were stopped: 0.0000870 seconds, Stopping threads took: 0.0000348 seconds
2017-03-21T02:37:51.642+0800: 6434.180: Total time for which application threads were stopped: 0.0000891 seconds, Stopping threads took: 0.0000402 seconds
2017-03-21T02:37:51.642+0800: 6434.180: Total time for which application threads were stopped: 0.0000802 seconds, Stopping threads took: 0.0000318 seconds
2017-03-21T02:37:51.642+0800: 6434.180: Total time for which application threads were stopped: 0.0000936 seconds, Stopping threads took: 0.0000307 seconds
2017-03-21T02:37:51.642+0800: 6434.180: Total time for which application threads were stopped: 0.0000901 seconds, Stopping threads took: 0.0000339 seconds
2017-03-21T02:37:51.642+0800: 6434.180: Total time for which application threads were stopped: 0.0000868 seconds, Stopping threads took: 0.0000351 seconds
2017-03-21T02:37:51.642+0800: 6434.180: Total time for which application threads were stopped: 0.0000877 seconds, Stopping threads took: 0.0000397 seconds
2017-03-21T02:37:51.643+0800: 6434.180: Total time for which application threads were stopped: 0.0000854 seconds, Stopping threads took: 0.0000313 seconds
2017-03-21T02:37:51.647+0800: 6434.185: Total time for which application threads were stopped: 0.0002268 seconds, Stopping threads took: 0.0000386 seconds
2017-03-21T02:37:51.647+0800: 6434.185: Total time for which application threads were stopped: 0.0000663 seconds, Stopping threads took: 0.0000097 seconds
2017-03-21T02:37:52.650+0800: 6435.188: Total time for which application threads were stopped: 0.0002582 seconds, Stopping threads took: 0.0000510 seconds
2017-03-21T02:38:11.024+0800: 6453.563: Total time for which application threads were stopped: 0.0001825 seconds, Stopping threads took: 0.0000665 seconds
2017-03-21T02:39:25.261+0800: 6527.802: Total time for which application threads were stopped: 0.0002334 seconds, Stopping threads took: 0.0000476 seconds
2017-03-21T02:39:30.273+0800: 6532.814: Total time for which application threads were stopped: 0.0002295 seconds, Stopping threads took: 0.0000461 seconds
2017-03-21T02:39:39.309+0800: 6541.850: Total time for which application threads were stopped: 0.0002482 seconds, Stopping threads took: 0.0000473 seconds
2017-03-21T02:48:50.043+0800: 7092.599: Total time for which application threads were stopped: 0.0001482 seconds, Stopping threads took: 0.0000297 seconds
2017-03-21T02:51:25.525+0800: 7248.085: Total time for which application threads were stopped: 0.0002544 seconds, Stopping threads took: 0.0000492 seconds
{Heap before GC invocations=84 (full 4):
 par new generation   total 109248K, used 106882K [0x00000007a0000000, 0x00000007a8000000, 0x00000007a8000000)
  eden space 87424K,  99% used [0x00000007a0000000, 0x00000007a555dca8, 0x00000007a5560000)
  from space 21824K,  89% used [0x00000007a5560000, 0x00000007a6862dd0, 0x00000007a6ab0000)
  to   space 21824K,   0% used [0x00000007a6ab0000, 0x00000007a6ab0000, 0x00000007a8000000)
 concurrent mark-sweep generation total 393216K, used 95696K [0x00000007a8000000, 0x00000007c0000000, 0x00000007c0000000)
 Metaspace       used 47265K, capacity 48884K, committed 49168K, reserved 1093632K
  class space    used 5232K, capacity 5618K, committed 5704K, reserved 1048576K
2017-03-21T02:59:38.567+0800: 7741.140: [GC (Allocation Failure) 2017-03-21T02:59:38.567+0800: 7741.140: [ParNew
Desired survivor size 20112992 bytes, new threshold 8 (max 8)
- age   1:    3994456 bytes,    3994456 total
- age   2:     913584 bytes,    4908040 total
- age   3:     154688 bytes,    5062728 total
- age   4:    1597864 bytes,    6660592 total
- age   5:     118168 bytes,    6778760 total
- age   6:    1569696 bytes,    8348456 total
- age   7:    2123304 bytes,   10471760 total
- age   8:    5062632 bytes,   15534392 total
: 106882K->18158K(109248K), 0.0081629 secs] 202579K->115671K(502464K), 0.0084524 secs] [Times: user=0.02 sys=0.00, real=0.01 secs] 
Heap after GC invocations=85 (full 4):
 par new generation   total 109248K, used 18158K [0x00000007a0000000, 0x00000007a8000000, 0x00000007a8000000)
  eden space 87424K,   0% used [0x00000007a0000000, 0x00000007a0000000, 0x00000007a5560000)
  from space 21824K,  83% used [0x00000007a6ab0000, 0x00000007a7c6b820, 0x00000007a8000000)
  to   space 21824K,   0% used [0x00000007a5560000, 0x00000007a5560000, 0x00000007a6ab0000)
 concurrent mark-sweep generation total 393216K, used 97513K [0x00000007a8000000, 0x00000007c0000000, 0x00000007c0000000)
 Metaspace       used 47265K, capacity 48884K, committed 49168K, reserved 1093632K
  class space    used 5232K, capacity 5618K, committed 5704K, reserved 1048576K
}
2017-03-21T02:59:38.575+0800: 7741.149: Total time for which application threads were stopped: 0.0087160 seconds, Stopping threads took: 0.0000418 seconds
2017-03-21T02:59:39.579+0800: 7742.152: Total time for which application threads were stopped: 0.0001811 seconds, Stopping threads took: 0.0000447 seconds
2017-03-21T02:59:40.584+0800: 7743.157: Total time for which application threads were stopped: 0.0001394 seconds, Stopping threads took: 0.0000261 seconds
2017-03-21T02:59:51.899+0800: 7754.473: Total time for which application threads were stopped: 0.0001216 seconds, Stopping threads took: 0.0000215 seconds
{Heap before GC invocations=85 (full 4):
 par new generation   total 109248K, used 105569K [0x00000007a0000000, 0x00000007a8000000, 0x00000007a8000000)
  eden space 87424K,  99% used [0x00000007a0000000, 0x00000007a555cdc0, 0x00000007a5560000)
  from space 21824K,  83% used [0x00000007a6ab0000, 0x00000007a7c6b820, 0x00000007a8000000)
  to   space 21824K,   0% used [0x00000007a5560000, 0x00000007a5560000, 0x00000007a6ab0000)
 concurrent mark-sweep generation total 393216K, used 97513K [0x00000007a8000000, 0x00000007c0000000, 0x00000007c0000000)
 Metaspace       used 47325K, capacity 48964K, committed 49168K, reserved 1093632K
  class space    used 5233K, capacity 5620K, committed 5704K, reserved 1048576K
2017-03-21T02:59:51.952+0800: 7754.525: [GC (Allocation Failure) 2017-03-21T02:59:51.952+0800: 7754.525: [ParNew
Desired survivor size 20112992 bytes, new threshold 8 (max 8)
- age   1:    1538376 bytes,    1538376 total
- age   2:     705320 bytes,    2243696 total
- age   3:     909744 bytes,    3153440 total
- age   4:     153648 bytes,    3307088 total
- age   5:    1528904 bytes,    4835992 total
- age   6:     117688 bytes,    4953680 total
- age   7:    1557768 bytes,    6511448 total
- age   8:    2108328 bytes,    8619776 total
: 105569K->16217K(109248K), 0.0065533 secs] 203083K->118676K(502464K), 0.0066243 secs] [Times: user=0.02 sys=0.00, real=0.00 secs] 
Heap after GC invocations=86 (full 4):
 par new generation   total 109248K, used 16217K [0x00000007a0000000, 0x00000007a8000000, 0x00000007a8000000)
  eden space 87424K,   0% used [0x00000007a0000000, 0x00000007a0000000, 0x00000007a5560000)
  from space 21824K,  74% used [0x00000007a5560000, 0x00000007a65364e8, 0x00000007a6ab0000)
  to   space 21824K,   0% used [0x00000007a6ab0000, 0x00000007a6ab0000, 0x00000007a8000000)
 concurrent mark-sweep generation total 393216K, used 102459K [0x00000007a8000000, 0x00000007c0000000, 0x00000007c0000000)
 Metaspace       used 47325K, capacity 48964K, committed 49168K, reserved 1093632K
  class space    used 5233K, capacity 5620K, committed 5704K, reserved 1048576K
}
2017-03-21T02:59:51.958+0800: 7754.532: Total time for which application threads were stopped: 0.0068376 seconds, Stopping threads took: 0.0000230 seconds
2017-03-21T02:59:51.959+0800: 7754.532: Total time for which application threads were stopped: 0.0001971 seconds, Stopping threads took: 0.0000593 seconds
{Heap before GC invocations=86 (full 4):
 par new generation   total 109248K, used 103641K [0x00000007a0000000, 0x00000007a8000000, 0x00000007a8000000)
  eden space 87424K, 100% used [0x00000007a0000000, 0x00000007a5560000, 0x00000007a5560000)
  from space 21824K,  74% used [0x00000007a5560000, 0x00000007a65364e8, 0x00000007a6ab0000)
  to   space 21824K,   0% used [0x00000007a6ab0000, 0x00000007a6ab0000, 0x00000007a8000000)
 concurrent mark-sweep generation total 393216K, used 102459K [0x00000007a8000000, 0x00000007c0000000, 0x00000007c0000000)
 Metaspace       used 47325K, capacity 48964K, committed 49168K, reserved 1093632K
  class space    used 5233K, capacity 5620K, committed 5704K, reserved 1048576K
2017-03-21T02:59:52.010+0800: 7754.583: [GC (Allocation Failure) 2017-03-21T02:59:52.010+0800: 7754.583: [ParNew
Desired survivor size 20112992 bytes, new threshold 8 (max 8)
- age   1:     265408 bytes,     265408 total
- age   2:    1309104 bytes,    1574512 total
- age   3:     705320 bytes,    2279832 total
- age   4:     909744 bytes,    3189576 total
- age   5:     153648 bytes,    3343224 total
- age   6:    1528904 bytes,    4872128 total
- age   7:     117688 bytes,    4989816 total
- age   8:    1557768 bytes,    6547584 total
: 103641K->9643K(109248K), 0.0068076 secs] 206100K->114166K(502464K), 0.0069010 secs] [Times: user=0.02 sys=0.00, real=0.00 secs] 
Heap after GC invocations=87 (full 4):
 par new generation   total 109248K, used 9643K [0x00000007a0000000, 0x00000007a8000000, 0x00000007a8000000)
  eden space 87424K,   0% used [0x00000007a0000000, 0x00000007a0000000, 0x00000007a5560000)
  from space 21824K,  44% used [0x00000007a6ab0000, 0x00000007a741ae00, 0x00000007a8000000)
  to   space 21824K,   0% used [0x00000007a5560000, 0x00000007a5560000, 0x00000007a6ab0000)
 concurrent mark-sweep generation total 393216K, used 104522K [0x00000007a8000000, 0x00000007c0000000, 0x00000007c0000000)
 Metaspace       used 47325K, capacity 48964K, committed 49168K, reserved 1093632K
  class space    used 5233K, capacity 5620K, committed 5704K, reserved 1048576K
}
2017-03-21T02:59:52.017+0800: 7754.590: Total time for which application threads were stopped: 0.0071257 seconds, Stopping threads took: 0.0000234 seconds
2017-03-21T02:59:52.017+0800: 7754.591: Total time for which application threads were stopped: 0.0002308 seconds, Stopping threads took: 0.0000848 seconds
2017-03-21T02:59:52.056+0800: 7754.630: Total time for which application threads were stopped: 0.0001765 seconds, Stopping threads took: 0.0000484 seconds
2017-03-21T02:59:52.727+0800: 7755.301: Total time for which application threads were stopped: 0.0001795 seconds, Stopping threads took: 0.0000353 seconds
2017-03-21T02:59:52.728+0800: 7755.302: Total time for which application threads were stopped: 0.0001053 seconds, Stopping threads took: 0.0000292 seconds
2017-03-21T02:59:52.728+0800: 7755.302: Total time for which application threads were stopped: 0.0000949 seconds, Stopping threads took: 0.0000336 seconds
2017-03-21T02:59:52.728+0800: 7755.302: Total time for which application threads were stopped: 0.0000891 seconds, Stopping threads took: 0.0000332 seconds
2017-03-21T02:59:52.728+0800: 7755.302: Total time for which application threads were stopped: 0.0000893 seconds, Stopping threads took: 0.0000242 seconds
2017-03-21T02:59:52.728+0800: 7755.302: Total time for which application threads were stopped: 0.0000751 seconds, Stopping threads took: 0.0000221 seconds
2017-03-21T02:59:52.729+0800: 7755.302: Total time for which application threads were stopped: 0.0000862 seconds, Stopping threads took: 0.0000253 seconds
2017-03-21T02:59:52.729+0800: 7755.302: Total time for which application threads were stopped: 0.0000785 seconds, Stopping threads took: 0.0000246 seconds
2017-03-21T02:59:52.729+0800: 7755.303: Total time for which application threads were stopped: 0.0000595 seconds, Stopping threads took: 0.0000087 seconds
2017-03-21T02:59:52.729+0800: 7755.303: Total time for which application threads were stopped: 0.0000757 seconds, Stopping threads took: 0.0000237 seconds
2017-03-21T02:59:52.729+0800: 7755.303: Total time for which application threads were stopped: 0.0000890 seconds, Stopping threads took: 0.0000271 seconds
2017-03-21T02:59:52.748+0800: 7755.322: Total time for which application threads were stopped: 0.0001614 seconds, Stopping threads took: 0.0000245 seconds
2017-03-21T02:59:52.748+0800: 7755.322: Total time for which application threads were stopped: 0.0000911 seconds, Stopping threads took: 0.0000167 seconds
2017-03-21T02:59:52.757+0800: 7755.330: Total time for which application threads were stopped: 0.0001556 seconds, Stopping threads took: 0.0000439 seconds
2017-03-21T02:59:52.757+0800: 7755.331: Total time for which application threads were stopped: 0.0000636 seconds, Stopping threads took: 0.0000080 seconds
2017-03-21T02:59:52.757+0800: 7755.331: Total time for which application threads were stopped: 0.0000643 seconds, Stopping threads took: 0.0000071 seconds
2017-03-21T02:59:52.757+0800: 7755.331: Total time for which application threads were stopped: 0.0000891 seconds, Stopping threads took: 0.0000119 seconds
2017-03-21T02:59:52.757+0800: 7755.331: Total time for which application threads were stopped: 0.0000570 seconds, Stopping threads took: 0.0000075 seconds
2017-03-21T02:59:52.757+0800: 7755.331: Total time for which application threads were stopped: 0.0000964 seconds, Stopping threads took: 0.0000067 seconds
2017-03-21T02:59:52.758+0800: 7755.332: Total time for which application threads were stopped: 0.0000885 seconds, Stopping threads took: 0.0000123 seconds
2017-03-21T02:59:52.758+0800: 7755.332: Total time for which application threads were stopped: 0.0000868 seconds, Stopping threads took: 0.0000207 seconds
2017-03-21T02:59:52.758+0800: 7755.332: Total time for which application threads were stopped: 0.0000702 seconds, Stopping threads took: 0.0000068 seconds
2017-03-21T02:59:52.765+0800: 7755.339: Total time for which application threads were stopped: 0.0001131 seconds, Stopping threads took: 0.0000208 seconds
2017-03-21T02:59:52.767+0800: 7755.340: Total time for which application threads were stopped: 0.0000832 seconds, Stopping threads took: 0.0000134 seconds
2017-03-21T02:59:52.768+0800: 7755.342: Total time for which application threads were stopped: 0.0000962 seconds, Stopping threads took: 0.0000163 seconds
2017-03-21T02:59:53.772+0800: 7756.346: Total time for which application threads were stopped: 0.0001069 seconds, Stopping threads took: 0.0000226 seconds
2017-03-21T02:59:54.826+0800: 7757.400: Total time for which application threads were stopped: 0.0001388 seconds, Stopping threads took: 0.0000237 seconds
2017-03-21T02:59:54.836+0800: 7757.410: Total time for which application threads were stopped: 0.0001546 seconds, Stopping threads took: 0.0000440 seconds
2017-03-21T02:59:54.836+0800: 7757.410: Total time for which application threads were stopped: 0.0001141 seconds, Stopping threads took: 0.0000382 seconds
2017-03-21T02:59:54.836+0800: 7757.410: Total time for which application threads were stopped: 0.0001073 seconds, Stopping threads took: 0.0000314 seconds
2017-03-21T02:59:54.836+0800: 7757.410: Total time for which application threads were stopped: 0.0000985 seconds, Stopping threads took: 0.0000308 seconds
2017-03-21T02:59:54.836+0800: 7757.410: Total time for which application threads were stopped: 0.0000905 seconds, Stopping threads took: 0.0000302 seconds
2017-03-21T02:59:54.836+0800: 7757.410: Total time for which application threads were stopped: 0.0000734 seconds, Stopping threads took: 0.0000240 seconds
2017-03-21T02:59:54.837+0800: 7757.410: Total time for which application threads were stopped: 0.0000707 seconds, Stopping threads took: 0.0000220 seconds
2017-03-21T02:59:54.837+0800: 7757.411: Total time for which application threads were stopped: 0.0001867 seconds, Stopping threads took: 0.0000206 seconds
2017-03-21T02:59:54.837+0800: 7757.411: Total time for which application threads were stopped: 0.0000704 seconds, Stopping threads took: 0.0000204 seconds
2017-03-21T02:59:54.839+0800: 7757.412: Total time for which application threads were stopped: 0.0001052 seconds, Stopping threads took: 0.0000279 seconds
2017-03-21T02:59:54.839+0800: 7757.413: Total time for which application threads were stopped: 0.0000736 seconds, Stopping threads took: 0.0000242 seconds
2017-03-21T02:59:54.839+0800: 7757.413: Total time for which application threads were stopped: 0.0000710 seconds, Stopping threads took: 0.0000213 seconds
2017-03-21T02:59:54.839+0800: 7757.413: Total time for which application threads were stopped: 0.0000848 seconds, Stopping threads took: 0.0000263 seconds
2017-03-21T02:59:54.840+0800: 7757.414: Total time for which application threads were stopped: 0.0001046 seconds, Stopping threads took: 0.0000365 seconds
2017-03-21T02:59:54.840+0800: 7757.414: Total time for which application threads were stopped: 0.0000763 seconds, Stopping threads took: 0.0000214 seconds
2017-03-21T02:59:54.841+0800: 7757.414: Total time for which application threads were stopped: 0.0000610 seconds, Stopping threads took: 0.0000111 seconds
2017-03-21T02:59:54.841+0800: 7757.415: Total time for which application threads were stopped: 0.0000659 seconds, Stopping threads took: 0.0000099 seconds
2017-03-21T02:59:54.842+0800: 7757.415: Total time for which application threads were stopped: 0.0000561 seconds, Stopping threads took: 0.0000079 seconds
2017-03-21T02:59:54.842+0800: 7757.415: Total time for which application threads were stopped: 0.0000472 seconds, Stopping threads took: 0.0000047 seconds
2017-03-21T02:59:54.842+0800: 7757.415: Total time for which application threads were stopped: 0.0000511 seconds, Stopping threads took: 0.0000069 seconds
2017-03-21T02:59:54.842+0800: 7757.416: Total time for which application threads were stopped: 0.0000671 seconds, Stopping threads took: 0.0000099 seconds
2017-03-21T02:59:55.847+0800: 7758.421: Total time for which application threads were stopped: 0.0001367 seconds, Stopping threads took: 0.0000287 seconds
2017-03-21T03:02:23.480+0800: 7906.058: Total time for which application threads were stopped: 0.0001253 seconds, Stopping threads took: 0.0000213 seconds
2017-03-21T03:02:23.480+0800: 7906.058: Total time for which application threads were stopped: 0.0000973 seconds, Stopping threads took: 0.0000146 seconds
2017-03-21T03:02:23.481+0800: 7906.058: Total time for which application threads were stopped: 0.0000779 seconds, Stopping threads took: 0.0000122 seconds
2017-03-21T03:02:23.486+0800: 7906.064: Total time for which application threads were stopped: 0.0001226 seconds, Stopping threads took: 0.0000216 seconds
2017-03-21T03:02:23.486+0800: 7906.064: Total time for which application threads were stopped: 0.0000654 seconds, Stopping threads took: 0.0000090 seconds
2017-03-21T03:02:23.486+0800: 7906.064: Total time for which application threads were stopped: 0.0000554 seconds, Stopping threads took: 0.0000076 seconds
2017-03-21T03:02:23.486+0800: 7906.064: Total time for which application threads were stopped: 0.0000549 seconds, Stopping threads took: 0.0000075 seconds
2017-03-21T03:02:23.487+0800: 7906.064: Total time for which application threads were stopped: 0.0000545 seconds, Stopping threads took: 0.0000075 seconds
2017-03-21T03:02:23.487+0800: 7906.064: Total time for which application threads were stopped: 0.0000546 seconds, Stopping threads took: 0.0000074 seconds
2017-03-21T03:02:23.487+0800: 7906.065: Total time for which application threads were stopped: 0.0000543 seconds, Stopping threads took: 0.0000072 seconds
2017-03-21T03:02:23.487+0800: 7906.065: Total time for which application threads were stopped: 0.0000542 seconds, Stopping threads took: 0.0000073 seconds
2017-03-21T03:02:23.487+0800: 7906.065: Total time for which application threads were stopped: 0.0000541 seconds, Stopping threads took: 0.0000074 seconds
2017-03-21T03:02:23.487+0800: 7906.065: Total time for which application threads were stopped: 0.0000540 seconds, Stopping threads took: 0.0000073 seconds
2017-03-21T03:02:23.487+0800: 7906.065: Total time for which application threads were stopped: 0.0000539 seconds, Stopping threads took: 0.0000071 seconds
2017-03-21T03:02:23.487+0800: 7906.065: Total time for which application threads were stopped: 0.0000540 seconds, Stopping threads took: 0.0000071 seconds
2017-03-21T03:02:23.487+0800: 7906.065: Total time for which application threads were stopped: 0.0000538 seconds, Stopping threads took: 0.0000072 seconds
2017-03-21T03:02:23.487+0800: 7906.065: Total time for which application threads were stopped: 0.0000540 seconds, Stopping threads took: 0.0000071 seconds
2017-03-21T03:02:23.487+0800: 7906.065: Total time for which application threads were stopped: 0.0000537 seconds, Stopping threads took: 0.0000072 seconds
2017-03-21T03:02:23.488+0800: 7906.065: Total time for which application threads were stopped: 0.0000537 seconds, Stopping threads took: 0.0000073 seconds
2017-03-21T03:02:23.488+0800: 7906.065: Total time for which application threads were stopped: 0.0000535 seconds, Stopping threads took: 0.0000071 seconds
2017-03-21T03:02:23.488+0800: 7906.066: Total time for which application threads were stopped: 0.0000535 seconds, Stopping threads took: 0.0000072 seconds
2017-03-21T03:02:23.488+0800: 7906.066: Total time for which application threads were stopped: 0.0000534 seconds, Stopping threads took: 0.0000071 seconds
2017-03-21T03:02:23.488+0800: 7906.066: Total time for which application threads were stopped: 0.0000533 seconds, Stopping threads took: 0.0000071 seconds
2017-03-21T03:02:23.489+0800: 7906.066: Total time for which application threads were stopped: 0.0001754 seconds, Stopping threads took: 0.0000093 seconds
2017-03-21T03:02:23.490+0800: 7906.067: Total time for which application threads were stopped: 0.0000773 seconds, Stopping threads took: 0.0000125 seconds
2017-03-21T03:02:24.494+0800: 7907.072: Total time for which application threads were stopped: 0.0002554 seconds, Stopping threads took: 0.0000502 seconds
2017-03-21T03:02:24.818+0800: 7907.396: Total time for which application threads were stopped: 0.0001542 seconds, Stopping threads took: 0.0000344 seconds
2017-03-21T03:02:24.818+0800: 7907.396: Total time for which application threads were stopped: 0.0000895 seconds, Stopping threads took: 0.0000209 seconds
2017-03-21T03:02:24.818+0800: 7907.396: Total time for which application threads were stopped: 0.0000879 seconds, Stopping threads took: 0.0000133 seconds
2017-03-21T03:02:24.818+0800: 7907.396: Total time for which application threads were stopped: 0.0000804 seconds, Stopping threads took: 0.0000131 seconds
2017-03-21T03:02:24.819+0800: 7907.396: Total time for which application threads were stopped: 0.0000691 seconds, Stopping threads took: 0.0000100 seconds
2017-03-21T03:02:24.819+0800: 7907.396: Total time for which application threads were stopped: 0.0000744 seconds, Stopping threads took: 0.0000142 seconds
2017-03-21T03:02:24.819+0800: 7907.397: Total time for which application threads were stopped: 0.0000682 seconds, Stopping threads took: 0.0000101 seconds
2017-03-21T03:02:24.819+0800: 7907.397: Total time for which application threads were stopped: 0.0000704 seconds, Stopping threads took: 0.0000100 seconds
2017-03-21T03:02:24.819+0800: 7907.397: Total time for which application threads were stopped: 0.0000662 seconds, Stopping threads took: 0.0000090 seconds
2017-03-21T03:02:24.819+0800: 7907.397: Total time for which application threads were stopped: 0.0000654 seconds, Stopping threads took: 0.0000180 seconds
2017-03-21T03:02:24.819+0800: 7907.397: Total time for which application threads were stopped: 0.0000567 seconds, Stopping threads took: 0.0000085 seconds
2017-03-21T03:02:24.819+0800: 7907.397: Total time for which application threads were stopped: 0.0000553 seconds, Stopping threads took: 0.0000081 seconds
2017-03-21T03:02:24.819+0800: 7907.397: Total time for which application threads were stopped: 0.0000556 seconds, Stopping threads took: 0.0000084 seconds
2017-03-21T03:02:24.820+0800: 7907.397: Total time for which application threads were stopped: 0.0000565 seconds, Stopping threads took: 0.0000082 seconds
2017-03-21T03:02:24.820+0800: 7907.397: Total time for which application threads were stopped: 0.0000548 seconds, Stopping threads took: 0.0000079 seconds
2017-03-21T03:02:24.820+0800: 7907.398: Total time for which application threads were stopped: 0.0000577 seconds, Stopping threads took: 0.0000090 seconds
2017-03-21T03:02:24.820+0800: 7907.398: Total time for which application threads were stopped: 0.0000564 seconds, Stopping threads took: 0.0000083 seconds
2017-03-21T03:02:24.820+0800: 7907.398: Total time for which application threads were stopped: 0.0000585 seconds, Stopping threads took: 0.0000092 seconds
2017-03-21T03:02:24.820+0800: 7907.398: Total time for which application threads were stopped: 0.0000589 seconds, Stopping threads took: 0.0000099 seconds
2017-03-21T03:02:24.820+0800: 7907.398: Total time for which application threads were stopped: 0.0001741 seconds, Stopping threads took: 0.0000082 seconds
2017-03-21T03:02:25.824+0800: 7908.402: Total time for which application threads were stopped: 0.0001555 seconds, Stopping threads took: 0.0000374 seconds
2017-03-21T03:02:36.858+0800: 7919.436: Total time for which application threads were stopped: 0.0001334 seconds, Stopping threads took: 0.0000260 seconds
{Heap before GC invocations=87 (full 4):
 par new generation   total 109248K, used 97060K [0x00000007a0000000, 0x00000007a8000000, 0x00000007a8000000)
  eden space 87424K,  99% used [0x00000007a0000000, 0x00000007a555e5f8, 0x00000007a5560000)
  from space 21824K,  44% used [0x00000007a6ab0000, 0x00000007a741ae00, 0x00000007a8000000)
  to   space 21824K,   0% used [0x00000007a5560000, 0x00000007a5560000, 0x00000007a6ab0000)
 concurrent mark-sweep generation total 393216K, used 104522K [0x00000007a8000000, 0x00000007c0000000, 0x00000007c0000000)
 Metaspace       used 48651K, capacity 50358K, committed 50576K, reserved 1093632K
  class space    used 5364K, capacity 5773K, committed 5832K, reserved 1048576K
2017-03-21T03:03:38.620+0800: 7981.200: [GC (Allocation Failure) 2017-03-21T03:03:38.620+0800: 7981.200: [ParNew
Desired survivor size 20112992 bytes, new threshold 8 (max 8)
- age   1:    3543720 bytes,    3543720 total
- age   2:      93336 bytes,    3637056 total
- age   3:     741288 bytes,    4378344 total
- age   4:     615992 bytes,    4994336 total
- age   5:     763040 bytes,    5757376 total
- age   6:     153648 bytes,    5911024 total
- age   7:    1528456 bytes,    7439480 total
- age   8:     117688 bytes,    7557168 total
: 97060K->8411K(109248K), 0.0093586 secs] 201583K->114463K(502464K), 0.0094213 secs] [Times: user=0.03 sys=0.00, real=0.01 secs] 
Heap after GC invocations=88 (full 4):
 par new generation   total 109248K, used 8411K [0x00000007a0000000, 0x00000007a8000000, 0x00000007a8000000)
  eden space 87424K,   0% used [0x00000007a0000000, 0x00000007a0000000, 0x00000007a5560000)
  from space 21824K,  38% used [0x00000007a5560000, 0x00000007a5d96fa0, 0x00000007a6ab0000)
  to   space 21824K,   0% used [0x00000007a6ab0000, 0x00000007a6ab0000, 0x00000007a8000000)
 concurrent mark-sweep generation total 393216K, used 106051K [0x00000007a8000000, 0x00000007c0000000, 0x00000007c0000000)
 Metaspace       used 48651K, capacity 50358K, committed 50576K, reserved 1093632K
  class space    used 5364K, capacity 5773K, committed 5832K, reserved 1048576K
}
2017-03-21T03:03:38.630+0800: 7981.209: Total time for which application threads were stopped: 0.0099358 seconds, Stopping threads took: 0.0000231 seconds
2017-03-21T03:03:38.630+0800: 7981.210: Total time for which application threads were stopped: 0.0001308 seconds, Stopping threads took: 0.0000374 seconds
2017-03-21T03:03:39.634+0800: 7982.214: Total time for which application threads were stopped: 0.0002815 seconds, Stopping threads took: 0.0000576 seconds
2017-03-21T03:03:50.672+0800: 7993.252: Total time for which application threads were stopped: 0.0001663 seconds, Stopping threads took: 0.0000323 seconds
2017-03-21T03:03:51.674+0800: 7994.254: Total time for which application threads were stopped: 0.0002678 seconds, Stopping threads took: 0.0000486 seconds
2017-03-21T03:04:45.843+0800: 8048.425: Total time for which application threads were stopped: 0.0001760 seconds, Stopping threads took: 0.0000516 seconds
2017-03-21T03:04:47.852+0800: 8050.433: Total time for which application threads were stopped: 0.0001283 seconds, Stopping threads took: 0.0000335 seconds
2017-03-21T03:05:13.933+0800: 8076.515: Total time for which application threads were stopped: 0.0001605 seconds, Stopping threads took: 0.0000310 seconds
2017-03-21T03:05:14.938+0800: 8077.520: Total time for which application threads were stopped: 0.0001826 seconds, Stopping threads took: 0.0000311 seconds
2017-03-21T03:05:30.998+0800: 8093.581: Total time for which application threads were stopped: 0.0001564 seconds, Stopping threads took: 0.0000325 seconds
2017-03-21T03:05:43.035+0800: 8105.618: Total time for which application threads were stopped: 0.0002344 seconds, Stopping threads took: 0.0000467 seconds
2017-03-21T03:06:33.192+0800: 8155.777: Total time for which application threads were stopped: 0.0002433 seconds, Stopping threads took: 0.0000467 seconds
2017-03-21T03:06:37.435+0800: 8160.020: Total time for which application threads were stopped: 0.0002188 seconds, Stopping threads took: 0.0000374 seconds
2017-03-21T03:06:38.440+0800: 8161.025: Total time for which application threads were stopped: 0.0001425 seconds, Stopping threads took: 0.0000360 seconds
{Heap before GC invocations=88 (full 4):
 par new generation   total 109248K, used 95835K [0x00000007a0000000, 0x00000007a8000000, 0x00000007a8000000)
  eden space 87424K, 100% used [0x00000007a0000000, 0x00000007a5560000, 0x00000007a5560000)
  from space 21824K,  38% used [0x00000007a5560000, 0x00000007a5d96fa0, 0x00000007a6ab0000)
  to   space 21824K,   0% used [0x00000007a6ab0000, 0x00000007a6ab0000, 0x00000007a8000000)
 concurrent mark-sweep generation total 393216K, used 106051K [0x00000007a8000000, 0x00000007c0000000, 0x00000007c0000000)
 Metaspace       used 48903K, capacity 50734K, committed 50832K, reserved 1093632K
  class space    used 5369K, capacity 5781K, committed 5832K, reserved 1048576K
2017-03-21T03:06:38.560+0800: 8161.145: [GC (Allocation Failure) 2017-03-21T03:06:38.560+0800: 8161.145: [ParNew
Desired survivor size 20112992 bytes, new threshold 8 (max 8)
- age   1:     369712 bytes,     369712 total
- age   2:    1095752 bytes,    1465464 total
- age   3:      93336 bytes,    1558800 total
- age   4:     741288 bytes,    2300088 total
- age   5:     613936 bytes,    2914024 total
- age   6:     763040 bytes,    3677064 total
- age   7:     153648 bytes,    3830712 total
- age   8:    1527784 bytes,    5358496 total
: 95835K->7795K(109248K), 0.0067409 secs] 201887K->113963K(502464K), 0.0068476 secs] [Times: user=0.02 sys=0.01, real=0.00 secs] 
Heap after GC invocations=89 (full 4):
 par new generation   total 109248K, used 7795K [0x00000007a0000000, 0x00000007a8000000, 0x00000007a8000000)
  eden space 87424K,   0% used [0x00000007a0000000, 0x00000007a0000000, 0x00000007a5560000)
  from space 21824K,  35% used [0x00000007a6ab0000, 0x00000007a724cc50, 0x00000007a8000000)
  to   space 21824K,   0% used [0x00000007a5560000, 0x00000007a5560000, 0x00000007a6ab0000)
 concurrent mark-sweep generation total 393216K, used 106168K [0x00000007a8000000, 0x00000007c0000000, 0x00000007c0000000)
 Metaspace       used 48903K, capacity 50734K, committed 50832K, reserved 1093632K
  class space    used 5369K, capacity 5781K, committed 5832K, reserved 1048576K
}
2017-03-21T03:06:38.567+0800: 8161.152: Total time for which application threads were stopped: 0.0070925 seconds, Stopping threads took: 0.0000251 seconds
2017-03-21T03:06:39.430+0800: 8162.015: Total time for which application threads were stopped: 0.0001619 seconds, Stopping threads took: 0.0000217 seconds
2017-03-21T03:06:40.436+0800: 8163.020: Total time for which application threads were stopped: 0.0002522 seconds, Stopping threads took: 0.0000496 seconds
2017-03-21T03:06:50.466+0800: 8173.051: Total time for which application threads were stopped: 0.0002340 seconds, Stopping threads took: 0.0000441 seconds
2017-03-21T03:06:51.471+0800: 8174.056: Total time for which application threads were stopped: 0.0002189 seconds, Stopping threads took: 0.0000489 seconds
2017-03-21T03:07:16.553+0800: 8199.139: Total time for which application threads were stopped: 0.0002335 seconds, Stopping threads took: 0.0000473 seconds
2017-03-21T03:07:41.623+0800: 8224.209: Total time for which application threads were stopped: 0.0001061 seconds, Stopping threads took: 0.0000234 seconds
2017-03-21T03:09:30.977+0800: 8333.566: Total time for which application threads were stopped: 0.0002197 seconds, Stopping threads took: 0.0001269 seconds
2017-03-21T03:09:57.068+0800: 8359.657: Total time for which application threads were stopped: 0.0001501 seconds, Stopping threads took: 0.0000318 seconds
2017-03-21T03:10:18.133+0800: 8380.723: Total time for which application threads were stopped: 0.0001576 seconds, Stopping threads took: 0.0000320 seconds
2017-03-21T03:10:57.255+0800: 8419.847: Total time for which application threads were stopped: 0.0002592 seconds, Stopping threads took: 0.0000522 seconds
2017-03-21T03:11:56.447+0800: 8479.040: Total time for which application threads were stopped: 0.0001525 seconds, Stopping threads took: 0.0000271 seconds
2017-03-21T03:11:57.451+0800: 8480.044: Total time for which application threads were stopped: 0.0001747 seconds, Stopping threads took: 0.0000340 seconds
{Heap before GC invocations=89 (full 4):
 par new generation   total 109248K, used 95219K [0x00000007a0000000, 0x00000007a8000000, 0x00000007a8000000)
  eden space 87424K, 100% used [0x00000007a0000000, 0x00000007a5560000, 0x00000007a5560000)
  from space 21824K,  35% used [0x00000007a6ab0000, 0x00000007a724cc50, 0x00000007a8000000)
  to   space 21824K,   0% used [0x00000007a5560000, 0x00000007a5560000, 0x00000007a6ab0000)
 concurrent mark-sweep generation total 393216K, used 106168K [0x00000007a8000000, 0x00000007c0000000, 0x00000007c0000000)
 Metaspace       used 49033K, capacity 50818K, committed 51088K, reserved 1095680K
  class space    used 5376K, capacity 5795K, committed 5832K, reserved 1048576K
2017-03-21T03:12:00.045+0800: 8482.638: [GC (Allocation Failure) 2017-03-21T03:12:00.045+0800: 8482.638: [ParNew
Desired survivor size 20112992 bytes, new threshold 8 (max 8)
- age   1:     472152 bytes,     472152 total
- age   2:      47688 bytes,     519840 total
- age   3:    1094096 bytes,    1613936 total
- age   4:      93336 bytes,    1707272 total
- age   5:     739632 bytes,    2446904 total
- age   6:     601872 bytes,    3048776 total
- age   7:     763040 bytes,    3811816 total
- age   8:     153648 bytes,    3965464 total
: 95219K->6162K(109248K), 0.0072923 secs] 201387K->113835K(502464K), 0.0073806 secs] [Times: user=0.02 sys=0.00, real=0.01 secs] 
Heap after GC invocations=90 (full 4):
 par new generation   total 109248K, used 6162K [0x00000007a0000000, 0x00000007a8000000, 0x00000007a8000000)
  eden space 87424K,   0% used [0x00000007a0000000, 0x00000007a0000000, 0x00000007a5560000)
  from space 21824K,  28% used [0x00000007a5560000, 0x00000007a5b64968, 0x00000007a6ab0000)
  to   space 21824K,   0% used [0x00000007a6ab0000, 0x00000007a6ab0000, 0x00000007a8000000)
 concurrent mark-sweep generation total 393216K, used 107673K [0x00000007a8000000, 0x00000007c0000000, 0x00000007c0000000)
 Metaspace       used 49033K, capacity 50818K, committed 51088K, reserved 1095680K
  class space    used 5376K, capacity 5795K, committed 5832K, reserved 1048576K
}
2017-03-21T03:12:00.053+0800: 8482.646: Total time for which application threads were stopped: 0.0076134 seconds, Stopping threads took: 0.0000502 seconds
2017-03-21T03:12:24.193+0800: 8506.787: Total time for which application threads were stopped: 0.0001257 seconds, Stopping threads took: 0.0000197 seconds
{Heap before GC invocations=90 (full 4):
 par new generation   total 109248K, used 93586K [0x00000007a0000000, 0x00000007a8000000, 0x00000007a8000000)
  eden space 87424K, 100% used [0x00000007a0000000, 0x00000007a5560000, 0x00000007a5560000)
  from space 21824K,  28% used [0x00000007a5560000, 0x00000007a5b64968, 0x00000007a6ab0000)
  to   space 21824K,   0% used [0x00000007a6ab0000, 0x00000007a6ab0000, 0x00000007a8000000)
 concurrent mark-sweep generation total 393216K, used 107673K [0x00000007a8000000, 0x00000007c0000000, 0x00000007c0000000)
 Metaspace       used 49049K, capacity 50882K, committed 51088K, reserved 1095680K
  class space    used 5376K, capacity 5795K, committed 5832K, reserved 1048576K
2017-03-21T03:12:24.244+0800: 8506.837: [GC (Allocation Failure) 2017-03-21T03:12:24.244+0800: 8506.837: [ParNew
Desired survivor size 20112992 bytes, new threshold 8 (max 8)
- age   1:    1524360 bytes,    1524360 total
- age   2:     175816 bytes,    1700176 total
- age   3:      47048 bytes,    1747224 total
- age   4:    1075432 bytes,    2822656 total
- age   5:      93336 bytes,    2915992 total
- age   6:     707456 bytes,    3623448 total
- age   7:     601600 bytes,    4225048 total
- age   8:     763040 bytes,    4988088 total
: 93586K->6469K(109248K), 0.0059064 secs] 201259K->114295K(502464K), 0.0060046 secs] [Times: user=0.02 sys=0.01, real=0.01 secs] 
Heap after GC invocations=91 (full 4):
 par new generation   total 109248K, used 6469K [0x00000007a0000000, 0x00000007a8000000, 0x00000007a8000000)
  eden space 87424K,   0% used [0x00000007a0000000, 0x00000007a0000000, 0x00000007a5560000)
  from space 21824K,  29% used [0x00000007a6ab0000, 0x00000007a7101690, 0x00000007a8000000)
  to   space 21824K,   0% used [0x00000007a5560000, 0x00000007a5560000, 0x00000007a6ab0000)
 concurrent mark-sweep generation total 393216K, used 107826K [0x00000007a8000000, 0x00000007c0000000, 0x00000007c0000000)
 Metaspace       used 49049K, capacity 50882K, committed 51088K, reserved 1095680K
  class space    used 5376K, capacity 5795K, committed 5832K, reserved 1048576K
}
2017-03-21T03:12:24.250+0800: 8506.843: Total time for which application threads were stopped: 0.0062327 seconds, Stopping threads took: 0.0000252 seconds
2017-03-21T03:12:24.250+0800: 8506.844: Total time for which application threads were stopped: 0.0002003 seconds, Stopping threads took: 0.0000652 seconds
{Heap before GC invocations=91 (full 4):
 par new generation   total 109248K, used 93893K [0x00000007a0000000, 0x00000007a8000000, 0x00000007a8000000)
  eden space 87424K, 100% used [0x00000007a0000000, 0x00000007a5560000, 0x00000007a5560000)
  from space 21824K,  29% used [0x00000007a6ab0000, 0x00000007a7101690, 0x00000007a8000000)
  to   space 21824K,   0% used [0x00000007a5560000, 0x00000007a5560000, 0x00000007a6ab0000)
 concurrent mark-sweep generation total 393216K, used 107826K [0x00000007a8000000, 0x00000007c0000000, 0x00000007c0000000)
 Metaspace       used 49050K, capacity 50882K, committed 51088K, reserved 1095680K
  class space    used 5376K, capacity 5795K, committed 5832K, reserved 1048576K
2017-03-21T03:12:24.298+0800: 8506.892: [GC (Allocation Failure) 2017-03-21T03:12:24.298+0800: 8506.892: [ParNew
Desired survivor size 20112992 bytes, new threshold 8 (max 8)
- age   1:     253408 bytes,     253408 total
- age   2:    1310208 bytes,    1563616 total
- age   3:     173528 bytes,    1737144 total
- age   4:      47048 bytes,    1784192 total
- age   5:    1075432 bytes,    2859624 total
- age   6:      93336 bytes,    2952960 total
- age   7:     707456 bytes,    3660416 total
- age   8:     601600 bytes,    4262016 total
: 93893K->5149K(109248K), 0.0064334 secs] 201719K->113730K(502464K), 0.0065074 secs] [Times: user=0.02 sys=0.00, real=0.01 secs] 
Heap after GC invocations=92 (full 4):
 par new generation   total 109248K, used 5149K [0x00000007a0000000, 0x00000007a8000000, 0x00000007a8000000)
  eden space 87424K,   0% used [0x00000007a0000000, 0x00000007a0000000, 0x00000007a5560000)
  from space 21824K,  23% used [0x00000007a5560000, 0x00000007a5a67750, 0x00000007a6ab0000)
  to   space 21824K,   0% used [0x00000007a6ab0000, 0x00000007a6ab0000, 0x00000007a8000000)
 concurrent mark-sweep generation total 393216K, used 108580K [0x00000007a8000000, 0x00000007c0000000, 0x00000007c0000000)
 Metaspace       used 49050K, capacity 50882K, committed 51088K, reserved 1095680K
  class space    used 5376K, capacity 5795K, committed 5832K, reserved 1048576K
}
2017-03-21T03:12:24.305+0800: 8506.899: Total time for which application threads were stopped: 0.0067373 seconds, Stopping threads took: 0.0000225 seconds
2017-03-21T03:12:24.305+0800: 8506.899: Total time for which application threads were stopped: 0.0001503 seconds, Stopping threads took: 0.0000364 seconds
2017-03-21T03:12:24.335+0800: 8506.928: Total time for which application threads were stopped: 0.0002011 seconds, Stopping threads took: 0.0000821 seconds
2017-03-21T03:12:24.947+0800: 8507.541: Total time for which application threads were stopped: 0.0002888 seconds, Stopping threads took: 0.0000916 seconds
2017-03-21T03:12:24.948+0800: 8507.541: Total time for which application threads were stopped: 0.0000898 seconds, Stopping threads took: 0.0000121 seconds
2017-03-21T03:12:24.948+0800: 8507.542: Total time for which application threads were stopped: 0.0000946 seconds, Stopping threads took: 0.0000148 seconds
2017-03-21T03:12:24.948+0800: 8507.542: Total time for which application threads were stopped: 0.0000772 seconds, Stopping threads took: 0.0000104 seconds
2017-03-21T03:12:24.948+0800: 8507.542: Total time for which application threads were stopped: 0.0000848 seconds, Stopping threads took: 0.0000128 seconds
2017-03-21T03:12:24.948+0800: 8507.542: Total time for which application threads were stopped: 0.0000839 seconds, Stopping threads took: 0.0000127 seconds
2017-03-21T03:12:24.948+0800: 8507.542: Total time for which application threads were stopped: 0.0000847 seconds, Stopping threads took: 0.0000130 seconds
2017-03-21T03:12:24.948+0800: 8507.542: Total time for which application threads were stopped: 0.0000725 seconds, Stopping threads took: 0.0000092 seconds
2017-03-21T03:12:24.949+0800: 8507.542: Total time for which application threads were stopped: 0.0000702 seconds, Stopping threads took: 0.0000090 seconds
2017-03-21T03:12:24.949+0800: 8507.543: Total time for which application threads were stopped: 0.0001927 seconds, Stopping threads took: 0.0000089 seconds
2017-03-21T03:12:24.949+0800: 8507.543: Total time for which application threads were stopped: 0.0000723 seconds, Stopping threads took: 0.0000090 seconds
2017-03-21T03:12:24.965+0800: 8507.559: Total time for which application threads were stopped: 0.0002538 seconds, Stopping threads took: 0.0000205 seconds
2017-03-21T03:12:24.966+0800: 8507.559: Total time for which application threads were stopped: 0.0000766 seconds, Stopping threads took: 0.0000074 seconds
2017-03-21T03:12:24.973+0800: 8507.566: Total time for which application threads were stopped: 0.0001472 seconds, Stopping threads took: 0.0000416 seconds
2017-03-21T03:12:24.973+0800: 8507.567: Total time for which application threads were stopped: 0.0001082 seconds, Stopping threads took: 0.0000239 seconds
2017-03-21T03:12:24.973+0800: 8507.567: Total time for which application threads were stopped: 0.0000941 seconds, Stopping threads took: 0.0000111 seconds
2017-03-21T03:12:24.973+0800: 8507.567: Total time for which application threads were stopped: 0.0000738 seconds, Stopping threads took: 0.0000072 seconds
2017-03-21T03:12:24.973+0800: 8507.567: Total time for which application threads were stopped: 0.0001549 seconds, Stopping threads took: 0.0000067 seconds
2017-03-21T03:12:24.980+0800: 8507.574: Total time for which application threads were stopped: 0.0000750 seconds, Stopping threads took: 0.0000122 seconds
2017-03-21T03:12:24.981+0800: 8507.575: Total time for which application threads were stopped: 0.0000627 seconds, Stopping threads took: 0.0000104 seconds
2017-03-21T03:12:25.015+0800: 8507.609: Total time for which application threads were stopped: 0.0001295 seconds, Stopping threads took: 0.0000213 seconds
2017-03-21T03:12:27.650+0800: 8510.244: Total time for which application threads were stopped: 0.0001532 seconds, Stopping threads took: 0.0000269 seconds
2017-03-21T03:12:27.659+0800: 8510.253: Total time for which application threads were stopped: 0.0001596 seconds, Stopping threads took: 0.0000398 seconds
2017-03-21T03:12:27.660+0800: 8510.253: Total time for which application threads were stopped: 0.0000803 seconds, Stopping threads took: 0.0000112 seconds
2017-03-21T03:12:27.661+0800: 8510.255: Total time for which application threads were stopped: 0.0000734 seconds, Stopping threads took: 0.0000095 seconds
2017-03-21T03:12:27.661+0800: 8510.255: Total time for which application threads were stopped: 0.0000575 seconds, Stopping threads took: 0.0000051 seconds
2017-03-21T03:12:27.661+0800: 8510.255: Total time for which application threads were stopped: 0.0000602 seconds, Stopping threads took: 0.0000072 seconds
2017-03-21T03:12:27.662+0800: 8510.256: Total time for which application threads were stopped: 0.0000714 seconds, Stopping threads took: 0.0000103 seconds
2017-03-21T03:12:27.663+0800: 8510.257: Total time for which application threads were stopped: 0.0000611 seconds, Stopping threads took: 0.0000079 seconds
2017-03-21T03:12:27.663+0800: 8510.257: Total time for which application threads were stopped: 0.0000510 seconds, Stopping threads took: 0.0000044 seconds
2017-03-21T03:12:27.663+0800: 8510.257: Total time for which application threads were stopped: 0.0000543 seconds, Stopping threads took: 0.0000064 seconds
2017-03-21T03:12:27.663+0800: 8510.257: Total time for which application threads were stopped: 0.0001972 seconds, Stopping threads took: 0.0000198 seconds
2017-03-21T03:12:27.664+0800: 8510.258: Total time for which application threads were stopped: 0.0000670 seconds, Stopping threads took: 0.0000094 seconds
2017-03-21T03:12:27.664+0800: 8510.258: Total time for which application threads were stopped: 0.0000508 seconds, Stopping threads took: 0.0000045 seconds
2017-03-21T03:12:27.664+0800: 8510.258: Total time for which application threads were stopped: 0.0000541 seconds, Stopping threads took: 0.0000066 seconds
2017-03-21T03:12:28.668+0800: 8511.262: Total time for which application threads were stopped: 0.0002963 seconds, Stopping threads took: 0.0000687 seconds
2017-03-21T03:12:46.715+0800: 8529.309: Total time for which application threads were stopped: 0.0001425 seconds, Stopping threads took: 0.0000382 seconds
2017-03-21T03:12:47.720+0800: 8530.314: Total time for which application threads were stopped: 0.0002559 seconds, Stopping threads took: 0.0000529 seconds
2017-03-21T03:12:56.976+0800: 8539.571: Total time for which application threads were stopped: 0.0001474 seconds, Stopping threads took: 0.0000311 seconds
2017-03-21T03:13:09.999+0800: 8552.594: Total time for which application threads were stopped: 0.0001548 seconds, Stopping threads took: 0.0000288 seconds
2017-03-21T03:13:10.000+0800: 8552.595: Total time for which application threads were stopped: 0.0001049 seconds, Stopping threads took: 0.0000136 seconds
2017-03-21T03:13:10.000+0800: 8552.595: Total time for which application threads were stopped: 0.0002279 seconds, Stopping threads took: 0.0000337 seconds
2017-03-21T03:13:10.005+0800: 8552.599: Total time for which application threads were stopped: 0.0001344 seconds, Stopping threads took: 0.0000188 seconds
2017-03-21T03:13:25.321+0800: 8567.916: Total time for which application threads were stopped: 0.0001633 seconds, Stopping threads took: 0.0000366 seconds
2017-03-21T03:13:25.325+0800: 8567.921: Total time for which application threads were stopped: 0.0001294 seconds, Stopping threads took: 0.0000192 seconds
2017-03-21T03:13:26.326+0800: 8568.921: Total time for which application threads were stopped: 0.0001659 seconds, Stopping threads took: 0.0000330 seconds
2017-03-21T03:14:27.511+0800: 8630.108: Total time for which application threads were stopped: 0.0002443 seconds, Stopping threads took: 0.0000473 seconds
2017-03-21T03:15:02.612+0800: 8665.210: Total time for which application threads were stopped: 0.0002429 seconds, Stopping threads took: 0.0000472 seconds
{Heap before GC invocations=92 (full 4):
 par new generation   total 109248K, used 92573K [0x00000007a0000000, 0x00000007a8000000, 0x00000007a8000000)
  eden space 87424K, 100% used [0x00000007a0000000, 0x00000007a5560000, 0x00000007a5560000)
  from space 21824K,  23% used [0x00000007a5560000, 0x00000007a5a67750, 0x00000007a6ab0000)
  to   space 21824K,   0% used [0x00000007a6ab0000, 0x00000007a6ab0000, 0x00000007a8000000)
 concurrent mark-sweep generation total 393216K, used 108580K [0x00000007a8000000, 0x00000007c0000000, 0x00000007c0000000)
 Metaspace       used 50386K, capacity 52280K, committed 52496K, reserved 1095680K
  class space    used 5501K, capacity 5938K, committed 5960K, reserved 1048576K
2017-03-21T03:16:06.125+0800: 8728.725: [GC (Allocation Failure) 2017-03-21T03:16:06.125+0800: 8728.725: [ParNew
Desired survivor size 20112992 bytes, new threshold 8 (max 8)
- age   1:    2027696 bytes,    2027696 total
- age   2:     132088 bytes,    2159784 total
- age   3:     749568 bytes,    2909352 total
- age   4:      86432 bytes,    2995784 total
- age   5:      47008 bytes,    3042792 total
- age   6:     896472 bytes,    3939264 total
- age   7:      93336 bytes,    4032600 total
- age   8:     707456 bytes,    4740056 total
: 92573K->6464K(109248K), 0.0080066 secs] 201154K->115637K(502464K), 0.0081123 secs] [Times: user=0.02 sys=0.00, real=0.01 secs] 
Heap after GC invocations=93 (full 4):
 par new generation   total 109248K, used 6464K [0x00000007a0000000, 0x00000007a8000000, 0x00000007a8000000)
  eden space 87424K,   0% used [0x00000007a0000000, 0x00000007a0000000, 0x00000007a5560000)
  from space 21824K,  29% used [0x00000007a6ab0000, 0x00000007a71000e8, 0x00000007a8000000)
  to   space 21824K,   0% used [0x00000007a5560000, 0x00000007a5560000, 0x00000007a6ab0000)
 concurrent mark-sweep generation total 393216K, used 109173K [0x00000007a8000000, 0x00000007c0000000, 0x00000007c0000000)
 Metaspace       used 50386K, capacity 52280K, committed 52496K, reserved 1095680K
  class space    used 5501K, capacity 5938K, committed 5960K, reserved 1048576K
}
2017-03-21T03:16:06.134+0800: 8728.733: Total time for which application threads were stopped: 0.0084156 seconds, Stopping threads took: 0.0000378 seconds
2017-03-21T03:16:06.134+0800: 8728.734: Total time for which application threads were stopped: 0.0001376 seconds, Stopping threads took: 0.0000342 seconds
2017-03-21T03:16:07.138+0800: 8729.738: Total time for which application threads were stopped: 0.0001394 seconds, Stopping threads took: 0.0000265 seconds
2017-03-21T03:16:09.148+0800: 8731.747: Total time for which application threads were stopped: 0.0001404 seconds, Stopping threads took: 0.0000411 seconds
2017-03-21T03:17:20.380+0800: 8802.982: Total time for which application threads were stopped: 0.0002495 seconds, Stopping threads took: 0.0000460 seconds
2017-03-21T03:17:56.672+0800: 8839.274: Total time for which application threads were stopped: 0.0001378 seconds, Stopping threads took: 0.0000219 seconds
2017-03-21T03:17:56.672+0800: 8839.274: Total time for which application threads were stopped: 0.0000650 seconds, Stopping threads took: 0.0000079 seconds
2017-03-21T03:17:56.672+0800: 8839.274: Total time for which application threads were stopped: 0.0000596 seconds, Stopping threads took: 0.0000058 seconds
2017-03-21T03:17:56.672+0800: 8839.275: Total time for which application threads were stopped: 0.0000745 seconds, Stopping threads took: 0.0000100 seconds
2017-03-21T03:17:57.676+0800: 8840.278: Total time for which application threads were stopped: 0.0001654 seconds, Stopping threads took: 0.0000287 seconds
2017-03-21T03:17:58.680+0800: 8841.283: Total time for which application threads were stopped: 0.0002853 seconds, Stopping threads took: 0.0000492 seconds
2017-03-21T03:17:59.683+0800: 8842.286: Total time for which application threads were stopped: 0.0001230 seconds, Stopping threads took: 0.0000235 seconds
2017-03-21T03:19:18.947+0800: 8921.552: Total time for which application threads were stopped: 0.0001075 seconds, Stopping threads took: 0.0000231 seconds
2017-03-21T03:19:49.036+0800: 8951.641: Total time for which application threads were stopped: 0.0001367 seconds, Stopping threads took: 0.0000304 seconds
2017-03-21T03:21:13.311+0800: 9035.918: Total time for which application threads were stopped: 0.0001597 seconds, Stopping threads took: 0.0000325 seconds
2017-03-21T03:21:24.347+0800: 9046.955: Total time for which application threads were stopped: 0.0002417 seconds, Stopping threads took: 0.0000476 seconds
2017-03-21T03:21:29.363+0800: 9051.971: Total time for which application threads were stopped: 0.0002011 seconds, Stopping threads took: 0.0000581 seconds
{Heap before GC invocations=93 (full 4):
 par new generation   total 109248K, used 93888K [0x00000007a0000000, 0x00000007a8000000, 0x00000007a8000000)
  eden space 87424K, 100% used [0x00000007a0000000, 0x00000007a5560000, 0x00000007a5560000)
  from space 21824K,  29% used [0x00000007a6ab0000, 0x00000007a71000e8, 0x00000007a8000000)
  to   space 21824K,   0% used [0x00000007a5560000, 0x00000007a5560000, 0x00000007a6ab0000)
 concurrent mark-sweep generation total 393216K, used 109173K [0x00000007a8000000, 0x00000007c0000000, 0x00000007c0000000)
 Metaspace       used 50577K, capacity 52490K, committed 52752K, reserved 1095680K
  class space    used 5508K, capacity 5951K, committed 5960K, reserved 1048576K
2017-03-21T03:21:41.759+0800: 9064.367: [GC (Allocation Failure) 2017-03-21T03:21:41.759+0800: 9064.368: [ParNew
Desired survivor size 20112992 bytes, new threshold 8 (max 8)
- age   1:    1802384 bytes,    1802384 total
- age   2:    1025440 bytes,    2827824 total
- age   3:     132088 bytes,    2959912 total
- age   4:     746424 bytes,    3706336 total
- age   5:      85040 bytes,    3791376 total
- age   6:      47008 bytes,    3838384 total
- age   7:     896432 bytes,    4734816 total
- age   8:      93336 bytes,    4828152 total
: 93888K->6648K(109248K), 0.0067187 secs] 203061K->116515K(502464K), 0.0070754 secs] [Times: user=0.02 sys=0.01, real=0.01 secs] 
Heap after GC invocations=94 (full 4):
 par new generation   total 109248K, used 6648K [0x00000007a0000000, 0x00000007a8000000, 0x00000007a8000000)
  eden space 87424K,   0% used [0x00000007a0000000, 0x00000007a0000000, 0x00000007a5560000)
  from space 21824K,  30% used [0x00000007a5560000, 0x00000007a5bde120, 0x00000007a6ab0000)
  to   space 21824K,   0% used [0x00000007a6ab0000, 0x00000007a6ab0000, 0x00000007a8000000)
 concurrent mark-sweep generation total 393216K, used 109867K [0x00000007a8000000, 0x00000007c0000000, 0x00000007c0000000)
 Metaspace       used 50577K, capacity 52490K, committed 52752K, reserved 1095680K
  class space    used 5508K, capacity 5951K, committed 5960K, reserved 1048576K
}
2017-03-21T03:21:41.766+0800: 9064.375: Total time for which application threads were stopped: 0.0072908 seconds, Stopping threads took: 0.0000192 seconds
2017-03-21T03:21:42.769+0800: 9065.377: Total time for which application threads were stopped: 0.0002571 seconds, Stopping threads took: 0.0000492 seconds
2017-03-21T03:22:11.860+0800: 9094.469: Total time for which application threads were stopped: 0.0001366 seconds, Stopping threads took: 0.0000302 seconds
2017-03-21T03:24:50.384+0800: 9252.997: Total time for which application threads were stopped: 0.0002388 seconds, Stopping threads took: 0.0000463 seconds
2017-03-21T03:25:22.487+0800: 9285.101: Total time for which application threads were stopped: 0.0001347 seconds, Stopping threads took: 0.0000281 seconds
2017-03-21T03:25:54.595+0800: 9317.210: Total time for which application threads were stopped: 0.0001922 seconds, Stopping threads took: 0.0000330 seconds
2017-03-21T03:26:08.631+0800: 9331.247: Total time for which application threads were stopped: 0.0001240 seconds, Stopping threads took: 0.0000268 seconds
2017-03-21T03:30:36.478+0800: 9599.101: Total time for which application threads were stopped: 0.0002619 seconds, Stopping threads took: 0.0000492 seconds
2017-03-21T03:30:57.036+0800: 9619.658: Total time for which application threads were stopped: 0.0001375 seconds, Stopping threads took: 0.0000352 seconds
2017-03-21T03:30:58.039+0800: 9620.662: Total time for which application threads were stopped: 0.0001743 seconds, Stopping threads took: 0.0000329 seconds
2017-03-21T03:31:34.168+0800: 9656.791: Total time for which application threads were stopped: 0.0002394 seconds, Stopping threads took: 0.0000469 seconds
2017-03-21T03:31:47.214+0800: 9669.838: Total time for which application threads were stopped: 0.0001538 seconds, Stopping threads took: 0.0000299 seconds
{Heap before GC invocations=94 (full 4):
 par new generation   total 109248K, used 94072K [0x00000007a0000000, 0x00000007a8000000, 0x00000007a8000000)
  eden space 87424K, 100% used [0x00000007a0000000, 0x00000007a5560000, 0x00000007a5560000)
  from space 21824K,  30% used [0x00000007a5560000, 0x00000007a5bde120, 0x00000007a6ab0000)
  to   space 21824K,   0% used [0x00000007a6ab0000, 0x00000007a6ab0000, 0x00000007a8000000)
 concurrent mark-sweep generation total 393216K, used 109867K [0x00000007a8000000, 0x00000007c0000000, 0x00000007c0000000)
 Metaspace       used 50667K, capacity 52508K, committed 52752K, reserved 1095680K
  class space    used 5513K, capacity 5954K, committed 5960K, reserved 1048576K
2017-03-21T03:35:16.367+0800: 9878.997: [GC (Allocation Failure) 2017-03-21T03:35:16.368+0800: 9878.997: [ParNew
Desired survivor size 20112992 bytes, new threshold 8 (max 8)
- age   1:     678168 bytes,     678168 total
- age   2:      38168 bytes,     716336 total
- age   3:    1018760 bytes,    1735096 total
- age   4:     132088 bytes,    1867184 total
- age   5:     720472 bytes,    2587656 total
- age   6:      84568 bytes,    2672224 total
- age   7:      46624 bytes,    2718848 total
- age   8:     884912 bytes,    3603760 total
: 94072K->4865K(109248K), 0.0070774 secs] 203939K->114826K(502464K), 0.0076962 secs] [Times: user=0.02 sys=0.00, real=0.01 secs] 
Heap after GC invocations=95 (full 4):
 par new generation   total 109248K, used 4865K [0x00000007a0000000, 0x00000007a8000000, 0x00000007a8000000)
  eden space 87424K,   0% used [0x00000007a0000000, 0x00000007a0000000, 0x00000007a5560000)
  from space 21824K,  22% used [0x00000007a6ab0000, 0x00000007a6f70780, 0x00000007a8000000)
  to   space 21824K,   0% used [0x00000007a5560000, 0x00000007a5560000, 0x00000007a6ab0000)
 concurrent mark-sweep generation total 393216K, used 109960K [0x00000007a8000000, 0x00000007c0000000, 0x00000007c0000000)
 Metaspace       used 50667K, capacity 52508K, committed 52752K, reserved 1095680K
  class space    used 5513K, capacity 5954K, committed 5960K, reserved 1048576K
}
2017-03-21T03:35:16.375+0800: 9879.005: Total time for which application threads were stopped: 0.0079747 seconds, Stopping threads took: 0.0000327 seconds
2017-03-21T03:35:17.380+0800: 9880.010: Total time for which application threads were stopped: 0.0001072 seconds, Stopping threads took: 0.0000216 seconds
2017-03-21T03:35:34.430+0800: 9897.060: Total time for which application threads were stopped: 0.0002326 seconds, Stopping threads took: 0.0000482 seconds
2017-03-21T03:39:32.146+0800: 10134.783: Total time for which application threads were stopped: 0.0001673 seconds, Stopping threads took: 0.0000532 seconds
2017-03-21T03:39:54.202+0800: 10156.838: Total time for which application threads were stopped: 0.0001486 seconds, Stopping threads took: 0.0000308 seconds
2017-03-21T03:40:05.241+0800: 10167.878: Total time for which application threads were stopped: 0.0001524 seconds, Stopping threads took: 0.0000326 seconds
2017-03-21T03:41:25.465+0800: 10248.104: Total time for which application threads were stopped: 0.0002126 seconds, Stopping threads took: 0.0000205 seconds
2017-03-21T03:42:26.636+0800: 10309.277: Total time for which application threads were stopped: 0.0001408 seconds, Stopping threads took: 0.0000389 seconds
2017-03-21T03:42:27.636+0800: 10310.277: Total time for which application threads were stopped: 0.0001222 seconds, Stopping threads took: 0.0000251 seconds
2017-03-21T03:44:24.975+0800: 10427.619: Total time for which application threads were stopped: 0.0001537 seconds, Stopping threads took: 0.0000243 seconds
{Heap before GC invocations=95 (full 4):
 par new generation   total 109248K, used 92289K [0x00000007a0000000, 0x00000007a8000000, 0x00000007a8000000)
  eden space 87424K, 100% used [0x00000007a0000000, 0x00000007a5560000, 0x00000007a5560000)
  from space 21824K,  22% used [0x00000007a6ab0000, 0x00000007a6f70780, 0x00000007a8000000)
  to   space 21824K,   0% used [0x00000007a5560000, 0x00000007a5560000, 0x00000007a6ab0000)
 concurrent mark-sweep generation total 393216K, used 109960K [0x00000007a8000000, 0x00000007c0000000, 0x00000007c0000000)
 Metaspace       used 50708K, capacity 52572K, committed 52752K, reserved 1095680K
  class space    used 5513K, capacity 5954K, committed 5960K, reserved 1048576K
2017-03-21T03:45:25.903+0800: 10488.548: [GC (Allocation Failure) 2017-03-21T03:45:25.903+0800: 10488.549: [ParNew
Desired survivor size 20112992 bytes, new threshold 8 (max 8)
- age   1:    2062064 bytes,    2062064 total
- age   2:     120824 bytes,    2182888 total
- age   3:      36696 bytes,    2219584 total
- age   4:    1007008 bytes,    3226592 total
- age   5:     132088 bytes,    3358680 total
- age   6:     720472 bytes,    4079152 total
- age   7:      84568 bytes,    4163720 total
- age   8:      46624 bytes,    4210344 total
: 92289K->5301K(109248K), 0.0086819 secs] 202250K->116137K(502464K), 0.0090048 secs] [Times: user=0.02 sys=0.01, real=0.01 secs] 
Heap after GC invocations=96 (full 4):
 par new generation   total 109248K, used 5301K [0x00000007a0000000, 0x00000007a8000000, 0x00000007a8000000)
  eden space 87424K,   0% used [0x00000007a0000000, 0x00000007a0000000, 0x00000007a5560000)
  from space 21824K,  24% used [0x00000007a5560000, 0x00000007a5a8d7a8, 0x00000007a6ab0000)
  to   space 21824K,   0% used [0x00000007a6ab0000, 0x00000007a6ab0000, 0x00000007a8000000)
 concurrent mark-sweep generation total 393216K, used 110835K [0x00000007a8000000, 0x00000007c0000000, 0x00000007c0000000)
 Metaspace       used 50708K, capacity 52572K, committed 52752K, reserved 1095680K
  class space    used 5513K, capacity 5954K, committed 5960K, reserved 1048576K
}
2017-03-21T03:45:25.912+0800: 10488.557: Total time for which application threads were stopped: 0.0092093 seconds, Stopping threads took: 0.0000225 seconds
2017-03-21T03:45:34.933+0800: 10497.578: Total time for which application threads were stopped: 0.0001487 seconds, Stopping threads took: 0.0000320 seconds
2017-03-21T03:45:51.988+0800: 10514.634: Total time for which application threads were stopped: 0.0001124 seconds, Stopping threads took: 0.0000230 seconds
2017-03-21T03:45:57.006+0800: 10519.652: Total time for which application threads were stopped: 0.0001073 seconds, Stopping threads took: 0.0000234 seconds
2017-03-21T03:46:09.042+0800: 10531.688: Total time for which application threads were stopped: 0.0001571 seconds, Stopping threads took: 0.0000503 seconds
2017-03-21T03:46:34.107+0800: 10556.754: Total time for which application threads were stopped: 0.0001549 seconds, Stopping threads took: 0.0000303 seconds
2017-03-21T03:46:43.140+0800: 10565.788: Total time for which application threads were stopped: 0.0001335 seconds, Stopping threads took: 0.0000272 seconds
2017-03-21T03:46:54.389+0800: 10577.036: Total time for which application threads were stopped: 0.0001542 seconds, Stopping threads took: 0.0000347 seconds
2017-03-21T03:46:54.407+0800: 10577.054: Total time for which application threads were stopped: 0.0002886 seconds, Stopping threads took: 0.0000279 seconds
2017-03-21T03:46:54.407+0800: 10577.055: Total time for which application threads were stopped: 0.0001156 seconds, Stopping threads took: 0.0000153 seconds
2017-03-21T03:46:54.407+0800: 10577.055: Total time for which application threads were stopped: 0.0000923 seconds, Stopping threads took: 0.0000142 seconds
2017-03-21T03:46:54.407+0800: 10577.055: Total time for which application threads were stopped: 0.0000915 seconds, Stopping threads took: 0.0000118 seconds
2017-03-21T03:46:54.408+0800: 10577.055: Total time for which application threads were stopped: 0.0000933 seconds, Stopping threads took: 0.0000116 seconds
2017-03-21T03:46:54.408+0800: 10577.056: Total time for which application threads were stopped: 0.0000981 seconds, Stopping threads took: 0.0000125 seconds
2017-03-21T03:46:54.409+0800: 10577.056: Total time for which application threads were stopped: 0.0002157 seconds, Stopping threads took: 0.0001554 seconds
2017-03-21T03:46:54.409+0800: 10577.057: Total time for which application threads were stopped: 0.0001094 seconds, Stopping threads took: 0.0000487 seconds
2017-03-21T03:46:54.410+0800: 10577.057: Total time for which application threads were stopped: 0.0001607 seconds, Stopping threads took: 0.0000531 seconds
2017-03-21T03:46:54.411+0800: 10577.058: Total time for which application threads were stopped: 0.0001598 seconds, Stopping threads took: 0.0000232 seconds
2017-03-21T03:47:19.688+0800: 10602.336: Total time for which application threads were stopped: 0.0001624 seconds, Stopping threads took: 0.0000214 seconds
2017-03-21T03:47:19.688+0800: 10602.336: Total time for which application threads were stopped: 0.0000634 seconds, Stopping threads took: 0.0000097 seconds
2017-03-21T03:47:41.860+0800: 10624.509: Total time for which application threads were stopped: 0.0001087 seconds, Stopping threads took: 0.0000193 seconds
{Heap before GC invocations=96 (full 4):
 par new generation   total 109248K, used 92716K [0x00000007a0000000, 0x00000007a8000000, 0x00000007a8000000)
  eden space 87424K,  99% used [0x00000007a0000000, 0x00000007a555dbd8, 0x00000007a5560000)
  from space 21824K,  24% used [0x00000007a5560000, 0x00000007a5a8d7a8, 0x00000007a6ab0000)
  to   space 21824K,   0% used [0x00000007a6ab0000, 0x00000007a6ab0000, 0x00000007a8000000)
 concurrent mark-sweep generation total 393216K, used 110835K [0x00000007a8000000, 0x00000007c0000000, 0x00000007c0000000)
 Metaspace       used 50747K, capacity 52700K, committed 52752K, reserved 1095680K
  class space    used 5514K, capacity 5954K, committed 5960K, reserved 1048576K
2017-03-21T03:47:41.912+0800: 10624.561: [GC (Allocation Failure) 2017-03-21T03:47:41.912+0800: 10624.561: [ParNew
Desired survivor size 20112992 bytes, new threshold 8 (max 8)
- age   1:    1718688 bytes,    1718688 total
- age   2:     241008 bytes,    1959696 total
- age   3:      85136 bytes,    2044832 total
- age   4:      36696 bytes,    2081528 total
- age   5:    1006472 bytes,    3088000 total
- age   6:     132088 bytes,    3220088 total
- age   7:     712848 bytes,    3932936 total
- age   8:      84536 bytes,    4017472 total
: 92716K->6240K(109248K), 0.0057590 secs] 203552K->117121K(502464K), 0.0058210 secs] [Times: user=0.02 sys=0.00, real=0.00 secs] 
Heap after GC invocations=97 (full 4):
 par new generation   total 109248K, used 6240K [0x00000007a0000000, 0x00000007a8000000, 0x00000007a8000000)
  eden space 87424K,   0% used [0x00000007a0000000, 0x00000007a0000000, 0x00000007a5560000)
  from space 21824K,  28% used [0x00000007a6ab0000, 0x00000007a70c8078, 0x00000007a8000000)
  to   space 21824K,   0% used [0x00000007a5560000, 0x00000007a5560000, 0x00000007a6ab0000)
 concurrent mark-sweep generation total 393216K, used 110881K [0x00000007a8000000, 0x00000007c0000000, 0x00000007c0000000)
 Metaspace       used 50747K, capacity 52700K, committed 52752K, reserved 1095680K
  class space    used 5514K, capacity 5954K, committed 5960K, reserved 1048576K
}
2017-03-21T03:47:41.918+0800: 10624.567: Total time for which application threads were stopped: 0.0063270 seconds, Stopping threads took: 0.0000231 seconds
2017-03-21T03:47:41.918+0800: 10624.567: Total time for which application threads were stopped: 0.0002267 seconds, Stopping threads took: 0.0000631 seconds
{Heap before GC invocations=97 (full 4):
 par new generation   total 109248K, used 93664K [0x00000007a0000000, 0x00000007a8000000, 0x00000007a8000000)
  eden space 87424K, 100% used [0x00000007a0000000, 0x00000007a5560000, 0x00000007a5560000)
  from space 21824K,  28% used [0x00000007a6ab0000, 0x00000007a70c8078, 0x00000007a8000000)
  to   space 21824K,   0% used [0x00000007a5560000, 0x00000007a5560000, 0x00000007a6ab0000)
 concurrent mark-sweep generation total 393216K, used 110881K [0x00000007a8000000, 0x00000007c0000000, 0x00000007c0000000)
 Metaspace       used 50747K, capacity 52700K, committed 52752K, reserved 1095680K
  class space    used 5514K, capacity 5954K, committed 5960K, reserved 1048576K
2017-03-21T03:47:41.953+0800: 10624.602: [GC (Allocation Failure) 2017-03-21T03:47:41.953+0800: 10624.602: [ParNew
Desired survivor size 20112992 bytes, new threshold 8 (max 8)
- age   1:     470632 bytes,     470632 total
- age   2:    1352120 bytes,    1822752 total
- age   3:     241008 bytes,    2063760 total
- age   4:      85136 bytes,    2148896 total
- age   5:      36696 bytes,    2185592 total
- age   6:    1006472 bytes,    3192064 total
- age   7:     132088 bytes,    3324152 total
- age   8:     712848 bytes,    4037000 total
: 93664K->5148K(109248K), 0.0057537 secs] 204545K->116113K(502464K), 0.0058435 secs] [Times: user=0.01 sys=0.00, real=0.00 secs] 
Heap after GC invocations=98 (full 4):
 par new generation   total 109248K, used 5148K [0x00000007a0000000, 0x00000007a8000000, 0x00000007a8000000)
  eden space 87424K,   0% used [0x00000007a0000000, 0x00000007a0000000, 0x00000007a5560000)
  from space 21824K,  23% used [0x00000007a5560000, 0x00000007a5a67318, 0x00000007a6ab0000)
  to   space 21824K,   0% used [0x00000007a6ab0000, 0x00000007a6ab0000, 0x00000007a8000000)
 concurrent mark-sweep generation total 393216K, used 110964K [0x00000007a8000000, 0x00000007c0000000, 0x00000007c0000000)
 Metaspace       used 50747K, capacity 52700K, committed 52752K, reserved 1095680K
  class space    used 5514K, capacity 5954K, committed 5960K, reserved 1048576K
}
2017-03-21T03:47:41.959+0800: 10624.608: Total time for which application threads were stopped: 0.0060581 seconds, Stopping threads took: 0.0000208 seconds
2017-03-21T03:47:41.959+0800: 10624.608: Total time for which application threads were stopped: 0.0002198 seconds, Stopping threads took: 0.0000656 seconds
2017-03-21T03:47:42.022+0800: 10624.671: Total time for which application threads were stopped: 0.0001755 seconds, Stopping threads took: 0.0000435 seconds
2017-03-21T03:47:42.641+0800: 10625.290: Total time for which application threads were stopped: 0.0003108 seconds, Stopping threads took: 0.0000576 seconds
2017-03-21T03:47:42.642+0800: 10625.291: Total time for which application threads were stopped: 0.0001327 seconds, Stopping threads took: 0.0000378 seconds
2017-03-21T03:47:42.642+0800: 10625.291: Total time for which application threads were stopped: 0.0001072 seconds, Stopping threads took: 0.0000344 seconds
2017-03-21T03:47:42.643+0800: 10625.291: Total time for which application threads were stopped: 0.0001436 seconds, Stopping threads took: 0.0000517 seconds
2017-03-21T03:47:42.643+0800: 10625.292: Total time for which application threads were stopped: 0.0000865 seconds, Stopping threads took: 0.0000246 seconds
2017-03-21T03:47:42.643+0800: 10625.292: Total time for which application threads were stopped: 0.0000823 seconds, Stopping threads took: 0.0000223 seconds
2017-03-21T03:47:42.643+0800: 10625.292: Total time for which application threads were stopped: 0.0000892 seconds, Stopping threads took: 0.0000282 seconds
2017-03-21T03:47:42.643+0800: 10625.292: Total time for which application threads were stopped: 0.0000826 seconds, Stopping threads took: 0.0000240 seconds
2017-03-21T03:47:42.643+0800: 10625.292: Total time for which application threads were stopped: 0.0000820 seconds, Stopping threads took: 0.0000239 seconds
2017-03-21T03:47:42.643+0800: 10625.292: Total time for which application threads were stopped: 0.0000816 seconds, Stopping threads took: 0.0000243 seconds
2017-03-21T03:47:42.662+0800: 10625.311: Total time for which application threads were stopped: 0.0001474 seconds, Stopping threads took: 0.0000250 seconds
2017-03-21T03:47:42.663+0800: 10625.311: Total time for which application threads were stopped: 0.0000959 seconds, Stopping threads took: 0.0000142 seconds
2017-03-21T03:47:42.670+0800: 10625.318: Total time for which application threads were stopped: 0.0001299 seconds, Stopping threads took: 0.0000217 seconds
2017-03-21T03:47:42.670+0800: 10625.319: Total time for which application threads were stopped: 0.0001123 seconds, Stopping threads took: 0.0000093 seconds
2017-03-21T03:47:42.670+0800: 10625.319: Total time for which application threads were stopped: 0.0001032 seconds, Stopping threads took: 0.0000310 seconds
2017-03-21T03:47:42.670+0800: 10625.319: Total time for which application threads were stopped: 0.0000761 seconds, Stopping threads took: 0.0000083 seconds
2017-03-21T03:47:42.670+0800: 10625.319: Total time for which application threads were stopped: 0.0000781 seconds, Stopping threads took: 0.0000080 seconds
2017-03-21T03:47:42.670+0800: 10625.319: Total time for which application threads were stopped: 0.0000757 seconds, Stopping threads took: 0.0000082 seconds
2017-03-21T03:47:42.675+0800: 10625.324: Total time for which application threads were stopped: 0.0001059 seconds, Stopping threads took: 0.0000181 seconds
2017-03-21T03:47:42.681+0800: 10625.329: Total time for which application threads were stopped: 0.0001083 seconds, Stopping threads took: 0.0000191 seconds
2017-03-21T03:47:42.703+0800: 10625.352: Total time for which application threads were stopped: 0.0001141 seconds, Stopping threads took: 0.0000223 seconds
2017-03-21T03:47:45.717+0800: 10628.366: Total time for which application threads were stopped: 0.0002565 seconds, Stopping threads took: 0.0000261 seconds
2017-03-21T03:48:09.856+0800: 10652.506: Total time for which application threads were stopped: 0.0001099 seconds, Stopping threads took: 0.0000189 seconds
2017-03-21T03:48:10.857+0800: 10653.507: Total time for which application threads were stopped: 0.0001683 seconds, Stopping threads took: 0.0000450 seconds
2017-03-21T03:48:17.780+0800: 10660.430: Total time for which application threads were stopped: 0.0001405 seconds, Stopping threads took: 0.0000206 seconds
2017-03-21T03:48:17.781+0800: 10660.430: Total time for which application threads were stopped: 0.0000664 seconds, Stopping threads took: 0.0000089 seconds
2017-03-21T03:48:17.781+0800: 10660.431: Total time for which application threads were stopped: 0.0000625 seconds, Stopping threads took: 0.0000084 seconds
2017-03-21T03:48:17.781+0800: 10660.431: Total time for which application threads were stopped: 0.0000693 seconds, Stopping threads took: 0.0000089 seconds
2017-03-21T03:48:17.785+0800: 10660.435: Total time for which application threads were stopped: 0.0001345 seconds, Stopping threads took: 0.0000204 seconds
2017-03-21T03:48:17.785+0800: 10660.435: Total time for which application threads were stopped: 0.0000731 seconds, Stopping threads took: 0.0000115 seconds
2017-03-21T03:48:26.549+0800: 10669.199: Total time for which application threads were stopped: 0.0001678 seconds, Stopping threads took: 0.0000231 seconds
2017-03-21T03:48:26.569+0800: 10669.219: Total time for which application threads were stopped: 0.0001464 seconds, Stopping threads took: 0.0000209 seconds
2017-03-21T03:48:26.569+0800: 10669.219: Total time for which application threads were stopped: 0.0000526 seconds, Stopping threads took: 0.0000075 seconds
2017-03-21T03:48:26.571+0800: 10669.221: Total time for which application threads were stopped: 0.0000911 seconds, Stopping threads took: 0.0000135 seconds
2017-03-21T03:48:26.571+0800: 10669.221: Total time for which application threads were stopped: 0.0000544 seconds, Stopping threads took: 0.0000075 seconds
2017-03-21T03:48:26.571+0800: 10669.221: Total time for which application threads were stopped: 0.0000544 seconds, Stopping threads took: 0.0000081 seconds
2017-03-21T03:48:26.572+0800: 10669.222: Total time for which application threads were stopped: 0.0000658 seconds, Stopping threads took: 0.0000102 seconds
2017-03-21T03:48:26.573+0800: 10669.223: Total time for which application threads were stopped: 0.0000649 seconds, Stopping threads took: 0.0000101 seconds
2017-03-21T03:48:26.573+0800: 10669.223: Total time for which application threads were stopped: 0.0000523 seconds, Stopping threads took: 0.0000065 seconds
2017-03-21T03:48:26.573+0800: 10669.223: Total time for which application threads were stopped: 0.0000514 seconds, Stopping threads took: 0.0000075 seconds
2017-03-21T03:48:26.573+0800: 10669.223: Total time for which application threads were stopped: 0.0000657 seconds, Stopping threads took: 0.0000104 seconds
2017-03-21T03:48:26.574+0800: 10669.224: Total time for which application threads were stopped: 0.0000611 seconds, Stopping threads took: 0.0000092 seconds
2017-03-21T03:48:26.574+0800: 10669.224: Total time for which application threads were stopped: 0.0001846 seconds, Stopping threads took: 0.0000045 seconds
2017-03-21T03:48:26.574+0800: 10669.224: Total time for which application threads were stopped: 0.0000599 seconds, Stopping threads took: 0.0000100 seconds
2017-03-21T03:48:26.575+0800: 10669.225: Total time for which application threads were stopped: 0.0000564 seconds, Stopping threads took: 0.0000092 seconds
{Heap before GC invocations=98 (full 4):
 par new generation   total 109248K, used 92572K [0x00000007a0000000, 0x00000007a8000000, 0x00000007a8000000)
  eden space 87424K, 100% used [0x00000007a0000000, 0x00000007a5560000, 0x00000007a5560000)
  from space 21824K,  23% used [0x00000007a5560000, 0x00000007a5a67318, 0x00000007a6ab0000)
  to   space 21824K,   0% used [0x00000007a6ab0000, 0x00000007a6ab0000, 0x00000007a8000000)
 concurrent mark-sweep generation total 393216K, used 110964K [0x00000007a8000000, 0x00000007c0000000, 0x00000007c0000000)
 Metaspace       used 51359K, capacity 53308K, committed 53392K, reserved 1097728K
  class space    used 5571K, capacity 6026K, committed 6088K, reserved 1048576K
2017-03-21T03:48:26.632+0800: 10669.282: [GC (Allocation Failure) 2017-03-21T03:48:26.632+0800: 10669.282: [ParNew
Desired survivor size 20112992 bytes, new threshold 8 (max 8)
- age   1:    3602632 bytes,    3602632 total
- age   2:      80880 bytes,    3683512 total
- age   3:     764480 bytes,    4447992 total
- age   4:     240688 bytes,    4688680 total
- age   5:      85040 bytes,    4773720 total
- age   6:      36344 bytes,    4810064 total
- age   7:     828024 bytes,    5638088 total
- age   8:     132088 bytes,    5770176 total
: 92572K->6926K(109248K), 0.0081040 secs] 203537K->118590K(502464K), 0.0081737 secs] [Times: user=0.02 sys=0.00, real=0.01 secs] 
Heap after GC invocations=99 (full 4):
 par new generation   total 109248K, used 6926K [0x00000007a0000000, 0x00000007a8000000, 0x00000007a8000000)
  eden space 87424K,   0% used [0x00000007a0000000, 0x00000007a0000000, 0x00000007a5560000)
  from space 21824K,  31% used [0x00000007a6ab0000, 0x00000007a7173930, 0x00000007a8000000)
  to   space 21824K,   0% used [0x00000007a5560000, 0x00000007a5560000, 0x00000007a6ab0000)
 concurrent mark-sweep generation total 393216K, used 111664K [0x00000007a8000000, 0x00000007c0000000, 0x00000007c0000000)
 Metaspace       used 51359K, capacity 53308K, committed 53392K, reserved 1097728K
  class space    used 5571K, capacity 6026K, committed 6088K, reserved 1048576K
}
2017-03-21T03:48:26.640+0800: 10669.290: Total time for which application threads were stopped: 0.0083895 seconds, Stopping threads took: 0.0000286 seconds
2017-03-21T03:48:26.640+0800: 10669.290: Total time for which application threads were stopped: 0.0001091 seconds, Stopping threads took: 0.0000259 seconds
2017-03-21T03:48:27.641+0800: 10670.291: Total time for which application threads were stopped: 0.0002445 seconds, Stopping threads took: 0.0000345 seconds
2017-03-21T03:48:31.541+0800: 10674.191: Total time for which application threads were stopped: 0.0001290 seconds, Stopping threads took: 0.0000208 seconds
2017-03-21T03:48:31.541+0800: 10674.191: Total time for which application threads were stopped: 0.0000855 seconds, Stopping threads took: 0.0000262 seconds
2017-03-21T03:48:31.546+0800: 10674.196: Total time for which application threads were stopped: 0.0002363 seconds, Stopping threads took: 0.0000224 seconds
2017-03-21T03:48:31.547+0800: 10674.197: Total time for which application threads were stopped: 0.0000968 seconds, Stopping threads took: 0.0000302 seconds
2017-03-21T03:48:32.551+0800: 10675.202: Total time for which application threads were stopped: 0.0001880 seconds, Stopping threads took: 0.0000338 seconds
2017-03-21T03:48:36.560+0800: 10679.210: Total time for which application threads were stopped: 0.0001212 seconds, Stopping threads took: 0.0000254 seconds
2017-03-21T03:48:45.736+0800: 10688.386: Total time for which application threads were stopped: 0.0001982 seconds, Stopping threads took: 0.0000716 seconds
2017-03-21T03:48:57.543+0800: 10700.194: Total time for which application threads were stopped: 0.0001298 seconds, Stopping threads took: 0.0000212 seconds
2017-03-21T03:48:58.544+0800: 10701.195: Total time for which application threads were stopped: 0.0001643 seconds, Stopping threads took: 0.0000321 seconds
2017-03-21T03:49:20.613+0800: 10723.265: Total time for which application threads were stopped: 0.0001754 seconds, Stopping threads took: 0.0000310 seconds
2017-03-21T03:49:52.354+0800: 10755.006: Total time for which application threads were stopped: 0.0001526 seconds, Stopping threads took: 0.0000213 seconds
2017-03-21T03:49:53.356+0800: 10756.008: Total time for which application threads were stopped: 0.0001595 seconds, Stopping threads took: 0.0000397 seconds
2017-03-21T03:50:13.420+0800: 10776.072: Total time for which application threads were stopped: 0.0001555 seconds, Stopping threads took: 0.0000396 seconds
2017-03-21T03:50:26.462+0800: 10789.115: Total time for which application threads were stopped: 0.0001179 seconds, Stopping threads took: 0.0000229 seconds
2017-03-21T03:50:49.529+0800: 10812.182: Total time for which application threads were stopped: 0.0002376 seconds, Stopping threads took: 0.0000457 seconds
2017-03-21T03:51:03.475+0800: 10826.129: Total time for which application threads were stopped: 0.0001259 seconds, Stopping threads took: 0.0000207 seconds
2017-03-21T03:51:03.475+0800: 10826.129: Total time for which application threads were stopped: 0.0000843 seconds, Stopping threads took: 0.0000132 seconds
2017-03-21T03:51:03.475+0800: 10826.129: Total time for which application threads were stopped: 0.0001120 seconds, Stopping threads took: 0.0000125 seconds
2017-03-21T03:51:04.476+0800: 10827.130: Total time for which application threads were stopped: 0.0001409 seconds, Stopping threads took: 0.0000274 seconds
2017-03-21T03:51:09.502+0800: 10832.156: Total time for which application threads were stopped: 0.0001620 seconds, Stopping threads took: 0.0000325 seconds
{Heap before GC invocations=99 (full 4):
 par new generation   total 109248K, used 94332K [0x00000007a0000000, 0x00000007a8000000, 0x00000007a8000000)
  eden space 87424K,  99% used [0x00000007a0000000, 0x00000007a555b940, 0x00000007a5560000)
  from space 21824K,  31% used [0x00000007a6ab0000, 0x00000007a7173930, 0x00000007a8000000)
  to   space 21824K,   0% used [0x00000007a5560000, 0x00000007a5560000, 0x00000007a6ab0000)
 concurrent mark-sweep generation total 393216K, used 111664K [0x00000007a8000000, 0x00000007c0000000, 0x00000007c0000000)
 Metaspace       used 52242K, capacity 54274K, committed 54544K, reserved 1097728K
  class space    used 5643K, capacity 6101K, committed 6216K, reserved 1048576K
2017-03-21T03:51:32.571+0800: 10855.226: [GC (Allocation Failure) 2017-03-21T03:51:32.571+0800: 10855.226: [ParNew
Desired survivor size 20112992 bytes, new threshold 8 (max 8)
- age   1:    1038288 bytes,    1038288 total
- age   2:    1481032 bytes,    2519320 total
- age   3:      80880 bytes,    2600200 total
- age   4:     764320 bytes,    3364520 total
- age   5:     240688 bytes,    3605208 total
- age   6:      85040 bytes,    3690248 total
- age   7:      36344 bytes,    3726592 total
- age   8:     828024 bytes,    4554616 total
: 94332K->5784K(109248K), 0.0068814 secs] 205997K->117580K(502464K), 0.0069453 secs] [Times: user=0.02 sys=0.01, real=0.00 secs] 
Heap after GC invocations=100 (full 4):
 par new generation   total 109248K, used 5784K [0x00000007a0000000, 0x00000007a8000000, 0x00000007a8000000)
  eden space 87424K,   0% used [0x00000007a0000000, 0x00000007a0000000, 0x00000007a5560000)
  from space 21824K,  26% used [0x00000007a5560000, 0x00000007a5b06220, 0x00000007a6ab0000)
  to   space 21824K,   0% used [0x00000007a6ab0000, 0x00000007a6ab0000, 0x00000007a8000000)
 concurrent mark-sweep generation total 393216K, used 111796K [0x00000007a8000000, 0x00000007c0000000, 0x00000007c0000000)
 Metaspace       used 52242K, capacity 54274K, committed 54544K, reserved 1097728K
  class space    used 5643K, capacity 6101K, committed 6216K, reserved 1048576K
}
2017-03-21T03:51:32.578+0800: 10855.233: Total time for which application threads were stopped: 0.0072127 seconds, Stopping threads took: 0.0000299 seconds
2017-03-21T03:51:33.579+0800: 10856.234: Total time for which application threads were stopped: 0.0001056 seconds, Stopping threads took: 0.0000228 seconds
{Heap before GC invocations=100 (full 4):
 par new generation   total 109248K, used 93195K [0x00000007a0000000, 0x00000007a8000000, 0x00000007a8000000)
  eden space 87424K,  99% used [0x00000007a0000000, 0x00000007a555cc10, 0x00000007a5560000)
  from space 21824K,  26% used [0x00000007a5560000, 0x00000007a5b06220, 0x00000007a6ab0000)
  to   space 21824K,   0% used [0x00000007a6ab0000, 0x00000007a6ab0000, 0x00000007a8000000)
 concurrent mark-sweep generation total 393216K, used 111796K [0x00000007a8000000, 0x00000007c0000000, 0x00000007c0000000)
 Metaspace       used 52249K, capacity 54274K, committed 54544K, reserved 1097728K
  class space    used 5643K, capacity 6101K, committed 6216K, reserved 1048576K
2017-03-21T03:53:01.429+0800: 10944.086: [GC (Allocation Failure) 2017-03-21T03:53:01.429+0800: 10944.086: [ParNew
Desired survivor size 20112992 bytes, new threshold 8 (max 8)
- age   1:    1954768 bytes,    1954768 total
- age   2:     361992 bytes,    2316760 total
- age   3:    1471192 bytes,    3787952 total
- age   4:      80880 bytes,    3868832 total
- age   5:     751744 bytes,    4620576 total
- age   6:     225336 bytes,    4845912 total
- age   7:      83216 bytes,    4929128 total
- age   8:      34424 bytes,    4963552 total
: 93195K->7062K(109248K), 0.0079003 secs] 204991K->119675K(502464K), 0.0079745 secs] [Times: user=0.02 sys=0.01, real=0.01 secs] 
Heap after GC invocations=101 (full 4):
 par new generation   total 109248K, used 7062K [0x00000007a0000000, 0x00000007a8000000, 0x00000007a8000000)
  eden space 87424K,   0% used [0x00000007a0000000, 0x00000007a0000000, 0x00000007a5560000)
  from space 21824K,  32% used [0x00000007a6ab0000, 0x00000007a7195820, 0x00000007a8000000)
  to   space 21824K,   0% used [0x00000007a5560000, 0x00000007a5560000, 0x00000007a6ab0000)
 concurrent mark-sweep generation total 393216K, used 112613K [0x00000007a8000000, 0x00000007c0000000, 0x00000007c0000000)
 Metaspace       used 52249K, capacity 54274K, committed 54544K, reserved 1097728K
  class space    used 5643K, capacity 6101K, committed 6216K, reserved 1048576K
}
2017-03-21T03:53:01.437+0800: 10944.094: Total time for which application threads were stopped: 0.0082025 seconds, Stopping threads took: 0.0000242 seconds
2017-03-21T03:53:01.438+0800: 10944.095: Total time for which application threads were stopped: 0.0001949 seconds, Stopping threads took: 0.0000614 seconds
{Heap before GC invocations=101 (full 4):
 par new generation   total 109248K, used 94486K [0x00000007a0000000, 0x00000007a8000000, 0x00000007a8000000)
  eden space 87424K, 100% used [0x00000007a0000000, 0x00000007a5560000, 0x00000007a5560000)
  from space 21824K,  32% used [0x00000007a6ab0000, 0x00000007a7195820, 0x00000007a8000000)
  to   space 21824K,   0% used [0x00000007a5560000, 0x00000007a5560000, 0x00000007a6ab0000)
 concurrent mark-sweep generation total 393216K, used 112613K [0x00000007a8000000, 0x00000007c0000000, 0x00000007c0000000)
 Metaspace       used 52249K, capacity 54274K, committed 54544K, reserved 1097728K
  class space    used 5643K, capacity 6101K, committed 6216K, reserved 1048576K
2017-03-21T03:53:01.494+0800: 10944.151: [GC (Allocation Failure) 2017-03-21T03:53:01.494+0800: 10944.151: [ParNew
Desired survivor size 20112992 bytes, new threshold 8 (max 8)
- age   1:     277176 bytes,     277176 total
- age   2:    1679064 bytes,    1956240 total
- age   3:     361992 bytes,    2318232 total
- age   4:    1471192 bytes,    3789424 total
- age   5:      80880 bytes,    3870304 total
- age   6:     748512 bytes,    4618816 total
- age   7:     225336 bytes,    4844152 total
- age   8:      83216 bytes,    4927368 total
: 94486K->6940K(109248K), 0.0068710 secs] 207099K->119588K(502464K), 0.0069576 secs] [Times: user=0.02 sys=0.00, real=0.01 secs] 
Heap after GC invocations=102 (full 4):
 par new generation   total 109248K, used 6940K [0x00000007a0000000, 0x00000007a8000000, 0x00000007a8000000)
  eden space 87424K,   0% used [0x00000007a0000000, 0x00000007a0000000, 0x00000007a5560000)
  from space 21824K,  31% used [0x00000007a5560000, 0x00000007a5c272f8, 0x00000007a6ab0000)
  to   space 21824K,   0% used [0x00000007a6ab0000, 0x00000007a6ab0000, 0x00000007a8000000)
 concurrent mark-sweep generation total 393216K, used 112648K [0x00000007a8000000, 0x00000007c0000000, 0x00000007c0000000)
 Metaspace       used 52249K, capacity 54274K, committed 54544K, reserved 1097728K
  class space    used 5643K, capacity 6101K, committed 6216K, reserved 1048576K
}
2017-03-21T03:53:01.501+0800: 10944.158: Total time for which application threads were stopped: 0.0072196 seconds, Stopping threads took: 0.0000237 seconds
2017-03-21T03:53:01.502+0800: 10944.159: Total time for which application threads were stopped: 0.0001857 seconds, Stopping threads took: 0.0000241 seconds
2017-03-21T03:53:01.526+0800: 10944.183: Total time for which application threads were stopped: 0.0001632 seconds, Stopping threads took: 0.0000375 seconds
2017-03-21T03:53:02.147+0800: 10944.804: Total time for which application threads were stopped: 0.0001866 seconds, Stopping threads took: 0.0000387 seconds
2017-03-21T03:53:02.148+0800: 10944.805: Total time for which application threads were stopped: 0.0000842 seconds, Stopping threads took: 0.0000225 seconds
2017-03-21T03:53:02.148+0800: 10944.805: Total time for which application threads were stopped: 0.0000786 seconds, Stopping threads took: 0.0000300 seconds
2017-03-21T03:53:02.148+0800: 10944.805: Total time for which application threads were stopped: 0.0000693 seconds, Stopping threads took: 0.0000193 seconds
2017-03-21T03:53:02.148+0800: 10944.805: Total time for which application threads were stopped: 0.0000679 seconds, Stopping threads took: 0.0000244 seconds
2017-03-21T03:53:02.149+0800: 10944.806: Total time for which application threads were stopped: 0.0000690 seconds, Stopping threads took: 0.0000236 seconds
2017-03-21T03:53:02.149+0800: 10944.806: Total time for which application threads were stopped: 0.0001669 seconds, Stopping threads took: 0.0000209 seconds
2017-03-21T03:53:02.149+0800: 10944.806: Total time for which application threads were stopped: 0.0000555 seconds, Stopping threads took: 0.0000151 seconds
2017-03-21T03:53:02.149+0800: 10944.806: Total time for which application threads were stopped: 0.0000551 seconds, Stopping threads took: 0.0000151 seconds
2017-03-21T03:53:02.149+0800: 10944.806: Total time for which application threads were stopped: 0.0000599 seconds, Stopping threads took: 0.0000199 seconds
2017-03-21T03:53:02.149+0800: 10944.806: Total time for which application threads were stopped: 0.0000609 seconds, Stopping threads took: 0.0000195 seconds
2017-03-21T03:53:02.165+0800: 10944.822: Total time for which application threads were stopped: 0.0001193 seconds, Stopping threads took: 0.0000187 seconds
2017-03-21T03:53:02.165+0800: 10944.822: Total time for which application threads were stopped: 0.0000635 seconds, Stopping threads took: 0.0000116 seconds
2017-03-21T03:53:02.172+0800: 10944.829: Total time for which application threads were stopped: 0.0001337 seconds, Stopping threads took: 0.0000368 seconds
2017-03-21T03:53:02.172+0800: 10944.829: Total time for which application threads were stopped: 0.0001462 seconds, Stopping threads took: 0.0000078 seconds
2017-03-21T03:53:02.172+0800: 10944.829: Total time for which application threads were stopped: 0.0000968 seconds, Stopping threads took: 0.0000200 seconds
2017-03-21T03:53:02.172+0800: 10944.829: Total time for which application threads were stopped: 0.0000739 seconds, Stopping threads took: 0.0000071 seconds
2017-03-21T03:53:02.172+0800: 10944.829: Total time for which application threads were stopped: 0.0001070 seconds, Stopping threads took: 0.0000202 seconds
2017-03-21T03:53:02.173+0800: 10944.830: Total time for which application threads were stopped: 0.0000554 seconds, Stopping threads took: 0.0000094 seconds
2017-03-21T03:53:02.173+0800: 10944.830: Total time for which application threads were stopped: 0.0000521 seconds, Stopping threads took: 0.0000079 seconds
2017-03-21T03:53:02.173+0800: 10944.830: Total time for which application threads were stopped: 0.0000525 seconds, Stopping threads took: 0.0000085 seconds
2017-03-21T03:53:02.173+0800: 10944.830: Total time for which application threads were stopped: 0.0000706 seconds, Stopping threads took: 0.0000099 seconds
2017-03-21T03:53:02.178+0800: 10944.835: Total time for which application threads were stopped: 0.0000975 seconds, Stopping threads took: 0.0000170 seconds
2017-03-21T03:53:02.179+0800: 10944.836: Total time for which application threads were stopped: 0.0001055 seconds, Stopping threads took: 0.0000167 seconds
2017-03-21T03:53:02.210+0800: 10944.867: Total time for which application threads were stopped: 0.0001296 seconds, Stopping threads took: 0.0000198 seconds
2017-03-21T03:53:12.577+0800: 10955.234: Total time for which application threads were stopped: 0.0001243 seconds, Stopping threads took: 0.0000214 seconds
2017-03-21T03:53:12.587+0800: 10955.245: Total time for which application threads were stopped: 0.0001544 seconds, Stopping threads took: 0.0000514 seconds
2017-03-21T03:53:12.588+0800: 10955.245: Total time for which application threads were stopped: 0.0000811 seconds, Stopping threads took: 0.0000234 seconds
2017-03-21T03:53:12.590+0800: 10955.247: Total time for which application threads were stopped: 0.0001082 seconds, Stopping threads took: 0.0000154 seconds
2017-03-21T03:53:12.590+0800: 10955.247: Total time for which application threads were stopped: 0.0000625 seconds, Stopping threads took: 0.0000061 seconds
2017-03-21T03:53:12.590+0800: 10955.247: Total time for which application threads were stopped: 0.0000572 seconds, Stopping threads took: 0.0000087 seconds
2017-03-21T03:53:12.590+0800: 10955.247: Total time for which application threads were stopped: 0.0000544 seconds, Stopping threads took: 0.0000069 seconds
2017-03-21T03:53:12.591+0800: 10955.249: Total time for which application threads were stopped: 0.0000789 seconds, Stopping threads took: 0.0000093 seconds
2017-03-21T03:53:12.591+0800: 10955.249: Total time for which application threads were stopped: 0.0000902 seconds, Stopping threads took: 0.0000107 seconds
2017-03-21T03:53:12.591+0800: 10955.249: Total time for which application threads were stopped: 0.0000802 seconds, Stopping threads took: 0.0000101 seconds
2017-03-21T03:53:12.592+0800: 10955.249: Total time for which application threads were stopped: 0.0000683 seconds, Stopping threads took: 0.0000105 seconds
2017-03-21T03:53:12.593+0800: 10955.250: Total time for which application threads were stopped: 0.0000760 seconds, Stopping threads took: 0.0000111 seconds
2017-03-21T03:53:12.593+0800: 10955.250: Total time for which application threads were stopped: 0.0000485 seconds, Stopping threads took: 0.0000050 seconds
2017-03-21T03:53:12.593+0800: 10955.250: Total time for which application threads were stopped: 0.0000511 seconds, Stopping threads took: 0.0000067 seconds
2017-03-21T03:53:12.593+0800: 10955.251: Total time for which application threads were stopped: 0.0000521 seconds, Stopping threads took: 0.0000066 seconds
2017-03-21T03:53:13.597+0800: 10956.255: Total time for which application threads were stopped: 0.0002001 seconds, Stopping threads took: 0.0000431 seconds
2017-03-21T03:53:20.051+0800: 10962.709: Total time for which application threads were stopped: 0.0001182 seconds, Stopping threads took: 0.0000183 seconds
2017-03-21T03:53:20.052+0800: 10962.709: Total time for which application threads were stopped: 0.0000825 seconds, Stopping threads took: 0.0000108 seconds
2017-03-21T03:53:20.052+0800: 10962.710: Total time for which application threads were stopped: 0.0001729 seconds, Stopping threads took: 0.0000104 seconds
2017-03-21T03:53:25.611+0800: 10968.268: Total time for which application threads were stopped: 0.0001396 seconds, Stopping threads took: 0.0000212 seconds
2017-03-21T03:53:26.612+0800: 10969.269: Total time for which application threads were stopped: 0.0001739 seconds, Stopping threads took: 0.0000370 seconds
2017-03-21T03:53:45.447+0800: 10988.105: Total time for which application threads were stopped: 0.0001181 seconds, Stopping threads took: 0.0000197 seconds
{Heap before GC invocations=102 (full 4):
 par new generation   total 109248K, used 94364K [0x00000007a0000000, 0x00000007a8000000, 0x00000007a8000000)
  eden space 87424K, 100% used [0x00000007a0000000, 0x00000007a5560000, 0x00000007a5560000)
  from space 21824K,  31% used [0x00000007a5560000, 0x00000007a5c272f8, 0x00000007a6ab0000)
  to   space 21824K,   0% used [0x00000007a6ab0000, 0x00000007a6ab0000, 0x00000007a8000000)
 concurrent mark-sweep generation total 393216K, used 112648K [0x00000007a8000000, 0x00000007c0000000, 0x00000007c0000000)
 Metaspace       used 53492K, capacity 55590K, committed 55952K, reserved 1099776K
  class space    used 5766K, capacity 6241K, committed 6344K, reserved 1048576K
2017-03-21T03:53:45.473+0800: 10988.131: [GC (Allocation Failure) 2017-03-21T03:53:45.473+0800: 10988.131: [ParNew
Desired survivor size 20112992 bytes, new threshold 8 (max 8)
- age   1:    2943848 bytes,    2943848 total
- age   2:     131624 bytes,    3075472 total
- age   3:    1108008 bytes,    4183480 total
- age   4:     321792 bytes,    4505272 total
- age   5:    1283664 bytes,    5788936 total
- age   6:      80880 bytes,    5869816 total
- age   7:     748272 bytes,    6618088 total
- age   8:     225336 bytes,    6843424 total
: 94364K->7915K(109248K), 0.0074357 secs] 207012K->120645K(502464K), 0.0075034 secs] [Times: user=0.02 sys=0.00, real=0.01 secs] 
Heap after GC invocations=103 (full 4):
 par new generation   total 109248K, used 7915K [0x00000007a0000000, 0x00000007a8000000, 0x00000007a8000000)
  eden space 87424K,   0% used [0x00000007a0000000, 0x00000007a0000000, 0x00000007a5560000)
  from space 21824K,  36% used [0x00000007a6ab0000, 0x00000007a726acb0, 0x00000007a8000000)
  to   space 21824K,   0% used [0x00000007a5560000, 0x00000007a5560000, 0x00000007a6ab0000)
 concurrent mark-sweep generation total 393216K, used 112730K [0x00000007a8000000, 0x00000007c0000000, 0x00000007c0000000)
 Metaspace       used 53492K, capacity 55590K, committed 55952K, reserved 1099776K
  class space    used 5766K, capacity 6241K, committed 6344K, reserved 1048576K
}
2017-03-21T03:53:45.481+0800: 10988.139: Total time for which application threads were stopped: 0.0077386 seconds, Stopping threads took: 0.0000215 seconds
2017-03-21T03:53:45.481+0800: 10988.139: Total time for which application threads were stopped: 0.0002020 seconds, Stopping threads took: 0.0000569 seconds
2017-03-21T03:53:45.481+0800: 10988.140: Total time for which application threads were stopped: 0.0001046 seconds, Stopping threads took: 0.0000434 seconds
{Heap before GC invocations=103 (full 4):
 par new generation   total 109248K, used 95339K [0x00000007a0000000, 0x00000007a8000000, 0x00000007a8000000)
  eden space 87424K, 100% used [0x00000007a0000000, 0x00000007a5560000, 0x00000007a5560000)
  from space 21824K,  36% used [0x00000007a6ab0000, 0x00000007a726acb0, 0x00000007a8000000)
  to   space 21824K,   0% used [0x00000007a5560000, 0x00000007a5560000, 0x00000007a6ab0000)
 concurrent mark-sweep generation total 393216K, used 112730K [0x00000007a8000000, 0x00000007c0000000, 0x00000007c0000000)
 Metaspace       used 53492K, capacity 55590K, committed 55952K, reserved 1099776K
  class space    used 5766K, capacity 6241K, committed 6344K, reserved 1048576K
2017-03-21T03:53:45.515+0800: 10988.173: [GC (Allocation Failure) 2017-03-21T03:53:45.515+0800: 10988.173: [ParNew
Desired survivor size 20112992 bytes, new threshold 8 (max 8)
- age   1:     747456 bytes,     747456 total
- age   2:    1686688 bytes,    2434144 total
- age   3:     131624 bytes,    2565768 total
- age   4:    1108008 bytes,    3673776 total
- age   5:     321792 bytes,    3995568 total
- age   6:    1283664 bytes,    5279232 total
- age   7:      80880 bytes,    5360112 total
- age   8:     748272 bytes,    6108384 total
: 95339K->9837K(109248K), 0.0071557 secs] 208069K->122787K(502464K), 0.0072441 secs] [Times: user=0.02 sys=0.00, real=0.01 secs] 
Heap after GC invocations=104 (full 4):
 par new generation   total 109248K, used 9837K [0x00000007a0000000, 0x00000007a8000000, 0x00000007a8000000)
  eden space 87424K,   0% used [0x00000007a0000000, 0x00000007a0000000, 0x00000007a5560000)
  from space 21824K,  45% used [0x00000007a5560000, 0x00000007a5efb418, 0x00000007a6ab0000)
  to   space 21824K,   0% used [0x00000007a6ab0000, 0x00000007a6ab0000, 0x00000007a8000000)
 concurrent mark-sweep generation total 393216K, used 112950K [0x00000007a8000000, 0x00000007c0000000, 0x00000007c0000000)
 Metaspace       used 53492K, capacity 55590K, committed 55952K, reserved 1099776K
  class space    used 5766K, capacity 6241K, committed 6344K, reserved 1048576K
}
2017-03-21T03:53:45.523+0800: 10988.181: Total time for which application threads were stopped: 0.0074592 seconds, Stopping threads took: 0.0000203 seconds
2017-03-21T03:53:45.581+0800: 10988.239: Total time for which application threads were stopped: 0.0002034 seconds, Stopping threads took: 0.0000853 seconds
2017-03-21T03:53:45.590+0800: 10988.248: Total time for which application threads were stopped: 0.0002417 seconds, Stopping threads took: 0.0000716 seconds
2017-03-21T03:53:45.590+0800: 10988.249: Total time for which application threads were stopped: 0.0000875 seconds, Stopping threads took: 0.0000149 seconds
2017-03-21T03:53:45.591+0800: 10988.249: Total time for which application threads were stopped: 0.0000740 seconds, Stopping threads took: 0.0000220 seconds
2017-03-21T03:53:45.591+0800: 10988.249: Total time for which application threads were stopped: 0.0000916 seconds, Stopping threads took: 0.0000114 seconds
2017-03-21T03:53:45.591+0800: 10988.249: Total time for which application threads were stopped: 0.0000681 seconds, Stopping threads took: 0.0000100 seconds
2017-03-21T03:53:45.591+0800: 10988.249: Total time for which application threads were stopped: 0.0000743 seconds, Stopping threads took: 0.0000241 seconds
2017-03-21T03:53:45.591+0800: 10988.249: Total time for which application threads were stopped: 0.0000811 seconds, Stopping threads took: 0.0000294 seconds
2017-03-21T03:53:45.591+0800: 10988.249: Total time for which application threads were stopped: 0.0000664 seconds, Stopping threads took: 0.0000105 seconds
2017-03-21T03:53:45.591+0800: 10988.249: Total time for which application threads were stopped: 0.0000820 seconds, Stopping threads took: 0.0000296 seconds
2017-03-21T03:53:45.591+0800: 10988.250: Total time for which application threads were stopped: 0.0000661 seconds, Stopping threads took: 0.0000190 seconds
2017-03-21T03:53:45.592+0800: 10988.250: Total time for which application threads were stopped: 0.0000876 seconds, Stopping threads took: 0.0000100 seconds
2017-03-21T03:53:45.602+0800: 10988.261: Total time for which application threads were stopped: 0.0001272 seconds, Stopping threads took: 0.0000217 seconds
2017-03-21T03:53:45.603+0800: 10988.261: Total time for which application threads were stopped: 0.0000722 seconds, Stopping threads took: 0.0000109 seconds
2017-03-21T03:53:45.608+0800: 10988.266: Total time for which application threads were stopped: 0.0001838 seconds, Stopping threads took: 0.0000764 seconds
2017-03-21T03:53:45.608+0800: 10988.266: Total time for which application threads were stopped: 0.0001207 seconds, Stopping threads took: 0.0000392 seconds
2017-03-21T03:53:45.608+0800: 10988.266: Total time for which application threads were stopped: 0.0001003 seconds, Stopping threads took: 0.0000354 seconds
2017-03-21T03:53:45.608+0800: 10988.266: Total time for which application threads were stopped: 0.0001098 seconds, Stopping threads took: 0.0000385 seconds
2017-03-21T03:53:45.609+0800: 10988.267: Total time for which application threads were stopped: 0.0002315 seconds, Stopping threads took: 0.0000455 seconds
2017-03-21T03:53:45.611+0800: 10988.270: Total time for which application threads were stopped: 0.0001357 seconds, Stopping threads took: 0.0000221 seconds
2017-03-21T03:53:45.616+0800: 10988.274: Total time for which application threads were stopped: 0.0001191 seconds, Stopping threads took: 0.0000222 seconds
2017-03-21T03:53:45.647+0800: 10988.305: Total time for which application threads were stopped: 0.0001151 seconds, Stopping threads took: 0.0000216 seconds
2017-03-21T03:53:48.829+0800: 10991.487: Total time for which application threads were stopped: 0.0001377 seconds, Stopping threads took: 0.0000242 seconds
2017-03-21T03:53:48.839+0800: 10991.497: Total time for which application threads were stopped: 0.0001536 seconds, Stopping threads took: 0.0000314 seconds
2017-03-21T03:53:48.839+0800: 10991.497: Total time for which application threads were stopped: 0.0000741 seconds, Stopping threads took: 0.0000091 seconds
{Heap before GC invocations=104 (full 4):
 par new generation   total 109248K, used 97261K [0x00000007a0000000, 0x00000007a8000000, 0x00000007a8000000)
  eden space 87424K, 100% used [0x00000007a0000000, 0x00000007a5560000, 0x00000007a5560000)
  from space 21824K,  45% used [0x00000007a5560000, 0x00000007a5efb418, 0x00000007a6ab0000)
  to   space 21824K,   0% used [0x00000007a6ab0000, 0x00000007a6ab0000, 0x00000007a8000000)
 concurrent mark-sweep generation total 393216K, used 112950K [0x00000007a8000000, 0x00000007c0000000, 0x00000007c0000000)
 Metaspace       used 53500K, capacity 55594K, committed 55952K, reserved 1099776K
  class space    used 5766K, capacity 6241K, committed 6344K, reserved 1048576K
2017-03-21T03:53:48.840+0800: 10991.499: [GC (Allocation Failure) 2017-03-21T03:53:48.840+0800: 10991.499: [ParNew
Desired survivor size 20112992 bytes, new threshold 8 (max 8)
- age   1:     991352 bytes,     991352 total
- age   2:     134360 bytes,    1125712 total
- age   3:    1496472 bytes,    2622184 total
- age   4:     131624 bytes,    2753808 total
- age   5:    1107768 bytes,    3861576 total
- age   6:     321792 bytes,    4183368 total
- age   7:    1283632 bytes,    5467000 total
- age   8:      80880 bytes,    5547880 total
: 97261K->7241K(109248K), 0.0093350 secs] 210211K->120925K(502464K), 0.0093947 secs] [Times: user=0.03 sys=0.00, real=0.01 secs] 
Heap after GC invocations=105 (full 4):
 par new generation   total 109248K, used 7241K [0x00000007a0000000, 0x00000007a8000000, 0x00000007a8000000)
  eden space 87424K,   0% used [0x00000007a0000000, 0x00000007a0000000, 0x00000007a5560000)
  from space 21824K,  33% used [0x00000007a6ab0000, 0x00000007a71c25f0, 0x00000007a8000000)
  to   space 21824K,   0% used [0x00000007a5560000, 0x00000007a5560000, 0x00000007a6ab0000)
 concurrent mark-sweep generation total 393216K, used 113683K [0x00000007a8000000, 0x00000007c0000000, 0x00000007c0000000)
 Metaspace       used 53500K, capacity 55594K, committed 55952K, reserved 1099776K
  class space    used 5766K, capacity 6241K, committed 6344K, reserved 1048576K
}
2017-03-21T03:53:48.850+0800: 10991.508: Total time for which application threads were stopped: 0.0095499 seconds, Stopping threads took: 0.0000084 seconds
2017-03-21T03:53:48.850+0800: 10991.508: Total time for which application threads were stopped: 0.0001060 seconds, Stopping threads took: 0.0000117 seconds
2017-03-21T03:53:48.850+0800: 10991.509: Total time for which application threads were stopped: 0.0000685 seconds, Stopping threads took: 0.0000098 seconds
2017-03-21T03:53:48.850+0800: 10991.509: Total time for which application threads were stopped: 0.0000613 seconds, Stopping threads took: 0.0000083 seconds
2017-03-21T03:53:48.851+0800: 10991.509: Total time for which application threads were stopped: 0.0000692 seconds, Stopping threads took: 0.0000100 seconds
2017-03-21T03:53:48.851+0800: 10991.509: Total time for which application threads were stopped: 0.0000578 seconds, Stopping threads took: 0.0000076 seconds
2017-03-21T03:53:48.852+0800: 10991.510: Total time for which application threads were stopped: 0.0000577 seconds, Stopping threads took: 0.0000080 seconds
2017-03-21T03:53:48.852+0800: 10991.510: Total time for which application threads were stopped: 0.0000479 seconds, Stopping threads took: 0.0000045 seconds
2017-03-21T03:53:48.852+0800: 10991.510: Total time for which application threads were stopped: 0.0000509 seconds, Stopping threads took: 0.0000065 seconds
2017-03-21T03:53:48.852+0800: 10991.511: Total time for which application threads were stopped: 0.0000644 seconds, Stopping threads took: 0.0000105 seconds
2017-03-21T03:53:48.853+0800: 10991.511: Total time for which application threads were stopped: 0.0000733 seconds, Stopping threads took: 0.0000116 seconds
2017-03-21T03:53:48.853+0800: 10991.511: Total time for which application threads were stopped: 0.0000546 seconds, Stopping threads took: 0.0000067 seconds
2017-03-21T03:53:48.853+0800: 10991.511: Total time for which application threads were stopped: 0.0000660 seconds, Stopping threads took: 0.0000100 seconds
2017-03-21T03:53:48.853+0800: 10991.512: Total time for which application threads were stopped: 0.0000603 seconds, Stopping threads took: 0.0000086 seconds
2017-03-21T03:53:49.854+0800: 10992.513: Total time for which application threads were stopped: 0.0001635 seconds, Stopping threads took: 0.0000335 seconds
2017-03-21T03:53:57.266+0800: 10999.924: Total time for which application threads were stopped: 0.0001185 seconds, Stopping threads took: 0.0000198 seconds
2017-03-21T03:53:57.270+0800: 10999.928: Total time for which application threads were stopped: 0.0001092 seconds, Stopping threads took: 0.0000164 seconds
2017-03-21T03:53:57.270+0800: 10999.928: Total time for which application threads were stopped: 0.0000574 seconds, Stopping threads took: 0.0000083 seconds
2017-03-21T03:53:57.271+0800: 10999.929: Total time for which application threads were stopped: 0.0000958 seconds, Stopping threads took: 0.0000298 seconds
2017-03-21T03:53:57.278+0800: 10999.937: Total time for which application threads were stopped: 0.0001271 seconds, Stopping threads took: 0.0000222 seconds
2017-03-21T03:53:57.278+0800: 10999.937: Total time for which application threads were stopped: 0.0000688 seconds, Stopping threads took: 0.0000092 seconds
2017-03-21T03:53:57.278+0800: 10999.937: Total time for which application threads were stopped: 0.0000674 seconds, Stopping threads took: 0.0000107 seconds
2017-03-21T03:53:57.282+0800: 10999.941: Total time for which application threads were stopped: 0.0001197 seconds, Stopping threads took: 0.0000197 seconds
2017-03-21T03:53:57.283+0800: 10999.942: Total time for which application threads were stopped: 0.0001329 seconds, Stopping threads took: 0.0000163 seconds
2017-03-21T03:53:57.303+0800: 10999.961: Total time for which application threads were stopped: 0.0001566 seconds, Stopping threads took: 0.0000623 seconds
2017-03-21T03:53:57.303+0800: 10999.962: Total time for which application threads were stopped: 0.0001171 seconds, Stopping threads took: 0.0000504 seconds
2017-03-21T03:53:57.304+0800: 10999.962: Total time for which application threads were stopped: 0.0001475 seconds, Stopping threads took: 0.0000949 seconds
2017-03-21T03:54:14.361+0800: 11017.020: Total time for which application threads were stopped: 0.0001329 seconds, Stopping threads took: 0.0000281 seconds
2017-03-21T03:55:14.549+0800: 11077.209: Total time for which application threads were stopped: 0.0002136 seconds, Stopping threads took: 0.0000817 seconds
2017-03-21T11:36:02.595+0800: 11367.421: Total time for which application threads were stopped: 0.0003234 seconds, Stopping threads took: 0.0001154 seconds
2017-03-21T11:37:55.434+0800: 11480.262: Total time for which application threads were stopped: 0.0002867 seconds, Stopping threads took: 0.0000184 seconds
2017-03-21T11:37:56.435+0800: 11481.263: Total time for which application threads were stopped: 0.0002298 seconds, Stopping threads took: 0.0000463 seconds
2017-03-21T11:38:09.478+0800: 11494.307: Total time for which application threads were stopped: 0.0002714 seconds, Stopping threads took: 0.0000555 seconds
{Heap before GC invocations=105 (full 4):
 par new generation   total 109248K, used 94665K [0x00000007a0000000, 0x00000007a8000000, 0x00000007a8000000)
  eden space 87424K, 100% used [0x00000007a0000000, 0x00000007a5560000, 0x00000007a5560000)
  from space 21824K,  33% used [0x00000007a6ab0000, 0x00000007a71c25f0, 0x00000007a8000000)
  to   space 21824K,   0% used [0x00000007a5560000, 0x00000007a5560000, 0x00000007a6ab0000)
 concurrent mark-sweep generation total 393216K, used 113683K [0x00000007a8000000, 0x00000007c0000000, 0x00000007c0000000)
 Metaspace       used 54893K, capacity 57074K, committed 57360K, reserved 1099776K
  class space    used 5893K, capacity 6387K, committed 6472K, reserved 1048576K
2017-03-21T11:38:31.910+0800: 11516.739: [GC (Allocation Failure) 2017-03-21T11:38:31.916+0800: 11516.746: [ParNew
Desired survivor size 20112992 bytes, new threshold 8 (max 8)
- age   1:    1707504 bytes,    1707504 total
- age   2:     970200 bytes,    2677704 total
- age   3:     134296 bytes,    2812000 total
- age   4:    1493544 bytes,    4305544 total
- age   5:     131624 bytes,    4437168 total
- age   6:    1091040 bytes,    5528208 total
- age   7:     321168 bytes,    5849376 total
- age   8:    1283408 bytes,    7132784 total
: 94665K->7578K(109248K), 0.0112236 secs] 208349K->121343K(502464K), 0.0177137 secs] [Times: user=0.03 sys=0.01, real=0.01 secs] 
Heap after GC invocations=106 (full 4):
 par new generation   total 109248K, used 7578K [0x00000007a0000000, 0x00000007a8000000, 0x00000007a8000000)
  eden space 87424K,   0% used [0x00000007a0000000, 0x00000007a0000000, 0x00000007a5560000)
  from space 21824K,  34% used [0x00000007a5560000, 0x00000007a5cc6a48, 0x00000007a6ab0000)
  to   space 21824K,   0% used [0x00000007a6ab0000, 0x00000007a6ab0000, 0x00000007a8000000)
 concurrent mark-sweep generation total 393216K, used 113764K [0x00000007a8000000, 0x00000007c0000000, 0x00000007c0000000)
 Metaspace       used 54893K, capacity 57074K, committed 57360K, reserved 1099776K
  class space    used 5893K, capacity 6387K, committed 6472K, reserved 1048576K
}
2017-03-21T11:38:31.928+0800: 11516.757: Total time for which application threads were stopped: 0.0180216 seconds, Stopping threads took: 0.0000198 seconds
2017-03-21T11:38:32.932+0800: 11517.761: Total time for which application threads were stopped: 0.0001847 seconds, Stopping threads took: 0.0000351 seconds
2017-03-21T11:39:06.354+0800: 11551.184: Total time for which application threads were stopped: 0.0001526 seconds, Stopping threads took: 0.0000239 seconds
2017-03-21T11:39:07.358+0800: 11552.188: Total time for which application threads were stopped: 0.0001414 seconds, Stopping threads took: 0.0000347 seconds
2017-03-21T11:41:12.737+0800: 11677.570: Total time for which application threads were stopped: 0.0001497 seconds, Stopping threads took: 0.0000287 seconds
2017-03-21T11:43:38.202+0800: 11823.039: Total time for which application threads were stopped: 0.0001677 seconds, Stopping threads took: 0.0000279 seconds
2017-03-21T11:44:49.428+0800: 11894.266: Total time for which application threads were stopped: 0.0001454 seconds, Stopping threads took: 0.0000270 seconds
2017-03-21T11:51:18.598+0800: 12283.447: Total time for which application threads were stopped: 0.0001075 seconds, Stopping threads took: 0.0000224 seconds
2017-03-21T11:51:51.694+0800: 12316.544: Total time for which application threads were stopped: 0.0001144 seconds, Stopping threads took: 0.0000222 seconds
2017-03-21T11:52:32.802+0800: 12357.653: Total time for which application threads were stopped: 0.0001570 seconds, Stopping threads took: 0.0000337 seconds
{Heap before GC invocations=106 (full 4):
 par new generation   total 109248K, used 95002K [0x00000007a0000000, 0x00000007a8000000, 0x00000007a8000000)
  eden space 87424K, 100% used [0x00000007a0000000, 0x00000007a5560000, 0x00000007a5560000)
  from space 21824K,  34% used [0x00000007a5560000, 0x00000007a5cc6a48, 0x00000007a6ab0000)
  to   space 21824K,   0% used [0x00000007a6ab0000, 0x00000007a6ab0000, 0x00000007a8000000)
 concurrent mark-sweep generation total 393216K, used 113764K [0x00000007a8000000, 0x00000007c0000000, 0x00000007c0000000)
 Metaspace       used 55143K, capacity 57370K, committed 57616K, reserved 1099776K
  class space    used 5915K, capacity 6431K, committed 6472K, reserved 1048576K
2017-03-21T11:53:17.718+0800: 12402.570: [GC (Allocation Failure) 2017-03-21T11:53:17.718+0800: 12402.570: [ParNew
Desired survivor size 20112992 bytes, new threshold 8 (max 8)
- age   1:    2938376 bytes,    2938376 total
- age   2:     643760 bytes,    3582136 total
- age   3:     969888 bytes,    4552024 total
- age   4:     134296 bytes,    4686320 total
- age   5:    1438008 bytes,    6124328 total
- age   6:     131624 bytes,    6255952 total
- age   7:    1059880 bytes,    7315832 total
- age   8:     307520 bytes,    7623352 total
: 95002K->10348K(109248K), 0.0123148 secs] 208767K->125375K(502464K), 0.0126391 secs] [Times: user=0.06 sys=0.00, real=0.02 secs] 
