Java HotSpot(TM) 64-Bit Server VM (25.121-b13) for bsd-amd64 JRE (1.8.0_121-b13), built on Dec 12 2016 20:39:32 by "java_re" with gcc 4.2.1 (Based on Apple Inc. build 5658) (LLVM build 2336.11.00)
Memory: 4k page, physical 8388608k(704128k free)

/proc/meminfo:

CommandLine flags: -XX:CMSInitiatingOccupancyFraction=50 -XX:CMSMaxAbortablePrecleanTime=6000 -XX:+CMSParallelRemarkEnabled -XX:+CMSScavengeBeforeRemark -XX:ConcGCThreads=4 -XX:GCLogFileSize=20971520 -XX:InitialHeapSize=536870912 -XX:MaxHeapSize=536870912 -XX:MaxTenuringThreshold=8 -XX:NewRatio=3 -XX:NumberOfGCLogFiles=9 -XX:OldPLABSize=16 -XX:-OmitStackTraceInFastThrow -XX:OnOutOfMemoryError=/Users/haleighwright/desktop/w17/293s-ours/data_consol/resources/solr-6.4.0/bin/oom_solr.sh 8983 /Users/haleighwright/desktop/w17/293s-ours/data_consol/resources/solr-6.4.0/server/logs -XX:ParallelGCThreads=4 -XX:+ParallelRefProcEnabled -XX:PretenureSizeThreshold=67108864 -XX:+PrintGC -XX:+PrintGCApplicationStoppedTime -XX:+PrintGCDateStamps -XX:+PrintGCDetails -XX:+PrintGCTimeStamps -XX:+PrintHeapAtGC -XX:+PrintTenuringDistribution -XX:SurvivorRatio=4 -XX:TargetSurvivorRatio=90 -XX:ThreadStackSize=256 -XX:+UseCMSInitiatingOccupancyOnly -XX:+UseCompressedClassPointers -XX:+UseCompressedOops -XX:+UseConcMarkSweepGC -XX:+UseGCLogFileRotation -XX:+UseParNewGC 
2017-03-13T04:25:50.180+0800: 0.169: Total time for which application threads were stopped: 0.0000905 seconds, Stopping threads took: 0.0000124 seconds
2017-03-13T04:25:50.266+0800: 0.255: Total time for which application threads were stopped: 0.0000854 seconds, Stopping threads took: 0.0000114 seconds
2017-03-13T04:25:50.285+0800: 0.274: Total time for which application threads were stopped: 0.0000824 seconds, Stopping threads took: 0.0000137 seconds
2017-03-13T04:25:50.672+0800: 0.662: Total time for which application threads were stopped: 0.0001661 seconds, Stopping threads took: 0.0000119 seconds
2017-03-13T04:25:50.799+0800: 0.788: Total time for which application threads were stopped: 0.0001760 seconds, Stopping threads took: 0.0000141 seconds
2017-03-13T04:25:50.815+0800: 0.804: Total time for which application threads were stopped: 0.0001598 seconds, Stopping threads took: 0.0000140 seconds
2017-03-13T04:25:50.996+0800: 0.986: Total time for which application threads were stopped: 0.0001985 seconds, Stopping threads took: 0.0000142 seconds
2017-03-13T04:25:51.029+0800: 1.018: Total time for which application threads were stopped: 0.0001936 seconds, Stopping threads took: 0.0000149 seconds
2017-03-13T04:25:51.141+0800: 1.130: Total time for which application threads were stopped: 0.0001990 seconds, Stopping threads took: 0.0000129 seconds
2017-03-13T04:25:51.310+0800: 1.299: Total time for which application threads were stopped: 0.0002066 seconds, Stopping threads took: 0.0000128 seconds
2017-03-13T04:25:51.312+0800: 1.301: Total time for which application threads were stopped: 0.0000945 seconds, Stopping threads took: 0.0000066 seconds
2017-03-13T04:25:51.317+0800: 1.306: Total time for which application threads were stopped: 0.0001058 seconds, Stopping threads took: 0.0000077 seconds
2017-03-13T04:25:51.338+0800: 1.328: Total time for which application threads were stopped: 0.0001922 seconds, Stopping threads took: 0.0000131 seconds
2017-03-13T04:25:51.429+0800: 1.419: Total time for which application threads were stopped: 0.0002156 seconds, Stopping threads took: 0.0000135 seconds
{Heap before GC invocations=0 (full 0):
 par new generation   total 109248K, used 87424K [0x00000007a0000000, 0x00000007a8000000, 0x00000007a8000000)
  eden space 87424K, 100% used [0x00000007a0000000, 0x00000007a5560000, 0x00000007a5560000)
  from space 21824K,   0% used [0x00000007a5560000, 0x00000007a5560000, 0x00000007a6ab0000)
  to   space 21824K,   0% used [0x00000007a6ab0000, 0x00000007a6ab0000, 0x00000007a8000000)
 concurrent mark-sweep generation total 393216K, used 0K [0x00000007a8000000, 0x00000007c0000000, 0x00000007c0000000)
 Metaspace       used 19061K, capacity 19496K, committed 19840K, reserved 1067008K
  class space    used 2228K, capacity 2386K, committed 2432K, reserved 1048576K
2017-03-13T04:25:52.275+0800: 2.265: [GC (Allocation Failure) 2017-03-13T04:25:52.275+0800: 2.265: [ParNew
Desired survivor size 20112992 bytes, new threshold 8 (max 8)
- age   1:   11367648 bytes,   11367648 total
: 87424K->11218K(109248K), 0.0110847 secs] 87424K->11218K(502464K), 0.0111573 secs] [Times: user=0.03 sys=0.01, real=0.01 secs] 
Heap after GC invocations=1 (full 0):
 par new generation   total 109248K, used 11218K [0x00000007a0000000, 0x00000007a8000000, 0x00000007a8000000)
  eden space 87424K,   0% used [0x00000007a0000000, 0x00000007a0000000, 0x00000007a5560000)
  from space 21824K,  51% used [0x00000007a6ab0000, 0x00000007a75a4b88, 0x00000007a8000000)
  to   space 21824K,   0% used [0x00000007a5560000, 0x00000007a5560000, 0x00000007a6ab0000)
 concurrent mark-sweep generation total 393216K, used 0K [0x00000007a8000000, 0x00000007c0000000, 0x00000007c0000000)
 Metaspace       used 19061K, capacity 19496K, committed 19840K, reserved 1067008K
  class space    used 2228K, capacity 2386K, committed 2432K, reserved 1048576K
}
2017-03-13T04:25:52.286+0800: 2.276: Total time for which application threads were stopped: 0.0114159 seconds, Stopping threads took: 0.0000239 seconds
2017-03-13T04:25:52.296+0800: 2.286: Total time for which application threads were stopped: 0.0002800 seconds, Stopping threads took: 0.0000371 seconds
2017-03-13T04:25:52.447+0800: 2.436: Total time for which application threads were stopped: 0.0001845 seconds, Stopping threads took: 0.0000329 seconds
2017-03-13T04:25:52.470+0800: 2.459: Total time for which application threads were stopped: 0.0001507 seconds, Stopping threads took: 0.0000609 seconds
2017-03-13T04:25:52.490+0800: 2.480: Total time for which application threads were stopped: 0.0001016 seconds, Stopping threads took: 0.0000156 seconds
2017-03-13T04:25:52.519+0800: 2.508: Total time for which application threads were stopped: 0.0001097 seconds, Stopping threads took: 0.0000166 seconds
2017-03-13T04:25:52.562+0800: 2.552: Total time for which application threads were stopped: 0.0001092 seconds, Stopping threads took: 0.0000166 seconds
2017-03-13T04:25:52.621+0800: 2.611: Total time for which application threads were stopped: 0.0001173 seconds, Stopping threads took: 0.0000184 seconds
2017-03-13T04:25:52.703+0800: 2.693: Total time for which application threads were stopped: 0.0001157 seconds, Stopping threads took: 0.0000197 seconds
2017-03-13T04:25:52.716+0800: 2.705: Total time for which application threads were stopped: 0.0001119 seconds, Stopping threads took: 0.0000387 seconds
2017-03-13T04:25:52.717+0800: 2.706: Total time for which application threads were stopped: 0.0002547 seconds, Stopping threads took: 0.0000116 seconds
{Heap before GC invocations=1 (full 0):
 par new generation   total 109248K, used 98642K [0x00000007a0000000, 0x00000007a8000000, 0x00000007a8000000)
  eden space 87424K, 100% used [0x00000007a0000000, 0x00000007a5560000, 0x00000007a5560000)
  from space 21824K,  51% used [0x00000007a6ab0000, 0x00000007a75a4b88, 0x00000007a8000000)
  to   space 21824K,   0% used [0x00000007a5560000, 0x00000007a5560000, 0x00000007a6ab0000)
 concurrent mark-sweep generation total 393216K, used 0K [0x00000007a8000000, 0x00000007c0000000, 0x00000007c0000000)
 Metaspace       used 22897K, capacity 23315K, committed 23748K, reserved 1071104K
  class space    used 2717K, capacity 2896K, committed 3016K, reserved 1048576K
2017-03-13T04:25:52.729+0800: 2.718: [GC (Allocation Failure) 2017-03-13T04:25:52.729+0800: 2.718: [ParNew
Desired survivor size 20112992 bytes, new threshold 8 (max 8)
- age   1:    6010656 bytes,    6010656 total
- age   2:    5441632 bytes,   11452288 total
: 98642K->14372K(109248K), 0.0096569 secs] 98642K->14372K(502464K), 0.0097246 secs] [Times: user=0.03 sys=0.01, real=0.01 secs] 
Heap after GC invocations=2 (full 0):
 par new generation   total 109248K, used 14372K [0x00000007a0000000, 0x00000007a8000000, 0x00000007a8000000)
  eden space 87424K,   0% used [0x00000007a0000000, 0x00000007a0000000, 0x00000007a5560000)
  from space 21824K,  65% used [0x00000007a5560000, 0x00000007a6369240, 0x00000007a6ab0000)
  to   space 21824K,   0% used [0x00000007a6ab0000, 0x00000007a6ab0000, 0x00000007a8000000)
 concurrent mark-sweep generation total 393216K, used 0K [0x00000007a8000000, 0x00000007c0000000, 0x00000007c0000000)
 Metaspace       used 22897K, capacity 23315K, committed 23748K, reserved 1071104K
  class space    used 2717K, capacity 2896K, committed 3016K, reserved 1048576K
}
2017-03-13T04:25:52.739+0800: 2.728: Total time for which application threads were stopped: 0.0100083 seconds, Stopping threads took: 0.0001222 seconds
2017-03-13T04:25:52.739+0800: 2.728: [GC (CMS Initial Mark) [1 CMS-initial-mark: 0K(393216K)] 15461K(502464K), 0.0026900 secs] [Times: user=0.00 sys=0.00, real=0.01 secs] 
2017-03-13T04:25:52.741+0800: 2.731: Total time for which application threads were stopped: 0.0028637 seconds, Stopping threads took: 0.0000637 seconds
2017-03-13T04:25:52.742+0800: 2.731: [CMS-concurrent-mark-start]
2017-03-13T04:25:52.743+0800: 2.733: [CMS-concurrent-mark: 0.002/0.002 secs] [Times: user=0.01 sys=0.00, real=0.00 secs] 
2017-03-13T04:25:52.743+0800: 2.733: [CMS-concurrent-preclean-start]
2017-03-13T04:25:52.744+0800: 2.734: [CMS-concurrent-preclean: 0.001/0.001 secs] [Times: user=0.01 sys=0.00, real=0.00 secs] 
2017-03-13T04:25:52.744+0800: 2.734: [CMS-concurrent-abortable-preclean-start]
2017-03-13T04:25:52.766+0800: 2.756: Total time for which application threads were stopped: 0.0004805 seconds, Stopping threads took: 0.0000217 seconds
2017-03-13T04:25:52.899+0800: 2.889: Total time for which application threads were stopped: 0.0001483 seconds, Stopping threads took: 0.0000177 seconds
2017-03-13T04:25:52.899+0800: 2.889: [CMS-concurrent-abortable-preclean: 0.063/0.155 secs] [Times: user=0.94 sys=0.04, real=0.15 secs] 
2017-03-13T04:25:52.899+0800: 2.889: [GC (CMS Final Remark) [YG occupancy: 72259 K (109248 K)]{Heap before GC invocations=2 (full 1):
 par new generation   total 109248K, used 72259K [0x00000007a0000000, 0x00000007a8000000, 0x00000007a8000000)
  eden space 87424K,  66% used [0x00000007a0000000, 0x00000007a38879d8, 0x00000007a5560000)
  from space 21824K,  65% used [0x00000007a5560000, 0x00000007a6369240, 0x00000007a6ab0000)
  to   space 21824K,   0% used [0x00000007a6ab0000, 0x00000007a6ab0000, 0x00000007a8000000)
 concurrent mark-sweep generation total 393216K, used 0K [0x00000007a8000000, 0x00000007c0000000, 0x00000007c0000000)
 Metaspace       used 23408K, capacity 23839K, committed 24208K, reserved 1071104K
  class space    used 2774K, capacity 2946K, committed 3016K, reserved 1048576K
2017-03-13T04:25:52.900+0800: 2.889: [GC (CMS Final Remark) 2017-03-13T04:25:52.900+0800: 2.889: [ParNew
Desired survivor size 20112992 bytes, new threshold 8 (max 8)
- age   1:    2369552 bytes,    2369552 total
- age   2:    2670440 bytes,    5039992 total
- age   3:    5436792 bytes,   10476784 total
: 72259K->15276K(109248K), 0.0096628 secs] 72259K->15276K(502464K), 0.0097088 secs] [Times: user=0.05 sys=0.00, real=0.00 secs] 
Heap after GC invocations=3 (full 1):
 par new generation   total 109248K, used 15276K [0x00000007a0000000, 0x00000007a8000000, 0x00000007a8000000)
  eden space 87424K,   0% used [0x00000007a0000000, 0x00000007a0000000, 0x00000007a5560000)
  from space 21824K,  69% used [0x00000007a6ab0000, 0x00000007a799b0c0, 0x00000007a8000000)
  to   space 21824K,   0% used [0x00000007a5560000, 0x00000007a5560000, 0x00000007a6ab0000)
 concurrent mark-sweep generation total 393216K, used 0K [0x00000007a8000000, 0x00000007c0000000, 0x00000007c0000000)
 Metaspace       used 23408K, capacity 23839K, committed 24208K, reserved 1071104K
  class space    used 2774K, capacity 2946K, committed 3016K, reserved 1048576K
}
2017-03-13T04:25:52.909+0800: 2.899: [Rescan (parallel) , 0.0025303 secs]2017-03-13T04:25:52.912+0800: 2.901: [weak refs processing, 0.0005713 secs]2017-03-13T04:25:52.912+0800: 2.902: [class unloading, 0.0036933 secs]2017-03-13T04:25:52.916+0800: 2.906: [scrub symbol table, 0.0026325 secs]2017-03-13T04:25:52.919+0800: 2.908: [scrub string table, 0.0003139 secs][1 CMS-remark: 0K(393216K)] 15276K(502464K), 0.0205533 secs] [Times: user=0.07 sys=0.00, real=0.03 secs] 
2017-03-13T04:25:52.920+0800: 2.909: Total time for which application threads were stopped: 0.0207138 seconds, Stopping threads took: 0.0000881 seconds
2017-03-13T04:25:52.920+0800: 2.910: [CMS-concurrent-sweep-start]
2017-03-13T04:25:52.920+0800: 2.910: [CMS-concurrent-sweep: 0.000/0.000 secs] [Times: user=0.00 sys=0.00, real=0.00 secs] 
2017-03-13T04:25:52.920+0800: 2.910: [CMS-concurrent-reset-start]
2017-03-13T04:25:52.924+0800: 2.913: [CMS-concurrent-reset: 0.003/0.003 secs] [Times: user=0.01 sys=0.00, real=0.00 secs] 
{Heap before GC invocations=3 (full 1):
 par new generation   total 109248K, used 102700K [0x00000007a0000000, 0x00000007a8000000, 0x00000007a8000000)
  eden space 87424K, 100% used [0x00000007a0000000, 0x00000007a5560000, 0x00000007a5560000)
  from space 21824K,  69% used [0x00000007a6ab0000, 0x00000007a799b0c0, 0x00000007a8000000)
  to   space 21824K,   0% used [0x00000007a5560000, 0x00000007a5560000, 0x00000007a6ab0000)
 concurrent mark-sweep generation total 393216K, used 0K [0x00000007a8000000, 0x00000007c0000000, 0x00000007c0000000)
 Metaspace       used 24080K, capacity 24459K, committed 24848K, reserved 1071104K
  class space    used 2876K, capacity 3044K, committed 3144K, reserved 1048576K
2017-03-13T04:25:53.025+0800: 3.014: [GC (Allocation Failure) 2017-03-13T04:25:53.025+0800: 3.014: [ParNew
Desired survivor size 20112992 bytes, new threshold 8 (max 8)
- age   1:    1347384 bytes,    1347384 total
- age   2:    1951904 bytes,    3299288 total
- age   3:    2662344 bytes,    5961632 total
- age   4:    5435560 bytes,   11397192 total
: 102700K->12764K(109248K), 0.0089541 secs] 102700K->12764K(502464K), 0.0090191 secs] [Times: user=0.04 sys=0.00, real=0.01 secs] 
Heap after GC invocations=4 (full 1):
 par new generation   total 109248K, used 12764K [0x00000007a0000000, 0x00000007a8000000, 0x00000007a8000000)
  eden space 87424K,   0% used [0x00000007a0000000, 0x00000007a0000000, 0x00000007a5560000)
  from space 21824K,  58% used [0x00000007a5560000, 0x00000007a61d72c0, 0x00000007a6ab0000)
  to   space 21824K,   0% used [0x00000007a6ab0000, 0x00000007a6ab0000, 0x00000007a8000000)
 concurrent mark-sweep generation total 393216K, used 0K [0x00000007a8000000, 0x00000007c0000000, 0x00000007c0000000)
 Metaspace       used 24080K, capacity 24459K, committed 24848K, reserved 1071104K
  class space    used 2876K, capacity 3044K, committed 3144K, reserved 1048576K
}
2017-03-13T04:25:53.034+0800: 3.023: Total time for which application threads were stopped: 0.0092897 seconds, Stopping threads took: 0.0000668 seconds
{Heap before GC invocations=4 (full 1):
 par new generation   total 109248K, used 100188K [0x00000007a0000000, 0x00000007a8000000, 0x00000007a8000000)
  eden space 87424K, 100% used [0x00000007a0000000, 0x00000007a5560000, 0x00000007a5560000)
  from space 21824K,  58% used [0x00000007a5560000, 0x00000007a61d72c0, 0x00000007a6ab0000)
  to   space 21824K,   0% used [0x00000007a6ab0000, 0x00000007a6ab0000, 0x00000007a8000000)
 concurrent mark-sweep generation total 393216K, used 0K [0x00000007a8000000, 0x00000007c0000000, 0x00000007c0000000)
 Metaspace       used 24227K, capacity 24681K, committed 24848K, reserved 1071104K
  class space    used 2898K, capacity 3049K, committed 3144K, reserved 1048576K
2017-03-13T04:25:53.078+0800: 3.068: [GC (Allocation Failure) 2017-03-13T04:25:53.078+0800: 3.068: [ParNew
Desired survivor size 20112992 bytes, new threshold 8 (max 8)
- age   1:     614256 bytes,     614256 total
- age   2:     282528 bytes,     896784 total
- age   3:    1951792 bytes,    2848576 total
- age   4:    2662336 bytes,    5510912 total
- age   5:    5437312 bytes,   10948224 total
: 100188K->17400K(109248K), 0.0073884 secs] 100188K->17400K(502464K), 0.0074493 secs] [Times: user=0.03 sys=0.00, real=0.01 secs] 
Heap after GC invocations=5 (full 1):
 par new generation   total 109248K, used 17400K [0x00000007a0000000, 0x00000007a8000000, 0x00000007a8000000)
  eden space 87424K,   0% used [0x00000007a0000000, 0x00000007a0000000, 0x00000007a5560000)
  from space 21824K,  79% used [0x00000007a6ab0000, 0x00000007a7bae0c8, 0x00000007a8000000)
  to   space 21824K,   0% used [0x00000007a5560000, 0x00000007a5560000, 0x00000007a6ab0000)
 concurrent mark-sweep generation total 393216K, used 0K [0x00000007a8000000, 0x00000007c0000000, 0x00000007c0000000)
 Metaspace       used 24227K, capacity 24681K, committed 24848K, reserved 1071104K
  class space    used 2898K, capacity 3049K, committed 3144K, reserved 1048576K
}
2017-03-13T04:25:53.086+0800: 3.075: Total time for which application threads were stopped: 0.0076917 seconds, Stopping threads took: 0.0000837 seconds
{Heap before GC invocations=5 (full 1):
 par new generation   total 109248K, used 104824K [0x00000007a0000000, 0x00000007a8000000, 0x00000007a8000000)
  eden space 87424K, 100% used [0x00000007a0000000, 0x00000007a5560000, 0x00000007a5560000)
  from space 21824K,  79% used [0x00000007a6ab0000, 0x00000007a7bae0c8, 0x00000007a8000000)
  to   space 21824K,   0% used [0x00000007a5560000, 0x00000007a5560000, 0x00000007a6ab0000)
 concurrent mark-sweep generation total 393216K, used 0K [0x00000007a8000000, 0x00000007c0000000, 0x00000007c0000000)
 Metaspace       used 24335K, capacity 24777K, committed 25104K, reserved 1071104K
  class space    used 2911K, capacity 3081K, committed 3144K, reserved 1048576K
2017-03-13T04:25:53.130+0800: 3.119: [GC (Allocation Failure) 2017-03-13T04:25:53.130+0800: 3.119: [ParNew
Desired survivor size 20112992 bytes, new threshold 8 (max 8)
- age   1:    1267912 bytes,    1267912 total
- age   2:      99688 bytes,    1367600 total
- age   3:     282200 bytes,    1649800 total
- age   4:    1951776 bytes,    3601576 total
- age   5:    2661880 bytes,    6263456 total
- age   6:    5435248 bytes,   11698704 total
: 104824K->14184K(109248K), 0.0092464 secs] 104824K->14184K(502464K), 0.0093341 secs] [Times: user=0.04 sys=0.00, real=0.00 secs] 
Heap after GC invocations=6 (full 1):
 par new generation   total 109248K, used 14184K [0x00000007a0000000, 0x00000007a8000000, 0x00000007a8000000)
  eden space 87424K,   0% used [0x00000007a0000000, 0x00000007a0000000, 0x00000007a5560000)
  from space 21824K,  64% used [0x00000007a5560000, 0x00000007a633a2b0, 0x00000007a6ab0000)
  to   space 21824K,   0% used [0x00000007a6ab0000, 0x00000007a6ab0000, 0x00000007a8000000)
 concurrent mark-sweep generation total 393216K, used 0K [0x00000007a8000000, 0x00000007c0000000, 0x00000007c0000000)
 Metaspace       used 24335K, capacity 24777K, committed 25104K, reserved 1071104K
  class space    used 2911K, capacity 3081K, committed 3144K, reserved 1048576K
}
2017-03-13T04:25:53.139+0800: 3.129: Total time for which application threads were stopped: 0.0095978 seconds, Stopping threads took: 0.0000999 seconds
{Heap before GC invocations=6 (full 1):
 par new generation   total 109248K, used 101608K [0x00000007a0000000, 0x00000007a8000000, 0x00000007a8000000)
  eden space 87424K, 100% used [0x00000007a0000000, 0x00000007a5560000, 0x00000007a5560000)
  from space 21824K,  64% used [0x00000007a5560000, 0x00000007a633a2b0, 0x00000007a6ab0000)
  to   space 21824K,   0% used [0x00000007a6ab0000, 0x00000007a6ab0000, 0x00000007a8000000)
 concurrent mark-sweep generation total 393216K, used 0K [0x00000007a8000000, 0x00000007c0000000, 0x00000007c0000000)
 Metaspace       used 24508K, capacity 24911K, committed 25104K, reserved 1071104K
  class space    used 2931K, capacity 3082K, committed 3144K, reserved 1048576K
2017-03-13T04:25:53.187+0800: 3.176: [GC (Allocation Failure) 2017-03-13T04:25:53.187+0800: 3.176: [ParNew
Desired survivor size 20112992 bytes, new threshold 8 (max 8)
- age   1:     692296 bytes,     692296 total
- age   2:     136816 bytes,     829112 total
- age   3:      98144 bytes,     927256 total
- age   4:     282296 bytes,    1209552 total
- age   5:    1951280 bytes,    3160832 total
- age   6:    2661768 bytes,    5822600 total
- age   7:    5435952 bytes,   11258552 total
: 101608K->17251K(109248K), 0.0080364 secs] 101608K->17251K(502464K), 0.0081245 secs] [Times: user=0.03 sys=0.00, real=0.01 secs] 
Heap after GC invocations=7 (full 1):
 par new generation   total 109248K, used 17251K [0x00000007a0000000, 0x00000007a8000000, 0x00000007a8000000)
  eden space 87424K,   0% used [0x00000007a0000000, 0x00000007a0000000, 0x00000007a5560000)
  from space 21824K,  79% used [0x00000007a6ab0000, 0x00000007a7b88d20, 0x00000007a8000000)
  to   space 21824K,   0% used [0x00000007a5560000, 0x00000007a5560000, 0x00000007a6ab0000)
 concurrent mark-sweep generation total 393216K, used 0K [0x00000007a8000000, 0x00000007c0000000, 0x00000007c0000000)
 Metaspace       used 24508K, capacity 24911K, committed 25104K, reserved 1071104K
  class space    used 2931K, capacity 3082K, committed 3144K, reserved 1048576K
}
2017-03-13T04:25:53.195+0800: 3.185: Total time for which application threads were stopped: 0.0083869 seconds, Stopping threads took: 0.0000984 seconds
2017-03-13T04:25:53.281+0800: 3.270: Total time for which application threads were stopped: 0.0003604 seconds, Stopping threads took: 0.0000170 seconds
2017-03-13T04:25:53.343+0800: 3.332: Total time for which application threads were stopped: 0.0004016 seconds, Stopping threads took: 0.0000488 seconds
{Heap before GC invocations=7 (full 1):
 par new generation   total 109248K, used 104675K [0x00000007a0000000, 0x00000007a8000000, 0x00000007a8000000)
  eden space 87424K, 100% used [0x00000007a0000000, 0x00000007a5560000, 0x00000007a5560000)
  from space 21824K,  79% used [0x00000007a6ab0000, 0x00000007a7b88d20, 0x00000007a8000000)
  to   space 21824K,   0% used [0x00000007a5560000, 0x00000007a5560000, 0x00000007a6ab0000)
 concurrent mark-sweep generation total 393216K, used 0K [0x00000007a8000000, 0x00000007c0000000, 0x00000007c0000000)
 Metaspace       used 25827K, capacity 26269K, committed 26640K, reserved 1073152K
  class space    used 3079K, capacity 3281K, committed 3400K, reserved 1048576K
2017-03-13T04:25:53.398+0800: 3.388: [GC (Allocation Failure) 2017-03-13T04:25:53.398+0800: 3.388: [ParNew
Desired survivor size 20112992 bytes, new threshold 8 (max 8)
- age   1:    2511336 bytes,    2511336 total
- age   2:     115024 bytes,    2626360 total
- age   3:     135872 bytes,    2762232 total
- age   4:      96728 bytes,    2858960 total
- age   5:     273664 bytes,    3132624 total
- age   6:    1949072 bytes,    5081696 total
- age   7:    2644472 bytes,    7726168 total
- age   8:    5431720 bytes,   13157888 total
: 104675K->16941K(109248K), 0.0112397 secs] 104675K->16941K(502464K), 0.0112965 secs] [Times: user=0.04 sys=0.01, real=0.02 secs] 
Heap after GC invocations=8 (full 1):
 par new generation   total 109248K, used 16941K [0x00000007a0000000, 0x00000007a8000000, 0x00000007a8000000)
  eden space 87424K,   0% used [0x00000007a0000000, 0x00000007a0000000, 0x00000007a5560000)
  from space 21824K,  77% used [0x00000007a5560000, 0x00000007a65eb7c8, 0x00000007a6ab0000)
  to   space 21824K,   0% used [0x00000007a6ab0000, 0x00000007a6ab0000, 0x00000007a8000000)
 concurrent mark-sweep generation total 393216K, used 0K [0x00000007a8000000, 0x00000007c0000000, 0x00000007c0000000)
 Metaspace       used 25827K, capacity 26269K, committed 26640K, reserved 1073152K
  class space    used 3079K, capacity 3281K, committed 3400K, reserved 1048576K
}
2017-03-13T04:25:53.410+0800: 3.399: Total time for which application threads were stopped: 0.0115670 seconds, Stopping threads took: 0.0000727 seconds
2017-03-13T04:25:53.540+0800: 3.530: Total time for which application threads were stopped: 0.0004339 seconds, Stopping threads took: 0.0000182 seconds
2017-03-13T04:25:53.569+0800: 3.559: Total time for which application threads were stopped: 0.0003726 seconds, Stopping threads took: 0.0000177 seconds
2017-03-13T04:25:53.587+0800: 3.576: Total time for which application threads were stopped: 0.0003560 seconds, Stopping threads took: 0.0000161 seconds
{Heap before GC invocations=8 (full 1):
 par new generation   total 109248K, used 104365K [0x00000007a0000000, 0x00000007a8000000, 0x00000007a8000000)
  eden space 87424K, 100% used [0x00000007a0000000, 0x00000007a5560000, 0x00000007a5560000)
  from space 21824K,  77% used [0x00000007a5560000, 0x00000007a65eb7c8, 0x00000007a6ab0000)
  to   space 21824K,   0% used [0x00000007a6ab0000, 0x00000007a6ab0000, 0x00000007a8000000)
 concurrent mark-sweep generation total 393216K, used 0K [0x00000007a8000000, 0x00000007c0000000, 0x00000007c0000000)
 Metaspace       used 28668K, capacity 29161K, committed 29328K, reserved 1075200K
  class space    used 3464K, capacity 3663K, committed 3784K, reserved 1048576K
2017-03-13T04:25:53.796+0800: 3.786: [GC (Allocation Failure) 2017-03-13T04:25:53.797+0800: 3.786: [ParNew
Desired survivor size 20112992 bytes, new threshold 8 (max 8)
- age   1:    4795360 bytes,    4795360 total
- age   2:     536872 bytes,    5332232 total
- age   3:     115024 bytes,    5447256 total
- age   4:     135816 bytes,    5583072 total
- age   5:      96728 bytes,    5679800 total
- age   6:     263216 bytes,    5943016 total
- age   7:     324032 bytes,    6267048 total
- age   8:    2640992 bytes,    8908040 total
: 104365K->12243K(109248K), 0.0341871 secs] 104365K->17628K(502464K), 0.0342785 secs] [Times: user=0.13 sys=0.02, real=0.04 secs] 
Heap after GC invocations=9 (full 1):
 par new generation   total 109248K, used 12243K [0x00000007a0000000, 0x00000007a8000000, 0x00000007a8000000)
  eden space 87424K,   0% used [0x00000007a0000000, 0x00000007a0000000, 0x00000007a5560000)
  from space 21824K,  56% used [0x00000007a6ab0000, 0x00000007a76a4dc0, 0x00000007a8000000)
  to   space 21824K,   0% used [0x00000007a5560000, 0x00000007a5560000, 0x00000007a6ab0000)
 concurrent mark-sweep generation total 393216K, used 5384K [0x00000007a8000000, 0x00000007c0000000, 0x00000007c0000000)
 Metaspace       used 28668K, capacity 29161K, committed 29328K, reserved 1075200K
  class space    used 3464K, capacity 3663K, committed 3784K, reserved 1048576K
}
2017-03-13T04:25:53.831+0800: 3.820: Total time for which application threads were stopped: 0.0345318 seconds, Stopping threads took: 0.0000745 seconds
2017-03-13T04:25:54.073+0800: 4.062: Total time for which application threads were stopped: 0.0005759 seconds, Stopping threads took: 0.0000208 seconds
2017-03-13T04:25:54.125+0800: 4.114: Total time for which application threads were stopped: 0.0004193 seconds, Stopping threads took: 0.0000212 seconds
2017-03-13T04:25:54.131+0800: 4.120: Total time for which application threads were stopped: 0.0002247 seconds, Stopping threads took: 0.0001265 seconds
2017-03-13T04:25:54.131+0800: 4.121: Total time for which application threads were stopped: 0.0000938 seconds, Stopping threads took: 0.0000123 seconds
2017-03-13T04:25:54.137+0800: 4.126: Total time for which application threads were stopped: 0.0001360 seconds, Stopping threads took: 0.0000188 seconds
2017-03-13T04:25:54.138+0800: 4.127: Total time for which application threads were stopped: 0.0003998 seconds, Stopping threads took: 0.0000277 seconds
2017-03-13T04:25:54.141+0800: 4.130: Total time for which application threads were stopped: 0.0001767 seconds, Stopping threads took: 0.0000559 seconds
2017-03-13T04:25:54.142+0800: 4.131: Total time for which application threads were stopped: 0.0001397 seconds, Stopping threads took: 0.0000323 seconds
2017-03-13T04:25:54.145+0800: 4.135: Total time for which application threads were stopped: 0.0001073 seconds, Stopping threads took: 0.0000194 seconds
2017-03-13T04:25:54.146+0800: 4.136: Total time for which application threads were stopped: 0.0001096 seconds, Stopping threads took: 0.0000354 seconds
2017-03-13T04:25:54.148+0800: 4.137: Total time for which application threads were stopped: 0.0001287 seconds, Stopping threads took: 0.0000360 seconds
2017-03-13T04:25:54.155+0800: 4.145: Total time for which application threads were stopped: 0.0001408 seconds, Stopping threads took: 0.0000291 seconds
2017-03-13T04:25:54.156+0800: 4.145: Total time for which application threads were stopped: 0.0001869 seconds, Stopping threads took: 0.0000815 seconds
2017-03-13T04:25:54.157+0800: 4.146: Total time for which application threads were stopped: 0.0001357 seconds, Stopping threads took: 0.0000336 seconds
2017-03-13T04:25:54.157+0800: 4.147: Total time for which application threads were stopped: 0.0001187 seconds, Stopping threads took: 0.0000540 seconds
2017-03-13T04:25:54.162+0800: 4.152: Total time for which application threads were stopped: 0.0001818 seconds, Stopping threads took: 0.0000496 seconds
2017-03-13T04:25:54.164+0800: 4.153: Total time for which application threads were stopped: 0.0001005 seconds, Stopping threads took: 0.0000147 seconds
2017-03-13T04:25:54.167+0800: 4.157: Total time for which application threads were stopped: 0.0001413 seconds, Stopping threads took: 0.0000572 seconds
2017-03-13T04:25:54.168+0800: 4.158: Total time for which application threads were stopped: 0.0000882 seconds, Stopping threads took: 0.0000182 seconds
2017-03-13T04:25:54.171+0800: 4.160: Total time for which application threads were stopped: 0.0001201 seconds, Stopping threads took: 0.0000355 seconds
2017-03-13T04:25:54.174+0800: 4.163: Total time for which application threads were stopped: 0.0001987 seconds, Stopping threads took: 0.0000416 seconds
2017-03-13T04:25:54.174+0800: 4.163: Total time for which application threads were stopped: 0.0001161 seconds, Stopping threads took: 0.0000535 seconds
2017-03-13T04:25:54.174+0800: 4.164: Total time for which application threads were stopped: 0.0001831 seconds, Stopping threads took: 0.0000584 seconds
2017-03-13T04:25:54.177+0800: 4.166: Total time for which application threads were stopped: 0.0001750 seconds, Stopping threads took: 0.0000644 seconds
2017-03-13T04:25:54.179+0800: 4.168: Total time for which application threads were stopped: 0.0004508 seconds, Stopping threads took: 0.0000315 seconds
2017-03-13T04:25:54.180+0800: 4.169: Total time for which application threads were stopped: 0.0001313 seconds, Stopping threads took: 0.0000548 seconds
2017-03-13T04:25:54.181+0800: 4.170: Total time for which application threads were stopped: 0.0001005 seconds, Stopping threads took: 0.0000345 seconds
2017-03-13T04:25:54.181+0800: 4.171: Total time for which application threads were stopped: 0.0000989 seconds, Stopping threads took: 0.0000344 seconds
2017-03-13T04:25:54.183+0800: 4.172: Total time for which application threads were stopped: 0.0001234 seconds, Stopping threads took: 0.0000349 seconds
2017-03-13T04:25:54.196+0800: 4.185: Total time for which application threads were stopped: 0.0001089 seconds, Stopping threads took: 0.0000195 seconds
2017-03-13T04:25:54.203+0800: 4.193: Total time for which application threads were stopped: 0.0001371 seconds, Stopping threads took: 0.0000403 seconds
2017-03-13T04:25:54.204+0800: 4.193: Total time for which application threads were stopped: 0.0000854 seconds, Stopping threads took: 0.0000128 seconds
2017-03-13T04:25:54.205+0800: 4.194: Total time for which application threads were stopped: 0.0001021 seconds, Stopping threads took: 0.0000126 seconds
2017-03-13T04:25:54.205+0800: 4.195: Total time for which application threads were stopped: 0.0000788 seconds, Stopping threads took: 0.0000154 seconds
2017-03-13T04:25:54.207+0800: 4.196: Total time for which application threads were stopped: 0.0001763 seconds, Stopping threads took: 0.0000873 seconds
2017-03-13T04:25:54.207+0800: 4.197: Total time for which application threads were stopped: 0.0000924 seconds, Stopping threads took: 0.0000325 seconds
2017-03-13T04:25:54.208+0800: 4.197: Total time for which application threads were stopped: 0.0000823 seconds, Stopping threads took: 0.0000248 seconds
2017-03-13T04:25:54.208+0800: 4.197: Total time for which application threads were stopped: 0.0000922 seconds, Stopping threads took: 0.0000429 seconds
2017-03-13T04:25:54.208+0800: 4.197: Total time for which application threads were stopped: 0.0000848 seconds, Stopping threads took: 0.0000345 seconds
2017-03-13T04:25:54.208+0800: 4.197: Total time for which application threads were stopped: 0.0001051 seconds, Stopping threads took: 0.0000515 seconds
2017-03-13T04:25:54.208+0800: 4.198: Total time for which application threads were stopped: 0.0001878 seconds, Stopping threads took: 0.0000447 seconds
2017-03-13T04:25:54.209+0800: 4.198: Total time for which application threads were stopped: 0.0000819 seconds, Stopping threads took: 0.0000306 seconds
2017-03-13T04:25:54.209+0800: 4.198: Total time for which application threads were stopped: 0.0000707 seconds, Stopping threads took: 0.0000104 seconds
2017-03-13T04:25:54.209+0800: 4.198: Total time for which application threads were stopped: 0.0000992 seconds, Stopping threads took: 0.0000408 seconds
2017-03-13T04:25:54.209+0800: 4.199: Total time for which application threads were stopped: 0.0001024 seconds, Stopping threads took: 0.0000538 seconds
2017-03-13T04:25:54.209+0800: 4.199: Total time for which application threads were stopped: 0.0000994 seconds, Stopping threads took: 0.0000502 seconds
2017-03-13T04:25:54.209+0800: 4.199: Total time for which application threads were stopped: 0.0000732 seconds, Stopping threads took: 0.0000202 seconds
2017-03-13T04:25:54.210+0800: 4.199: Total time for which application threads were stopped: 0.0000956 seconds, Stopping threads took: 0.0000411 seconds
2017-03-13T04:25:54.210+0800: 4.199: Total time for which application threads were stopped: 0.0002060 seconds, Stopping threads took: 0.0001062 seconds
2017-03-13T04:25:54.210+0800: 4.200: Total time for which application threads were stopped: 0.0002462 seconds, Stopping threads took: 0.0000349 seconds
2017-03-13T04:25:54.211+0800: 4.201: Total time for which application threads were stopped: 0.0001500 seconds, Stopping threads took: 0.0000601 seconds
2017-03-13T04:25:54.212+0800: 4.202: Total time for which application threads were stopped: 0.0000955 seconds, Stopping threads took: 0.0000268 seconds
2017-03-13T04:25:54.212+0800: 4.202: Total time for which application threads were stopped: 0.0000713 seconds, Stopping threads took: 0.0000162 seconds
2017-03-13T04:25:54.213+0800: 4.202: Total time for which application threads were stopped: 0.0001036 seconds, Stopping threads took: 0.0000518 seconds
2017-03-13T04:25:54.213+0800: 4.202: Total time for which application threads were stopped: 0.0000923 seconds, Stopping threads took: 0.0000336 seconds
2017-03-13T04:25:54.213+0800: 4.202: Total time for which application threads were stopped: 0.0001001 seconds, Stopping threads took: 0.0000491 seconds
2017-03-13T04:25:54.213+0800: 4.203: Total time for which application threads were stopped: 0.0000808 seconds, Stopping threads took: 0.0000358 seconds
2017-03-13T04:25:54.213+0800: 4.203: Total time for which application threads were stopped: 0.0000793 seconds, Stopping threads took: 0.0000243 seconds
2017-03-13T04:25:54.214+0800: 4.203: Total time for which application threads were stopped: 0.0001031 seconds, Stopping threads took: 0.0000488 seconds
2017-03-13T04:25:54.214+0800: 4.203: Total time for which application threads were stopped: 0.0001051 seconds, Stopping threads took: 0.0000517 seconds
2017-03-13T04:25:54.214+0800: 4.203: Total time for which application threads were stopped: 0.0000943 seconds, Stopping threads took: 0.0000416 seconds
2017-03-13T04:25:54.214+0800: 4.204: Total time for which application threads were stopped: 0.0000878 seconds, Stopping threads took: 0.0000331 seconds
2017-03-13T04:25:54.215+0800: 4.204: Total time for which application threads were stopped: 0.0000929 seconds, Stopping threads took: 0.0000437 seconds
2017-03-13T04:25:54.215+0800: 4.204: Total time for which application threads were stopped: 0.0001475 seconds, Stopping threads took: 0.0000896 seconds
2017-03-13T04:25:54.215+0800: 4.204: Total time for which application threads were stopped: 0.0000776 seconds, Stopping threads took: 0.0000252 seconds
2017-03-13T04:25:54.215+0800: 4.205: Total time for which application threads were stopped: 0.0000951 seconds, Stopping threads took: 0.0000500 seconds
2017-03-13T04:25:54.215+0800: 4.205: Total time for which application threads were stopped: 0.0000695 seconds, Stopping threads took: 0.0000178 seconds
2017-03-13T04:25:54.216+0800: 4.205: Total time for which application threads were stopped: 0.0000824 seconds, Stopping threads took: 0.0000346 seconds
2017-03-13T04:25:54.216+0800: 4.205: Total time for which application threads were stopped: 0.0000615 seconds, Stopping threads took: 0.0000162 seconds
2017-03-13T04:25:54.216+0800: 4.205: Total time for which application threads were stopped: 0.0001687 seconds, Stopping threads took: 0.0000102 seconds
2017-03-13T04:25:54.220+0800: 4.210: Total time for which application threads were stopped: 0.0001255 seconds, Stopping threads took: 0.0000493 seconds
{Heap before GC invocations=9 (full 1):
 par new generation   total 109248K, used 99667K [0x00000007a0000000, 0x00000007a8000000, 0x00000007a8000000)
  eden space 87424K, 100% used [0x00000007a0000000, 0x00000007a5560000, 0x00000007a5560000)
  from space 21824K,  56% used [0x00000007a6ab0000, 0x00000007a76a4dc0, 0x00000007a8000000)
  to   space 21824K,   0% used [0x00000007a5560000, 0x00000007a5560000, 0x00000007a6ab0000)
 concurrent mark-sweep generation total 393216K, used 5384K [0x00000007a8000000, 0x00000007c0000000, 0x00000007c0000000)
 Metaspace       used 31224K, capacity 31925K, committed 32144K, reserved 1077248K
  class space    used 3727K, capacity 3965K, committed 4040K, reserved 1048576K
2017-03-13T04:25:54.232+0800: 4.222: [GC (Allocation Failure) 2017-03-13T04:25:54.232+0800: 4.222: [ParNew
Desired survivor size 20112992 bytes, new threshold 8 (max 8)
- age   1:    9399408 bytes,    9399408 total
- age   2:    2315504 bytes,   11714912 total
- age   3:     516992 bytes,   12231904 total
- age   4:     114704 bytes,   12346608 total
- age   5:     134840 bytes,   12481448 total
- age   6:      96280 bytes,   12577728 total
- age   7:     260688 bytes,   12838416 total
- age   8:     323024 bytes,   13161440 total
: 99667K->15576K(109248K), 0.0162280 secs] 105052K->23774K(502464K), 0.0162921 secs] [Times: user=0.08 sys=0.01, real=0.01 secs] 
Heap after GC invocations=10 (full 1):
 par new generation   total 109248K, used 15576K [0x00000007a0000000, 0x00000007a8000000, 0x00000007a8000000)
  eden space 87424K,   0% used [0x00000007a0000000, 0x00000007a0000000, 0x00000007a5560000)
  from space 21824K,  71% used [0x00000007a5560000, 0x00000007a6496088, 0x00000007a6ab0000)
  to   space 21824K,   0% used [0x00000007a6ab0000, 0x00000007a6ab0000, 0x00000007a8000000)
 concurrent mark-sweep generation total 393216K, used 8197K [0x00000007a8000000, 0x00000007c0000000, 0x00000007c0000000)
 Metaspace       used 31224K, capacity 31925K, committed 32144K, reserved 1077248K
  class space    used 3727K, capacity 3965K, committed 4040K, reserved 1048576K
}
2017-03-13T04:25:54.249+0800: 4.238: Total time for which application threads were stopped: 0.0166015 seconds, Stopping threads took: 0.0000493 seconds
2017-03-13T04:25:54.250+0800: 4.239: Total time for which application threads were stopped: 0.0002457 seconds, Stopping threads took: 0.0001559 seconds
2017-03-13T04:25:54.250+0800: 4.240: Total time for which application threads were stopped: 0.0001402 seconds, Stopping threads took: 0.0000782 seconds
2017-03-13T04:25:54.250+0800: 4.240: Total time for which application threads were stopped: 0.0001420 seconds, Stopping threads took: 0.0000864 seconds
{Heap before GC invocations=10 (full 1):
 par new generation   total 109248K, used 103000K [0x00000007a0000000, 0x00000007a8000000, 0x00000007a8000000)
  eden space 87424K, 100% used [0x00000007a0000000, 0x00000007a5560000, 0x00000007a5560000)
  from space 21824K,  71% used [0x00000007a5560000, 0x00000007a6496088, 0x00000007a6ab0000)
  to   space 21824K,   0% used [0x00000007a6ab0000, 0x00000007a6ab0000, 0x00000007a8000000)
 concurrent mark-sweep generation total 393216K, used 8197K [0x00000007a8000000, 0x00000007c0000000, 0x00000007c0000000)
 Metaspace       used 31824K, capacity 32579K, committed 32784K, reserved 1077248K
  class space    used 3804K, capacity 4048K, committed 4168K, reserved 1048576K
2017-03-13T04:25:54.389+0800: 4.378: [GC (Allocation Failure) 2017-03-13T04:25:54.389+0800: 4.378: [ParNew
Desired survivor size 20112992 bytes, new threshold 8 (max 8)
- age   1:    3832736 bytes,    3832736 total
- age   2:    7378600 bytes,   11211336 total
- age   3:    2299720 bytes,   13511056 total
- age   4:     516744 bytes,   14027800 total
- age   5:     114704 bytes,   14142504 total
- age   6:     134840 bytes,   14277344 total
- age   7:      96304 bytes,   14373648 total
- age   8:     260472 bytes,   14634120 total
: 103000K->18965K(109248K), 0.0134797 secs] 111198K->27482K(502464K), 0.0135722 secs] [Times: user=0.07 sys=0.00, real=0.02 secs] 
Heap after GC invocations=11 (full 1):
 par new generation   total 109248K, used 18965K [0x00000007a0000000, 0x00000007a8000000, 0x00000007a8000000)
  eden space 87424K,   0% used [0x00000007a0000000, 0x00000007a0000000, 0x00000007a5560000)
  from space 21824K,  86% used [0x00000007a6ab0000, 0x00000007a7d354f8, 0x00000007a8000000)
  to   space 21824K,   0% used [0x00000007a5560000, 0x00000007a5560000, 0x00000007a6ab0000)
 concurrent mark-sweep generation total 393216K, used 8516K [0x00000007a8000000, 0x00000007c0000000, 0x00000007c0000000)
 Metaspace       used 31824K, capacity 32579K, committed 32784K, reserved 1077248K
  class space    used 3804K, capacity 4048K, committed 4168K, reserved 1048576K
}
2017-03-13T04:25:54.402+0800: 4.392: Total time for which application threads were stopped: 0.0139234 seconds, Stopping threads took: 0.0000639 seconds
2017-03-13T04:25:54.403+0800: 4.392: Total time for which application threads were stopped: 0.0001722 seconds, Stopping threads took: 0.0000577 seconds
2017-03-13T04:25:54.403+0800: 4.393: Total time for which application threads were stopped: 0.0001839 seconds, Stopping threads took: 0.0001139 seconds
2017-03-13T04:25:54.403+0800: 4.393: Total time for which application threads were stopped: 0.0001317 seconds, Stopping threads took: 0.0000784 seconds
{Heap before GC invocations=11 (full 1):
 par new generation   total 109248K, used 106374K [0x00000007a0000000, 0x00000007a8000000, 0x00000007a8000000)
  eden space 87424K,  99% used [0x00000007a0000000, 0x00000007a555c418, 0x00000007a5560000)
  from space 21824K,  86% used [0x00000007a6ab0000, 0x00000007a7d354f8, 0x00000007a8000000)
  to   space 21824K,   0% used [0x00000007a5560000, 0x00000007a5560000, 0x00000007a6ab0000)
 concurrent mark-sweep generation total 393216K, used 8516K [0x00000007a8000000, 0x00000007c0000000, 0x00000007c0000000)
 Metaspace       used 31841K, capacity 32585K, committed 32784K, reserved 1077248K
  class space    used 3805K, capacity 4049K, committed 4168K, reserved 1048576K
2017-03-13T04:25:54.440+0800: 4.430: [GC (Allocation Failure) 2017-03-13T04:25:54.440+0800: 4.430: [ParNew
Desired survivor size 20112992 bytes, new threshold 8 (max 8)
- age   1:    2336680 bytes,    2336680 total
- age   2:    2127616 bytes,    4464296 total
- age   3:    7378536 bytes,   11842832 total
- age   4:    2299744 bytes,   14142576 total
- age   5:     516744 bytes,   14659320 total
- age   6:     114704 bytes,   14774024 total
- age   7:     134840 bytes,   14908864 total
- age   8:      96280 bytes,   15005144 total
: 106374K->18154K(109248K), 0.0135429 secs] 114891K->26933K(502464K), 0.0136182 secs] [Times: user=0.08 sys=0.00, real=0.01 secs] 
Heap after GC invocations=12 (full 1):
 par new generation   total 109248K, used 18154K [0x00000007a0000000, 0x00000007a8000000, 0x00000007a8000000)
  eden space 87424K,   0% used [0x00000007a0000000, 0x00000007a0000000, 0x00000007a5560000)
  from space 21824K,  83% used [0x00000007a5560000, 0x00000007a671a838, 0x00000007a6ab0000)
  to   space 21824K,   0% used [0x00000007a6ab0000, 0x00000007a6ab0000, 0x00000007a8000000)
 concurrent mark-sweep generation total 393216K, used 8779K [0x00000007a8000000, 0x00000007c0000000, 0x00000007c0000000)
 Metaspace       used 31841K, capacity 32585K, committed 32784K, reserved 1077248K
  class space    used 3805K, capacity 4049K, committed 4168K, reserved 1048576K
}
2017-03-13T04:25:54.454+0800: 4.444: Total time for which application threads were stopped: 0.0139267 seconds, Stopping threads took: 0.0001217 seconds
2017-03-13T04:25:54.454+0800: 4.444: Total time for which application threads were stopped: 0.0001257 seconds, Stopping threads took: 0.0000525 seconds
2017-03-13T04:25:54.454+0800: 4.444: Total time for which application threads were stopped: 0.0001257 seconds, Stopping threads took: 0.0000859 seconds
2017-03-13T04:25:54.455+0800: 4.444: Total time for which application threads were stopped: 0.0001050 seconds, Stopping threads took: 0.0000529 seconds
{Heap before GC invocations=12 (full 1):
 par new generation   total 109248K, used 105578K [0x00000007a0000000, 0x00000007a8000000, 0x00000007a8000000)
  eden space 87424K, 100% used [0x00000007a0000000, 0x00000007a5560000, 0x00000007a5560000)
  from space 21824K,  83% used [0x00000007a5560000, 0x00000007a671a838, 0x00000007a6ab0000)
  to   space 21824K,   0% used [0x00000007a6ab0000, 0x00000007a6ab0000, 0x00000007a8000000)
 concurrent mark-sweep generation total 393216K, used 8779K [0x00000007a8000000, 0x00000007c0000000, 0x00000007c0000000)
 Metaspace       used 31879K, capacity 32685K, committed 33040K, reserved 1079296K
  class space    used 3808K, capacity 4055K, committed 4168K, reserved 1048576K
2017-03-13T04:25:54.473+0800: 4.462: [GC (Allocation Failure) 2017-03-13T04:25:54.473+0800: 4.462: [ParNew
Desired survivor size 20112992 bytes, new threshold 8 (max 8)
- age   1:     507920 bytes,     507920 total
- age   2:    1859480 bytes,    2367400 total
- age   3:    2098384 bytes,    4465784 total
- age   4:    7378536 bytes,   11844320 total
- age   5:    2299720 bytes,   14144040 total
- age   6:     516744 bytes,   14660784 total
- age   7:     114704 bytes,   14775488 total
- age   8:     134840 bytes,   14910328 total
: 105578K->21824K(109248K), 0.0125680 secs] 114357K->30700K(502464K), 0.0126603 secs] [Times: user=0.06 sys=0.00, real=0.01 secs] 
Heap after GC invocations=13 (full 1):
 par new generation   total 109248K, used 21824K [0x00000007a0000000, 0x00000007a8000000, 0x00000007a8000000)
  eden space 87424K,   0% used [0x00000007a0000000, 0x00000007a0000000, 0x00000007a5560000)
  from space 21824K, 100% used [0x00000007a6ab0000, 0x00000007a8000000, 0x00000007a8000000)
  to   space 21824K,   0% used [0x00000007a5560000, 0x00000007a5560000, 0x00000007a6ab0000)
 concurrent mark-sweep generation total 393216K, used 8876K [0x00000007a8000000, 0x00000007c0000000, 0x00000007c0000000)
 Metaspace       used 31879K, capacity 32685K, committed 33040K, reserved 1079296K
  class space    used 3808K, capacity 4055K, committed 4168K, reserved 1048576K
}
2017-03-13T04:25:54.486+0800: 4.475: Total time for which application threads were stopped: 0.0130838 seconds, Stopping threads took: 0.0000808 seconds
{Heap before GC invocations=13 (full 1):
 par new generation   total 109248K, used 109248K [0x00000007a0000000, 0x00000007a8000000, 0x00000007a8000000)
  eden space 87424K, 100% used [0x00000007a0000000, 0x00000007a5560000, 0x00000007a5560000)
  from space 21824K, 100% used [0x00000007a6ab0000, 0x00000007a8000000, 0x00000007a8000000)
  to   space 21824K,   0% used [0x00000007a5560000, 0x00000007a5560000, 0x00000007a6ab0000)
 concurrent mark-sweep generation total 393216K, used 8876K [0x00000007a8000000, 0x00000007c0000000, 0x00000007c0000000)
 Metaspace       used 31923K, capacity 32739K, committed 33040K, reserved 1079296K
  class space    used 3813K, capacity 4064K, committed 4168K, reserved 1048576K
2017-03-13T04:25:54.511+0800: 4.501: [GC (Allocation Failure) 2017-03-13T04:25:54.511+0800: 4.501: [ParNew
Desired survivor size 20112992 bytes, new threshold 8 (max 8)
- age   1:    1103000 bytes,    1103000 total
- age   2:      64608 bytes,    1167608 total
- age   3:    1859504 bytes,    3027112 total
- age   4:    2098384 bytes,    5125496 total
- age   5:    7378536 bytes,   12504032 total
- age   6:    2299720 bytes,   14803752 total
- age   7:     516744 bytes,   15320496 total
- age   8:     114704 bytes,   15435200 total
: 109248K->19602K(109248K), 0.0135979 secs] 118124K->28613K(502464K), 0.0136706 secs] [Times: user=0.06 sys=0.00, real=0.01 secs] 
Heap after GC invocations=14 (full 1):
 par new generation   total 109248K, used 19602K [0x00000007a0000000, 0x00000007a8000000, 0x00000007a8000000)
  eden space 87424K,   0% used [0x00000007a0000000, 0x00000007a0000000, 0x00000007a5560000)
  from space 21824K,  89% used [0x00000007a5560000, 0x00000007a6884920, 0x00000007a6ab0000)
  to   space 21824K,   0% used [0x00000007a6ab0000, 0x00000007a6ab0000, 0x00000007a8000000)
 concurrent mark-sweep generation total 393216K, used 9010K [0x00000007a8000000, 0x00000007c0000000, 0x00000007c0000000)
 Metaspace       used 31923K, capacity 32739K, committed 33040K, reserved 1079296K
  class space    used 3813K, capacity 4064K, committed 4168K, reserved 1048576K
}
2017-03-13T04:25:54.525+0800: 4.515: Total time for which application threads were stopped: 0.0139527 seconds, Stopping threads took: 0.0000393 seconds
{Heap before GC invocations=14 (full 1):
 par new generation   total 109248K, used 107026K [0x00000007a0000000, 0x00000007a8000000, 0x00000007a8000000)
  eden space 87424K, 100% used [0x00000007a0000000, 0x00000007a5560000, 0x00000007a5560000)
  from space 21824K,  89% used [0x00000007a5560000, 0x00000007a6884920, 0x00000007a6ab0000)
  to   space 21824K,   0% used [0x00000007a6ab0000, 0x00000007a6ab0000, 0x00000007a8000000)
 concurrent mark-sweep generation total 393216K, used 9010K [0x00000007a8000000, 0x00000007c0000000, 0x00000007c0000000)
 Metaspace       used 31927K, capacity 32739K, committed 33040K, reserved 1079296K
  class space    used 3813K, capacity 4064K, committed 4168K, reserved 1048576K
2017-03-13T04:25:54.557+0800: 4.547: [GC (Allocation Failure) 2017-03-13T04:25:54.557+0800: 4.547: [ParNew
Desired survivor size 20112992 bytes, new threshold 8 (max 8)
- age   1:     707888 bytes,     707888 total
- age   2:     123776 bytes,     831664 total
- age   3:      63360 bytes,     895024 total
- age   4:    1859376 bytes,    2754400 total
- age   5:    2098384 bytes,    4852784 total
- age   6:    7378536 bytes,   12231320 total
- age   7:    2299720 bytes,   14531040 total
- age   8:     516744 bytes,   15047784 total
: 107026K->17618K(109248K), 0.0143525 secs] 116037K->26744K(502464K), 0.0144157 secs] [Times: user=0.08 sys=0.00, real=0.02 secs] 
Heap after GC invocations=15 (full 1):
 par new generation   total 109248K, used 17618K [0x00000007a0000000, 0x00000007a8000000, 0x00000007a8000000)
  eden space 87424K,   0% used [0x00000007a0000000, 0x00000007a0000000, 0x00000007a5560000)
  from space 21824K,  80% used [0x00000007a6ab0000, 0x00000007a7be4a80, 0x00000007a8000000)
  to   space 21824K,   0% used [0x00000007a5560000, 0x00000007a5560000, 0x00000007a6ab0000)
 concurrent mark-sweep generation total 393216K, used 9125K [0x00000007a8000000, 0x00000007c0000000, 0x00000007c0000000)
 Metaspace       used 31927K, capacity 32739K, committed 33040K, reserved 1079296K
  class space    used 3813K, capacity 4064K, committed 4168K, reserved 1048576K
}
2017-03-13T04:25:54.572+0800: 4.561: Total time for which application threads were stopped: 0.0146923 seconds, Stopping threads took: 0.0001118 seconds
{Heap before GC invocations=15 (full 1):
 par new generation   total 109248K, used 105042K [0x00000007a0000000, 0x00000007a8000000, 0x00000007a8000000)
  eden space 87424K, 100% used [0x00000007a0000000, 0x00000007a5560000, 0x00000007a5560000)
  from space 21824K,  80% used [0x00000007a6ab0000, 0x00000007a7be4a80, 0x00000007a8000000)
  to   space 21824K,   0% used [0x00000007a5560000, 0x00000007a5560000, 0x00000007a6ab0000)
 concurrent mark-sweep generation total 393216K, used 9125K [0x00000007a8000000, 0x00000007c0000000, 0x00000007c0000000)
 Metaspace       used 31947K, capacity 32739K, committed 33040K, reserved 1079296K
  class space    used 3813K, capacity 4064K, committed 4168K, reserved 1048576K
2017-03-13T04:25:54.627+0800: 4.617: [GC (Allocation Failure) 2017-03-13T04:25:54.628+0800: 4.617: [ParNew
Desired survivor size 20112992 bytes, new threshold 8 (max 8)
- age   1:     776112 bytes,     776112 total
- age   2:      93808 bytes,     869920 total
- age   3:     107848 bytes,     977768 total
- age   4:      59512 bytes,    1037280 total
- age   5:    1736904 bytes,    2774184 total
- age   6:    2098384 bytes,    4872568 total
- age   7:    7378440 bytes,   12251008 total
- age   8:    2299720 bytes,   14550728 total
: 105042K->21824K(109248K), 0.0146054 secs] 114168K->31788K(502464K), 0.0146936 secs] [Times: user=0.08 sys=0.00, real=0.02 secs] 
Heap after GC invocations=16 (full 1):
 par new generation   total 109248K, used 21824K [0x00000007a0000000, 0x00000007a8000000, 0x00000007a8000000)
  eden space 87424K,   0% used [0x00000007a0000000, 0x00000007a0000000, 0x00000007a5560000)
  from space 21824K, 100% used [0x00000007a5560000, 0x00000007a6ab0000, 0x00000007a6ab0000)
  to   space 21824K,   0% used [0x00000007a6ab0000, 0x00000007a6ab0000, 0x00000007a8000000)
 concurrent mark-sweep generation total 393216K, used 9964K [0x00000007a8000000, 0x00000007c0000000, 0x00000007c0000000)
 Metaspace       used 31947K, capacity 32739K, committed 33040K, reserved 1079296K
  class space    used 3813K, capacity 4064K, committed 4168K, reserved 1048576K
}
2017-03-13T04:25:54.642+0800: 4.632: Total time for which application threads were stopped: 0.0149995 seconds, Stopping threads took: 0.0001131 seconds
2017-03-13T04:25:54.686+0800: 4.676: Total time for which application threads were stopped: 0.0001513 seconds, Stopping threads took: 0.0000610 seconds
2017-03-13T04:25:54.687+0800: 4.676: Total time for which application threads were stopped: 0.0001018 seconds, Stopping threads took: 0.0000478 seconds
2017-03-13T04:25:54.690+0800: 4.679: Total time for which application threads were stopped: 0.0001290 seconds, Stopping threads took: 0.0000642 seconds
2017-03-13T04:25:54.733+0800: 4.723: Total time for which application threads were stopped: 0.0002125 seconds, Stopping threads took: 0.0000585 seconds
2017-03-13T04:25:54.764+0800: 4.753: Total time for which application threads were stopped: 0.0010279 seconds, Stopping threads took: 0.0009081 seconds
{Heap before GC invocations=16 (full 1):
 par new generation   total 109248K, used 109248K [0x00000007a0000000, 0x00000007a8000000, 0x00000007a8000000)
  eden space 87424K, 100% used [0x00000007a0000000, 0x00000007a5560000, 0x00000007a5560000)
  from space 21824K, 100% used [0x00000007a5560000, 0x00000007a6ab0000, 0x00000007a6ab0000)
  to   space 21824K,   0% used [0x00000007a6ab0000, 0x00000007a6ab0000, 0x00000007a8000000)
 concurrent mark-sweep generation total 393216K, used 9964K [0x00000007a8000000, 0x00000007c0000000, 0x00000007c0000000)
 Metaspace       used 32113K, capacity 32975K, committed 33296K, reserved 1079296K
  class space    used 3818K, capacity 4072K, committed 4168K, reserved 1048576K
2017-03-13T04:25:54.797+0800: 4.787: [GC (Allocation Failure) 2017-03-13T04:25:54.797+0800: 4.787: [ParNew
Desired survivor size 20112992 bytes, new threshold 8 (max 8)
- age   1:   10749800 bytes,   10749800 total
- age   2:     158808 bytes,   10908608 total
- age   3:      93808 bytes,   11002416 total
- age   4:     107848 bytes,   11110264 total
- age   5:      59512 bytes,   11169776 total
- age   6:     651272 bytes,   11821048 total
- age   7:    2046944 bytes,   13867992 total
- age   8:    7375608 bytes,   21243600 total
: 109248K->21824K(109248K), 0.0179112 secs] 119212K->34827K(502464K), 0.0180248 secs] [Times: user=0.06 sys=0.01, real=0.02 secs] 
Heap after GC invocations=17 (full 1):
 par new generation   total 109248K, used 21824K [0x00000007a0000000, 0x00000007a8000000, 0x00000007a8000000)
  eden space 87424K,   0% used [0x00000007a0000000, 0x00000007a0000000, 0x00000007a5560000)
  from space 21824K, 100% used [0x00000007a6ab0000, 0x00000007a8000000, 0x00000007a8000000)
  to   space 21824K,   0% used [0x00000007a5560000, 0x00000007a5560000, 0x00000007a6ab0000)
 concurrent mark-sweep generation total 393216K, used 13003K [0x00000007a8000000, 0x00000007c0000000, 0x00000007c0000000)
 Metaspace       used 32113K, capacity 32975K, committed 33296K, reserved 1079296K
  class space    used 3818K, capacity 4072K, committed 4168K, reserved 1048576K
}
2017-03-13T04:25:54.815+0800: 4.805: Total time for which application threads were stopped: 0.0184169 seconds, Stopping threads took: 0.0001288 seconds
2017-03-13T04:25:54.816+0800: 4.805: Total time for which application threads were stopped: 0.0002413 seconds, Stopping threads took: 0.0001072 seconds
2017-03-13T04:25:54.816+0800: 4.805: Total time for which application threads were stopped: 0.0001433 seconds, Stopping threads took: 0.0000863 seconds
2017-03-13T04:25:54.816+0800: 4.806: Total time for which application threads were stopped: 0.0001687 seconds, Stopping threads took: 0.0001012 seconds
2017-03-13T04:25:54.816+0800: 4.806: Total time for which application threads were stopped: 0.0001597 seconds, Stopping threads took: 0.0000823 seconds
2017-03-13T04:25:54.817+0800: 4.806: Total time for which application threads were stopped: 0.0001362 seconds, Stopping threads took: 0.0000766 seconds
{Heap before GC invocations=17 (full 1):
 par new generation   total 109248K, used 109248K [0x00000007a0000000, 0x00000007a8000000, 0x00000007a8000000)
  eden space 87424K, 100% used [0x00000007a0000000, 0x00000007a5560000, 0x00000007a5560000)
  from space 21824K, 100% used [0x00000007a6ab0000, 0x00000007a8000000, 0x00000007a8000000)
  to   space 21824K,   0% used [0x00000007a5560000, 0x00000007a5560000, 0x00000007a6ab0000)
 concurrent mark-sweep generation total 393216K, used 13003K [0x00000007a8000000, 0x00000007c0000000, 0x00000007c0000000)
 Metaspace       used 32123K, capacity 32975K, committed 33296K, reserved 1079296K
  class space    used 3818K, capacity 4072K, committed 4168K, reserved 1048576K
2017-03-13T04:25:54.867+0800: 4.857: [GC (Allocation Failure) 2017-03-13T04:25:54.867+0800: 4.857: [ParNew
Desired survivor size 20112992 bytes, new threshold 8 (max 8)
- age   1:    1282840 bytes,    1282840 total
- age   2:   10198912 bytes,   11481752 total
- age   3:     158808 bytes,   11640560 total
- age   4:      93808 bytes,   11734368 total
- age   5:     107848 bytes,   11842216 total
- age   6:      59512 bytes,   11901728 total
- age   7:     651272 bytes,   12553000 total
- age   8:    2046944 bytes,   14599944 total
: 109248K->21333K(109248K), 0.0230412 secs] 122251K->42974K(502464K), 0.0231328 secs] [Times: user=0.09 sys=0.01, real=0.03 secs] 
Heap after GC invocations=18 (full 1):
 par new generation   total 109248K, used 21333K [0x00000007a0000000, 0x00000007a8000000, 0x00000007a8000000)
  eden space 87424K,   0% used [0x00000007a0000000, 0x00000007a0000000, 0x00000007a5560000)
  from space 21824K,  97% used [0x00000007a5560000, 0x00000007a6a354d0, 0x00000007a6ab0000)
  to   space 21824K,   0% used [0x00000007a6ab0000, 0x00000007a6ab0000, 0x00000007a8000000)
 concurrent mark-sweep generation total 393216K, used 21641K [0x00000007a8000000, 0x00000007c0000000, 0x00000007c0000000)
 Metaspace       used 32123K, capacity 32975K, committed 33296K, reserved 1079296K
  class space    used 3818K, capacity 4072K, committed 4168K, reserved 1048576K
}
2017-03-13T04:25:54.890+0800: 4.880: Total time for which application threads were stopped: 0.0234486 seconds, Stopping threads took: 0.0001056 seconds
2017-03-13T04:25:54.920+0800: 4.909: Total time for which application threads were stopped: 0.0001137 seconds, Stopping threads took: 0.0000234 seconds
{Heap before GC invocations=18 (full 1):
 par new generation   total 109248K, used 108757K [0x00000007a0000000, 0x00000007a8000000, 0x00000007a8000000)
  eden space 87424K, 100% used [0x00000007a0000000, 0x00000007a5560000, 0x00000007a5560000)
  from space 21824K,  97% used [0x00000007a5560000, 0x00000007a6a354d0, 0x00000007a6ab0000)
  to   space 21824K,   0% used [0x00000007a6ab0000, 0x00000007a6ab0000, 0x00000007a8000000)
 concurrent mark-sweep generation total 393216K, used 21641K [0x00000007a8000000, 0x00000007c0000000, 0x00000007c0000000)
 Metaspace       used 32148K, capacity 32981K, committed 33296K, reserved 1079296K
  class space    used 3821K, capacity 4073K, committed 4168K, reserved 1048576K
2017-03-13T04:25:54.930+0800: 4.920: [GC (Allocation Failure) 2017-03-13T04:25:54.930+0800: 4.920: [ParNew
Desired survivor size 20112992 bytes, new threshold 8 (max 8)
- age   1:     838200 bytes,     838200 total
- age   2:    1138232 bytes,    1976432 total
- age   3:   10186552 bytes,   12162984 total
- age   4:     158808 bytes,   12321792 total
- age   5:      93808 bytes,   12415600 total
- age   6:     107848 bytes,   12523448 total
- age   7:      59512 bytes,   12582960 total
- age   8:     651392 bytes,   13234352 total
: 108757K->19226K(109248K), 0.0136562 secs] 130398K->42876K(502464K), 0.0137537 secs] [Times: user=0.05 sys=0.01, real=0.01 secs] 
Heap after GC invocations=19 (full 1):
 par new generation   total 109248K, used 19226K [0x00000007a0000000, 0x00000007a8000000, 0x00000007a8000000)
  eden space 87424K,   0% used [0x00000007a0000000, 0x00000007a0000000, 0x00000007a5560000)
  from space 21824K,  88% used [0x00000007a6ab0000, 0x00000007a7d76a80, 0x00000007a8000000)
  to   space 21824K,   0% used [0x00000007a5560000, 0x00000007a5560000, 0x00000007a6ab0000)
 concurrent mark-sweep generation total 393216K, used 23649K [0x00000007a8000000, 0x00000007c0000000, 0x00000007c0000000)
 Metaspace       used 32148K, capacity 32981K, committed 33296K, reserved 1079296K
  class space    used 3821K, capacity 4073K, committed 4168K, reserved 1048576K
}
2017-03-13T04:25:54.944+0800: 4.933: Total time for which application threads were stopped: 0.0139803 seconds, Stopping threads took: 0.0000585 seconds
{Heap before GC invocations=19 (full 1):
 par new generation   total 109248K, used 106650K [0x00000007a0000000, 0x00000007a8000000, 0x00000007a8000000)
  eden space 87424K, 100% used [0x00000007a0000000, 0x00000007a5560000, 0x00000007a5560000)
  from space 21824K,  88% used [0x00000007a6ab0000, 0x00000007a7d76a80, 0x00000007a8000000)
  to   space 21824K,   0% used [0x00000007a5560000, 0x00000007a5560000, 0x00000007a6ab0000)
 concurrent mark-sweep generation total 393216K, used 23649K [0x00000007a8000000, 0x00000007c0000000, 0x00000007c0000000)
 Metaspace       used 32206K, capacity 33045K, committed 33296K, reserved 1079296K
  class space    used 3828K, capacity 4073K, committed 4168K, reserved 1048576K
2017-03-13T04:25:54.995+0800: 4.985: [GC (Allocation Failure) 2017-03-13T04:25:54.995+0800: 4.985: [ParNew
Desired survivor size 20112992 bytes, new threshold 8 (max 8)
- age   1:     835496 bytes,     835496 total
- age   2:     592152 bytes,    1427648 total
- age   3:    1137240 bytes,    2564888 total
- age   4:   10184448 bytes,   12749336 total
- age   5:     158808 bytes,   12908144 total
- age   6:      93808 bytes,   13001952 total
- age   7:     107848 bytes,   13109800 total
- age   8:      59512 bytes,   13169312 total
: 106650K->16312K(109248K), 0.0112621 secs] 130300K->40600K(502464K), 0.0113317 secs] [Times: user=0.05 sys=0.00, real=0.01 secs] 
Heap after GC invocations=20 (full 1):
 par new generation   total 109248K, used 16312K [0x00000007a0000000, 0x00000007a8000000, 0x00000007a8000000)
  eden space 87424K,   0% used [0x00000007a0000000, 0x00000007a0000000, 0x00000007a5560000)
  from space 21824K,  74% used [0x00000007a5560000, 0x00000007a654e098, 0x00000007a6ab0000)
  to   space 21824K,   0% used [0x00000007a6ab0000, 0x00000007a6ab0000, 0x00000007a8000000)
 concurrent mark-sweep generation total 393216K, used 24288K [0x00000007a8000000, 0x00000007c0000000, 0x00000007c0000000)
 Metaspace       used 32206K, capacity 33045K, committed 33296K, reserved 1079296K
  class space    used 3828K, capacity 4073K, committed 4168K, reserved 1048576K
}
2017-03-13T04:25:55.007+0800: 4.996: Total time for which application threads were stopped: 0.0116225 seconds, Stopping threads took: 0.0001253 seconds
2017-03-13T04:25:55.060+0800: 5.050: Total time for which application threads were stopped: 0.0002077 seconds, Stopping threads took: 0.0000917 seconds
2017-03-13T04:25:55.079+0800: 5.069: Total time for which application threads were stopped: 0.0004578 seconds, Stopping threads took: 0.0000505 seconds
2017-03-13T04:25:55.082+0800: 5.071: Total time for which application threads were stopped: 0.0001716 seconds, Stopping threads took: 0.0000831 seconds
2017-03-13T04:25:55.087+0800: 5.077: Total time for which application threads were stopped: 0.0004582 seconds, Stopping threads took: 0.0000248 seconds
{Heap before GC invocations=20 (full 1):
 par new generation   total 109248K, used 103736K [0x00000007a0000000, 0x00000007a8000000, 0x00000007a8000000)
  eden space 87424K, 100% used [0x00000007a0000000, 0x00000007a5560000, 0x00000007a5560000)
  from space 21824K,  74% used [0x00000007a5560000, 0x00000007a654e098, 0x00000007a6ab0000)
  to   space 21824K,   0% used [0x00000007a6ab0000, 0x00000007a6ab0000, 0x00000007a8000000)
 concurrent mark-sweep generation total 393216K, used 24288K [0x00000007a8000000, 0x00000007c0000000, 0x00000007c0000000)
 Metaspace       used 32323K, capacity 33119K, committed 33296K, reserved 1079296K
  class space    used 3837K, capacity 4074K, committed 4168K, reserved 1048576K
2017-03-13T04:25:55.116+0800: 5.106: [GC (Allocation Failure) 2017-03-13T04:25:55.116+0800: 5.106: [ParNew
Desired survivor size 20112992 bytes, new threshold 8 (max 8)
- age   1:    3231712 bytes,    3231712 total
- age   2:     126736 bytes,    3358448 total
- age   3:     591320 bytes,    3949768 total
- age   4:     446800 bytes,    4396568 total
- age   5:   10181864 bytes,   14578432 total
- age   6:     158808 bytes,   14737240 total
- age   7:      93808 bytes,   14831048 total
- age   8:     107848 bytes,   14938896 total
: 103736K->20051K(109248K), 0.0127421 secs] 128024K->44400K(502464K), 0.0128142 secs] [Times: user=0.06 sys=0.01, real=0.01 secs] 
Heap after GC invocations=21 (full 1):
 par new generation   total 109248K, used 20051K [0x00000007a0000000, 0x00000007a8000000, 0x00000007a8000000)
  eden space 87424K,   0% used [0x00000007a0000000, 0x00000007a0000000, 0x00000007a5560000)
  from space 21824K,  91% used [0x00000007a6ab0000, 0x00000007a7e44e00, 0x00000007a8000000)
  to   space 21824K,   0% used [0x00000007a5560000, 0x00000007a5560000, 0x00000007a6ab0000)
 concurrent mark-sweep generation total 393216K, used 24348K [0x00000007a8000000, 0x00000007c0000000, 0x00000007c0000000)
 Metaspace       used 32323K, capacity 33119K, committed 33296K, reserved 1079296K
  class space    used 3837K, capacity 4074K, committed 4168K, reserved 1048576K
}
2017-03-13T04:25:55.129+0800: 5.119: Total time for which application threads were stopped: 0.0130064 seconds, Stopping threads took: 0.0000352 seconds
2017-03-13T04:25:55.130+0800: 5.119: Total time for which application threads were stopped: 0.0004767 seconds, Stopping threads took: 0.0003976 seconds
2017-03-13T04:25:55.151+0800: 5.140: Total time for which application threads were stopped: 0.0001380 seconds, Stopping threads took: 0.0000368 seconds
2017-03-13T04:25:55.184+0800: 5.174: Total time for which application threads were stopped: 0.0001003 seconds, Stopping threads took: 0.0000233 seconds
2017-03-13T04:25:55.193+0800: 5.183: Total time for which application threads were stopped: 0.0004625 seconds, Stopping threads took: 0.0000228 seconds
2017-03-13T04:25:55.205+0800: 5.194: Total time for which application threads were stopped: 0.0001369 seconds, Stopping threads took: 0.0000513 seconds
2017-03-13T04:25:56.210+0800: 6.199: Total time for which application threads were stopped: 0.0002632 seconds, Stopping threads took: 0.0000443 seconds
2017-03-13T04:25:57.213+0800: 7.203: Total time for which application threads were stopped: 0.0002185 seconds, Stopping threads took: 0.0000466 seconds
2017-03-13T04:26:16.366+0800: 26.355: Total time for which application threads were stopped: 0.0004586 seconds, Stopping threads took: 0.0000172 seconds
2017-03-13T04:26:18.371+0800: 28.361: Total time for which application threads were stopped: 0.0000962 seconds, Stopping threads took: 0.0000213 seconds
2017-03-13T04:26:19.376+0800: 29.366: Total time for which application threads were stopped: 0.0001054 seconds, Stopping threads took: 0.0000246 seconds
2017-03-13T04:26:20.379+0800: 30.369: Total time for which application threads were stopped: 0.0000903 seconds, Stopping threads took: 0.0000219 seconds
2017-03-13T04:26:21.383+0800: 31.373: Total time for which application threads were stopped: 0.0001013 seconds, Stopping threads took: 0.0000238 seconds
2017-03-13T04:26:21.982+0800: 31.972: Total time for which application threads were stopped: 0.0004912 seconds, Stopping threads took: 0.0000202 seconds
2017-03-13T04:26:21.983+0800: 31.973: Total time for which application threads were stopped: 0.0001079 seconds, Stopping threads took: 0.0000289 seconds
2017-03-13T04:26:21.983+0800: 31.973: Total time for which application threads were stopped: 0.0000471 seconds, Stopping threads took: 0.0000060 seconds
2017-03-13T04:26:21.989+0800: 31.979: Total time for which application threads were stopped: 0.0002193 seconds, Stopping threads took: 0.0000393 seconds
2017-03-13T04:26:21.989+0800: 31.979: Total time for which application threads were stopped: 0.0000840 seconds, Stopping threads took: 0.0000289 seconds
2017-03-13T04:26:21.989+0800: 31.979: Total time for which application threads were stopped: 0.0000416 seconds, Stopping threads took: 0.0000077 seconds
2017-03-13T04:26:22.991+0800: 32.981: Total time for which application threads were stopped: 0.0001138 seconds, Stopping threads took: 0.0000264 seconds
2017-03-13T04:26:28.144+0800: 38.135: Total time for which application threads were stopped: 0.0000960 seconds, Stopping threads took: 0.0000243 seconds
2017-03-13T04:26:28.154+0800: 38.144: Total time for which application threads were stopped: 0.0000855 seconds, Stopping threads took: 0.0000188 seconds
2017-03-13T04:26:28.164+0800: 38.154: Total time for which application threads were stopped: 0.0001138 seconds, Stopping threads took: 0.0000175 seconds
2017-03-13T04:26:28.176+0800: 38.166: Total time for which application threads were stopped: 0.0001066 seconds, Stopping threads took: 0.0000350 seconds
2017-03-13T04:26:28.177+0800: 38.167: Total time for which application threads were stopped: 0.0000555 seconds, Stopping threads took: 0.0000120 seconds
2017-03-13T04:26:29.181+0800: 39.171: Total time for which application threads were stopped: 0.0001372 seconds, Stopping threads took: 0.0000263 seconds
2017-03-13T04:26:37.614+0800: 47.605: Total time for which application threads were stopped: 0.0001044 seconds, Stopping threads took: 0.0000358 seconds
2017-03-13T04:26:37.614+0800: 47.605: Total time for which application threads were stopped: 0.0000553 seconds, Stopping threads took: 0.0000131 seconds
2017-03-13T04:26:37.615+0800: 47.605: Total time for which application threads were stopped: 0.0000506 seconds, Stopping threads took: 0.0000097 seconds
2017-03-13T04:26:37.615+0800: 47.605: Total time for which application threads were stopped: 0.0000566 seconds, Stopping threads took: 0.0000186 seconds
2017-03-13T04:26:38.620+0800: 48.611: Total time for which application threads were stopped: 0.0002458 seconds, Stopping threads took: 0.0000467 seconds
2017-03-13T04:26:48.654+0800: 58.644: Total time for which application threads were stopped: 0.0002197 seconds, Stopping threads took: 0.0000467 seconds
2017-03-13T04:27:12.722+0800: 82.714: Total time for which application threads were stopped: 0.0001265 seconds, Stopping threads took: 0.0000287 seconds
2017-03-13T04:27:21.990+0800: 91.981: Total time for which application threads were stopped: 0.0001102 seconds, Stopping threads took: 0.0000289 seconds
2017-03-13T04:27:39.035+0800: 109.027: Total time for which application threads were stopped: 0.0001331 seconds, Stopping threads took: 0.0000436 seconds
2017-03-13T04:29:55.800+0800: 245.795: Total time for which application threads were stopped: 0.0005744 seconds, Stopping threads took: 0.0000185 seconds
2017-03-13T04:29:55.801+0800: 245.796: Total time for which application threads were stopped: 0.0002371 seconds, Stopping threads took: 0.0000089 seconds
2017-03-13T04:29:55.935+0800: 245.930: Total time for which application threads were stopped: 0.0001660 seconds, Stopping threads took: 0.0000208 seconds
{Heap before GC invocations=21 (full 1):
 par new generation   total 109248K, used 107475K [0x00000007a0000000, 0x00000007a8000000, 0x00000007a8000000)
  eden space 87424K, 100% used [0x00000007a0000000, 0x00000007a5560000, 0x00000007a5560000)
  from space 21824K,  91% used [0x00000007a6ab0000, 0x00000007a7e44e00, 0x00000007a8000000)
  to   space 21824K,   0% used [0x00000007a5560000, 0x00000007a5560000, 0x00000007a6ab0000)
 concurrent mark-sweep generation total 393216K, used 24348K [0x00000007a8000000, 0x00000007c0000000, 0x00000007c0000000)
 Metaspace       used 36107K, capacity 37003K, committed 37264K, reserved 1081344K
  class space    used 4226K, capacity 4478K, committed 4552K, reserved 1048576K
2017-03-13T04:29:56.252+0800: 246.247: [GC (Allocation Failure) 2017-03-13T04:29:56.252+0800: 246.247: [ParNew
Desired survivor size 20112992 bytes, new threshold 6 (max 8)
- age   1:   10072536 bytes,   10072536 total
- age   2:    2207488 bytes,   12280024 total
- age   3:      98376 bytes,   12378400 total
- age   4:      90752 bytes,   12469152 total
- age   5:     134680 bytes,   12603832 total
- age   6:    9527480 bytes,   22131312 total
- age   7:     105848 bytes,   22237160 total
- age   8:      72816 bytes,   22309976 total
: 107475K->21824K(109248K), 0.0211504 secs] 131824K->51542K(502464K), 0.0215190 secs] [Times: user=0.08 sys=0.01, real=0.02 secs] 
Heap after GC invocations=22 (full 1):
 par new generation   total 109248K, used 21824K [0x00000007a0000000, 0x00000007a8000000, 0x00000007a8000000)
  eden space 87424K,   0% used [0x00000007a0000000, 0x00000007a0000000, 0x00000007a5560000)
  from space 21824K, 100% used [0x00000007a5560000, 0x00000007a6ab0000, 0x00000007a6ab0000)
  to   space 21824K,   0% used [0x00000007a6ab0000, 0x00000007a6ab0000, 0x00000007a8000000)
 concurrent mark-sweep generation total 393216K, used 29718K [0x00000007a8000000, 0x00000007c0000000, 0x00000007c0000000)
 Metaspace       used 36107K, capacity 37003K, committed 37264K, reserved 1081344K
  class space    used 4226K, capacity 4478K, committed 4552K, reserved 1048576K
}
2017-03-13T04:29:56.273+0800: 246.268: Total time for which application threads were stopped: 0.0217871 seconds, Stopping threads took: 0.0000211 seconds
{Heap before GC invocations=22 (full 1):
 par new generation   total 109248K, used 109248K [0x00000007a0000000, 0x00000007a8000000, 0x00000007a8000000)
  eden space 87424K, 100% used [0x00000007a0000000, 0x00000007a5560000, 0x00000007a5560000)
  from space 21824K, 100% used [0x00000007a5560000, 0x00000007a6ab0000, 0x00000007a6ab0000)
  to   space 21824K,   0% used [0x00000007a6ab0000, 0x00000007a6ab0000, 0x00000007a8000000)
 concurrent mark-sweep generation total 393216K, used 29718K [0x00000007a8000000, 0x00000007c0000000, 0x00000007c0000000)
 Metaspace       used 36179K, capacity 37067K, committed 37264K, reserved 1081344K
  class space    used 4226K, capacity 4478K, committed 4552K, reserved 1048576K
2017-03-13T04:29:56.912+0800: 246.907: [GC (Allocation Failure) 2017-03-13T04:29:56.912+0800: 246.907: [ParNew
Desired survivor size 20112992 bytes, new threshold 8 (max 8)
- age   1:    6362896 bytes,    6362896 total
- age   2:    9500992 bytes,   15863888 total
- age   3:    1252224 bytes,   17116112 total
- age   4:      42096 bytes,   17158208 total
- age   5:      78632 bytes,   17236840 total
- age   6:     100360 bytes,   17337200 total
: 109248K->21824K(109248K), 0.0228923 secs] 138966K->65734K(502464K), 0.0229614 secs] [Times: user=0.07 sys=0.01, real=0.02 secs] 
Heap after GC invocations=23 (full 1):
 par new generation   total 109248K, used 21824K [0x00000007a0000000, 0x00000007a8000000, 0x00000007a8000000)
  eden space 87424K,   0% used [0x00000007a0000000, 0x00000007a0000000, 0x00000007a5560000)
  from space 21824K, 100% used [0x00000007a6ab0000, 0x00000007a8000000, 0x00000007a8000000)
  to   space 21824K,   0% used [0x00000007a5560000, 0x00000007a5560000, 0x00000007a6ab0000)
 concurrent mark-sweep generation total 393216K, used 43910K [0x00000007a8000000, 0x00000007c0000000, 0x00000007c0000000)
 Metaspace       used 36179K, capacity 37067K, committed 37264K, reserved 1081344K
  class space    used 4226K, capacity 4478K, committed 4552K, reserved 1048576K
}
2017-03-13T04:29:56.935+0800: 246.930: Total time for which application threads were stopped: 0.0232199 seconds, Stopping threads took: 0.0000215 seconds
2017-03-13T04:29:57.327+0800: 247.323: Total time for which application threads were stopped: 0.0005265 seconds, Stopping threads took: 0.0000187 seconds
2017-03-13T04:29:57.365+0800: 247.360: Total time for which application threads were stopped: 0.0001283 seconds, Stopping threads took: 0.0000222 seconds
2017-03-13T04:29:57.380+0800: 247.375: Total time for which application threads were stopped: 0.0001140 seconds, Stopping threads took: 0.0000230 seconds
2017-03-13T04:29:57.459+0800: 247.455: Total time for which application threads were stopped: 0.0001356 seconds, Stopping threads took: 0.0000292 seconds
2017-03-13T04:29:57.460+0800: 247.455: Total time for which application threads were stopped: 0.0001113 seconds, Stopping threads took: 0.0000191 seconds
{Heap before GC invocations=23 (full 1):
 par new generation   total 109248K, used 109248K [0x00000007a0000000, 0x00000007a8000000, 0x00000007a8000000)
  eden space 87424K, 100% used [0x00000007a0000000, 0x00000007a5560000, 0x00000007a5560000)
  from space 21824K, 100% used [0x00000007a6ab0000, 0x00000007a8000000, 0x00000007a8000000)
  to   space 21824K,   0% used [0x00000007a5560000, 0x00000007a5560000, 0x00000007a6ab0000)
 concurrent mark-sweep generation total 393216K, used 43910K [0x00000007a8000000, 0x00000007c0000000, 0x00000007c0000000)
 Metaspace       used 36658K, capacity 37483K, committed 37776K, reserved 1083392K
  class space    used 4264K, capacity 4510K, committed 4552K, reserved 1048576K
2017-03-13T04:29:57.900+0800: 247.895: [GC (Allocation Failure) 2017-03-13T04:29:57.900+0800: 247.895: [ParNew
Desired survivor size 20112992 bytes, new threshold 4 (max 8)
- age   1:    7213720 bytes,    7213720 total
- age   2:    4502320 bytes,   11716040 total
- age   3:    7230360 bytes,   18946400 total
- age   4:    1252224 bytes,   20198624 total
- age   5:      42096 bytes,   20240720 total
- age   6:      78632 bytes,   20319352 total
- age   7:     100360 bytes,   20419712 total
: 109248K->21824K(109248K), 0.0114695 secs] 153158K->65734K(502464K), 0.0115561 secs] [Times: user=0.06 sys=0.00, real=0.01 secs] 
Heap after GC invocations=24 (full 1):
 par new generation   total 109248K, used 21824K [0x00000007a0000000, 0x00000007a8000000, 0x00000007a8000000)
  eden space 87424K,   0% used [0x00000007a0000000, 0x00000007a0000000, 0x00000007a5560000)
  from space 21824K, 100% used [0x00000007a5560000, 0x00000007a6ab0000, 0x00000007a6ab0000)
  to   space 21824K,   0% used [0x00000007a6ab0000, 0x00000007a6ab0000, 0x00000007a8000000)
 concurrent mark-sweep generation total 393216K, used 43910K [0x00000007a8000000, 0x00000007c0000000, 0x00000007c0000000)
 Metaspace       used 36658K, capacity 37483K, committed 37776K, reserved 1083392K
  class space    used 4264K, capacity 4510K, committed 4552K, reserved 1048576K
}
2017-03-13T04:29:57.912+0800: 247.907: Total time for which application threads were stopped: 0.0117763 seconds, Stopping threads took: 0.0000232 seconds
2017-03-13T04:29:58.230+0800: 248.225: Total time for which application threads were stopped: 0.0001420 seconds, Stopping threads took: 0.0000221 seconds
2017-03-13T04:29:58.283+0800: 248.278: Total time for which application threads were stopped: 0.0002856 seconds, Stopping threads took: 0.0000642 seconds
2017-03-13T04:29:58.286+0800: 248.281: Total time for which application threads were stopped: 0.0001257 seconds, Stopping threads took: 0.0000500 seconds
2017-03-13T04:29:58.286+0800: 248.281: Total time for which application threads were stopped: 0.0000911 seconds, Stopping threads took: 0.0000489 seconds
2017-03-13T04:29:58.286+0800: 248.281: Total time for which application threads were stopped: 0.0000667 seconds, Stopping threads took: 0.0000259 seconds
2017-03-13T04:29:59.290+0800: 249.285: Total time for which application threads were stopped: 0.0001761 seconds, Stopping threads took: 0.0000308 seconds
2017-03-13T04:30:05.304+0800: 255.299: Total time for which application threads were stopped: 0.0001303 seconds, Stopping threads took: 0.0000236 seconds
2017-03-13T04:30:06.070+0800: 256.065: Total time for which application threads were stopped: 0.0001298 seconds, Stopping threads took: 0.0000469 seconds
2017-03-13T04:30:06.070+0800: 256.065: Total time for which application threads were stopped: 0.0000761 seconds, Stopping threads took: 0.0000312 seconds
2017-03-13T04:30:06.070+0800: 256.065: Total time for which application threads were stopped: 0.0000704 seconds, Stopping threads took: 0.0000314 seconds
2017-03-13T04:30:06.070+0800: 256.066: Total time for which application threads were stopped: 0.0000838 seconds, Stopping threads took: 0.0000324 seconds
2017-03-13T04:30:06.070+0800: 256.066: Total time for which application threads were stopped: 0.0000954 seconds, Stopping threads took: 0.0000335 seconds
2017-03-13T04:30:06.071+0800: 256.067: Total time for which application threads were stopped: 0.0000761 seconds, Stopping threads took: 0.0000171 seconds
2017-03-13T04:30:06.072+0800: 256.067: Total time for which application threads were stopped: 0.0000609 seconds, Stopping threads took: 0.0000244 seconds
2017-03-13T04:30:06.072+0800: 256.067: Total time for which application threads were stopped: 0.0000443 seconds, Stopping threads took: 0.0000105 seconds
2017-03-13T04:30:06.072+0800: 256.067: Total time for which application threads were stopped: 0.0000628 seconds, Stopping threads took: 0.0000196 seconds
2017-03-13T04:30:06.072+0800: 256.067: Total time for which application threads were stopped: 0.0000577 seconds, Stopping threads took: 0.0000222 seconds
2017-03-13T04:30:06.072+0800: 256.067: Total time for which application threads were stopped: 0.0000558 seconds, Stopping threads took: 0.0000208 seconds
2017-03-13T04:30:06.072+0800: 256.067: Total time for which application threads were stopped: 0.0000815 seconds, Stopping threads took: 0.0000433 seconds
2017-03-13T04:30:06.072+0800: 256.068: Total time for which application threads were stopped: 0.0000654 seconds, Stopping threads took: 0.0000282 seconds
2017-03-13T04:30:06.073+0800: 256.068: Total time for which application threads were stopped: 0.0000646 seconds, Stopping threads took: 0.0000143 seconds
2017-03-13T04:30:06.073+0800: 256.068: Total time for which application threads were stopped: 0.0000616 seconds, Stopping threads took: 0.0000220 seconds
2017-03-13T04:30:06.080+0800: 256.075: Total time for which application threads were stopped: 0.0001317 seconds, Stopping threads took: 0.0000465 seconds
2017-03-13T04:30:06.080+0800: 256.075: Total time for which application threads were stopped: 0.0000659 seconds, Stopping threads took: 0.0000112 seconds
2017-03-13T04:30:06.086+0800: 256.082: Total time for which application threads were stopped: 0.0001472 seconds, Stopping threads took: 0.0000396 seconds
2017-03-13T04:30:06.086+0800: 256.082: Total time for which application threads were stopped: 0.0000758 seconds, Stopping threads took: 0.0000242 seconds
2017-03-13T04:30:07.088+0800: 257.083: Total time for which application threads were stopped: 0.0001793 seconds, Stopping threads took: 0.0000326 seconds
2017-03-13T04:30:13.142+0800: 263.137: Total time for which application threads were stopped: 0.0000998 seconds, Stopping threads took: 0.0000170 seconds
2017-03-13T04:30:13.142+0800: 263.138: Total time for which application threads were stopped: 0.0000552 seconds, Stopping threads took: 0.0000085 seconds
2017-03-13T04:30:14.147+0800: 264.143: Total time for which application threads were stopped: 0.0001272 seconds, Stopping threads took: 0.0000312 seconds
2017-03-13T04:30:39.073+0800: 289.069: Total time for which application threads were stopped: 0.0001008 seconds, Stopping threads took: 0.0000200 seconds
{Heap before GC invocations=24 (full 1):
 par new generation   total 109248K, used 109248K [0x00000007a0000000, 0x00000007a8000000, 0x00000007a8000000)
  eden space 87424K, 100% used [0x00000007a0000000, 0x00000007a5560000, 0x00000007a5560000)
  from space 21824K, 100% used [0x00000007a5560000, 0x00000007a6ab0000, 0x00000007a6ab0000)
  to   space 21824K,   0% used [0x00000007a6ab0000, 0x00000007a6ab0000, 0x00000007a8000000)
 concurrent mark-sweep generation total 393216K, used 43910K [0x00000007a8000000, 0x00000007c0000000, 0x00000007c0000000)
 Metaspace       used 36954K, capacity 37847K, committed 38032K, reserved 1083392K
  class space    used 4283K, capacity 4544K, committed 4552K, reserved 1048576K
2017-03-13T04:30:39.126+0800: 289.122: [GC (Allocation Failure) 2017-03-13T04:30:39.126+0800: 289.122: [ParNew
Desired survivor size 20112992 bytes, new threshold 8 (max 8)
- age   1:    1913672 bytes,    1913672 total
- age   2:    4719760 bytes,    6633432 total
- age   3:    4371264 bytes,   11004696 total
- age   4:    7185864 bytes,   18190560 total
: 109248K->21824K(109248K), 0.0115840 secs] 153158K->69017K(502464K), 0.0116999 secs] [Times: user=0.06 sys=0.00, real=0.01 secs] 
Heap after GC invocations=25 (full 1):
 par new generation   total 109248K, used 21824K [0x00000007a0000000, 0x00000007a8000000, 0x00000007a8000000)
  eden space 87424K,   0% used [0x00000007a0000000, 0x00000007a0000000, 0x00000007a5560000)
  from space 21824K, 100% used [0x00000007a6ab0000, 0x00000007a8000000, 0x00000007a8000000)
  to   space 21824K,   0% used [0x00000007a5560000, 0x00000007a5560000, 0x00000007a6ab0000)
 concurrent mark-sweep generation total 393216K, used 47193K [0x00000007a8000000, 0x00000007c0000000, 0x00000007c0000000)
 Metaspace       used 36954K, capacity 37847K, committed 38032K, reserved 1083392K
  class space    used 4283K, capacity 4544K, committed 4552K, reserved 1048576K
}
2017-03-13T04:30:39.137+0800: 289.133: Total time for which application threads were stopped: 0.0119422 seconds, Stopping threads took: 0.0000265 seconds
2017-03-13T04:30:39.138+0800: 289.134: Total time for which application threads were stopped: 0.0001372 seconds, Stopping threads took: 0.0000425 seconds
{Heap before GC invocations=25 (full 1):
 par new generation   total 109248K, used 109248K [0x00000007a0000000, 0x00000007a8000000, 0x00000007a8000000)
  eden space 87424K, 100% used [0x00000007a0000000, 0x00000007a5560000, 0x00000007a5560000)
  from space 21824K, 100% used [0x00000007a6ab0000, 0x00000007a8000000, 0x00000007a8000000)
  to   space 21824K,   0% used [0x00000007a5560000, 0x00000007a5560000, 0x00000007a6ab0000)
 concurrent mark-sweep generation total 393216K, used 47193K [0x00000007a8000000, 0x00000007c0000000, 0x00000007c0000000)
 Metaspace       used 36968K, capacity 37865K, committed 38032K, reserved 1083392K
  class space    used 4284K, capacity 4547K, committed 4552K, reserved 1048576K
2017-03-13T04:30:39.180+0800: 289.176: [GC (Allocation Failure) 2017-03-13T04:30:39.180+0800: 289.176: [ParNew
Desired survivor size 20112992 bytes, new threshold 8 (max 8)
- age   1:     184008 bytes,     184008 total
- age   2:    1272576 bytes,    1456584 total
- age   3:    4714704 bytes,    6171288 total
- age   4:    4369680 bytes,   10540968 total
- age   5:    6981952 bytes,   17522920 total
: 109248K->21824K(109248K), 0.0082865 secs] 156441K->69518K(502464K), 0.0083558 secs] [Times: user=0.03 sys=0.00, real=0.00 secs] 
Heap after GC invocations=26 (full 1):
 par new generation   total 109248K, used 21824K [0x00000007a0000000, 0x00000007a8000000, 0x00000007a8000000)
  eden space 87424K,   0% used [0x00000007a0000000, 0x00000007a0000000, 0x00000007a5560000)
  from space 21824K, 100% used [0x00000007a5560000, 0x00000007a6ab0000, 0x00000007a6ab0000)
  to   space 21824K,   0% used [0x00000007a6ab0000, 0x00000007a6ab0000, 0x00000007a8000000)
 concurrent mark-sweep generation total 393216K, used 47694K [0x00000007a8000000, 0x00000007c0000000, 0x00000007c0000000)
 Metaspace       used 36968K, capacity 37865K, committed 38032K, reserved 1083392K
  class space    used 4284K, capacity 4547K, committed 4552K, reserved 1048576K
}
2017-03-13T04:30:39.188+0800: 289.184: Total time for which application threads were stopped: 0.0085488 seconds, Stopping threads took: 0.0000228 seconds
2017-03-13T04:30:39.188+0800: 289.184: Total time for which application threads were stopped: 0.0002095 seconds, Stopping threads took: 0.0000890 seconds
2017-03-13T04:30:39.263+0800: 289.259: Total time for which application threads were stopped: 0.0002123 seconds, Stopping threads took: 0.0000196 seconds
2017-03-13T04:30:39.892+0800: 289.888: Total time for which application threads were stopped: 0.0001801 seconds, Stopping threads took: 0.0000635 seconds
2017-03-13T04:30:39.894+0800: 289.890: Total time for which application threads were stopped: 0.0001008 seconds, Stopping threads took: 0.0000217 seconds
2017-03-13T04:30:39.894+0800: 289.891: Total time for which application threads were stopped: 0.0001045 seconds, Stopping threads took: 0.0000162 seconds
2017-03-13T04:30:39.907+0800: 289.903: Total time for which application threads were stopped: 0.0001494 seconds, Stopping threads took: 0.0000474 seconds
2017-03-13T04:30:39.907+0800: 289.903: Total time for which application threads were stopped: 0.0000588 seconds, Stopping threads took: 0.0000106 seconds
2017-03-13T04:30:39.927+0800: 289.923: Total time for which application threads were stopped: 0.0001452 seconds, Stopping threads took: 0.0000223 seconds
2017-03-13T04:30:39.927+0800: 289.923: Total time for which application threads were stopped: 0.0000940 seconds, Stopping threads took: 0.0000492 seconds
2017-03-13T04:30:39.927+0800: 289.923: Total time for which application threads were stopped: 0.0000828 seconds, Stopping threads took: 0.0000269 seconds
2017-03-13T04:30:39.927+0800: 289.923: Total time for which application threads were stopped: 0.0000767 seconds, Stopping threads took: 0.0000267 seconds
2017-03-13T04:30:39.927+0800: 289.923: Total time for which application threads were stopped: 0.0000905 seconds, Stopping threads took: 0.0000410 seconds
2017-03-13T04:30:39.927+0800: 289.923: Total time for which application threads were stopped: 0.0000665 seconds, Stopping threads took: 0.0000140 seconds
2017-03-13T04:30:39.927+0800: 289.923: Total time for which application threads were stopped: 0.0000644 seconds, Stopping threads took: 0.0000177 seconds
2017-03-13T04:30:39.928+0800: 289.924: Total time for which application threads were stopped: 0.0001056 seconds, Stopping threads took: 0.0000678 seconds
2017-03-13T04:30:39.928+0800: 289.924: Total time for which application threads were stopped: 0.0000649 seconds, Stopping threads took: 0.0000277 seconds
2017-03-13T04:30:39.928+0800: 289.924: Total time for which application threads were stopped: 0.0000746 seconds, Stopping threads took: 0.0000289 seconds
2017-03-13T04:30:39.928+0800: 289.924: Total time for which application threads were stopped: 0.0000388 seconds, Stopping threads took: 0.0000076 seconds
2017-03-13T04:30:39.928+0800: 289.924: Total time for which application threads were stopped: 0.0000809 seconds, Stopping threads took: 0.0000415 seconds
2017-03-13T04:30:39.928+0800: 289.924: Total time for which application threads were stopped: 0.0000758 seconds, Stopping threads took: 0.0000404 seconds
2017-03-13T04:30:39.928+0800: 289.924: Total time for which application threads were stopped: 0.0000706 seconds, Stopping threads took: 0.0000287 seconds
2017-03-13T04:30:39.929+0800: 289.925: Total time for which application threads were stopped: 0.0000749 seconds, Stopping threads took: 0.0000145 seconds
2017-03-13T04:30:39.929+0800: 289.925: Total time for which application threads were stopped: 0.0001095 seconds, Stopping threads took: 0.0000647 seconds
2017-03-13T04:30:39.929+0800: 289.925: Total time for which application threads were stopped: 0.0000662 seconds, Stopping threads took: 0.0000190 seconds
2017-03-13T04:30:39.929+0800: 289.925: Total time for which application threads were stopped: 0.0001883 seconds, Stopping threads took: 0.0000288 seconds
2017-03-13T04:30:39.929+0800: 289.925: Total time for which application threads were stopped: 0.0000737 seconds, Stopping threads took: 0.0000279 seconds
2017-03-13T04:30:39.933+0800: 289.929: Total time for which application threads were stopped: 0.0001300 seconds, Stopping threads took: 0.0000482 seconds
2017-03-13T04:30:39.935+0800: 289.931: Total time for which application threads were stopped: 0.0000874 seconds, Stopping threads took: 0.0000193 seconds
2017-03-13T04:30:39.936+0800: 289.932: Total time for which application threads were stopped: 0.0000901 seconds, Stopping threads took: 0.0000430 seconds
2017-03-13T04:30:39.938+0800: 289.934: Total time for which application threads were stopped: 0.0001073 seconds, Stopping threads took: 0.0000394 seconds
2017-03-13T04:30:39.941+0800: 289.937: Total time for which application threads were stopped: 0.0001285 seconds, Stopping threads took: 0.0000573 seconds
2017-03-13T04:30:39.943+0800: 289.939: Total time for which application threads were stopped: 0.0001152 seconds, Stopping threads took: 0.0000458 seconds
2017-03-13T04:30:39.943+0800: 289.940: Total time for which application threads were stopped: 0.0000712 seconds, Stopping threads took: 0.0000212 seconds
2017-03-13T04:30:39.945+0800: 289.941: Total time for which application threads were stopped: 0.0001032 seconds, Stopping threads took: 0.0000382 seconds
2017-03-13T04:30:39.945+0800: 289.941: Total time for which application threads were stopped: 0.0000663 seconds, Stopping threads took: 0.0000210 seconds
2017-03-13T04:30:39.948+0800: 289.944: Total time for which application threads were stopped: 0.0001436 seconds, Stopping threads took: 0.0000440 seconds
2017-03-13T04:30:39.955+0800: 289.951: Total time for which application threads were stopped: 0.0001191 seconds, Stopping threads took: 0.0000323 seconds
2017-03-13T04:30:39.956+0800: 289.952: Total time for which application threads were stopped: 0.0000910 seconds, Stopping threads took: 0.0000171 seconds
2017-03-13T04:30:39.959+0800: 289.955: Total time for which application threads were stopped: 0.0000900 seconds, Stopping threads took: 0.0000172 seconds
2017-03-13T04:30:39.962+0800: 289.958: Total time for which application threads were stopped: 0.0001355 seconds, Stopping threads took: 0.0000671 seconds
2017-03-13T04:30:39.962+0800: 289.958: Total time for which application threads were stopped: 0.0000736 seconds, Stopping threads took: 0.0000133 seconds
2017-03-13T04:30:39.964+0800: 289.960: Total time for which application threads were stopped: 0.0000725 seconds, Stopping threads took: 0.0000131 seconds
2017-03-13T04:30:39.966+0800: 289.962: Total time for which application threads were stopped: 0.0001890 seconds, Stopping threads took: 0.0000947 seconds
2017-03-13T04:30:39.968+0800: 289.964: Total time for which application threads were stopped: 0.0001263 seconds, Stopping threads took: 0.0000351 seconds
2017-03-13T04:30:39.970+0800: 289.966: Total time for which application threads were stopped: 0.0000865 seconds, Stopping threads took: 0.0000171 seconds
2017-03-13T04:30:39.970+0800: 289.966: Total time for which application threads were stopped: 0.0000481 seconds, Stopping threads took: 0.0000083 seconds
2017-03-13T04:30:39.972+0800: 289.968: Total time for which application threads were stopped: 0.0001601 seconds, Stopping threads took: 0.0000132 seconds
2017-03-13T04:30:39.972+0800: 289.968: Total time for which application threads were stopped: 0.0000501 seconds, Stopping threads took: 0.0000098 seconds
2017-03-13T04:30:39.978+0800: 289.974: Total time for which application threads were stopped: 0.0000942 seconds, Stopping threads took: 0.0000225 seconds
2017-03-13T04:30:39.978+0800: 289.974: Total time for which application threads were stopped: 0.0000497 seconds, Stopping threads took: 0.0000092 seconds
2017-03-13T04:30:39.987+0800: 289.983: Total time for which application threads were stopped: 0.0000870 seconds, Stopping threads took: 0.0000189 seconds
2017-03-13T04:30:39.989+0800: 289.985: Total time for which application threads were stopped: 0.0001199 seconds, Stopping threads took: 0.0000412 seconds
2017-03-13T04:30:40.993+0800: 290.989: Total time for which application threads were stopped: 0.0001342 seconds, Stopping threads took: 0.0000252 seconds
2017-03-13T04:30:41.800+0800: 291.796: Total time for which application threads were stopped: 0.0001302 seconds, Stopping threads took: 0.0000407 seconds
2017-03-13T04:30:41.807+0800: 291.803: Total time for which application threads were stopped: 0.0001023 seconds, Stopping threads took: 0.0000219 seconds
{Heap before GC invocations=26 (full 1):
 par new generation   total 109248K, used 109248K [0x00000007a0000000, 0x00000007a8000000, 0x00000007a8000000)
  eden space 87424K, 100% used [0x00000007a0000000, 0x00000007a5560000, 0x00000007a5560000)
  from space 21824K, 100% used [0x00000007a5560000, 0x00000007a6ab0000, 0x00000007a6ab0000)
  to   space 21824K,   0% used [0x00000007a6ab0000, 0x00000007a6ab0000, 0x00000007a8000000)
 concurrent mark-sweep generation total 393216K, used 47694K [0x00000007a8000000, 0x00000007c0000000, 0x00000007c0000000)
 Metaspace       used 37159K, capacity 38095K, committed 38416K, reserved 1083392K
  class space    used 4302K, capacity 4562K, committed 4680K, reserved 1048576K
2017-03-13T04:30:41.835+0800: 291.831: [GC (Allocation Failure) 2017-03-13T04:30:41.835+0800: 291.831: [ParNew
Desired survivor size 20112992 bytes, new threshold 8 (max 8)
- age   1:    1820392 bytes,    1820392 total
- age   2:      84080 bytes,    1904472 total
- age   3:    1009768 bytes,    2914240 total
- age   4:    2933696 bytes,    5847936 total
- age   5:    4369680 bytes,   10217616 total
- age   6:    6933968 bytes,   17151584 total
: 109248K->21824K(109248K), 0.0106307 secs] 156942K->71513K(502464K), 0.0107251 secs] [Times: user=0.05 sys=0.01, real=0.01 secs] 
Heap after GC invocations=27 (full 1):
 par new generation   total 109248K, used 21824K [0x00000007a0000000, 0x00000007a8000000, 0x00000007a8000000)
  eden space 87424K,   0% used [0x00000007a0000000, 0x00000007a0000000, 0x00000007a5560000)
  from space 21824K, 100% used [0x00000007a6ab0000, 0x00000007a8000000, 0x00000007a8000000)
  to   space 21824K,   0% used [0x00000007a5560000, 0x00000007a5560000, 0x00000007a6ab0000)
 concurrent mark-sweep generation total 393216K, used 49689K [0x00000007a8000000, 0x00000007c0000000, 0x00000007c0000000)
 Metaspace       used 37159K, capacity 38095K, committed 38416K, reserved 1083392K
  class space    used 4302K, capacity 4562K, committed 4680K, reserved 1048576K
}
2017-03-13T04:30:41.846+0800: 291.842: Total time for which application threads were stopped: 0.0109196 seconds, Stopping threads took: 0.0000237 seconds
2017-03-13T04:30:41.846+0800: 291.842: Total time for which application threads were stopped: 0.0001721 seconds, Stopping threads took: 0.0000784 seconds
2017-03-13T04:30:41.846+0800: 291.842: Total time for which application threads were stopped: 0.0001157 seconds, Stopping threads took: 0.0000663 seconds
{Heap before GC invocations=27 (full 1):
 par new generation   total 109248K, used 109248K [0x00000007a0000000, 0x00000007a8000000, 0x00000007a8000000)
  eden space 87424K, 100% used [0x00000007a0000000, 0x00000007a5560000, 0x00000007a5560000)
  from space 21824K, 100% used [0x00000007a6ab0000, 0x00000007a8000000, 0x00000007a8000000)
  to   space 21824K,   0% used [0x00000007a5560000, 0x00000007a5560000, 0x00000007a6ab0000)
 concurrent mark-sweep generation total 393216K, used 49689K [0x00000007a8000000, 0x00000007c0000000, 0x00000007c0000000)
 Metaspace       used 37165K, capacity 38101K, committed 38416K, reserved 1083392K
  class space    used 4302K, capacity 4563K, committed 4680K, reserved 1048576K
2017-03-13T04:30:41.894+0800: 291.890: [GC (Allocation Failure) 2017-03-13T04:30:41.894+0800: 291.890: [ParNew
Desired survivor size 20112992 bytes, new threshold 8 (max 8)
- age   1:     700536 bytes,     700536 total
- age   2:    1570856 bytes,    2271392 total
- age   3:      84080 bytes,    2355472 total
- age   4:    1009768 bytes,    3365240 total
- age   5:    2933696 bytes,    6298936 total
- age   6:    4369680 bytes,   10668616 total
- age   7:    6933968 bytes,   17602584 total
: 109248K->21184K(109248K), 0.0101920 secs] 158937K->70874K(502464K), 0.0102869 secs] [Times: user=0.05 sys=0.00, real=0.01 secs] 
Heap after GC invocations=28 (full 1):
 par new generation   total 109248K, used 21184K [0x00000007a0000000, 0x00000007a8000000, 0x00000007a8000000)
  eden space 87424K,   0% used [0x00000007a0000000, 0x00000007a0000000, 0x00000007a5560000)
  from space 21824K,  97% used [0x00000007a5560000, 0x00000007a6a10200, 0x00000007a6ab0000)
  to   space 21824K,   0% used [0x00000007a6ab0000, 0x00000007a6ab0000, 0x00000007a8000000)
 concurrent mark-sweep generation total 393216K, used 49689K [0x00000007a8000000, 0x00000007c0000000, 0x00000007c0000000)
 Metaspace       used 37165K, capacity 38101K, committed 38416K, reserved 1083392K
  class space    used 4302K, capacity 4563K, committed 4680K, reserved 1048576K
}
2017-03-13T04:30:41.904+0800: 291.900: Total time for which application threads were stopped: 0.0104890 seconds, Stopping threads took: 0.0000234 seconds
2017-03-13T04:30:41.976+0800: 291.972: Total time for which application threads were stopped: 0.0001263 seconds, Stopping threads took: 0.0000222 seconds
2017-03-13T04:30:41.987+0800: 291.983: Total time for which application threads were stopped: 0.0001603 seconds, Stopping threads took: 0.0000542 seconds
2017-03-13T04:30:41.988+0800: 291.984: Total time for which application threads were stopped: 0.0000874 seconds, Stopping threads took: 0.0000157 seconds
2017-03-13T04:30:41.988+0800: 291.984: Total time for which application threads were stopped: 0.0001021 seconds, Stopping threads took: 0.0000559 seconds
2017-03-13T04:30:41.988+0800: 291.984: Total time for which application threads were stopped: 0.0000806 seconds, Stopping threads took: 0.0000401 seconds
2017-03-13T04:30:41.988+0800: 291.984: Total time for which application threads were stopped: 0.0000591 seconds, Stopping threads took: 0.0000183 seconds
2017-03-13T04:30:41.988+0800: 291.984: Total time for which application threads were stopped: 0.0000476 seconds, Stopping threads took: 0.0000096 seconds
2017-03-13T04:30:41.988+0800: 291.984: Total time for which application threads were stopped: 0.0000699 seconds, Stopping threads took: 0.0000260 seconds
2017-03-13T04:30:41.988+0800: 291.984: Total time for which application threads were stopped: 0.0000541 seconds, Stopping threads took: 0.0000126 seconds
2017-03-13T04:30:41.989+0800: 291.985: Total time for which application threads were stopped: 0.0000625 seconds, Stopping threads took: 0.0000096 seconds
2017-03-13T04:30:41.989+0800: 291.985: Total time for which application threads were stopped: 0.0000950 seconds, Stopping threads took: 0.0000511 seconds
2017-03-13T04:30:41.989+0800: 291.985: Total time for which application threads were stopped: 0.0000765 seconds, Stopping threads took: 0.0000394 seconds
2017-03-13T04:30:41.989+0800: 291.985: Total time for which application threads were stopped: 0.0000753 seconds, Stopping threads took: 0.0000376 seconds
2017-03-13T04:30:42.005+0800: 292.001: Total time for which application threads were stopped: 0.0001379 seconds, Stopping threads took: 0.0000375 seconds
2017-03-13T04:30:42.006+0800: 292.002: Total time for which application threads were stopped: 0.0000765 seconds, Stopping threads took: 0.0000282 seconds
2017-03-13T04:30:42.020+0800: 292.016: Total time for which application threads were stopped: 0.0001259 seconds, Stopping threads took: 0.0000212 seconds
2017-03-13T04:30:42.021+0800: 292.017: Total time for which application threads were stopped: 0.0001337 seconds, Stopping threads took: 0.0000164 seconds
2017-03-13T04:30:42.021+0800: 292.017: Total time for which application threads were stopped: 0.0000879 seconds, Stopping threads took: 0.0000104 seconds
2017-03-13T04:30:42.021+0800: 292.017: Total time for which application threads were stopped: 0.0001049 seconds, Stopping threads took: 0.0000463 seconds
2017-03-13T04:30:42.021+0800: 292.018: Total time for which application threads were stopped: 0.0001298 seconds, Stopping threads took: 0.0000507 seconds
2017-03-13T04:30:42.022+0800: 292.018: Total time for which application threads were stopped: 0.0000833 seconds, Stopping threads took: 0.0000238 seconds
2017-03-13T04:30:42.022+0800: 292.018: Total time for which application threads were stopped: 0.0000590 seconds, Stopping threads took: 0.0000090 seconds
2017-03-13T04:30:42.022+0800: 292.018: Total time for which application threads were stopped: 0.0001019 seconds, Stopping threads took: 0.0000320 seconds
2017-03-13T04:30:42.022+0800: 292.018: Total time for which application threads were stopped: 0.0000980 seconds, Stopping threads took: 0.0000383 seconds
2017-03-13T04:30:42.022+0800: 292.018: Total time for which application threads were stopped: 0.0000751 seconds, Stopping threads took: 0.0000192 seconds
2017-03-13T04:30:42.023+0800: 292.019: Total time for which application threads were stopped: 0.0000793 seconds, Stopping threads took: 0.0000112 seconds
2017-03-13T04:30:42.023+0800: 292.019: Total time for which application threads were stopped: 0.0001062 seconds, Stopping threads took: 0.0000436 seconds
2017-03-13T04:30:42.023+0800: 292.019: Total time for which application threads were stopped: 0.0001254 seconds, Stopping threads took: 0.0000751 seconds
2017-03-13T04:30:42.023+0800: 292.019: Total time for which application threads were stopped: 0.0000616 seconds, Stopping threads took: 0.0000089 seconds
2017-03-13T04:30:42.036+0800: 292.032: Total time for which application threads were stopped: 0.0001117 seconds, Stopping threads took: 0.0000222 seconds
2017-03-13T04:30:42.049+0800: 292.045: Total time for which application threads were stopped: 0.0001365 seconds, Stopping threads took: 0.0000282 seconds
2017-03-13T04:30:42.057+0800: 292.053: Total time for which application threads were stopped: 0.0001026 seconds, Stopping threads took: 0.0000220 seconds
2017-03-13T04:30:42.058+0800: 292.054: Total time for which application threads were stopped: 0.0000630 seconds, Stopping threads took: 0.0000121 seconds
2017-03-13T04:30:42.058+0800: 292.054: Total time for which application threads were stopped: 0.0000556 seconds, Stopping threads took: 0.0000105 seconds
2017-03-13T04:30:42.060+0800: 292.056: Total time for which application threads were stopped: 0.0000908 seconds, Stopping threads took: 0.0000175 seconds
2017-03-13T04:30:42.067+0800: 292.063: Total time for which application threads were stopped: 0.0001350 seconds, Stopping threads took: 0.0000254 seconds
2017-03-13T04:30:42.073+0800: 292.070: Total time for which application threads were stopped: 0.0001054 seconds, Stopping threads took: 0.0000233 seconds
2017-03-13T04:30:42.078+0800: 292.074: Total time for which application threads were stopped: 0.0001039 seconds, Stopping threads took: 0.0000223 seconds
2017-03-13T04:30:42.083+0800: 292.079: Total time for which application threads were stopped: 0.0001251 seconds, Stopping threads took: 0.0000233 seconds
{Heap before GC invocations=28 (full 1):
 par new generation   total 109248K, used 108608K [0x00000007a0000000, 0x00000007a8000000, 0x00000007a8000000)
  eden space 87424K, 100% used [0x00000007a0000000, 0x00000007a5560000, 0x00000007a5560000)
  from space 21824K,  97% used [0x00000007a5560000, 0x00000007a6a10200, 0x00000007a6ab0000)
  to   space 21824K,   0% used [0x00000007a6ab0000, 0x00000007a6ab0000, 0x00000007a8000000)
 concurrent mark-sweep generation total 393216K, used 49689K [0x00000007a8000000, 0x00000007c0000000, 0x00000007c0000000)
 Metaspace       used 37223K, capacity 38165K, committed 38416K, reserved 1083392K
  class space    used 4303K, capacity 4563K, committed 4680K, reserved 1048576K
2017-03-13T04:30:47.994+0800: 297.991: [GC (Allocation Failure) 2017-03-13T04:30:47.994+0800: 297.991: [ParNew
Desired survivor size 20112992 bytes, new threshold 8 (max 8)
- age   1:     952136 bytes,     952136 total
- age   2:     153416 bytes,    1105552 total
- age   3:    1416544 bytes,    2522096 total
- age   4:      84080 bytes,    2606176 total
- age   5:     963936 bytes,    3570112 total
- age   6:    2798832 bytes,    6368944 total
- age   7:    4107120 bytes,   10476064 total
- age   8:    6843040 bytes,   17319104 total
: 108608K->21824K(109248K), 0.0120061 secs] 158298K->72075K(502464K), 0.0121374 secs] [Times: user=0.04 sys=0.00, real=0.01 secs] 
Heap after GC invocations=29 (full 1):
 par new generation   total 109248K, used 21824K [0x00000007a0000000, 0x00000007a8000000, 0x00000007a8000000)
  eden space 87424K,   0% used [0x00000007a0000000, 0x00000007a0000000, 0x00000007a5560000)
  from space 21824K, 100% used [0x00000007a6ab0000, 0x00000007a8000000, 0x00000007a8000000)
  to   space 21824K,   0% used [0x00000007a5560000, 0x00000007a5560000, 0x00000007a6ab0000)
 concurrent mark-sweep generation total 393216K, used 50251K [0x00000007a8000000, 0x00000007c0000000, 0x00000007c0000000)
 Metaspace       used 37223K, capacity 38165K, committed 38416K, reserved 1083392K
  class space    used 4303K, capacity 4563K, committed 4680K, reserved 1048576K
}
2017-03-13T04:30:48.007+0800: 298.003: Total time for which application threads were stopped: 0.0124352 seconds, Stopping threads took: 0.0000581 seconds
2017-03-13T04:30:48.007+0800: 298.003: Total time for which application threads were stopped: 0.0001425 seconds, Stopping threads took: 0.0000694 seconds
2017-03-13T04:30:49.011+0800: 299.008: Total time for which application threads were stopped: 0.0001423 seconds, Stopping threads took: 0.0000250 seconds
2017-03-13T04:30:49.182+0800: 299.178: Total time for which application threads were stopped: 0.0001330 seconds, Stopping threads took: 0.0000378 seconds
2017-03-13T04:30:49.182+0800: 299.178: Total time for which application threads were stopped: 0.0000799 seconds, Stopping threads took: 0.0000233 seconds
2017-03-13T04:30:49.188+0800: 299.184: Total time for which application threads were stopped: 0.0001469 seconds, Stopping threads took: 0.0000429 seconds
2017-03-13T04:30:49.188+0800: 299.184: Total time for which application threads were stopped: 0.0000850 seconds, Stopping threads took: 0.0000252 seconds
2017-03-13T04:30:50.190+0800: 300.186: Total time for which application threads were stopped: 0.0001276 seconds, Stopping threads took: 0.0000289 seconds
2017-03-13T04:30:52.576+0800: 302.572: Total time for which application threads were stopped: 0.0001182 seconds, Stopping threads took: 0.0000200 seconds
2017-03-13T04:30:53.576+0800: 303.572: Total time for which application threads were stopped: 0.0001388 seconds, Stopping threads took: 0.0000307 seconds
2017-03-13T04:30:59.145+0800: 309.141: Total time for which application threads were stopped: 0.0001082 seconds, Stopping threads took: 0.0000181 seconds
2017-03-13T04:31:39.273+0800: 349.271: Total time for which application threads were stopped: 0.0001403 seconds, Stopping threads took: 0.0000310 seconds
2017-03-13T04:31:53.322+0800: 363.320: Total time for which application threads were stopped: 0.0001352 seconds, Stopping threads took: 0.0000322 seconds
2017-03-13T04:32:04.628+0800: 374.626: Total time for which application threads were stopped: 0.0001121 seconds, Stopping threads took: 0.0000237 seconds
2017-03-13T04:32:04.628+0800: 374.626: Total time for which application threads were stopped: 0.0001121 seconds, Stopping threads took: 0.0000436 seconds
2017-03-13T04:32:04.628+0800: 374.626: Total time for which application threads were stopped: 0.0000607 seconds, Stopping threads took: 0.0000097 seconds
2017-03-13T04:32:04.629+0800: 374.627: Total time for which application threads were stopped: 0.0000563 seconds, Stopping threads took: 0.0000087 seconds
2017-03-13T04:32:04.629+0800: 374.627: Total time for which application threads were stopped: 0.0000541 seconds, Stopping threads took: 0.0000081 seconds
2017-03-13T04:32:04.629+0800: 374.627: Total time for which application threads were stopped: 0.0000536 seconds, Stopping threads took: 0.0000080 seconds
2017-03-13T04:32:04.629+0800: 374.627: Total time for which application threads were stopped: 0.0000547 seconds, Stopping threads took: 0.0000088 seconds
2017-03-13T04:32:04.629+0800: 374.627: Total time for which application threads were stopped: 0.0000513 seconds, Stopping threads took: 0.0000076 seconds
2017-03-13T04:32:04.629+0800: 374.627: Total time for which application threads were stopped: 0.0000509 seconds, Stopping threads took: 0.0000075 seconds
2017-03-13T04:32:04.629+0800: 374.627: Total time for which application threads were stopped: 0.0000850 seconds, Stopping threads took: 0.0000402 seconds
2017-03-13T04:32:04.629+0800: 374.627: Total time for which application threads were stopped: 0.0000688 seconds, Stopping threads took: 0.0000250 seconds
2017-03-13T04:32:04.629+0800: 374.627: Total time for which application threads were stopped: 0.0000652 seconds, Stopping threads took: 0.0000217 seconds
2017-03-13T04:32:04.629+0800: 374.627: Total time for which application threads were stopped: 0.0000644 seconds, Stopping threads took: 0.0000210 seconds
2017-03-13T04:32:04.630+0800: 374.628: Total time for which application threads were stopped: 0.0000639 seconds, Stopping threads took: 0.0000217 seconds
2017-03-13T04:32:04.630+0800: 374.628: Total time for which application threads were stopped: 0.0000694 seconds, Stopping threads took: 0.0000232 seconds
2017-03-13T04:32:04.630+0800: 374.628: Total time for which application threads were stopped: 0.0000704 seconds, Stopping threads took: 0.0000276 seconds
2017-03-13T04:32:04.630+0800: 374.628: Total time for which application threads were stopped: 0.0000678 seconds, Stopping threads took: 0.0000250 seconds
2017-03-13T04:32:04.630+0800: 374.628: Total time for which application threads were stopped: 0.0000603 seconds, Stopping threads took: 0.0000193 seconds
2017-03-13T04:32:04.630+0800: 374.628: Total time for which application threads were stopped: 0.0000596 seconds, Stopping threads took: 0.0000189 seconds
2017-03-13T04:32:04.630+0800: 374.628: Total time for which application threads were stopped: 0.0000617 seconds, Stopping threads took: 0.0000213 seconds
2017-03-13T04:32:04.630+0800: 374.628: Total time for which application threads were stopped: 0.0001556 seconds, Stopping threads took: 0.0000198 seconds
2017-03-13T04:32:04.630+0800: 374.628: Total time for which application threads were stopped: 0.0000698 seconds, Stopping threads took: 0.0000208 seconds
2017-03-13T04:32:04.632+0800: 374.630: Total time for which application threads were stopped: 0.0000705 seconds, Stopping threads took: 0.0000158 seconds
2017-03-13T04:32:04.632+0800: 374.630: Total time for which application threads were stopped: 0.0000663 seconds, Stopping threads took: 0.0000066 seconds
2017-03-13T04:32:04.632+0800: 374.630: Total time for which application threads were stopped: 0.0000466 seconds, Stopping threads took: 0.0000063 seconds
2017-03-13T04:32:04.633+0800: 374.631: Total time for which application threads were stopped: 0.0000601 seconds, Stopping threads took: 0.0000088 seconds
2017-03-13T04:32:04.635+0800: 374.633: Total time for which application threads were stopped: 0.0000627 seconds, Stopping threads took: 0.0000098 seconds
2017-03-13T04:32:04.635+0800: 374.633: Total time for which application threads were stopped: 0.0000483 seconds, Stopping threads took: 0.0000067 seconds
2017-03-13T04:32:04.635+0800: 374.633: Total time for which application threads were stopped: 0.0000465 seconds, Stopping threads took: 0.0000066 seconds
2017-03-13T04:32:04.635+0800: 374.633: Total time for which application threads were stopped: 0.0000608 seconds, Stopping threads took: 0.0000102 seconds
2017-03-13T04:32:04.636+0800: 374.634: Total time for which application threads were stopped: 0.0000529 seconds, Stopping threads took: 0.0000077 seconds
2017-03-13T04:32:04.636+0800: 374.634: Total time for which application threads were stopped: 0.0000756 seconds, Stopping threads took: 0.0000256 seconds
2017-03-13T04:32:04.636+0800: 374.634: Total time for which application threads were stopped: 0.0000584 seconds, Stopping threads took: 0.0000095 seconds
2017-03-13T04:32:04.637+0800: 374.635: Total time for which application threads were stopped: 0.0000560 seconds, Stopping threads took: 0.0000085 seconds
2017-03-13T04:32:04.677+0800: 374.675: Total time for which application threads were stopped: 0.0005530 seconds, Stopping threads took: 0.0000248 seconds
2017-03-13T04:32:04.820+0800: 374.818: Total time for which application threads were stopped: 0.0005970 seconds, Stopping threads took: 0.0000366 seconds
2017-03-13T04:32:05.821+0800: 375.819: Total time for which application threads were stopped: 0.0002447 seconds, Stopping threads took: 0.0000480 seconds
2017-03-13T04:33:18.951+0800: 448.951: Total time for which application threads were stopped: 0.0001417 seconds, Stopping threads took: 0.0000438 seconds
2017-03-13T04:33:18.952+0800: 448.951: Total time for which application threads were stopped: 0.0000923 seconds, Stopping threads took: 0.0000139 seconds
2017-03-13T04:33:18.952+0800: 448.952: Total time for which application threads were stopped: 0.0001132 seconds, Stopping threads took: 0.0000397 seconds
2017-03-13T04:33:18.952+0800: 448.952: Total time for which application threads were stopped: 0.0000806 seconds, Stopping threads took: 0.0000332 seconds
2017-03-13T04:33:18.952+0800: 448.952: Total time for which application threads were stopped: 0.0000688 seconds, Stopping threads took: 0.0000255 seconds
2017-03-13T04:33:18.952+0800: 448.952: Total time for which application threads were stopped: 0.0000859 seconds, Stopping threads took: 0.0000275 seconds
2017-03-13T04:33:18.952+0800: 448.952: Total time for which application threads were stopped: 0.0000893 seconds, Stopping threads took: 0.0000362 seconds
2017-03-13T04:33:18.953+0800: 448.952: Total time for which application threads were stopped: 0.0000545 seconds, Stopping threads took: 0.0000096 seconds
2017-03-13T04:33:18.953+0800: 448.952: Total time for which application threads were stopped: 0.0000444 seconds, Stopping threads took: 0.0000068 seconds
2017-03-13T04:33:18.953+0800: 448.952: Total time for which application threads were stopped: 0.0000651 seconds, Stopping threads took: 0.0000221 seconds
2017-03-13T04:33:18.953+0800: 448.952: Total time for which application threads were stopped: 0.0000662 seconds, Stopping threads took: 0.0000094 seconds
2017-03-13T04:33:18.953+0800: 448.953: Total time for which application threads were stopped: 0.0000742 seconds, Stopping threads took: 0.0000095 seconds
2017-03-13T04:33:18.953+0800: 448.953: Total time for which application threads were stopped: 0.0000905 seconds, Stopping threads took: 0.0000199 seconds
2017-03-13T04:33:18.953+0800: 448.953: Total time for which application threads were stopped: 0.0000464 seconds, Stopping threads took: 0.0000075 seconds
2017-03-13T04:33:18.953+0800: 448.953: Total time for which application threads were stopped: 0.0000476 seconds, Stopping threads took: 0.0000084 seconds
2017-03-13T04:33:18.953+0800: 448.953: Total time for which application threads were stopped: 0.0000706 seconds, Stopping threads took: 0.0000099 seconds
2017-03-13T04:33:18.953+0800: 448.953: Total time for which application threads were stopped: 0.0000686 seconds, Stopping threads took: 0.0000096 seconds
2017-03-13T04:33:18.954+0800: 448.953: Total time for which application threads were stopped: 0.0001098 seconds, Stopping threads took: 0.0000510 seconds
2017-03-13T04:33:18.954+0800: 448.953: Total time for which application threads were stopped: 0.0000934 seconds, Stopping threads took: 0.0000356 seconds
2017-03-13T04:33:18.954+0800: 448.953: Total time for which application threads were stopped: 0.0000582 seconds, Stopping threads took: 0.0000193 seconds
2017-03-13T04:33:18.954+0800: 448.954: Total time for which application threads were stopped: 0.0002116 seconds, Stopping threads took: 0.0000290 seconds
2017-03-13T04:33:18.954+0800: 448.954: Total time for which application threads were stopped: 0.0000988 seconds, Stopping threads took: 0.0000305 seconds
2017-03-13T04:33:18.955+0800: 448.954: Total time for which application threads were stopped: 0.0000962 seconds, Stopping threads took: 0.0000318 seconds
2017-03-13T04:33:18.955+0800: 448.954: Total time for which application threads were stopped: 0.0000730 seconds, Stopping threads took: 0.0000270 seconds
2017-03-13T04:33:18.955+0800: 448.955: Total time for which application threads were stopped: 0.0000684 seconds, Stopping threads took: 0.0000102 seconds
2017-03-13T04:33:18.963+0800: 448.963: Total time for which application threads were stopped: 0.0005827 seconds, Stopping threads took: 0.0000372 seconds
2017-03-13T04:33:18.963+0800: 448.963: Total time for which application threads were stopped: 0.0001076 seconds, Stopping threads took: 0.0000380 seconds
2017-03-13T04:33:18.963+0800: 448.963: Total time for which application threads were stopped: 0.0000979 seconds, Stopping threads took: 0.0000339 seconds
2017-03-13T04:33:19.013+0800: 449.012: Total time for which application threads were stopped: 0.0001713 seconds, Stopping threads took: 0.0000252 seconds
2017-03-13T04:33:20.017+0800: 450.017: Total time for which application threads were stopped: 0.0001163 seconds, Stopping threads took: 0.0000265 seconds
2017-03-13T04:33:20.163+0800: 450.163: [GC (CMS Initial Mark) [1 CMS-initial-mark: 50251K(393216K)] 109329K(502464K), 0.0089655 secs] [Times: user=0.03 sys=0.00, real=0.01 secs] 
2017-03-13T04:33:20.172+0800: 450.172: Total time for which application threads were stopped: 0.0091954 seconds, Stopping threads took: 0.0000396 seconds
2017-03-13T04:33:20.172+0800: 450.172: [CMS-concurrent-mark-start]
2017-03-13T04:33:20.199+0800: 450.199: [CMS-concurrent-mark: 0.027/0.027 secs] [Times: user=0.10 sys=0.00, real=0.02 secs] 
2017-03-13T04:33:20.200+0800: 450.199: [CMS-concurrent-preclean-start]
2017-03-13T04:33:20.201+0800: 450.201: [CMS-concurrent-preclean: 0.002/0.002 secs] [Times: user=0.01 sys=0.00, real=0.00 secs] 
2017-03-13T04:33:20.201+0800: 450.201: [CMS-concurrent-abortable-preclean-start]
 CMS: abort preclean due to time 2017-03-13T04:33:26.329+0800: 456.328: [CMS-concurrent-abortable-preclean: 2.114/6.127 secs] [Times: user=2.11 sys=0.01, real=6.12 secs] 
2017-03-13T04:33:26.329+0800: 456.329: [GC (CMS Final Remark) [YG occupancy: 59078 K (109248 K)]{Heap before GC invocations=29 (full 2):
 par new generation   total 109248K, used 59078K [0x00000007a0000000, 0x00000007a8000000, 0x00000007a8000000)
  eden space 87424K,  42% used [0x00000007a0000000, 0x00000007a24619b0, 0x00000007a5560000)
  from space 21824K, 100% used [0x00000007a6ab0000, 0x00000007a8000000, 0x00000007a8000000)
  to   space 21824K,   0% used [0x00000007a5560000, 0x00000007a5560000, 0x00000007a6ab0000)
 concurrent mark-sweep generation total 393216K, used 50251K [0x00000007a8000000, 0x00000007c0000000, 0x00000007c0000000)
 Metaspace       used 39273K, capacity 40295K, committed 40592K, reserved 1085440K
  class space    used 4491K, capacity 4748K, committed 4808K, reserved 1048576K
2017-03-13T04:33:26.329+0800: 456.329: [GC (CMS Final Remark) 2017-03-13T04:33:26.329+0800: 456.329: [ParNew
Desired survivor size 20112992 bytes, new threshold 8 (max 8)
- age   1:    2010832 bytes,    2010832 total
- age   2:     940336 bytes,    2951168 total
- age   3:     153352 bytes,    3104520 total
- age   4:    1413624 bytes,    4518144 total
- age   5:      84080 bytes,    4602224 total
- age   6:     871072 bytes,    5473296 total
- age   7:    2798832 bytes,    8272128 total
- age   8:    4107120 bytes,   12379248 total
: 59078K->20455K(109248K), 0.0142751 secs] 109329K->77481K(502464K), 0.0143355 secs] [Times: user=0.04 sys=0.00, real=0.02 secs] 
Heap after GC invocations=30 (full 2):
 par new generation   total 109248K, used 20455K [0x00000007a0000000, 0x00000007a8000000, 0x00000007a8000000)
  eden space 87424K,   0% used [0x00000007a0000000, 0x00000007a0000000, 0x00000007a5560000)
  from space 21824K,  93% used [0x00000007a5560000, 0x00000007a6959c80, 0x00000007a6ab0000)
  to   space 21824K,   0% used [0x00000007a6ab0000, 0x00000007a6ab0000, 0x00000007a8000000)
 concurrent mark-sweep generation total 393216K, used 57026K [0x00000007a8000000, 0x00000007c0000000, 0x00000007c0000000)
 Metaspace       used 39273K, capacity 40295K, committed 40592K, reserved 1085440K
  class space    used 4491K, capacity 4748K, committed 4808K, reserved 1048576K
}
2017-03-13T04:33:26.343+0800: 456.343: [Rescan (parallel) , 0.0044314 secs]2017-03-13T04:33:26.348+0800: 456.347: [weak refs processing, 0.0008009 secs]2017-03-13T04:33:26.348+0800: 456.348: [class unloading, 0.0136952 secs]2017-03-13T04:33:26.362+0800: 456.362: [scrub symbol table, 0.0050187 secs]2017-03-13T04:33:26.367+0800: 456.367: [scrub string table, 0.0006042 secs][1 CMS-remark: 57026K(393216K)] 77481K(502464K), 0.0407069 secs] [Times: user=0.08 sys=0.00, real=0.04 secs] 
2017-03-13T04:33:26.370+0800: 456.369: Total time for which application threads were stopped: 0.0408401 seconds, Stopping threads took: 0.0000259 seconds
2017-03-13T04:33:26.370+0800: 456.369: [CMS-concurrent-sweep-start]
2017-03-13T04:33:26.370+0800: 456.370: Total time for which application threads were stopped: 0.0001516 seconds, Stopping threads took: 0.0000109 seconds
2017-03-13T04:33:26.370+0800: 456.370: Total time for which application threads were stopped: 0.0002493 seconds, Stopping threads took: 0.0000241 seconds
2017-03-13T04:33:26.391+0800: 456.391: [CMS-concurrent-sweep: 0.021/0.021 secs] [Times: user=0.04 sys=0.00, real=0.02 secs] 
2017-03-13T04:33:26.391+0800: 456.391: [CMS-concurrent-reset-start]
2017-03-13T04:33:26.392+0800: 456.391: [CMS-concurrent-reset: 0.001/0.001 secs] [Times: user=0.00 sys=0.00, real=0.00 secs] 
2017-03-13T04:33:51.449+0800: 481.450: Total time for which application threads were stopped: 0.0004650 seconds, Stopping threads took: 0.0000598 seconds
2017-03-13T04:34:09.517+0800: 499.518: Total time for which application threads were stopped: 0.0002309 seconds, Stopping threads took: 0.0000457 seconds
2017-03-13T04:37:10.024+0800: 680.029: Total time for which application threads were stopped: 0.0001212 seconds, Stopping threads took: 0.0000198 seconds
2017-03-13T04:37:10.024+0800: 680.029: Total time for which application threads were stopped: 0.0000491 seconds, Stopping threads took: 0.0000081 seconds
2017-03-13T04:37:10.024+0800: 680.029: Total time for which application threads were stopped: 0.0000466 seconds, Stopping threads took: 0.0000075 seconds
2017-03-13T04:37:10.025+0800: 680.029: Total time for which application threads were stopped: 0.0000456 seconds, Stopping threads took: 0.0000074 seconds
2017-03-13T04:37:10.025+0800: 680.030: Total time for which application threads were stopped: 0.0000460 seconds, Stopping threads took: 0.0000069 seconds
2017-03-13T04:37:10.025+0800: 680.030: Total time for which application threads were stopped: 0.0000454 seconds, Stopping threads took: 0.0000070 seconds
2017-03-13T04:37:10.025+0800: 680.030: Total time for which application threads were stopped: 0.0000755 seconds, Stopping threads took: 0.0000364 seconds
2017-03-13T04:37:10.025+0800: 680.030: Total time for which application threads were stopped: 0.0000622 seconds, Stopping threads took: 0.0000230 seconds
2017-03-13T04:37:10.025+0800: 680.030: Total time for which application threads were stopped: 0.0000579 seconds, Stopping threads took: 0.0000195 seconds
2017-03-13T04:37:10.025+0800: 680.030: Total time for which application threads were stopped: 0.0000607 seconds, Stopping threads took: 0.0000222 seconds
2017-03-13T04:37:10.025+0800: 680.030: Total time for which application threads were stopped: 0.0000622 seconds, Stopping threads took: 0.0000236 seconds
2017-03-13T04:37:10.030+0800: 680.035: Total time for which application threads were stopped: 0.0001379 seconds, Stopping threads took: 0.0000336 seconds
2017-03-13T04:37:10.030+0800: 680.035: Total time for which application threads were stopped: 0.0000751 seconds, Stopping threads took: 0.0000263 seconds
2017-03-13T04:37:10.031+0800: 680.035: Total time for which application threads were stopped: 0.0000807 seconds, Stopping threads took: 0.0000253 seconds
2017-03-13T04:37:11.033+0800: 681.037: Total time for which application threads were stopped: 0.0001696 seconds, Stopping threads took: 0.0000244 seconds
2017-03-13T04:39:08.426+0800: 798.434: Total time for which application threads were stopped: 0.0001352 seconds, Stopping threads took: 0.0000265 seconds
2017-03-13T04:39:29.486+0800: 819.494: Total time for which application threads were stopped: 0.0002784 seconds, Stopping threads took: 0.0000474 seconds
2017-03-13T04:39:44.907+0800: 834.915: Total time for which application threads were stopped: 0.0001300 seconds, Stopping threads took: 0.0000356 seconds
2017-03-13T04:39:45.909+0800: 835.918: Total time for which application threads were stopped: 0.0001363 seconds, Stopping threads took: 0.0000280 seconds
2017-03-13T04:39:53.936+0800: 843.945: Total time for which application threads were stopped: 0.0001400 seconds, Stopping threads took: 0.0000347 seconds
2017-03-13T04:40:53.128+0800: 903.138: Total time for which application threads were stopped: 0.0001180 seconds, Stopping threads took: 0.0000221 seconds
2017-03-13T04:41:01.162+0800: 911.172: Total time for which application threads were stopped: 0.0002473 seconds, Stopping threads took: 0.0000464 seconds
2017-03-13T10:49:57.601+0800: 1454.790: Total time for which application threads were stopped: 0.0000952 seconds, Stopping threads took: 0.0000200 seconds
2017-03-13T10:49:57.605+0800: 1454.794: Total time for which application threads were stopped: 0.0001300 seconds, Stopping threads took: 0.0000175 seconds
2017-03-13T10:49:57.605+0800: 1454.794: Total time for which application threads were stopped: 0.0000470 seconds, Stopping threads took: 0.0000073 seconds
2017-03-13T10:49:57.607+0800: 1454.796: Total time for which application threads were stopped: 0.0000971 seconds, Stopping threads took: 0.0000198 seconds
2017-03-13T10:49:57.607+0800: 1454.796: Total time for which application threads were stopped: 0.0001630 seconds, Stopping threads took: 0.0000076 seconds
2017-03-13T10:49:57.609+0800: 1454.797: Total time for which application threads were stopped: 0.0000678 seconds, Stopping threads took: 0.0000111 seconds
2017-03-13T10:49:57.610+0800: 1454.799: Total time for which application threads were stopped: 0.0000868 seconds, Stopping threads took: 0.0000143 seconds
2017-03-13T10:49:57.611+0800: 1454.800: Total time for which application threads were stopped: 0.0000853 seconds, Stopping threads took: 0.0000146 seconds
2017-03-13T10:49:57.612+0800: 1454.801: Total time for which application threads were stopped: 0.0000701 seconds, Stopping threads took: 0.0000104 seconds
2017-03-13T10:49:57.614+0800: 1454.802: Total time for which application threads were stopped: 0.0000766 seconds, Stopping threads took: 0.0000122 seconds
2017-03-13T10:49:58.618+0800: 1455.807: Total time for which application threads were stopped: 0.0001563 seconds, Stopping threads took: 0.0000282 seconds
2017-03-13T10:50:48.782+0800: 1505.972: Total time for which application threads were stopped: 0.0001200 seconds, Stopping threads took: 0.0000289 seconds
2017-03-13T10:51:13.852+0800: 1531.043: Total time for which application threads were stopped: 0.0001055 seconds, Stopping threads took: 0.0000222 seconds
2017-03-13T10:51:16.202+0800: 1533.393: Total time for which application threads were stopped: 0.0001241 seconds, Stopping threads took: 0.0000426 seconds
{Heap before GC invocations=30 (full 2):
 par new generation   total 109248K, used 107879K [0x00000007a0000000, 0x00000007a8000000, 0x00000007a8000000)
  eden space 87424K, 100% used [0x00000007a0000000, 0x00000007a5560000, 0x00000007a5560000)
  from space 21824K,  93% used [0x00000007a5560000, 0x00000007a6959c80, 0x00000007a6ab0000)
  to   space 21824K,   0% used [0x00000007a6ab0000, 0x00000007a6ab0000, 0x00000007a8000000)
 concurrent mark-sweep generation total 393216K, used 51739K [0x00000007a8000000, 0x00000007c0000000, 0x00000007c0000000)
 Metaspace       used 40636K, capacity 41634K, committed 42000K, reserved 1087488K
  class space    used 4585K, capacity 4857K, committed 4936K, reserved 1048576K
2017-03-13T10:51:16.242+0800: 1533.433: [GC (Allocation Failure) 2017-03-13T10:51:16.242+0800: 1533.434: [ParNew
Desired survivor size 20112992 bytes, new threshold 8 (max 8)
- age   1:    2435184 bytes,    2435184 total
- age   2:     716528 bytes,    3151712 total
- age   3:     939112 bytes,    4090824 total
- age   4:     153352 bytes,    4244176 total
- age   5:    1252272 bytes,    5496448 total
- age   6:      84080 bytes,    5580528 total
- age   7:     838360 bytes,    6418888 total
- age   8:    2180720 bytes,    8599608 total
: 107879K->9763K(109248K), 0.0071839 secs] 159618K->64894K(502464K), 0.0076130 secs] [Times: user=0.02 sys=0.00, real=0.01 secs] 
Heap after GC invocations=31 (full 2):
 par new generation   total 109248K, used 9763K [0x00000007a0000000, 0x00000007a8000000, 0x00000007a8000000)
  eden space 87424K,   0% used [0x00000007a0000000, 0x00000007a0000000, 0x00000007a5560000)
  from space 21824K,  44% used [0x00000007a6ab0000, 0x00000007a7438e18, 0x00000007a8000000)
  to   space 21824K,   0% used [0x00000007a5560000, 0x00000007a5560000, 0x00000007a6ab0000)
 concurrent mark-sweep generation total 393216K, used 55130K [0x00000007a8000000, 0x00000007c0000000, 0x00000007c0000000)
 Metaspace       used 40636K, capacity 41634K, committed 42000K, reserved 1087488K
  class space    used 4585K, capacity 4857K, committed 4936K, reserved 1048576K
}
2017-03-13T10:51:16.250+0800: 1533.441: Total time for which application threads were stopped: 0.0078179 seconds, Stopping threads took: 0.0000212 seconds
2017-03-13T10:51:16.250+0800: 1533.441: Total time for which application threads were stopped: 0.0001607 seconds, Stopping threads took: 0.0000460 seconds
2017-03-13T10:51:16.250+0800: 1533.441: Total time for which application threads were stopped: 0.0000945 seconds, Stopping threads took: 0.0000365 seconds
{Heap before GC invocations=31 (full 2):
 par new generation   total 109248K, used 97187K [0x00000007a0000000, 0x00000007a8000000, 0x00000007a8000000)
  eden space 87424K, 100% used [0x00000007a0000000, 0x00000007a5560000, 0x00000007a5560000)
  from space 21824K,  44% used [0x00000007a6ab0000, 0x00000007a7438e18, 0x00000007a8000000)
  to   space 21824K,   0% used [0x00000007a5560000, 0x00000007a5560000, 0x00000007a6ab0000)
 concurrent mark-sweep generation total 393216K, used 55130K [0x00000007a8000000, 0x00000007c0000000, 0x00000007c0000000)
 Metaspace       used 40638K, capacity 41634K, committed 42000K, reserved 1087488K
  class space    used 4586K, capacity 4857K, committed 4936K, reserved 1048576K
2017-03-13T10:51:16.300+0800: 1533.491: [GC (Allocation Failure) 2017-03-13T10:51:16.300+0800: 1533.491: [ParNew
Desired survivor size 20112992 bytes, new threshold 8 (max 8)
- age   1:     959856 bytes,     959856 total
- age   2:    1042848 bytes,    2002704 total
- age   3:     541048 bytes,    2543752 total
- age   4:     938216 bytes,    3481968 total
- age   5:     153272 bytes,    3635240 total
- age   6:    1178040 bytes,    4813280 total
- age   7:      83840 bytes,    4897120 total
- age   8:     812448 bytes,    5709568 total
: 97187K->7693K(109248K), 0.0074417 secs] 152318K->64954K(502464K), 0.0075100 secs] [Times: user=0.03 sys=0.00, real=0.00 secs] 
Heap after GC invocations=32 (full 2):
 par new generation   total 109248K, used 7693K [0x00000007a0000000, 0x00000007a8000000, 0x00000007a8000000)
  eden space 87424K,   0% used [0x00000007a0000000, 0x00000007a0000000, 0x00000007a5560000)
  from space 21824K,  35% used [0x00000007a5560000, 0x00000007a5ce3560, 0x00000007a6ab0000)
  to   space 21824K,   0% used [0x00000007a6ab0000, 0x00000007a6ab0000, 0x00000007a8000000)
 concurrent mark-sweep generation total 393216K, used 57260K [0x00000007a8000000, 0x00000007c0000000, 0x00000007c0000000)
 Metaspace       used 40638K, capacity 41634K, committed 42000K, reserved 1087488K
  class space    used 4586K, capacity 4857K, committed 4936K, reserved 1048576K
}
2017-03-13T10:51:16.308+0800: 1533.499: Total time for which application threads were stopped: 0.0077167 seconds, Stopping threads took: 0.0000235 seconds
2017-03-13T10:51:16.308+0800: 1533.499: Total time for which application threads were stopped: 0.0001794 seconds, Stopping threads took: 0.0000690 seconds
{Heap before GC invocations=32 (full 2):
 par new generation   total 109248K, used 95117K [0x00000007a0000000, 0x00000007a8000000, 0x00000007a8000000)
  eden space 87424K, 100% used [0x00000007a0000000, 0x00000007a5560000, 0x00000007a5560000)
  from space 21824K,  35% used [0x00000007a5560000, 0x00000007a5ce3560, 0x00000007a6ab0000)
  to   space 21824K,   0% used [0x00000007a6ab0000, 0x00000007a6ab0000, 0x00000007a8000000)
 concurrent mark-sweep generation total 393216K, used 57260K [0x00000007a8000000, 0x00000007c0000000, 0x00000007c0000000)
 Metaspace       used 40646K, capacity 41634K, committed 42000K, reserved 1087488K
  class space    used 4586K, capacity 4857K, committed 4936K, reserved 1048576K
2017-03-13T10:51:16.400+0800: 1533.591: [GC (Allocation Failure) 2017-03-13T10:51:16.400+0800: 1533.591: [ParNew
Desired survivor size 20112992 bytes, new threshold 8 (max 8)
- age   1:     568848 bytes,     568848 total
- age   2:     126856 bytes,     695704 total
- age   3:    1033104 bytes,    1728808 total
- age   4:     541048 bytes,    2269856 total
- age   5:     938216 bytes,    3208072 total
- age   6:     153272 bytes,    3361344 total
- age   7:    1178040 bytes,    4539384 total
- age   8:      83840 bytes,    4623224 total
: 95117K->6021K(109248K), 0.0069372 secs] 152378K->64078K(502464K), 0.0070470 secs] [Times: user=0.03 sys=0.01, real=0.00 secs] 
Heap after GC invocations=33 (full 2):
 par new generation   total 109248K, used 6021K [0x00000007a0000000, 0x00000007a8000000, 0x00000007a8000000)
  eden space 87424K,   0% used [0x00000007a0000000, 0x00000007a0000000, 0x00000007a5560000)
  from space 21824K,  27% used [0x00000007a6ab0000, 0x00000007a7091550, 0x00000007a8000000)
  to   space 21824K,   0% used [0x00000007a5560000, 0x00000007a5560000, 0x00000007a6ab0000)
 concurrent mark-sweep generation total 393216K, used 58057K [0x00000007a8000000, 0x00000007c0000000, 0x00000007c0000000)
 Metaspace       used 40646K, capacity 41634K, committed 42000K, reserved 1087488K
  class space    used 4586K, capacity 4857K, committed 4936K, reserved 1048576K
}
2017-03-13T10:51:16.407+0800: 1533.598: Total time for which application threads were stopped: 0.0073221 seconds, Stopping threads took: 0.0000598 seconds
2017-03-13T10:51:16.408+0800: 1533.600: Total time for which application threads were stopped: 0.0000874 seconds, Stopping threads took: 0.0000180 seconds
2017-03-13T10:51:16.412+0800: 1533.603: Total time for which application threads were stopped: 0.0001465 seconds, Stopping threads took: 0.0000450 seconds
2017-03-13T10:51:16.501+0800: 1533.692: Total time for which application threads were stopped: 0.0001810 seconds, Stopping threads took: 0.0000439 seconds
2017-03-13T10:51:16.502+0800: 1533.693: Total time for which application threads were stopped: 0.0000867 seconds, Stopping threads took: 0.0000162 seconds
2017-03-13T10:51:16.502+0800: 1533.693: Total time for which application threads were stopped: 0.0000789 seconds, Stopping threads took: 0.0000160 seconds
2017-03-13T10:51:16.502+0800: 1533.693: Total time for which application threads were stopped: 0.0000745 seconds, Stopping threads took: 0.0000149 seconds
2017-03-13T10:51:16.502+0800: 1533.694: Total time for which application threads were stopped: 0.0000770 seconds, Stopping threads took: 0.0000147 seconds
2017-03-13T10:51:16.503+0800: 1533.694: Total time for which application threads were stopped: 0.0000605 seconds, Stopping threads took: 0.0000100 seconds
2017-03-13T10:51:16.503+0800: 1533.694: Total time for which application threads were stopped: 0.0000586 seconds, Stopping threads took: 0.0000093 seconds
2017-03-13T10:51:16.503+0800: 1533.694: Total time for which application threads were stopped: 0.0000576 seconds, Stopping threads took: 0.0000092 seconds
2017-03-13T10:51:16.503+0800: 1533.694: Total time for which application threads were stopped: 0.0000574 seconds, Stopping threads took: 0.0000094 seconds
2017-03-13T10:51:16.503+0800: 1533.694: Total time for which application threads were stopped: 0.0000564 seconds, Stopping threads took: 0.0000092 seconds
2017-03-13T10:51:16.503+0800: 1533.694: Total time for which application threads were stopped: 0.0000566 seconds, Stopping threads took: 0.0000092 seconds
2017-03-13T10:51:16.503+0800: 1533.694: Total time for which application threads were stopped: 0.0000556 seconds, Stopping threads took: 0.0000091 seconds
2017-03-13T10:51:16.512+0800: 1533.703: Total time for which application threads were stopped: 0.0001329 seconds, Stopping threads took: 0.0000290 seconds
2017-03-13T10:51:16.512+0800: 1533.703: Total time for which application threads were stopped: 0.0000634 seconds, Stopping threads took: 0.0000110 seconds
2017-03-13T10:51:16.512+0800: 1533.704: Total time for which application threads were stopped: 0.0000887 seconds, Stopping threads took: 0.0000308 seconds
2017-03-13T10:51:16.513+0800: 1533.704: Total time for which application threads were stopped: 0.0000701 seconds, Stopping threads took: 0.0000245 seconds
2017-03-13T10:51:16.513+0800: 1533.704: Total time for which application threads were stopped: 0.0000742 seconds, Stopping threads took: 0.0000260 seconds
2017-03-13T10:51:16.513+0800: 1533.704: Total time for which application threads were stopped: 0.0000723 seconds, Stopping threads took: 0.0000270 seconds
2017-03-13T10:51:16.513+0800: 1533.705: Total time for which application threads were stopped: 0.0000681 seconds, Stopping threads took: 0.0000098 seconds
2017-03-13T10:51:16.514+0800: 1533.705: Total time for which application threads were stopped: 0.0000613 seconds, Stopping threads took: 0.0000100 seconds
2017-03-13T10:51:16.514+0800: 1533.705: Total time for which application threads were stopped: 0.0000723 seconds, Stopping threads took: 0.0000195 seconds
2017-03-13T10:51:16.514+0800: 1533.705: Total time for which application threads were stopped: 0.0000569 seconds, Stopping threads took: 0.0000080 seconds
2017-03-13T10:51:16.514+0800: 1533.705: Total time for which application threads were stopped: 0.0000770 seconds, Stopping threads took: 0.0000294 seconds
2017-03-13T10:51:16.514+0800: 1533.705: Total time for which application threads were stopped: 0.0000678 seconds, Stopping threads took: 0.0000168 seconds
2017-03-13T10:51:16.514+0800: 1533.705: Total time for which application threads were stopped: 0.0000635 seconds, Stopping threads took: 0.0000226 seconds
2017-03-13T10:51:16.514+0800: 1533.705: Total time for which application threads were stopped: 0.0000597 seconds, Stopping threads took: 0.0000162 seconds
2017-03-13T10:51:16.514+0800: 1533.706: Total time for which application threads were stopped: 0.0000595 seconds, Stopping threads took: 0.0000198 seconds
2017-03-13T10:51:16.515+0800: 1533.706: Total time for which application threads were stopped: 0.0000639 seconds, Stopping threads took: 0.0000248 seconds
2017-03-13T10:51:16.515+0800: 1533.706: Total time for which application threads were stopped: 0.0000634 seconds, Stopping threads took: 0.0000244 seconds
2017-03-13T10:51:16.515+0800: 1533.706: Total time for which application threads were stopped: 0.0000647 seconds, Stopping threads took: 0.0000257 seconds
2017-03-13T10:51:16.515+0800: 1533.706: Total time for which application threads were stopped: 0.0000873 seconds, Stopping threads took: 0.0000475 seconds
2017-03-13T10:51:16.515+0800: 1533.706: Total time for which application threads were stopped: 0.0000821 seconds, Stopping threads took: 0.0000429 seconds
2017-03-13T10:51:16.515+0800: 1533.706: Total time for which application threads were stopped: 0.0000742 seconds, Stopping threads took: 0.0000286 seconds
2017-03-13T10:51:16.515+0800: 1533.706: Total time for which application threads were stopped: 0.0000875 seconds, Stopping threads took: 0.0000460 seconds
2017-03-13T10:51:16.515+0800: 1533.706: Total time for which application threads were stopped: 0.0000699 seconds, Stopping threads took: 0.0000251 seconds
2017-03-13T10:51:16.515+0800: 1533.707: Total time for which application threads were stopped: 0.0000750 seconds, Stopping threads took: 0.0000306 seconds
2017-03-13T10:51:16.516+0800: 1533.707: Total time for which application threads were stopped: 0.0000703 seconds, Stopping threads took: 0.0000265 seconds
2017-03-13T10:51:16.516+0800: 1533.707: Total time for which application threads were stopped: 0.0000742 seconds, Stopping threads took: 0.0000303 seconds
2017-03-13T10:51:16.516+0800: 1533.707: Total time for which application threads were stopped: 0.0000739 seconds, Stopping threads took: 0.0000338 seconds
2017-03-13T10:51:16.516+0800: 1533.707: Total time for which application threads were stopped: 0.0000602 seconds, Stopping threads took: 0.0000216 seconds
2017-03-13T10:51:16.516+0800: 1533.707: Total time for which application threads were stopped: 0.0000923 seconds, Stopping threads took: 0.0000536 seconds
2017-03-13T10:51:16.516+0800: 1533.707: Total time for which application threads were stopped: 0.0000651 seconds, Stopping threads took: 0.0000263 seconds
2017-03-13T10:51:16.516+0800: 1533.707: Total time for which application threads were stopped: 0.0000614 seconds, Stopping threads took: 0.0000230 seconds
2017-03-13T10:51:16.516+0800: 1533.708: Total time for which application threads were stopped: 0.0001618 seconds, Stopping threads took: 0.0000317 seconds
2017-03-13T10:51:16.518+0800: 1533.710: Total time for which application threads were stopped: 0.0001566 seconds, Stopping threads took: 0.0000544 seconds
2017-03-13T10:51:16.519+0800: 1533.710: Total time for which application threads were stopped: 0.0000751 seconds, Stopping threads took: 0.0000125 seconds
2017-03-13T10:51:16.528+0800: 1533.719: Total time for which application threads were stopped: 0.0001147 seconds, Stopping threads took: 0.0000367 seconds
2017-03-13T10:51:16.528+0800: 1533.719: Total time for which application threads were stopped: 0.0000678 seconds, Stopping threads took: 0.0000233 seconds
2017-03-13T10:51:16.539+0800: 1533.730: Total time for which application threads were stopped: 0.0001389 seconds, Stopping threads took: 0.0000203 seconds
2017-03-13T10:51:16.539+0800: 1533.730: Total time for which application threads were stopped: 0.0000979 seconds, Stopping threads took: 0.0000119 seconds
2017-03-13T10:51:16.539+0800: 1533.731: Total time for which application threads were stopped: 0.0000990 seconds, Stopping threads took: 0.0000099 seconds
2017-03-13T10:51:16.540+0800: 1533.731: Total time for which application threads were stopped: 0.0000846 seconds, Stopping threads took: 0.0000099 seconds
2017-03-13T10:51:16.540+0800: 1533.731: Total time for which application threads were stopped: 0.0000882 seconds, Stopping threads took: 0.0000082 seconds
2017-03-13T10:51:16.540+0800: 1533.731: Total time for which application threads were stopped: 0.0000724 seconds, Stopping threads took: 0.0000088 seconds
2017-03-13T10:51:16.540+0800: 1533.731: Total time for which application threads were stopped: 0.0000600 seconds, Stopping threads took: 0.0000113 seconds
2017-03-13T10:51:16.540+0800: 1533.731: Total time for which application threads were stopped: 0.0000813 seconds, Stopping threads took: 0.0000182 seconds
2017-03-13T10:51:16.540+0800: 1533.731: Total time for which application threads were stopped: 0.0000751 seconds, Stopping threads took: 0.0000130 seconds
2017-03-13T10:51:16.540+0800: 1533.732: Total time for which application threads were stopped: 0.0001013 seconds, Stopping threads took: 0.0000397 seconds
2017-03-13T10:51:16.541+0800: 1533.732: Total time for which application threads were stopped: 0.0001079 seconds, Stopping threads took: 0.0000636 seconds
2017-03-13T10:51:16.541+0800: 1533.732: Total time for which application threads were stopped: 0.0001014 seconds, Stopping threads took: 0.0000391 seconds
2017-03-13T10:51:16.541+0800: 1533.732: Total time for which application threads were stopped: 0.0000776 seconds, Stopping threads took: 0.0000097 seconds
2017-03-13T10:51:16.541+0800: 1533.732: Total time for which application threads were stopped: 0.0001206 seconds, Stopping threads took: 0.0000110 seconds
2017-03-13T10:51:16.554+0800: 1533.745: Total time for which application threads were stopped: 0.0001118 seconds, Stopping threads took: 0.0000202 seconds
2017-03-13T10:51:16.557+0800: 1533.749: Total time for which application threads were stopped: 0.0000970 seconds, Stopping threads took: 0.0000210 seconds
2017-03-13T10:51:16.575+0800: 1533.766: Total time for which application threads were stopped: 0.0001215 seconds, Stopping threads took: 0.0000379 seconds
2017-03-13T10:51:17.579+0800: 1534.770: Total time for which application threads were stopped: 0.0001504 seconds, Stopping threads took: 0.0000291 seconds
2017-03-13T10:51:34.710+0800: 1551.901: Total time for which application threads were stopped: 0.0001154 seconds, Stopping threads took: 0.0000203 seconds
2017-03-13T10:51:34.712+0800: 1551.904: Total time for which application threads were stopped: 0.0001042 seconds, Stopping threads took: 0.0000161 seconds
2017-03-13T10:51:34.712+0800: 1551.904: Total time for which application threads were stopped: 0.0000745 seconds, Stopping threads took: 0.0000124 seconds
2017-03-13T10:51:34.712+0800: 1551.904: Total time for which application threads were stopped: 0.0000588 seconds, Stopping threads took: 0.0000077 seconds
2017-03-13T10:51:34.712+0800: 1551.904: Total time for which application threads were stopped: 0.0000697 seconds, Stopping threads took: 0.0000102 seconds
2017-03-13T10:51:34.712+0800: 1551.904: Total time for which application threads were stopped: 0.0000564 seconds, Stopping threads took: 0.0000072 seconds
2017-03-13T10:51:34.713+0800: 1551.904: Total time for which application threads were stopped: 0.0000571 seconds, Stopping threads took: 0.0000077 seconds
2017-03-13T10:51:34.713+0800: 1551.905: Total time for which application threads were stopped: 0.0000551 seconds, Stopping threads took: 0.0000073 seconds
2017-03-13T10:51:34.713+0800: 1551.905: Total time for which application threads were stopped: 0.0001619 seconds, Stopping threads took: 0.0000071 seconds
2017-03-13T10:51:34.713+0800: 1551.905: Total time for which application threads were stopped: 0.0000521 seconds, Stopping threads took: 0.0000069 seconds
2017-03-13T10:51:34.715+0800: 1551.907: Total time for which application threads were stopped: 0.0000660 seconds, Stopping threads took: 0.0000084 seconds
2017-03-13T10:51:34.715+0800: 1551.907: Total time for which application threads were stopped: 0.0000539 seconds, Stopping threads took: 0.0000069 seconds
2017-03-13T10:51:34.715+0800: 1551.907: Total time for which application threads were stopped: 0.0000524 seconds, Stopping threads took: 0.0000070 seconds
2017-03-13T10:51:34.716+0800: 1551.907: Total time for which application threads were stopped: 0.0000637 seconds, Stopping threads took: 0.0000105 seconds
2017-03-13T10:51:34.717+0800: 1551.908: Total time for which application threads were stopped: 0.0000605 seconds, Stopping threads took: 0.0000089 seconds
2017-03-13T10:51:34.717+0800: 1551.908: Total time for which application threads were stopped: 0.0000536 seconds, Stopping threads took: 0.0000072 seconds
2017-03-13T10:51:34.717+0800: 1551.908: Total time for which application threads were stopped: 0.0000525 seconds, Stopping threads took: 0.0000068 seconds
2017-03-13T10:51:34.717+0800: 1551.909: Total time for which application threads were stopped: 0.0000976 seconds, Stopping threads took: 0.0000354 seconds
2017-03-13T10:51:34.718+0800: 1551.910: Total time for which application threads were stopped: 0.0000705 seconds, Stopping threads took: 0.0000095 seconds
2017-03-13T10:51:34.718+0800: 1551.910: Total time for which application threads were stopped: 0.0000609 seconds, Stopping threads took: 0.0000084 seconds
2017-03-13T10:51:34.718+0800: 1551.910: Total time for which application threads were stopped: 0.0000531 seconds, Stopping threads took: 0.0000070 seconds
2017-03-13T10:51:34.718+0800: 1551.910: Total time for which application threads were stopped: 0.0000530 seconds, Stopping threads took: 0.0000070 seconds
2017-03-13T10:51:35.722+0800: 1552.914: Total time for which application threads were stopped: 0.0001633 seconds, Stopping threads took: 0.0000287 seconds
2017-03-13T10:51:59.469+0800: 1576.662: Total time for which application threads were stopped: 0.0001137 seconds, Stopping threads took: 0.0000186 seconds
2017-03-13T10:51:59.470+0800: 1576.662: Total time for which application threads were stopped: 0.0000754 seconds, Stopping threads took: 0.0000097 seconds
2017-03-13T10:51:59.470+0800: 1576.662: Total time for which application threads were stopped: 0.0000492 seconds, Stopping threads took: 0.0000074 seconds
2017-03-13T10:51:59.470+0800: 1576.662: Total time for which application threads were stopped: 0.0000769 seconds, Stopping threads took: 0.0000273 seconds
2017-03-13T10:51:59.470+0800: 1576.662: Total time for which application threads were stopped: 0.0000647 seconds, Stopping threads took: 0.0000199 seconds
2017-03-13T10:51:59.470+0800: 1576.662: Total time for which application threads were stopped: 0.0000759 seconds, Stopping threads took: 0.0000249 seconds
2017-03-13T10:51:59.470+0800: 1576.663: Total time for which application threads were stopped: 0.0000628 seconds, Stopping threads took: 0.0000204 seconds
2017-03-13T10:51:59.470+0800: 1576.663: Total time for which application threads were stopped: 0.0000476 seconds, Stopping threads took: 0.0000071 seconds
2017-03-13T10:51:59.470+0800: 1576.663: Total time for which application threads were stopped: 0.0000471 seconds, Stopping threads took: 0.0000068 seconds
2017-03-13T10:51:59.470+0800: 1576.663: Total time for which application threads were stopped: 0.0000816 seconds, Stopping threads took: 0.0000086 seconds
2017-03-13T10:51:59.470+0800: 1576.663: Total time for which application threads were stopped: 0.0000722 seconds, Stopping threads took: 0.0000264 seconds
2017-03-13T10:51:59.471+0800: 1576.663: Total time for which application threads were stopped: 0.0000546 seconds, Stopping threads took: 0.0000112 seconds
2017-03-13T10:51:59.471+0800: 1576.663: Total time for which application threads were stopped: 0.0000726 seconds, Stopping threads took: 0.0000270 seconds
2017-03-13T10:51:59.471+0800: 1576.663: Total time for which application threads were stopped: 0.0000683 seconds, Stopping threads took: 0.0000224 seconds
2017-03-13T10:51:59.471+0800: 1576.663: Total time for which application threads were stopped: 0.0000650 seconds, Stopping threads took: 0.0000224 seconds
2017-03-13T10:51:59.471+0800: 1576.663: Total time for which application threads were stopped: 0.0000480 seconds, Stopping threads took: 0.0000073 seconds
2017-03-13T10:51:59.471+0800: 1576.664: Total time for which application threads were stopped: 0.0000577 seconds, Stopping threads took: 0.0000088 seconds
2017-03-13T10:51:59.471+0800: 1576.664: Total time for which application threads were stopped: 0.0000495 seconds, Stopping threads took: 0.0000078 seconds
2017-03-13T10:51:59.471+0800: 1576.664: Total time for which application threads were stopped: 0.0000663 seconds, Stopping threads took: 0.0000215 seconds
2017-03-13T10:51:59.471+0800: 1576.664: Total time for which application threads were stopped: 0.0000502 seconds, Stopping threads took: 0.0000077 seconds
2017-03-13T10:51:59.472+0800: 1576.664: Total time for which application threads were stopped: 0.0001464 seconds, Stopping threads took: 0.0000106 seconds
2017-03-13T10:51:59.472+0800: 1576.664: Total time for which application threads were stopped: 0.0001083 seconds, Stopping threads took: 0.0000284 seconds
2017-03-13T10:51:59.491+0800: 1576.683: Total time for which application threads were stopped: 0.0001351 seconds, Stopping threads took: 0.0000354 seconds
2017-03-13T10:52:00.496+0800: 1577.688: Total time for which application threads were stopped: 0.0002510 seconds, Stopping threads took: 0.0000478 seconds
2017-03-13T10:52:38.473+0800: 1615.666: Total time for which application threads were stopped: 0.0001078 seconds, Stopping threads took: 0.0000196 seconds
{Heap before GC invocations=33 (full 2):
 par new generation   total 109248K, used 93445K [0x00000007a0000000, 0x00000007a8000000, 0x00000007a8000000)
  eden space 87424K, 100% used [0x00000007a0000000, 0x00000007a5560000, 0x00000007a5560000)
  from space 21824K,  27% used [0x00000007a6ab0000, 0x00000007a7091550, 0x00000007a8000000)
  to   space 21824K,   0% used [0x00000007a5560000, 0x00000007a5560000, 0x00000007a6ab0000)
 concurrent mark-sweep generation total 393216K, used 58057K [0x00000007a8000000, 0x00000007c0000000, 0x00000007c0000000)
 Metaspace       used 41894K, capacity 42918K, committed 43152K, reserved 1087488K
  class space    used 4719K, capacity 5001K, committed 5064K, reserved 1048576K
2017-03-13T10:52:38.518+0800: 1615.712: [GC (Allocation Failure) 2017-03-13T10:52:38.518+0800: 1615.712: [ParNew
Desired survivor size 20112992 bytes, new threshold 8 (max 8)
- age   1:    3180952 bytes,    3180952 total
- age   2:     497064 bytes,    3678016 total
- age   3:     125232 bytes,    3803248 total
- age   4:    1012392 bytes,    4815640 total
- age   5:     539584 bytes,    5355224 total
- age   6:     938216 bytes,    6293440 total
- age   7:     153272 bytes,    6446712 total
- age   8:    1171248 bytes,    7617960 total
: 93445K->8089K(109248K), 0.0063519 secs] 151502K->66231K(502464K), 0.0064425 secs] [Times: user=0.02 sys=0.00, real=0.01 secs] 
Heap after GC invocations=34 (full 2):
 par new generation   total 109248K, used 8089K [0x00000007a0000000, 0x00000007a8000000, 0x00000007a8000000)
  eden space 87424K,   0% used [0x00000007a0000000, 0x00000007a0000000, 0x00000007a5560000)
  from space 21824K,  37% used [0x00000007a5560000, 0x00000007a5d46780, 0x00000007a6ab0000)
  to   space 21824K,   0% used [0x00000007a6ab0000, 0x00000007a6ab0000, 0x00000007a8000000)
 concurrent mark-sweep generation total 393216K, used 58141K [0x00000007a8000000, 0x00000007c0000000, 0x00000007c0000000)
 Metaspace       used 41894K, capacity 42918K, committed 43152K, reserved 1087488K
  class space    used 4719K, capacity 5001K, committed 5064K, reserved 1048576K
}
2017-03-13T10:52:38.525+0800: 1615.718: Total time for which application threads were stopped: 0.0066525 seconds, Stopping threads took: 0.0000220 seconds
2017-03-13T10:52:38.525+0800: 1615.719: Total time for which application threads were stopped: 0.0001224 seconds, Stopping threads took: 0.0000280 seconds
2017-03-13T10:52:38.525+0800: 1615.719: Total time for which application threads were stopped: 0.0001069 seconds, Stopping threads took: 0.0000283 seconds
{Heap before GC invocations=34 (full 2):
 par new generation   total 109248K, used 95511K [0x00000007a0000000, 0x00000007a8000000, 0x00000007a8000000)
  eden space 87424K,  99% used [0x00000007a0000000, 0x00000007a555f5a0, 0x00000007a5560000)
  from space 21824K,  37% used [0x00000007a5560000, 0x00000007a5d46780, 0x00000007a6ab0000)
  to   space 21824K,   0% used [0x00000007a6ab0000, 0x00000007a6ab0000, 0x00000007a8000000)
 concurrent mark-sweep generation total 393216K, used 58141K [0x00000007a8000000, 0x00000007c0000000, 0x00000007c0000000)
 Metaspace       used 41894K, capacity 42918K, committed 43152K, reserved 1087488K
  class space    used 4719K, capacity 5001K, committed 5064K, reserved 1048576K
2017-03-13T10:52:38.561+0800: 1615.755: [GC (Allocation Failure) 2017-03-13T10:52:38.561+0800: 1615.755: [ParNew
Desired survivor size 20112992 bytes, new threshold 8 (max 8)
- age   1:     404416 bytes,     404416 total
- age   2:    2057952 bytes,    2462368 total
- age   3:     497064 bytes,    2959432 total
- age   4:     125232 bytes,    3084664 total
- age   5:    1012392 bytes,    4097056 total
- age   6:     539584 bytes,    4636640 total
- age   7:     938216 bytes,    5574856 total
- age   8:     153272 bytes,    5728128 total
: 95511K->7817K(109248K), 0.0070887 secs] 153653K->67110K(502464K), 0.0071591 secs] [Times: user=0.03 sys=0.00, real=0.00 secs] 
Heap after GC invocations=35 (full 2):
 par new generation   total 109248K, used 7817K [0x00000007a0000000, 0x00000007a8000000, 0x00000007a8000000)
  eden space 87424K,   0% used [0x00000007a0000000, 0x00000007a0000000, 0x00000007a5560000)
  from space 21824K,  35% used [0x00000007a6ab0000, 0x00000007a7252498, 0x00000007a8000000)
  to   space 21824K,   0% used [0x00000007a5560000, 0x00000007a5560000, 0x00000007a6ab0000)
 concurrent mark-sweep generation total 393216K, used 59293K [0x00000007a8000000, 0x00000007c0000000, 0x00000007c0000000)
 Metaspace       used 41894K, capacity 42918K, committed 43152K, reserved 1087488K
  class space    used 4719K, capacity 5001K, committed 5064K, reserved 1048576K
}
2017-03-13T10:52:38.569+0800: 1615.762: Total time for which application threads were stopped: 0.0073928 seconds, Stopping threads took: 0.0000542 seconds
2017-03-13T10:52:38.569+0800: 1615.763: Total time for which application threads were stopped: 0.0004918 seconds, Stopping threads took: 0.0002966 seconds
2017-03-13T10:52:38.628+0800: 1615.821: Total time for which application threads were stopped: 0.0002065 seconds, Stopping threads took: 0.0000517 seconds
2017-03-13T10:52:38.639+0800: 1615.832: Total time for which application threads were stopped: 0.0001693 seconds, Stopping threads took: 0.0000418 seconds
2017-03-13T10:52:38.640+0800: 1615.833: Total time for which application threads were stopped: 0.0000803 seconds, Stopping threads took: 0.0000152 seconds
2017-03-13T10:52:38.640+0800: 1615.833: Total time for which application threads were stopped: 0.0000490 seconds, Stopping threads took: 0.0000079 seconds
2017-03-13T10:52:38.640+0800: 1615.833: Total time for which application threads were stopped: 0.0000463 seconds, Stopping threads took: 0.0000075 seconds
2017-03-13T10:52:38.640+0800: 1615.833: Total time for which application threads were stopped: 0.0000510 seconds, Stopping threads took: 0.0000093 seconds
2017-03-13T10:52:38.640+0800: 1615.834: Total time for which application threads were stopped: 0.0000462 seconds, Stopping threads took: 0.0000076 seconds
2017-03-13T10:52:38.640+0800: 1615.834: Total time for which application threads were stopped: 0.0000990 seconds, Stopping threads took: 0.0000074 seconds
2017-03-13T10:52:38.640+0800: 1615.834: Total time for which application threads were stopped: 0.0000556 seconds, Stopping threads took: 0.0000088 seconds
2017-03-13T10:52:38.640+0800: 1615.834: Total time for which application threads were stopped: 0.0000472 seconds, Stopping threads took: 0.0000080 seconds
2017-03-13T10:52:38.640+0800: 1615.834: Total time for which application threads were stopped: 0.0000461 seconds, Stopping threads took: 0.0000075 seconds
2017-03-13T10:52:38.640+0800: 1615.834: Total time for which application threads were stopped: 0.0000464 seconds, Stopping threads took: 0.0000080 seconds
2017-03-13T10:52:38.641+0800: 1615.834: Total time for which application threads were stopped: 0.0000456 seconds, Stopping threads took: 0.0000077 seconds
2017-03-13T10:52:38.641+0800: 1615.834: Total time for which application threads were stopped: 0.0000632 seconds, Stopping threads took: 0.0000229 seconds
2017-03-13T10:52:38.641+0800: 1615.834: Total time for which application threads were stopped: 0.0000614 seconds, Stopping threads took: 0.0000222 seconds
2017-03-13T10:52:38.641+0800: 1615.835: Total time for which application threads were stopped: 0.0000586 seconds, Stopping threads took: 0.0000201 seconds
2017-03-13T10:52:38.649+0800: 1615.842: Total time for which application threads were stopped: 0.0001223 seconds, Stopping threads took: 0.0000231 seconds
2017-03-13T10:52:38.649+0800: 1615.842: Total time for which application threads were stopped: 0.0000800 seconds, Stopping threads took: 0.0000131 seconds
2017-03-13T10:52:38.649+0800: 1615.842: Total time for which application threads were stopped: 0.0001034 seconds, Stopping threads took: 0.0000612 seconds
2017-03-13T10:52:38.649+0800: 1615.842: Total time for which application threads were stopped: 0.0000626 seconds, Stopping threads took: 0.0000203 seconds
2017-03-13T10:52:38.649+0800: 1615.843: Total time for which application threads were stopped: 0.0000805 seconds, Stopping threads took: 0.0000389 seconds
2017-03-13T10:52:38.649+0800: 1615.843: Total time for which application threads were stopped: 0.0000786 seconds, Stopping threads took: 0.0000390 seconds
2017-03-13T10:52:38.649+0800: 1615.843: Total time for which application threads were stopped: 0.0000812 seconds, Stopping threads took: 0.0000354 seconds
2017-03-13T10:52:38.649+0800: 1615.843: Total time for which application threads were stopped: 0.0000696 seconds, Stopping threads took: 0.0000257 seconds
2017-03-13T10:52:38.649+0800: 1615.843: Total time for which application threads were stopped: 0.0000781 seconds, Stopping threads took: 0.0000227 seconds
2017-03-13T10:52:38.650+0800: 1615.843: Total time for which application threads were stopped: 0.0000784 seconds, Stopping threads took: 0.0000390 seconds
2017-03-13T10:52:38.650+0800: 1615.843: Total time for which application threads were stopped: 0.0000805 seconds, Stopping threads took: 0.0000305 seconds
2017-03-13T10:52:38.650+0800: 1615.843: Total time for which application threads were stopped: 0.0000896 seconds, Stopping threads took: 0.0000399 seconds
2017-03-13T10:52:38.650+0800: 1615.844: Total time for which application threads were stopped: 0.0000690 seconds, Stopping threads took: 0.0000271 seconds
2017-03-13T10:52:38.650+0800: 1615.844: Total time for which application threads were stopped: 0.0000704 seconds, Stopping threads took: 0.0000307 seconds
2017-03-13T10:52:38.650+0800: 1615.844: Total time for which application threads were stopped: 0.0000687 seconds, Stopping threads took: 0.0000287 seconds
2017-03-13T10:52:38.650+0800: 1615.844: Total time for which application threads were stopped: 0.0000683 seconds, Stopping threads took: 0.0000276 seconds
2017-03-13T10:52:38.650+0800: 1615.844: Total time for which application threads were stopped: 0.0000688 seconds, Stopping threads took: 0.0000293 seconds
2017-03-13T10:52:38.650+0800: 1615.844: Total time for which application threads were stopped: 0.0000829 seconds, Stopping threads took: 0.0000366 seconds
2017-03-13T10:52:38.651+0800: 1615.844: Total time for which application threads were stopped: 0.0000757 seconds, Stopping threads took: 0.0000344 seconds
2017-03-13T10:52:38.651+0800: 1615.844: Total time for which application threads were stopped: 0.0001514 seconds, Stopping threads took: 0.0000288 seconds
2017-03-13T10:52:38.653+0800: 1615.846: Total time for which application threads were stopped: 0.0001219 seconds, Stopping threads took: 0.0000379 seconds
2017-03-13T10:52:38.653+0800: 1615.846: Total time for which application threads were stopped: 0.0000770 seconds, Stopping threads took: 0.0000295 seconds
2017-03-13T10:52:38.663+0800: 1615.857: Total time for which application threads were stopped: 0.0001625 seconds, Stopping threads took: 0.0000569 seconds
2017-03-13T10:52:38.663+0800: 1615.857: Total time for which application threads were stopped: 0.0000777 seconds, Stopping threads took: 0.0000275 seconds
2017-03-13T10:52:38.664+0800: 1615.857: Total time for which application threads were stopped: 0.0000789 seconds, Stopping threads took: 0.0000360 seconds
2017-03-13T10:52:38.664+0800: 1615.857: Total time for which application threads were stopped: 0.0000953 seconds, Stopping threads took: 0.0000532 seconds
2017-03-13T10:52:38.664+0800: 1615.857: Total time for which application threads were stopped: 0.0001027 seconds, Stopping threads took: 0.0000101 seconds
2017-03-13T10:52:38.664+0800: 1615.858: Total time for which application threads were stopped: 0.0001458 seconds, Stopping threads took: 0.0000100 seconds
2017-03-13T10:52:38.664+0800: 1615.858: Total time for which application threads were stopped: 0.0000678 seconds, Stopping threads took: 0.0000236 seconds
2017-03-13T10:52:38.665+0800: 1615.858: Total time for which application threads were stopped: 0.0000821 seconds, Stopping threads took: 0.0000348 seconds
2017-03-13T10:52:38.666+0800: 1615.859: Total time for which application threads were stopped: 0.0000915 seconds, Stopping threads took: 0.0000355 seconds
2017-03-13T10:52:38.696+0800: 1615.889: Total time for which application threads were stopped: 0.0001471 seconds, Stopping threads took: 0.0000508 seconds
2017-03-13T10:52:38.733+0800: 1615.927: Total time for which application threads were stopped: 0.0001014 seconds, Stopping threads took: 0.0000187 seconds
2017-03-13T10:52:39.738+0800: 1616.932: Total time for which application threads were stopped: 0.0002826 seconds, Stopping threads took: 0.0000545 seconds
2017-03-13T10:52:43.678+0800: 1620.872: Total time for which application threads were stopped: 0.0001131 seconds, Stopping threads took: 0.0000195 seconds
2017-03-13T10:52:43.681+0800: 1620.874: Total time for which application threads were stopped: 0.0000990 seconds, Stopping threads took: 0.0000145 seconds
2017-03-13T10:52:43.681+0800: 1620.875: Total time for which application threads were stopped: 0.0000776 seconds, Stopping threads took: 0.0000114 seconds
2017-03-13T10:52:43.682+0800: 1620.876: Total time for which application threads were stopped: 0.0000855 seconds, Stopping threads took: 0.0000126 seconds
2017-03-13T10:52:43.683+0800: 1620.876: Total time for which application threads were stopped: 0.0000565 seconds, Stopping threads took: 0.0000074 seconds
2017-03-13T10:52:43.683+0800: 1620.877: Total time for which application threads were stopped: 0.0000568 seconds, Stopping threads took: 0.0000075 seconds
2017-03-13T10:52:43.684+0800: 1620.878: Total time for which application threads were stopped: 0.0000761 seconds, Stopping threads took: 0.0000135 seconds
2017-03-13T10:52:43.684+0800: 1620.878: Total time for which application threads were stopped: 0.0000563 seconds, Stopping threads took: 0.0000075 seconds
2017-03-13T10:52:43.684+0800: 1620.878: Total time for which application threads were stopped: 0.0000682 seconds, Stopping threads took: 0.0000103 seconds
2017-03-13T10:52:43.685+0800: 1620.879: Total time for which application threads were stopped: 0.0000594 seconds, Stopping threads took: 0.0000077 seconds
2017-03-13T10:52:43.685+0800: 1620.879: Total time for which application threads were stopped: 0.0000523 seconds, Stopping threads took: 0.0000067 seconds
2017-03-13T10:52:43.685+0800: 1620.879: Total time for which application threads were stopped: 0.0000520 seconds, Stopping threads took: 0.0000068 seconds
2017-03-13T10:52:44.688+0800: 1621.882: Total time for which application threads were stopped: 0.0001226 seconds, Stopping threads took: 0.0000212 seconds
{Heap before GC invocations=35 (full 2):
 par new generation   total 109248K, used 95241K [0x00000007a0000000, 0x00000007a8000000, 0x00000007a8000000)
  eden space 87424K, 100% used [0x00000007a0000000, 0x00000007a5560000, 0x00000007a5560000)
  from space 21824K,  35% used [0x00000007a6ab0000, 0x00000007a7252498, 0x00000007a8000000)
  to   space 21824K,   0% used [0x00000007a5560000, 0x00000007a5560000, 0x00000007a6ab0000)
 concurrent mark-sweep generation total 393216K, used 59293K [0x00000007a8000000, 0x00000007c0000000, 0x00000007c0000000)
 Metaspace       used 43055K, capacity 44096K, committed 44304K, reserved 1089536K
  class space    used 4841K, capacity 5140K, committed 5192K, reserved 1048576K
2017-03-13T10:52:52.526+0800: 1629.720: [GC (Allocation Failure) 2017-03-13T10:52:52.526+0800: 1629.720: [ParNew
Desired survivor size 20112992 bytes, new threshold 8 (max 8)
- age   1:    1942824 bytes,    1942824 total
- age   2:      80704 bytes,    2023528 total
- age   3:    1357720 bytes,    3381248 total
- age   4:     497064 bytes,    3878312 total
- age   5:     125232 bytes,    4003544 total
- age   6:    1011424 bytes,    5014968 total
- age   7:     539152 bytes,    5554120 total
- age   8:     938216 bytes,    6492336 total
: 95241K->7322K(109248K), 0.0076340 secs] 154534K->66768K(502464K), 0.0077214 secs] [Times: user=0.02 sys=0.00, real=0.01 secs] 
Heap after GC invocations=36 (full 2):
 par new generation   total 109248K, used 7322K [0x00000007a0000000, 0x00000007a8000000, 0x00000007a8000000)
  eden space 87424K,   0% used [0x00000007a0000000, 0x00000007a0000000, 0x00000007a5560000)
  from space 21824K,  33% used [0x00000007a5560000, 0x00000007a5c86940, 0x00000007a6ab0000)
  to   space 21824K,   0% used [0x00000007a6ab0000, 0x00000007a6ab0000, 0x00000007a8000000)
 concurrent mark-sweep generation total 393216K, used 59445K [0x00000007a8000000, 0x00000007c0000000, 0x00000007c0000000)
 Metaspace       used 43055K, capacity 44096K, committed 44304K, reserved 1089536K
  class space    used 4841K, capacity 5140K, committed 5192K, reserved 1048576K
}
2017-03-13T10:52:52.534+0800: 1629.728: Total time for which application threads were stopped: 0.0080430 seconds, Stopping threads took: 0.0001178 seconds
2017-03-13T10:52:52.534+0800: 1629.728: Total time for which application threads were stopped: 0.0001209 seconds, Stopping threads took: 0.0000335 seconds
2017-03-13T10:52:53.304+0800: 1630.498: Total time for which application threads were stopped: 0.0001820 seconds, Stopping threads took: 0.0000413 seconds
2017-03-13T10:52:53.304+0800: 1630.499: Total time for which application threads were stopped: 0.0000906 seconds, Stopping threads took: 0.0000260 seconds
2017-03-13T10:52:53.305+0800: 1630.499: Total time for which application threads were stopped: 0.0000998 seconds, Stopping threads took: 0.0000158 seconds
2017-03-13T10:52:53.305+0800: 1630.499: Total time for which application threads were stopped: 0.0001208 seconds, Stopping threads took: 0.0000493 seconds
2017-03-13T10:52:53.305+0800: 1630.499: Total time for which application threads were stopped: 0.0001980 seconds, Stopping threads took: 0.0000394 seconds
2017-03-13T10:52:53.306+0800: 1630.500: Total time for which application threads were stopped: 0.0001028 seconds, Stopping threads took: 0.0000174 seconds
2017-03-13T10:52:53.306+0800: 1630.500: Total time for which application threads were stopped: 0.0000953 seconds, Stopping threads took: 0.0000264 seconds
2017-03-13T10:52:53.306+0800: 1630.500: Total time for which application threads were stopped: 0.0000952 seconds, Stopping threads took: 0.0000122 seconds
2017-03-13T10:52:53.306+0800: 1630.500: Total time for which application threads were stopped: 0.0000864 seconds, Stopping threads took: 0.0000274 seconds
2017-03-13T10:52:53.306+0800: 1630.501: Total time for which application threads were stopped: 0.0000768 seconds, Stopping threads took: 0.0000108 seconds
2017-03-13T10:52:53.307+0800: 1630.501: Total time for which application threads were stopped: 0.0001019 seconds, Stopping threads took: 0.0000392 seconds
2017-03-13T10:52:53.307+0800: 1630.501: Total time for which application threads were stopped: 0.0001023 seconds, Stopping threads took: 0.0000493 seconds
2017-03-13T10:52:53.307+0800: 1630.501: Total time for which application threads were stopped: 0.0000688 seconds, Stopping threads took: 0.0000092 seconds
2017-03-13T10:52:53.308+0800: 1630.502: Total time for which application threads were stopped: 0.0000856 seconds, Stopping threads took: 0.0000121 seconds
2017-03-13T10:52:53.308+0800: 1630.502: Total time for which application threads were stopped: 0.0000587 seconds, Stopping threads took: 0.0000077 seconds
2017-03-13T10:52:53.317+0800: 1630.511: Total time for which application threads were stopped: 0.0001822 seconds, Stopping threads took: 0.0000532 seconds
2017-03-13T10:52:53.317+0800: 1630.511: Total time for which application threads were stopped: 0.0001185 seconds, Stopping threads took: 0.0000124 seconds
2017-03-13T10:52:53.325+0800: 1630.519: Total time for which application threads were stopped: 0.0001591 seconds, Stopping threads took: 0.0000511 seconds
2017-03-13T10:52:53.325+0800: 1630.519: Total time for which application threads were stopped: 0.0001639 seconds, Stopping threads took: 0.0000943 seconds
2017-03-13T10:52:53.325+0800: 1630.519: Total time for which application threads were stopped: 0.0000991 seconds, Stopping threads took: 0.0000425 seconds
2017-03-13T10:52:53.325+0800: 1630.519: Total time for which application threads were stopped: 0.0000924 seconds, Stopping threads took: 0.0000307 seconds
2017-03-13T10:52:54.329+0800: 1631.523: Total time for which application threads were stopped: 0.0002900 seconds, Stopping threads took: 0.0000591 seconds
2017-03-13T10:52:55.212+0800: 1632.407: Total time for which application threads were stopped: 0.0001384 seconds, Stopping threads took: 0.0000432 seconds
2017-03-13T10:52:55.219+0800: 1632.413: Total time for which application threads were stopped: 0.0001515 seconds, Stopping threads took: 0.0000538 seconds
2017-03-13T10:52:55.219+0800: 1632.413: Total time for which application threads were stopped: 0.0001469 seconds, Stopping threads took: 0.0000712 seconds
2017-03-13T10:52:55.224+0800: 1632.419: Total time for which application threads were stopped: 0.0001495 seconds, Stopping threads took: 0.0000543 seconds
2017-03-13T10:52:55.225+0800: 1632.419: Total time for which application threads were stopped: 0.0000851 seconds, Stopping threads took: 0.0000216 seconds
2017-03-13T10:52:55.244+0800: 1632.438: Total time for which application threads were stopped: 0.0001603 seconds, Stopping threads took: 0.0000559 seconds
2017-03-13T10:52:55.249+0800: 1632.444: Total time for which application threads were stopped: 0.0001538 seconds, Stopping threads took: 0.0000457 seconds
2017-03-13T10:52:55.250+0800: 1632.444: Total time for which application threads were stopped: 0.0000819 seconds, Stopping threads took: 0.0000133 seconds
2017-03-13T10:52:55.255+0800: 1632.449: Total time for which application threads were stopped: 0.0001567 seconds, Stopping threads took: 0.0000474 seconds
2017-03-13T10:52:55.255+0800: 1632.449: Total time for which application threads were stopped: 0.0000729 seconds, Stopping threads took: 0.0000236 seconds
2017-03-13T10:52:56.258+0800: 1633.452: Total time for which application threads were stopped: 0.0001595 seconds, Stopping threads took: 0.0000374 seconds
2017-03-13T10:53:02.802+0800: 1639.996: Total time for which application threads were stopped: 0.0001715 seconds, Stopping threads took: 0.0000775 seconds
2017-03-13T10:53:02.809+0800: 1640.003: Total time for which application threads were stopped: 0.0001488 seconds, Stopping threads took: 0.0000271 seconds
2017-03-13T10:53:02.809+0800: 1640.003: Total time for which application threads were stopped: 0.0001104 seconds, Stopping threads took: 0.0000110 seconds
2017-03-13T10:53:02.810+0800: 1640.004: Total time for which application threads were stopped: 0.0001417 seconds, Stopping threads took: 0.0000427 seconds
2017-03-13T10:53:02.810+0800: 1640.005: Total time for which application threads were stopped: 0.0000672 seconds, Stopping threads took: 0.0000099 seconds
2017-03-13T10:53:02.815+0800: 1640.009: Total time for which application threads were stopped: 0.0001817 seconds, Stopping threads took: 0.0000477 seconds
2017-03-13T10:53:02.815+0800: 1640.010: Total time for which application threads were stopped: 0.0001110 seconds, Stopping threads took: 0.0000458 seconds
2017-03-13T10:53:02.816+0800: 1640.011: Total time for which application threads were stopped: 0.0001453 seconds, Stopping threads took: 0.0000565 seconds
2017-03-13T10:53:02.816+0800: 1640.011: Total time for which application threads were stopped: 0.0001121 seconds, Stopping threads took: 0.0000485 seconds
2017-03-13T10:53:05.434+0800: 1642.628: Total time for which application threads were stopped: 0.0001687 seconds, Stopping threads took: 0.0000540 seconds
2017-03-13T10:53:05.434+0800: 1642.628: Total time for which application threads were stopped: 0.0001071 seconds, Stopping threads took: 0.0000123 seconds
2017-03-13T10:53:05.439+0800: 1642.634: Total time for which application threads were stopped: 0.0002376 seconds, Stopping threads took: 0.0000491 seconds
2017-03-13T10:53:05.440+0800: 1642.634: Total time for which application threads were stopped: 0.0001531 seconds, Stopping threads took: 0.0000207 seconds
2017-03-13T10:53:05.440+0800: 1642.634: Total time for which application threads were stopped: 0.0001280 seconds, Stopping threads took: 0.0000225 seconds
2017-03-13T10:53:05.458+0800: 1642.652: Total time for which application threads were stopped: 0.0001588 seconds, Stopping threads took: 0.0000489 seconds
2017-03-13T10:53:05.459+0800: 1642.653: Total time for which application threads were stopped: 0.0001796 seconds, Stopping threads took: 0.0000802 seconds
2017-03-13T10:53:05.465+0800: 1642.660: Total time for which application threads were stopped: 0.0001562 seconds, Stopping threads took: 0.0000433 seconds
2017-03-13T10:53:05.466+0800: 1642.660: Total time for which application threads were stopped: 0.0000986 seconds, Stopping threads took: 0.0000415 seconds
2017-03-13T10:53:05.472+0800: 1642.667: Total time for which application threads were stopped: 0.0001454 seconds, Stopping threads took: 0.0000404 seconds
2017-03-13T10:53:05.473+0800: 1642.667: Total time for which application threads were stopped: 0.0000984 seconds, Stopping threads took: 0.0000268 seconds
2017-03-13T10:53:33.240+0800: 1670.435: Total time for which application threads were stopped: 0.0001999 seconds, Stopping threads took: 0.0000410 seconds
2017-03-13T10:53:33.240+0800: 1670.435: Total time for which application threads were stopped: 0.0001282 seconds, Stopping threads took: 0.0000364 seconds
2017-03-13T10:53:33.240+0800: 1670.435: Total time for which application threads were stopped: 0.0000995 seconds, Stopping threads took: 0.0000111 seconds
2017-03-13T10:53:33.241+0800: 1670.436: Total time for which application threads were stopped: 0.0001190 seconds, Stopping threads took: 0.0000304 seconds
2017-03-13T10:53:33.241+0800: 1670.436: Total time for which application threads were stopped: 0.0001327 seconds, Stopping threads took: 0.0000370 seconds
2017-03-13T10:53:33.247+0800: 1670.442: Total time for which application threads were stopped: 0.0001780 seconds, Stopping threads took: 0.0000433 seconds
2017-03-13T10:53:33.247+0800: 1670.442: Total time for which application threads were stopped: 0.0001668 seconds, Stopping threads took: 0.0000715 seconds
2017-03-13T10:53:33.248+0800: 1670.443: Total time for which application threads were stopped: 0.0001872 seconds, Stopping threads took: 0.0000715 seconds
2017-03-13T10:53:33.248+0800: 1670.443: Total time for which application threads were stopped: 0.0001231 seconds, Stopping threads took: 0.0000656 seconds
2017-03-13T10:53:33.811+0800: 1671.007: Total time for which application threads were stopped: 0.0001760 seconds, Stopping threads took: 0.0000499 seconds
2017-03-13T10:53:33.812+0800: 1671.007: Total time for which application threads were stopped: 0.0001080 seconds, Stopping threads took: 0.0000371 seconds
2017-03-13T10:53:33.818+0800: 1671.013: Total time for which application threads were stopped: 0.0001831 seconds, Stopping threads took: 0.0000459 seconds
2017-03-13T10:53:33.818+0800: 1671.013: Total time for which application threads were stopped: 0.0001001 seconds, Stopping threads took: 0.0000242 seconds
2017-03-13T10:53:33.843+0800: 1671.039: Total time for which application threads were stopped: 0.0001549 seconds, Stopping threads took: 0.0000428 seconds
2017-03-13T10:53:33.844+0800: 1671.039: Total time for which application threads were stopped: 0.0001012 seconds, Stopping threads took: 0.0000423 seconds
2017-03-13T10:53:33.850+0800: 1671.045: Total time for which application threads were stopped: 0.0001558 seconds, Stopping threads took: 0.0000475 seconds
2017-03-13T10:53:33.850+0800: 1671.045: Total time for which application threads were stopped: 0.0001118 seconds, Stopping threads took: 0.0000312 seconds
2017-03-13T10:53:34.345+0800: 1671.540: Total time for which application threads were stopped: 0.0001679 seconds, Stopping threads took: 0.0000390 seconds
2017-03-13T10:53:34.345+0800: 1671.541: Total time for which application threads were stopped: 0.0001714 seconds, Stopping threads took: 0.0000917 seconds
2017-03-13T10:53:34.345+0800: 1671.541: Total time for which application threads were stopped: 0.0001254 seconds, Stopping threads took: 0.0000314 seconds
2017-03-13T10:53:34.350+0800: 1671.545: Total time for which application threads were stopped: 0.0001897 seconds, Stopping threads took: 0.0000484 seconds
2017-03-13T10:53:34.351+0800: 1671.546: Total time for which application threads were stopped: 0.0002366 seconds, Stopping threads took: 0.0000927 seconds
2017-03-13T10:53:34.351+0800: 1671.547: Total time for which application threads were stopped: 0.0001532 seconds, Stopping threads took: 0.0000859 seconds
2017-03-13T10:53:34.356+0800: 1671.552: Total time for which application threads were stopped: 0.0001560 seconds, Stopping threads took: 0.0000543 seconds
2017-03-13T10:53:34.357+0800: 1671.552: Total time for which application threads were stopped: 0.0000906 seconds, Stopping threads took: 0.0000195 seconds
2017-03-13T10:53:46.004+0800: 1683.199: Total time for which application threads were stopped: 0.0001394 seconds, Stopping threads took: 0.0000231 seconds
2017-03-13T10:53:46.004+0800: 1683.200: Total time for which application threads were stopped: 0.0000945 seconds, Stopping threads took: 0.0000133 seconds
2017-03-13T10:53:46.006+0800: 1683.202: Total time for which application threads were stopped: 0.0001198 seconds, Stopping threads took: 0.0000219 seconds
2017-03-13T10:53:46.008+0800: 1683.204: Total time for which application threads were stopped: 0.0000978 seconds, Stopping threads took: 0.0000189 seconds
2017-03-13T10:53:46.010+0800: 1683.205: Total time for which application threads were stopped: 0.0001004 seconds, Stopping threads took: 0.0000186 seconds
2017-03-13T10:53:47.014+0800: 1684.210: Total time for which application threads were stopped: 0.0002756 seconds, Stopping threads took: 0.0000468 seconds
2017-03-13T10:53:49.484+0800: 1686.680: Total time for which application threads were stopped: 0.0002419 seconds, Stopping threads took: 0.0000204 seconds
2017-03-13T10:53:49.484+0800: 1686.680: Total time for which application threads were stopped: 0.0000863 seconds, Stopping threads took: 0.0000126 seconds
2017-03-13T10:53:49.502+0800: 1686.698: Total time for which application threads were stopped: 0.0001175 seconds, Stopping threads took: 0.0000211 seconds
2017-03-13T10:53:49.503+0800: 1686.699: Total time for which application threads were stopped: 0.0000752 seconds, Stopping threads took: 0.0000109 seconds
2017-03-13T10:53:49.503+0800: 1686.699: Total time for which application threads were stopped: 0.0000634 seconds, Stopping threads took: 0.0000099 seconds
2017-03-13T10:53:49.527+0800: 1686.723: Total time for which application threads were stopped: 0.0001870 seconds, Stopping threads took: 0.0000261 seconds
2017-03-13T10:53:53.540+0800: 1690.736: Total time for which application threads were stopped: 0.0002429 seconds, Stopping threads took: 0.0000484 seconds
2017-03-13T10:54:16.454+0800: 1713.651: Total time for which application threads were stopped: 0.0002475 seconds, Stopping threads took: 0.0000201 seconds
2017-03-13T10:54:16.467+0800: 1713.664: Total time for which application threads were stopped: 0.0001140 seconds, Stopping threads took: 0.0000201 seconds
2017-03-13T10:54:16.488+0800: 1713.685: Total time for which application threads were stopped: 0.0001377 seconds, Stopping threads took: 0.0000362 seconds
2017-03-13T10:54:16.505+0800: 1713.701: Total time for which application threads were stopped: 0.0001291 seconds, Stopping threads took: 0.0000348 seconds
2017-03-13T10:54:16.512+0800: 1713.708: Total time for which application threads were stopped: 0.0001139 seconds, Stopping threads took: 0.0000207 seconds
2017-03-13T10:54:17.515+0800: 1714.711: Total time for which application threads were stopped: 0.0001609 seconds, Stopping threads took: 0.0000271 seconds
2017-03-13T10:54:34.353+0800: 1731.550: Total time for which application threads were stopped: 0.0001487 seconds, Stopping threads took: 0.0000280 seconds
2017-03-13T10:54:34.359+0800: 1731.556: Total time for which application threads were stopped: 0.0001410 seconds, Stopping threads took: 0.0000285 seconds
{Heap before GC invocations=36 (full 2):
 par new generation   total 109248K, used 94746K [0x00000007a0000000, 0x00000007a8000000, 0x00000007a8000000)
  eden space 87424K, 100% used [0x00000007a0000000, 0x00000007a5560000, 0x00000007a5560000)
  from space 21824K,  33% used [0x00000007a5560000, 0x00000007a5c86940, 0x00000007a6ab0000)
  to   space 21824K,   0% used [0x00000007a6ab0000, 0x00000007a6ab0000, 0x00000007a8000000)
 concurrent mark-sweep generation total 393216K, used 59445K [0x00000007a8000000, 0x00000007c0000000, 0x00000007c0000000)
 Metaspace       used 44718K, capacity 45960K, committed 46096K, reserved 1089536K
  class space    used 4994K, capacity 5318K, committed 5448K, reserved 1048576K
2017-03-13T10:55:09.567+0800: 1766.765: [GC (Allocation Failure) 2017-03-13T10:55:09.567+0800: 1766.765: [ParNew
Desired survivor size 20112992 bytes, new threshold 8 (max 8)
- age   1:    2950288 bytes,    2950288 total
- age   2:    1035216 bytes,    3985504 total
- age   3:      80704 bytes,    4066208 total
- age   4:    1345312 bytes,    5411520 total
- age   5:     497064 bytes,    5908584 total
- age   6:     125232 bytes,    6033816 total
- age   7:     997392 bytes,    7031208 total
- age   8:     532032 bytes,    7563240 total
: 94746K->11340K(109248K), 0.0083941 secs] 154192K->71712K(502464K), 0.0084589 secs] [Times: user=0.03 sys=0.01, real=0.01 secs] 
Heap after GC invocations=37 (full 2):
 par new generation   total 109248K, used 11340K [0x00000007a0000000, 0x00000007a8000000, 0x00000007a8000000)
  eden space 87424K,   0% used [0x00000007a0000000, 0x00000007a0000000, 0x00000007a5560000)
  from space 21824K,  51% used [0x00000007a6ab0000, 0x00000007a75c3380, 0x00000007a8000000)
  to   space 21824K,   0% used [0x00000007a5560000, 0x00000007a5560000, 0x00000007a6ab0000)
 concurrent mark-sweep generation total 393216K, used 60371K [0x00000007a8000000, 0x00000007c0000000, 0x00000007c0000000)
 Metaspace       used 44718K, capacity 45960K, committed 46096K, reserved 1089536K
  class space    used 4994K, capacity 5318K, committed 5448K, reserved 1048576K
}
2017-03-13T10:55:09.575+0800: 1766.774: Total time for which application threads were stopped: 0.0087559 seconds, Stopping threads took: 0.0000254 seconds
2017-03-13T10:55:09.576+0800: 1766.774: Total time for which application threads were stopped: 0.0001615 seconds, Stopping threads took: 0.0000169 seconds
{Heap before GC invocations=37 (full 2):
 par new generation   total 109248K, used 98764K [0x00000007a0000000, 0x00000007a8000000, 0x00000007a8000000)
  eden space 87424K, 100% used [0x00000007a0000000, 0x00000007a5560000, 0x00000007a5560000)
  from space 21824K,  51% used [0x00000007a6ab0000, 0x00000007a75c3380, 0x00000007a8000000)
  to   space 21824K,   0% used [0x00000007a5560000, 0x00000007a5560000, 0x00000007a6ab0000)
 concurrent mark-sweep generation total 393216K, used 60371K [0x00000007a8000000, 0x00000007c0000000, 0x00000007c0000000)
 Metaspace       used 44720K, capacity 45960K, committed 46096K, reserved 1089536K
  class space    used 4994K, capacity 5318K, committed 5448K, reserved 1048576K
2017-03-13T10:55:09.617+0800: 1766.815: [GC (Allocation Failure) 2017-03-13T10:55:09.617+0800: 1766.815: [ParNew
Desired survivor size 20112992 bytes, new threshold 8 (max 8)
- age   1:     522464 bytes,     522464 total
- age   2:    1794984 bytes,    2317448 total
- age   3:    1035216 bytes,    3352664 total
- age   4:      80704 bytes,    3433368 total
- age   5:    1345312 bytes,    4778680 total
- age   6:     497064 bytes,    5275744 total
- age   7:     125232 bytes,    5400976 total
- age   8:     997304 bytes,    6398280 total
: 98764K->8159K(109248K), 0.0075481 secs] 159136K->69067K(502464K), 0.0076193 secs] [Times: user=0.03 sys=0.00, real=0.01 secs] 
Heap after GC invocations=38 (full 2):
 par new generation   total 109248K, used 8159K [0x00000007a0000000, 0x00000007a8000000, 0x00000007a8000000)
  eden space 87424K,   0% used [0x00000007a0000000, 0x00000007a0000000, 0x00000007a5560000)
  from space 21824K,  37% used [0x00000007a5560000, 0x00000007a5d57ec0, 0x00000007a6ab0000)
  to   space 21824K,   0% used [0x00000007a6ab0000, 0x00000007a6ab0000, 0x00000007a8000000)
 concurrent mark-sweep generation total 393216K, used 60907K [0x00000007a8000000, 0x00000007c0000000, 0x00000007c0000000)
 Metaspace       used 44720K, capacity 45960K, committed 46096K, reserved 1089536K
  class space    used 4994K, capacity 5318K, committed 5448K, reserved 1048576K
}
2017-03-13T10:55:09.625+0800: 1766.823: Total time for which application threads were stopped: 0.0078483 seconds, Stopping threads took: 0.0000225 seconds
2017-03-13T10:55:09.625+0800: 1766.823: Total time for which application threads were stopped: 0.0002532 seconds, Stopping threads took: 0.0001262 seconds
2017-03-13T10:55:09.687+0800: 1766.885: Total time for which application threads were stopped: 0.0001237 seconds, Stopping threads took: 0.0000208 seconds
2017-03-13T10:55:09.689+0800: 1766.887: Total time for which application threads were stopped: 0.0001792 seconds, Stopping threads took: 0.0000225 seconds
2017-03-13T10:55:09.774+0800: 1766.972: Total time for which application threads were stopped: 0.0001532 seconds, Stopping threads took: 0.0000320 seconds
2017-03-13T10:55:09.775+0800: 1766.973: Total time for which application threads were stopped: 0.0000492 seconds, Stopping threads took: 0.0000086 seconds
2017-03-13T10:55:09.775+0800: 1766.973: Total time for which application threads were stopped: 0.0000429 seconds, Stopping threads took: 0.0000071 seconds
2017-03-13T10:55:09.775+0800: 1766.973: Total time for which application threads were stopped: 0.0000583 seconds, Stopping threads took: 0.0000116 seconds
2017-03-13T10:55:09.775+0800: 1766.973: Total time for which application threads were stopped: 0.0000443 seconds, Stopping threads took: 0.0000071 seconds
2017-03-13T10:55:09.775+0800: 1766.973: Total time for which application threads were stopped: 0.0000426 seconds, Stopping threads took: 0.0000070 seconds
2017-03-13T10:55:09.775+0800: 1766.973: Total time for which application threads were stopped: 0.0000484 seconds, Stopping threads took: 0.0000086 seconds
2017-03-13T10:55:09.775+0800: 1766.973: Total time for which application threads were stopped: 0.0000429 seconds, Stopping threads took: 0.0000070 seconds
2017-03-13T10:55:09.775+0800: 1766.973: Total time for which application threads were stopped: 0.0000419 seconds, Stopping threads took: 0.0000068 seconds
2017-03-13T10:55:09.775+0800: 1766.973: Total time for which application threads were stopped: 0.0000418 seconds, Stopping threads took: 0.0000068 seconds
2017-03-13T10:55:09.775+0800: 1766.974: Total time for which application threads were stopped: 0.0000417 seconds, Stopping threads took: 0.0000066 seconds
2017-03-13T10:55:09.776+0800: 1766.974: Total time for which application threads were stopped: 0.0000416 seconds, Stopping threads took: 0.0000068 seconds
2017-03-13T10:55:09.776+0800: 1766.974: Total time for which application threads were stopped: 0.0000414 seconds, Stopping threads took: 0.0000067 seconds
2017-03-13T10:55:09.776+0800: 1766.974: Total time for which application threads were stopped: 0.0000418 seconds, Stopping threads took: 0.0000068 seconds
2017-03-13T10:55:09.776+0800: 1766.974: Total time for which application threads were stopped: 0.0000417 seconds, Stopping threads took: 0.0000068 seconds
2017-03-13T10:55:09.783+0800: 1766.981: Total time for which application threads were stopped: 0.0001179 seconds, Stopping threads took: 0.0000383 seconds
2017-03-13T10:55:09.783+0800: 1766.981: Total time for which application threads were stopped: 0.0000611 seconds, Stopping threads took: 0.0000201 seconds
2017-03-13T10:55:09.851+0800: 1767.049: Total time for which application threads were stopped: 0.0001361 seconds, Stopping threads took: 0.0000204 seconds
2017-03-13T10:55:09.851+0800: 1767.049: Total time for which application threads were stopped: 0.0000675 seconds, Stopping threads took: 0.0000113 seconds
2017-03-13T10:55:09.860+0800: 1767.058: Total time for which application threads were stopped: 0.0001629 seconds, Stopping threads took: 0.0000273 seconds
2017-03-13T10:55:09.860+0800: 1767.058: Total time for which application threads were stopped: 0.0000564 seconds, Stopping threads took: 0.0000102 seconds
2017-03-13T10:55:09.868+0800: 1767.066: Total time for which application threads were stopped: 0.0001089 seconds, Stopping threads took: 0.0000323 seconds
2017-03-13T10:55:09.869+0800: 1767.067: Total time for which application threads were stopped: 0.0000635 seconds, Stopping threads took: 0.0000237 seconds
2017-03-13T10:55:09.891+0800: 1767.089: Total time for which application threads were stopped: 0.0001162 seconds, Stopping threads took: 0.0000174 seconds
2017-03-13T10:55:09.891+0800: 1767.089: Total time for which application threads were stopped: 0.0001285 seconds, Stopping threads took: 0.0000453 seconds
2017-03-13T10:55:09.891+0800: 1767.089: Total time for which application threads were stopped: 0.0001311 seconds, Stopping threads took: 0.0000439 seconds
2017-03-13T10:55:09.891+0800: 1767.089: Total time for which application threads were stopped: 0.0000751 seconds, Stopping threads took: 0.0000083 seconds
2017-03-13T10:55:09.892+0800: 1767.090: Total time for which application threads were stopped: 0.0000709 seconds, Stopping threads took: 0.0000104 seconds
2017-03-13T10:55:09.892+0800: 1767.090: Total time for which application threads were stopped: 0.0000760 seconds, Stopping threads took: 0.0000111 seconds
2017-03-13T10:55:09.892+0800: 1767.090: Total time for which application threads were stopped: 0.0000468 seconds, Stopping threads took: 0.0000091 seconds
2017-03-13T10:55:09.892+0800: 1767.090: Total time for which application threads were stopped: 0.0000782 seconds, Stopping threads took: 0.0000176 seconds
2017-03-13T10:55:09.892+0800: 1767.090: Total time for which application threads were stopped: 0.0000676 seconds, Stopping threads took: 0.0000075 seconds
2017-03-13T10:55:09.892+0800: 1767.090: Total time for which application threads were stopped: 0.0000806 seconds, Stopping threads took: 0.0000175 seconds
2017-03-13T10:55:09.892+0800: 1767.090: Total time for which application threads were stopped: 0.0000486 seconds, Stopping threads took: 0.0000070 seconds
2017-03-13T10:55:09.892+0800: 1767.090: Total time for which application threads were stopped: 0.0000677 seconds, Stopping threads took: 0.0000078 seconds
2017-03-13T10:55:09.892+0800: 1767.091: Total time for which application threads were stopped: 0.0000710 seconds, Stopping threads took: 0.0000084 seconds
2017-03-13T10:55:09.893+0800: 1767.091: Total time for which application threads were stopped: 0.0000661 seconds, Stopping threads took: 0.0000072 seconds
2017-03-13T10:55:09.893+0800: 1767.091: Total time for which application threads were stopped: 0.0000640 seconds, Stopping threads took: 0.0000243 seconds
2017-03-13T10:55:09.893+0800: 1767.091: Total time for which application threads were stopped: 0.0000862 seconds, Stopping threads took: 0.0000209 seconds
2017-03-13T10:55:09.893+0800: 1767.091: Total time for which application threads were stopped: 0.0000809 seconds, Stopping threads took: 0.0000208 seconds
2017-03-13T10:55:09.893+0800: 1767.091: Total time for which application threads were stopped: 0.0000827 seconds, Stopping threads took: 0.0000272 seconds
2017-03-13T10:55:09.893+0800: 1767.091: Total time for which application threads were stopped: 0.0000697 seconds, Stopping threads took: 0.0000294 seconds
2017-03-13T10:55:09.893+0800: 1767.092: Total time for which application threads were stopped: 0.0000778 seconds, Stopping threads took: 0.0000263 seconds
2017-03-13T10:55:09.894+0800: 1767.092: Total time for which application threads were stopped: 0.0001007 seconds, Stopping threads took: 0.0000259 seconds
2017-03-13T10:55:09.894+0800: 1767.092: Total time for which application threads were stopped: 0.0000875 seconds, Stopping threads took: 0.0000289 seconds
2017-03-13T10:55:09.894+0800: 1767.092: Total time for which application threads were stopped: 0.0000676 seconds, Stopping threads took: 0.0000273 seconds
2017-03-13T10:55:09.894+0800: 1767.092: Total time for which application threads were stopped: 0.0000789 seconds, Stopping threads took: 0.0000278 seconds
2017-03-13T10:55:09.894+0800: 1767.092: Total time for which application threads were stopped: 0.0001500 seconds, Stopping threads took: 0.0000259 seconds
2017-03-13T10:55:09.894+0800: 1767.092: Total time for which application threads were stopped: 0.0000594 seconds, Stopping threads took: 0.0000191 seconds
2017-03-13T10:55:09.899+0800: 1767.097: Total time for which application threads were stopped: 0.0000894 seconds, Stopping threads took: 0.0000160 seconds
2017-03-13T10:55:09.900+0800: 1767.098: Total time for which application threads were stopped: 0.0000572 seconds, Stopping threads took: 0.0000101 seconds
2017-03-13T10:55:09.925+0800: 1767.123: Total time for which application threads were stopped: 0.0000975 seconds, Stopping threads took: 0.0000178 seconds
2017-03-13T10:55:10.930+0800: 1768.128: Total time for which application threads were stopped: 0.0003200 seconds, Stopping threads took: 0.0000479 seconds
2017-03-13T10:55:13.640+0800: 1770.838: Total time for which application threads were stopped: 0.0001453 seconds, Stopping threads took: 0.0000387 seconds
2017-03-13T10:55:13.663+0800: 1770.861: Total time for which application threads were stopped: 0.0001132 seconds, Stopping threads took: 0.0000190 seconds
2017-03-13T10:55:13.663+0800: 1770.862: Total time for which application threads were stopped: 0.0000877 seconds, Stopping threads took: 0.0000138 seconds
2017-03-13T10:55:13.665+0800: 1770.863: Total time for which application threads were stopped: 0.0000952 seconds, Stopping threads took: 0.0000130 seconds
2017-03-13T10:55:13.665+0800: 1770.863: Total time for which application threads were stopped: 0.0000662 seconds, Stopping threads took: 0.0000098 seconds
2017-03-13T10:55:13.665+0800: 1770.863: Total time for which application threads were stopped: 0.0000540 seconds, Stopping threads took: 0.0000078 seconds
2017-03-13T10:55:13.666+0800: 1770.864: Total time for which application threads were stopped: 0.0000652 seconds, Stopping threads took: 0.0000100 seconds
2017-03-13T10:55:13.667+0800: 1770.865: Total time for which application threads were stopped: 0.0001573 seconds, Stopping threads took: 0.0000076 seconds
2017-03-13T10:55:13.667+0800: 1770.865: Total time for which application threads were stopped: 0.0000610 seconds, Stopping threads took: 0.0000096 seconds
2017-03-13T10:55:13.667+0800: 1770.865: Total time for which application threads were stopped: 0.0000509 seconds, Stopping threads took: 0.0000072 seconds
2017-03-13T10:55:13.667+0800: 1770.865: Total time for which application threads were stopped: 0.0000501 seconds, Stopping threads took: 0.0000067 seconds
2017-03-13T10:55:13.668+0800: 1770.866: Total time for which application threads were stopped: 0.0000553 seconds, Stopping threads took: 0.0000076 seconds
2017-03-13T10:55:13.668+0800: 1770.866: Total time for which application threads were stopped: 0.0000500 seconds, Stopping threads took: 0.0000068 seconds
2017-03-13T10:55:13.668+0800: 1770.866: Total time for which application threads were stopped: 0.0000521 seconds, Stopping threads took: 0.0000072 seconds
{Heap before GC invocations=38 (full 2):
 par new generation   total 109248K, used 95583K [0x00000007a0000000, 0x00000007a8000000, 0x00000007a8000000)
  eden space 87424K, 100% used [0x00000007a0000000, 0x00000007a5560000, 0x00000007a5560000)
  from space 21824K,  37% used [0x00000007a5560000, 0x00000007a5d57ec0, 0x00000007a6ab0000)
  to   space 21824K,   0% used [0x00000007a6ab0000, 0x00000007a6ab0000, 0x00000007a8000000)
 concurrent mark-sweep generation total 393216K, used 60907K [0x00000007a8000000, 0x00000007c0000000, 0x00000007c0000000)
 Metaspace       used 45555K, capacity 46796K, committed 46864K, reserved 1091584K
  class space    used 5086K, capacity 5422K, committed 5448K, reserved 1048576K
2017-03-13T10:55:13.751+0800: 1770.949: [GC (Allocation Failure) 2017-03-13T10:55:13.751+0800: 1770.949: [ParNew
Desired survivor size 20112992 bytes, new threshold 8 (max 8)
- age   1:    4477408 bytes,    4477408 total
- age   2:      78200 bytes,    4555608 total
- age   3:    1233440 bytes,    5789048 total
- age   4:    1031048 bytes,    6820096 total
- age   5:      80704 bytes,    6900800 total
- age   6:    1345312 bytes,    8246112 total
- age   7:     497064 bytes,    8743176 total
- age   8:     125232 bytes,    8868408 total
: 95583K->10266K(109248K), 0.0081328 secs] 156491K->72154K(502464K), 0.0081901 secs] [Times: user=0.03 sys=0.01, real=0.00 secs] 
Heap after GC invocations=39 (full 2):
 par new generation   total 109248K, used 10266K [0x00000007a0000000, 0x00000007a8000000, 0x00000007a8000000)
  eden space 87424K,   0% used [0x00000007a0000000, 0x00000007a0000000, 0x00000007a5560000)
  from space 21824K,  47% used [0x00000007a6ab0000, 0x00000007a74b6bd0, 0x00000007a8000000)
  to   space 21824K,   0% used [0x00000007a5560000, 0x00000007a5560000, 0x00000007a6ab0000)
 concurrent mark-sweep generation total 393216K, used 61887K [0x00000007a8000000, 0x00000007c0000000, 0x00000007c0000000)
 Metaspace       used 45555K, capacity 46796K, committed 46864K, reserved 1091584K
  class space    used 5086K, capacity 5422K, committed 5448K, reserved 1048576K
}
2017-03-13T10:55:13.759+0800: 1770.957: Total time for which application threads were stopped: 0.0084315 seconds, Stopping threads took: 0.0000230 seconds
2017-03-13T10:55:13.759+0800: 1770.957: Total time for which application threads were stopped: 0.0001231 seconds, Stopping threads took: 0.0000388 seconds
2017-03-13T10:55:14.764+0800: 1771.962: Total time for which application threads were stopped: 0.0001462 seconds, Stopping threads took: 0.0000308 seconds
2017-03-13T10:55:29.811+0800: 1787.010: Total time for which application threads were stopped: 0.0002258 seconds, Stopping threads took: 0.0000468 seconds
2017-03-13T10:58:00.625+0800: 1937.828: Total time for which application threads were stopped: 0.0001114 seconds, Stopping threads took: 0.0000205 seconds
2017-03-13T10:58:00.627+0800: 1937.830: Total time for which application threads were stopped: 0.0000988 seconds, Stopping threads took: 0.0000148 seconds
2017-03-13T10:58:00.627+0800: 1937.830: Total time for which application threads were stopped: 0.0000519 seconds, Stopping threads took: 0.0000077 seconds
2017-03-13T10:58:01.630+0800: 1938.834: Total time for which application threads were stopped: 0.0001483 seconds, Stopping threads took: 0.0000310 seconds
2017-03-13T10:59:10.882+0800: 2008.087: Total time for which application threads were stopped: 0.0001073 seconds, Stopping threads took: 0.0000212 seconds
2017-03-13T10:59:11.885+0800: 2009.090: Total time for which application threads were stopped: 0.0001119 seconds, Stopping threads took: 0.0000253 seconds
2017-03-13T10:59:44.981+0800: 2042.187: Total time for which application threads were stopped: 0.0001427 seconds, Stopping threads took: 0.0000307 seconds
2017-03-13T11:00:46.184+0800: 2103.391: Total time for which application threads were stopped: 0.0001507 seconds, Stopping threads took: 0.0000586 seconds
2017-03-13T11:00:47.186+0800: 2104.394: Total time for which application threads were stopped: 0.0002683 seconds, Stopping threads took: 0.0000479 seconds
2017-03-13T11:00:48.190+0800: 2105.398: Total time for which application threads were stopped: 0.0002042 seconds, Stopping threads took: 0.0000290 seconds
2017-03-13T11:00:52.206+0800: 2109.414: Total time for which application threads were stopped: 0.0002532 seconds, Stopping threads took: 0.0000469 seconds
2017-03-13T11:01:42.382+0800: 2159.592: Total time for which application threads were stopped: 0.0001371 seconds, Stopping threads took: 0.0000304 seconds
2017-03-13T11:01:54.421+0800: 2171.631: Total time for which application threads were stopped: 0.0001490 seconds, Stopping threads took: 0.0000307 seconds
2017-03-13T11:01:56.424+0800: 2173.633: Total time for which application threads were stopped: 0.0001196 seconds, Stopping threads took: 0.0000240 seconds
2017-03-13T11:02:13.477+0800: 2190.687: Total time for which application threads were stopped: 0.0001431 seconds, Stopping threads took: 0.0000317 seconds
2017-03-13T11:02:25.301+0800: 2202.512: Total time for which application threads were stopped: 0.0001375 seconds, Stopping threads took: 0.0000269 seconds
2017-03-13T11:02:25.302+0800: 2202.512: Total time for which application threads were stopped: 0.0001121 seconds, Stopping threads took: 0.0000304 seconds
2017-03-13T11:02:25.302+0800: 2202.512: Total time for which application threads were stopped: 0.0000821 seconds, Stopping threads took: 0.0000148 seconds
2017-03-13T11:02:25.308+0800: 2202.519: Total time for which application threads were stopped: 0.0001136 seconds, Stopping threads took: 0.0000161 seconds
2017-03-13T11:02:26.310+0800: 2203.521: Total time for which application threads were stopped: 0.0001945 seconds, Stopping threads took: 0.0000460 seconds
2017-03-13T11:03:13.482+0800: 2250.694: Total time for which application threads were stopped: 0.0001232 seconds, Stopping threads took: 0.0000280 seconds
2017-03-13T11:03:24.512+0800: 2261.725: Total time for which application threads were stopped: 0.0001518 seconds, Stopping threads took: 0.0000304 seconds
2017-03-13T11:04:47.755+0800: 2344.970: Total time for which application threads were stopped: 0.0001351 seconds, Stopping threads took: 0.0000296 seconds
2017-03-13T11:05:14.831+0800: 2372.046: Total time for which application threads were stopped: 0.0001376 seconds, Stopping threads took: 0.0000301 seconds
{Heap before GC invocations=39 (full 2):
 par new generation   total 109248K, used 97690K [0x00000007a0000000, 0x00000007a8000000, 0x00000007a8000000)
  eden space 87424K, 100% used [0x00000007a0000000, 0x00000007a5560000, 0x00000007a5560000)
  from space 21824K,  47% used [0x00000007a6ab0000, 0x00000007a74b6bd0, 0x00000007a8000000)
  to   space 21824K,   0% used [0x00000007a5560000, 0x00000007a5560000, 0x00000007a6ab0000)
 concurrent mark-sweep generation total 393216K, used 61887K [0x00000007a8000000, 0x00000007c0000000, 0x00000007c0000000)
 Metaspace       used 46335K, capacity 47740K, committed 48016K, reserved 1091584K
  class space    used 5130K, capacity 5478K, committed 5576K, reserved 1048576K
2017-03-13T11:06:59.923+0800: 2477.141: [GC (Allocation Failure) 2017-03-13T11:06:59.923+0800: 2477.141: [ParNew
Desired survivor size 20112992 bytes, new threshold 8 (max 8)
- age   1:    2033328 bytes,    2033328 total
- age   2:    1647000 bytes,    3680328 total
- age   3:      78200 bytes,    3758528 total
- age   4:    1213672 bytes,    4972200 total
- age   5:    1030360 bytes,    6002560 total
- age   6:      80704 bytes,    6083264 total
- age   7:    1344976 bytes,    7428240 total
- age   8:     497064 bytes,    7925304 total
: 97690K->10927K(109248K), 0.0073690 secs] 159578K->72939K(502464K), 0.0074648 secs] [Times: user=0.02 sys=0.00, real=0.01 secs] 
Heap after GC invocations=40 (full 2):
 par new generation   total 109248K, used 10927K [0x00000007a0000000, 0x00000007a8000000, 0x00000007a8000000)
  eden space 87424K,   0% used [0x00000007a0000000, 0x00000007a0000000, 0x00000007a5560000)
  from space 21824K,  50% used [0x00000007a5560000, 0x00000007a600bf20, 0x00000007a6ab0000)
  to   space 21824K,   0% used [0x00000007a6ab0000, 0x00000007a6ab0000, 0x00000007a8000000)
 concurrent mark-sweep generation total 393216K, used 62011K [0x00000007a8000000, 0x00000007c0000000, 0x00000007c0000000)
 Metaspace       used 46335K, capacity 47740K, committed 48016K, reserved 1091584K
  class space    used 5130K, capacity 5478K, committed 5576K, reserved 1048576K
}
2017-03-13T11:06:59.930+0800: 2477.149: Total time for which application threads were stopped: 0.0076597 seconds, Stopping threads took: 0.0000185 seconds
2017-03-13T11:07:00.931+0800: 2478.149: Total time for which application threads were stopped: 0.0001130 seconds, Stopping threads took: 0.0000229 seconds
2017-03-13T11:07:10.964+0800: 2488.183: Total time for which application threads were stopped: 0.0001523 seconds, Stopping threads took: 0.0000307 seconds
2017-03-13T11:07:12.971+0800: 2490.189: Total time for which application threads were stopped: 0.0001285 seconds, Stopping threads took: 0.0000277 seconds
2017-03-13T11:07:21.001+0800: 2498.220: Total time for which application threads were stopped: 0.0001203 seconds, Stopping threads took: 0.0000243 seconds
2017-03-13T11:07:24.012+0800: 2501.231: Total time for which application threads were stopped: 0.0001181 seconds, Stopping threads took: 0.0000233 seconds
2017-03-13T11:07:25.014+0800: 2502.233: Total time for which application threads were stopped: 0.0001204 seconds, Stopping threads took: 0.0000360 seconds
2017-03-13T11:08:15.162+0800: 2552.382: Total time for which application threads were stopped: 0.0001861 seconds, Stopping threads took: 0.0000780 seconds
2017-03-13T11:08:57.293+0800: 2594.515: Total time for which application threads were stopped: 0.0001483 seconds, Stopping threads took: 0.0000334 seconds
2017-03-13T11:12:51.996+0800: 2829.224: Total time for which application threads were stopped: 0.0001199 seconds, Stopping threads took: 0.0000249 seconds
2017-03-13T11:13:13.064+0800: 2850.292: Total time for which application threads were stopped: 0.0001337 seconds, Stopping threads took: 0.0000253 seconds
2017-03-13T11:15:22.454+0800: 2979.685: Total time for which application threads were stopped: 0.0001440 seconds, Stopping threads took: 0.0000313 seconds
2017-03-13T11:15:46.521+0800: 3003.754: Total time for which application threads were stopped: 0.0001290 seconds, Stopping threads took: 0.0000274 seconds
2017-03-13T11:16:40.686+0800: 3057.920: Total time for which application threads were stopped: 0.0001123 seconds, Stopping threads took: 0.0000226 seconds
2017-03-13T11:18:01.920+0800: 3139.157: Total time for which application threads were stopped: 0.0001212 seconds, Stopping threads took: 0.0000264 seconds
{Heap before GC invocations=40 (full 2):
 par new generation   total 109248K, used 98343K [0x00000007a0000000, 0x00000007a8000000, 0x00000007a8000000)
  eden space 87424K,  99% used [0x00000007a0000000, 0x00000007a555e0b0, 0x00000007a5560000)
  from space 21824K,  50% used [0x00000007a5560000, 0x00000007a600bf20, 0x00000007a6ab0000)
  to   space 21824K,   0% used [0x00000007a6ab0000, 0x00000007a6ab0000, 0x00000007a8000000)
 concurrent mark-sweep generation total 393216K, used 62011K [0x00000007a8000000, 0x00000007c0000000, 0x00000007c0000000)
 Metaspace       used 46476K, capacity 47816K, committed 48016K, reserved 1091584K
  class space    used 5131K, capacity 5480K, committed 5576K, reserved 1048576K
2017-03-13T11:19:33.723+0800: 3230.961: [GC (Allocation Failure) 2017-03-13T11:19:33.723+0800: 3230.962: [ParNew
Desired survivor size 20112992 bytes, new threshold 8 (max 8)
- age   1:    1373504 bytes,    1373504 total
- age   2:     225376 bytes,    1598880 total
- age   3:    1627288 bytes,    3226168 total
- age   4:      78200 bytes,    3304368 total
- age   5:    1148504 bytes,    4452872 total
- age   6:    1001824 bytes,    5454696 total
- age   7:      80704 bytes,    5535400 total
- age   8:    1283720 bytes,    6819120 total
: 98343K->9447K(109248K), 0.0091498 secs] 160355K->71947K(502464K), 0.0094907 secs] [Times: user=0.04 sys=0.00, real=0.01 secs] 
Heap after GC invocations=41 (full 2):
 par new generation   total 109248K, used 9447K [0x00000007a0000000, 0x00000007a8000000, 0x00000007a8000000)
  eden space 87424K,   0% used [0x00000007a0000000, 0x00000007a0000000, 0x00000007a5560000)
  from space 21824K,  43% used [0x00000007a6ab0000, 0x00000007a73e9d00, 0x00000007a8000000)
  to   space 21824K,   0% used [0x00000007a5560000, 0x00000007a5560000, 0x00000007a6ab0000)
 concurrent mark-sweep generation total 393216K, used 62500K [0x00000007a8000000, 0x00000007c0000000, 0x00000007c0000000)
 Metaspace       used 46476K, capacity 47816K, committed 48016K, reserved 1091584K
  class space    used 5131K, capacity 5480K, committed 5576K, reserved 1048576K
}
2017-03-13T11:19:33.732+0800: 3230.971: Total time for which application threads were stopped: 0.0096886 seconds, Stopping threads took: 0.0000228 seconds
2017-03-13T11:19:34.734+0800: 3231.972: Total time for which application threads were stopped: 0.0001568 seconds, Stopping threads took: 0.0000264 seconds
2017-03-13T11:19:57.802+0800: 3255.041: Total time for which application threads were stopped: 0.0001829 seconds, Stopping threads took: 0.0000470 seconds
2017-03-13T11:20:23.875+0800: 3281.115: Total time for which application threads were stopped: 0.0001389 seconds, Stopping threads took: 0.0000312 seconds
2017-03-13T11:20:30.901+0800: 3288.141: Total time for which application threads were stopped: 0.0001238 seconds, Stopping threads took: 0.0000247 seconds
2017-03-13T11:21:15.030+0800: 3332.271: Total time for which application threads were stopped: 0.0001155 seconds, Stopping threads took: 0.0000259 seconds
2017-03-13T11:21:28.065+0800: 3345.307: Total time for which application threads were stopped: 0.0001452 seconds, Stopping threads took: 0.0000299 seconds
2017-03-13T11:23:30.461+0800: 3467.706: Total time for which application threads were stopped: 0.0001136 seconds, Stopping threads took: 0.0000252 seconds
2017-03-13T11:23:41.490+0800: 3478.735: Total time for which application threads were stopped: 0.0001283 seconds, Stopping threads took: 0.0000280 seconds
2017-03-13T11:23:57.541+0800: 3494.786: Total time for which application threads were stopped: 0.0001087 seconds, Stopping threads took: 0.0000231 seconds
2017-03-13T11:24:04.569+0800: 3501.814: Total time for which application threads were stopped: 0.0001060 seconds, Stopping threads took: 0.0000240 seconds
2017-03-13T11:24:33.642+0800: 3530.888: Total time for which application threads were stopped: 0.0001196 seconds, Stopping threads took: 0.0000217 seconds
2017-03-13T11:26:01.926+0800: 3619.175: Total time for which application threads were stopped: 0.0002378 seconds, Stopping threads took: 0.0000423 seconds
2017-03-13T11:26:50.089+0800: 3667.339: Total time for which application threads were stopped: 0.0002454 seconds, Stopping threads took: 0.0000484 seconds
2017-03-13T11:32:22.143+0800: 3999.401: Total time for which application threads were stopped: 0.0001199 seconds, Stopping threads took: 0.0000206 seconds
2017-03-13T11:32:23.148+0800: 4000.406: Total time for which application threads were stopped: 0.0002306 seconds, Stopping threads took: 0.0000448 seconds
2017-03-13T11:32:47.587+0800: 4024.846: Total time for which application threads were stopped: 0.0001290 seconds, Stopping threads took: 0.0000236 seconds
2017-03-13T11:32:47.594+0800: 4024.853: Total time for which application threads were stopped: 0.0001287 seconds, Stopping threads took: 0.0000211 seconds
2017-03-13T11:32:48.595+0800: 4025.854: Total time for which application threads were stopped: 0.0001281 seconds, Stopping threads took: 0.0000237 seconds
2017-03-13T11:41:53.296+0800: 4570.568: Total time for which application threads were stopped: 0.0001534 seconds, Stopping threads took: 0.0000394 seconds
2017-03-13T11:43:58.676+0800: 4695.951: Total time for which application threads were stopped: 0.0002417 seconds, Stopping threads took: 0.0000446 seconds
2017-03-13T11:47:14.267+0800: 4891.547: Total time for which application threads were stopped: 0.0001253 seconds, Stopping threads took: 0.0000270 seconds
{Heap before GC invocations=41 (full 2):
 par new generation   total 109248K, used 96871K [0x00000007a0000000, 0x00000007a8000000, 0x00000007a8000000)
  eden space 87424K, 100% used [0x00000007a0000000, 0x00000007a5560000, 0x00000007a5560000)
  from space 21824K,  43% used [0x00000007a6ab0000, 0x00000007a73e9d00, 0x00000007a8000000)
  to   space 21824K,   0% used [0x00000007a5560000, 0x00000007a5560000, 0x00000007a6ab0000)
 concurrent mark-sweep generation total 393216K, used 62500K [0x00000007a8000000, 0x00000007c0000000, 0x00000007c0000000)
 Metaspace       used 46617K, capacity 47950K, committed 48272K, reserved 1091584K
  class space    used 5133K, capacity 5481K, committed 5576K, reserved 1048576K
2017-03-13T12:58:04.122+0800: 8540.089: [GC (Allocation Failure) 2017-03-13T12:58:04.123+0800: 8540.089: [ParNew
Desired survivor size 20112992 bytes, new threshold 8 (max 8)
- age   1:    1360680 bytes,    1360680 total
- age   2:     175824 bytes,    1536504 total
- age   3:     128968 bytes,    1665472 total
- age   4:    1626992 bytes,    3292464 total
- age   5:      78200 bytes,    3370664 total
- age   6:    1137448 bytes,    4508112 total
- age   7:    1000792 bytes,    5508904 total
- age   8:      80704 bytes,    5589608 total
: 96871K->8275K(109248K), 0.0097589 secs] 159371K->72044K(502464K), 0.0100781 secs] [Times: user=0.03 sys=0.00, real=0.01 secs] 
